 Bishop

 Timestamp is 6690c77f (Fri Jul 12 13:04:47 2024)

 Preferred load address is 00400000

 Start         Length     Name                   Class
 0001:00000000 00045c6eH .text                   CODE
 0001:00045c70 00003d32H .text$x                 CODE
 0002:00000000 0000025cH .idata$5                DATA
 0002:00000260 0000196cH .rdata                  DATA
 0002:00001bd0 0000122cH .rdata$r                DATA
 0002:00002e00 00006278H .xdata$x                DATA
 0002:00009078 000000a0H .idata$2                DATA
 0002:00009118 00000014H .idata$3                DATA
 0002:0000912c 0000025cH .idata$4                DATA
 0002:00009388 00000a10H .idata$6                DATA
 0002:00009d98 00000000H .edata                  DATA
 0003:00000000 00000004H .CRT$XCA                DATA
 0003:00000004 00000108H .CRT$XCU                DATA
 0003:0000010c 00000004H .CRT$XCZ                DATA
 0003:00000110 00000004H .CRT$XIA                DATA
 0003:00000114 0000000cH .CRT$XIC                DATA
 0003:00000120 00000004H .CRT$XIY                DATA
 0003:00000124 00000004H .CRT$XIZ                DATA
 0003:00000128 00000004H .CRT$XPA                DATA
 0003:0000012c 00000004H .CRT$XPX                DATA
 0003:00000130 00000004H .CRT$XPZ                DATA
 0003:00000134 00000004H .CRT$XTA                DATA
 0003:00000138 00000004H .CRT$XTB                DATA
 0003:0000013c 00000004H .CRT$XTZ                DATA
 0003:00000140 00003300H .data                   DATA
 0003:00003440 00004990H .bss                    DATA
 0004:00000000 000001a8H .rsrc$01                DATA
 0004:000001b0 00001f90H .rsrc$02                DATA

  Address         Publics by Value              Rva+Base     Lib:Object

 0001:0000005c       ??0CBishopApp@@QAE@XZ      0040105c f   Application.obj
 0001:00000089       ??0CBishopApp@@QAE@PAUHINSTANCE__@@@Z 00401089 f   Application.obj
 0001:000000c1       ??1CBishopApp@@UAE@XZ      004010c1 f   Application.obj
 0001:000000e0       ?Run@CBishopApp@@QAEHXZ    004010e0 f   Application.obj
 0001:0000019c       ?LoginSystem@CBishopApp@@IAE_NXZ 0040119c f   Application.obj
 0001:000001ce       ?LoginDlgProc@CBishopApp@@KGHPAUHWND__@@IIJ@Z 004011ce f   Application.obj
 0001:00000424       ?EnterToAffirm@CBishopApp@@KAXPAUHWND__@@@Z 00401424 f   Application.obj
 0001:000004bc       ?LeaveToAffirm@CBishopApp@@KAXPAUHWND__@@@Z 004014bc f   Application.obj
 0001:0000054b       ?CheckUserInfo@CBishopApp@@KA_NPAUHWND__@@@Z 0040154b f   Application.obj
 0001:0000067c       ?ServerLoginRoutine@CBishopApp@@KGKPAUHWND__@@@Z 0040167c f   Application.obj
 0001:00000751       ?RegisterMainWndClass@CBishopApp@@IAEHXZ 00401751 f   Application.obj
 0001:000007fc       ?MainDialog@CBishopApp@@IAEIXZ 004017fc f   Application.obj
 0001:0000088e       ?MainWndProc@CBishopApp@@KGHPAUHWND__@@IIJ@Z 0040188e f   Application.obj
 0001:00000f14       ?AddGameServerInfo@CBishopApp@@CAXPAUHWND__@@IPBD@Z 00401f14 f   Application.obj
 0001:00000f89       ?DelGameServerInfo@CBishopApp@@CAXPAUHWND__@@I@Z 00401f89 f   Application.obj
 0001:00001033       ?InitMainDlg@CBishopApp@@KAXPAUHWND__@@@Z 00402033 f   Application.obj
 0001:0000111b       ?CloseMainDlg@CBishopApp@@KAXPAUHWND__@@@Z 0040211b f   Application.obj
 0001:00001136       ?UpdateVariable@CBishopApp@@KAXPAUHWND__@@@Z 00402136 f   Application.obj
 0001:00001213       ?EnableGameSvrCtrl@CBishopApp@@KAXPAUHWND__@@H@Z 00402213 f   Application.obj
 0001:000012d5       ?EnableCtrl@CBishopApp@@KAXPAUHWND__@@IH@Z 004022d5 f   Application.obj
 0001:00001310       ?SendAnnounceText@CBishopApp@@KAXPAUHWND__@@PBDIIH@Z 00402310 f   Application.obj
 0001:00001440       ??_ECBishopApp@@UAEPAXI@Z  00402440 f i Application.obj
 0001:00001440       ??_GCBishopApp@@UAEPAXI@Z  00402440 f i Application.obj
 0001:00001470       ?GetAccSvrIP@CNetwork@@QAEPBDXZ 00402470 f i Application.obj
 0001:00001490       ?GetAccSvrPort@CNetwork@@QAEGXZ 00402490 f i Application.obj
 0001:000014b0       ?Valid@CSmartClient@@QAE_NXZ 004024b0 f i Application.obj
 0001:000014d0       ?GetCapability@CGamePlayer@@SAJXZ 004024d0 f i Application.obj
 0001:000014f0       ?GetWorking@CGamePlayer@@SAJXZ 004024f0 f i Application.obj
 0001:00001510       ?GetRoleSvrIP@CNetwork@@QAEPBDXZ 00402510 f i Application.obj
 0001:00001530       ?GetRoleSvrPort@CNetwork@@QAEGXZ 00402530 f i Application.obj
 0001:00001550       ?GetClientOpenPort@CNetwork@@QAEGXZ 00402550 f i Application.obj
 0001:00001570       ?GetGameSvrOpenPort@CNetwork@@QAEGXZ 00402570 f i Application.obj
 0001:00001590       ?SetRoleSvrIP@CNetwork@@QAEXPBD@Z 00402590 f i Application.obj
 0001:000015c0       ?SetRoleSvrPort@CNetwork@@QAEXG@Z 004025c0 f i Application.obj
 0001:000015e0       ?SetClientOpenPort@CNetwork@@QAEXG@Z 004025e0 f i Application.obj
 0001:00001600       ?SetGameSvrOpenPort@CNetwork@@QAEXG@Z 00402600 f i Application.obj
 0001:00001620       ??4?$basic_string@DU?$char_traits@D@std@@V?$allocator@D@2@@std@@QAEAAV01@PBD@Z 00402620 f i Application.obj
 0001:00001640       ?c_str@?$basic_string@DU?$char_traits@D@std@@V?$allocator@D@2@@std@@QBEPBDXZ 00402640 f i Application.obj
 0001:00001670       ?assign@?$basic_string@DU?$char_traits@D@std@@V?$allocator@D@2@@std@@QAEAAV12@PBD@Z 00402670 f i Application.obj
 0001:000016a0       ?length@?$char_traits@D@std@@SAIPBD@Z 004026a0 f i Application.obj
 0001:000016c0       ?_Nullstr@?$basic_string@DU?$char_traits@D@std@@V?$allocator@D@2@@std@@CAPBDXZ 004026c0 f i Application.obj
 0001:000016d0       ?assign@?$basic_string@DU?$char_traits@D@std@@V?$allocator@D@2@@std@@QAEAAV12@PBDI@Z 004026d0 f i Application.obj
 0001:00001720       ?copy@?$char_traits@D@std@@SAPADPADPBDI@Z 00402720 f i Application.obj
 0001:00001740       ?_Eos@?$basic_string@DU?$char_traits@D@std@@V?$allocator@D@2@@std@@AAEXI@Z 00402740 f i Application.obj
 0001:00001780       ?assign@?$char_traits@D@std@@SAXAADABD@Z 00402780 f i Application.obj
 0001:00001790       ?_Grow@?$basic_string@DU?$char_traits@D@std@@V?$allocator@D@2@@std@@AAE_NI_N@Z 00402790 f i Application.obj
 0001:000018d0       ?_Tidy@?$basic_string@DU?$char_traits@D@std@@V?$allocator@D@2@@std@@AAEX_N@Z 004028d0 f i Application.obj
 0001:00001990       ?_Refcnt@?$basic_string@DU?$char_traits@D@std@@V?$allocator@D@2@@std@@AAEAAEPBD@Z 00402990 f i Application.obj
 0001:000019b0       ?deallocate@?$allocator@D@std@@QAEXPAXI@Z 004029b0 f i Application.obj
 0001:000019d0       ?max_size@?$basic_string@DU?$char_traits@D@std@@V?$allocator@D@2@@std@@QBEIXZ 004029d0 f i Application.obj
 0001:00001a10       ?_Copy@?$basic_string@DU?$char_traits@D@std@@V?$allocator@D@2@@std@@AAEXI@Z 00402a10 f i Application.obj
 0001:00001b50       ?allocate@?$allocator@D@std@@QAEPADIPBX@Z 00402b50 f i Application.obj
 0001:00001b70       ?max_size@?$allocator@D@std@@QBEIXZ 00402b70 f i Application.obj
 0001:00001ba0       ?_Allocate@std@@YAPADHPAD@Z 00402ba0 f i Application.obj
 0001:00001bc0       ?id@?$ctype@G@std@@$D      00402bc0 f i Application.obj
 0001:00001bf0       ?id@?$ctype@G@std@@$E      00402bf0 f i Application.obj
 0001:00001c00       _WinMain@16                00402c00 f   Bishop.obj
 0001:00001c60       ??0CEvent@Win32@OnlineGameLib@@QAE@PAU_SECURITY_ATTRIBUTES@@_N1@Z 00402c60 f   Event.obj
 0001:00001d25       ??0CEvent@Win32@OnlineGameLib@@QAE@PAU_SECURITY_ATTRIBUTES@@_N1PBD@Z 00402d25 f   Event.obj
 0001:00001d5c       ??1CEvent@Win32@OnlineGameLib@@UAE@XZ 00402d5c f   Event.obj
 0001:00001d7d       ?Wait@CEvent@Win32@OnlineGameLib@@QBEXXZ 00402d7d f   Event.obj
 0001:00001e07       ?Wait@CEvent@Win32@OnlineGameLib@@QBE_NK@Z 00402e07 f   Event.obj
 0001:00001ea0       ?Reset@CEvent@Win32@OnlineGameLib@@QAEXXZ 00402ea0 f   Event.obj
 0001:00001f16       ?Set@CEvent@Win32@OnlineGameLib@@QAEXXZ 00402f16 f   Event.obj
 0001:00001f8c       ?Pulse@CEvent@Win32@OnlineGameLib@@QAEXXZ 00402f8c f   Event.obj
 0001:00002030       ??1CWin32Exception@Win32@OnlineGameLib@@UAE@XZ 00403030 f i Event.obj
 0001:00002050       ??1CException@Win32@OnlineGameLib@@UAE@XZ 00403050 f i Event.obj
 0001:000020b0       ??_GCException@Win32@OnlineGameLib@@UAEPAXI@Z 004030b0 f i Event.obj
 0001:000020b0       ??_ECException@Win32@OnlineGameLib@@UAEPAXI@Z 004030b0 f i Event.obj
 0001:000020e0       ??0CWin32Exception@Win32@OnlineGameLib@@QAE@ABV012@@Z 004030e0 f i Event.obj
 0001:00002120       ??0CException@Win32@OnlineGameLib@@QAE@ABV012@@Z 00403120 f i Event.obj
 0001:00002190       ??_GCWin32Exception@Win32@OnlineGameLib@@UAEPAXI@Z 00403190 f i Event.obj
 0001:00002190       ??_ECWin32Exception@Win32@OnlineGameLib@@UAEPAXI@Z 00403190 f i Event.obj
 0001:000021c0       ??_ECEvent@Win32@OnlineGameLib@@UAEPAXI@Z 004031c0 f i Event.obj
 0001:000021c0       ??_GCEvent@Win32@OnlineGameLib@@UAEPAXI@Z 004031c0 f i Event.obj
 0001:000021f0       ??0?$basic_string@DU?$char_traits@D@std@@V?$allocator@D@2@@std@@QAE@ABV01@@Z 004031f0 f i Event.obj
 0001:00002230       ??0?$basic_string@DU?$char_traits@D@std@@V?$allocator@D@2@@std@@QAE@PBDABV?$allocator@D@1@@Z 00403230 f i Event.obj
 0001:00002260       ??1?$basic_string@DU?$char_traits@D@std@@V?$allocator@D@2@@std@@QAE@XZ 00403260 f i Event.obj
 0001:00002280       ?assign@?$basic_string@DU?$char_traits@D@std@@V?$allocator@D@2@@std@@QAEAAV12@ABV12@II@Z 00403280 f i Event.obj
 0001:000023e0       ?size@?$basic_string@DU?$char_traits@D@std@@V?$allocator@D@2@@std@@QBEIXZ 004033e0 f i Event.obj
 0001:00002400       ?erase@?$basic_string@DU?$char_traits@D@std@@V?$allocator@D@2@@std@@QAEAAV12@II@Z 00403400 f i Event.obj
 0001:000024b0       ?move@?$char_traits@D@std@@SAPADPADPBDI@Z 004034b0 f i Event.obj
 0001:000024d0       ?capacity@?$basic_string@DU?$char_traits@D@std@@V?$allocator@D@2@@std@@QBEIXZ 004034d0 f i Event.obj
 0001:000024f0       ?_Split@?$basic_string@DU?$char_traits@D@std@@V?$allocator@D@2@@std@@AAEXXZ 004034f0 f i Event.obj
 0001:00002560       ??8std@@YA_NABV?$allocator@D@0@0@Z 00403560 f i Event.obj
 0001:00002753       ?SetupGlobalAllocator@CGamePlayer@@SA_NII@Z 00403753 f   GamePlayer.obj
 0001:0000276a       ??0CTask@CGamePlayer@@IAE@XZ 0040376a f   GamePlayer.obj
 0001:00002789       ??1CTask@CGamePlayer@@QAE@XZ 00403789 f   GamePlayer.obj
 0001:00002890       ??0CTask@CGamePlayer@@QAE@PAV1@I@Z 00403890 f   GamePlayer.obj
 0001:000028cc       ?AddCmd@CTask@CGamePlayer@@QAEIP82@AEIXZ@Z 004038cc f   GamePlayer.obj
 0001:00002965       ?Execute@CTask@CGamePlayer@@QAEIXZ 00403965 f   GamePlayer.obj
 0001:00002a24       ??0CDataQueue@CGamePlayer@@QAE@II@Z 00403a24 f   GamePlayer.obj
 0001:00002a95       ??1CDataQueue@CGamePlayer@@QAE@XZ 00403a95 f   GamePlayer.obj
 0001:00002afb       ?Empty@CDataQueue@CGamePlayer@@QAEXXZ 00403afb f   GamePlayer.obj
 0001:00002c31       ?AddData@CDataQueue@CGamePlayer@@QAE_NJPBEI@Z 00403c31 f   GamePlayer.obj
 0001:00002e2b       ?Attach@CDataQueue@CGamePlayer@@QAEPAVCBuffer@Win32@OnlineGameLib@@J@Z 00403e2b f   GamePlayer.obj
 0001:00002efd       ?Detach@CDataQueue@CGamePlayer@@QAEXJ@Z 00403efd f   GamePlayer.obj
 0001:00002f0a       ?Clear@CDataQueue@CGamePlayer@@QAEXJ@Z 00403f0a f   GamePlayer.obj
 0001:0000300c       ??0CGamePlayer@@QAE@I@Z    0040400c f   GamePlayer.obj
 0001:00003250       ??1CGamePlayer@@UAE@XZ     00404250 f   GamePlayer.obj
 0001:000033f5       ?Active@CGamePlayer@@UAE_NXZ 004043f5 f   GamePlayer.obj
 0001:000034b0       ?Inactive@CGamePlayer@@UAE_NXZ 004044b0 f   GamePlayer.obj
 0001:000035f1       ?SafeClose@CGamePlayer@@IAEIXZ 004045f1 f   GamePlayer.obj
 0001:00003601       ?_UnlockAccount@CGamePlayer@@IAE_NXZ 00404601 f   GamePlayer.obj
 0001:00003770       ?ATTACH_NETWORK@CGamePlayer@@SAXPAUIClient@@PAUIServer@@0@Z 00404770 f   GamePlayer.obj
 0001:00003786       ?DETACH_NETWORK@CGamePlayer@@SAXXZ 00404786 f   GamePlayer.obj
 0001:00003872       ?DispatchTask@CGamePlayer@@UAE_NI@Z 00404872 f   GamePlayer.obj
 0001:000038c4       ?IsWorking@CGamePlayer@@UAE_NXZ 004048c4 f   GamePlayer.obj
 0001:000038e1       ?Run@CGamePlayer@@UAE_NXZ  004048e1 f   GamePlayer.obj
 0001:00003a93       ?AppendData@CGamePlayer@@UAE_NIPBXI@Z 00404a93 f   GamePlayer.obj
 0001:00003b15       ?SmallPackProcess@CGamePlayer@@IAE_NIPBXI@Z 00404b15 f   GamePlayer.obj
 0001:00003b76       ?LargePackProcess@CGamePlayer@@IAE_NIPBXI@Z 00404b76 f   GamePlayer.obj
 0001:00003c53       ?DispatchTaskForAccount@CGamePlayer@@IAE_NPBXI@Z 00404c53 f   GamePlayer.obj
 0001:00003ca4       ?DispatchTaskForDBRole@CGamePlayer@@IAE_NPBXI@Z 00404ca4 f   GamePlayer.obj
 0001:00003cf5       ?DispatchTaskForPlayer@CGamePlayer@@IAE_NPBXI@Z 00404cf5 f   GamePlayer.obj
 0001:00003d46       ?_ClearTaskQueue@CGamePlayer@@IAEXXZ 00404d46 f   GamePlayer.obj
 0001:00003d90       ?InitTaskProcessor@CGamePlayer@@AAEXXZ 00404d90 f   GamePlayer.obj
 0001:00003e98       ?TaskCompleted@CGamePlayer@@IAE_NXZ 00404e98 f   GamePlayer.obj
 0001:00003f29       ?WaitForAccPwd@CGamePlayer@@IAEIXZ 00404f29 f   GamePlayer.obj
 0001:00004127       ?QueryAccPwd@CGamePlayer@@IAEIXZ 00405127 f   GamePlayer.obj
 0001:00004429       ?VerifyAccount@CGamePlayer@@IAEIXZ 00405429 f   GamePlayer.obj
 0001:00004620       ?_VerifyAccount_ToPlayer@CGamePlayer@@IAE_NIK@Z 00405620 f   GamePlayer.obj
 0001:000047e6       ?QueryRoleList@CGamePlayer@@IAEIXZ 004057e6 f   GamePlayer.obj
 0001:00004922       ?ProcessRoleList@CGamePlayer@@IAEIXZ 00405922 f   GamePlayer.obj
 0001:00004bc7       ?SelAddDelRole@CGamePlayer@@IAEIXZ 00405bc7 f   GamePlayer.obj
 0001:0000530a       ?DelRole_WaitForVerify@CGamePlayer@@IAEIXZ 0040630a f   GamePlayer.obj
 0001:0000557a       ?WaitForCreateResult@CGamePlayer@@IAEIXZ 0040657a f   GamePlayer.obj
 0001:00005730       ?WaitForDeleteResult@CGamePlayer@@IAEIXZ 00406730 f   GamePlayer.obj
 0001:000058e6       ?_QueryRoleInfo_ToDBRole@CGamePlayer@@IAE_NPBD@Z 004068e6 f   GamePlayer.obj
 0001:00005a0a       ?_CreateNewPlayer_ToDBRole@CGamePlayer@@IAE_NPBDHHG@Z 00406a0a f   GamePlayer.obj
 0001:00005d50       ?_DeleteRole_ToDBRole@CGamePlayer@@IAEIPBXI@Z 00406d50 f   GamePlayer.obj
 0001:00005e20       ?ProcessRoleInfo@CGamePlayer@@IAEIXZ 00406e20 f   GamePlayer.obj
 0001:00005fab       ?_SyncRoleInfo_ToGameServer@CGamePlayer@@IAE_NPBXI@Z 00406fab f   GamePlayer.obj
 0001:0000609e       ?WaitForGameSvrPermit@CGamePlayer@@IAEIXZ 0040709e f   GamePlayer.obj
 0001:000061cb       ?Attach@CGamePlayer@@UAE_NPBD@Z 004071cb f   GamePlayer.obj
 0001:00006200       ?Add@CGamePlayer@@SA_NPBDPAVIPlayer@@@Z 00407200 f   GamePlayer.obj
 0001:0000630d       ?Del@CGamePlayer@@SA_NPBD@Z 0040730d f   GamePlayer.obj
 0001:00006411       ?Get@CGamePlayer@@SAPAVIPlayer@@PBD@Z 00407411 f   GamePlayer.obj
 0001:00006560       ??0CCriticalSection@Win32@OnlineGameLib@@QAE@XZ 00407560 f i GamePlayer.obj
 0001:00006580       ??1CCriticalSection@Win32@OnlineGameLib@@QAE@XZ 00407580 f i GamePlayer.obj
 0001:000065a0       ??1?$map@V?$basic_string@DU?$char_traits@D@std@@V?$allocator@D@2@@std@@PAVIPlayer@@U?$less@V?$basic_string@DU?$char_traits@D@std@@V?$allocator@D@2@@std@@@2@V?$allocator@PAVIPlayer@@@2@@std@@QAE@XZ 004075a0 f i GamePlayer.obj
 0001:000065c0       ??_F?$basic_string@DU?$char_traits@D@std@@V?$allocator@D@2@@std@@QAEXXZ 004075c0 f i GamePlayer.obj
 0001:000065e0       ?ReSet@Allocator@CBuffer@Win32@OnlineGameLib@@QAE_NII@Z 004075e0 f i GamePlayer.obj
 0001:00006620       ?_trace@@YAXPBDZZ          00407620 f i GamePlayer.obj
 0001:00006630       ?Reset@CTask@CGamePlayer@@QAEXXZ 00407630 f i GamePlayer.obj
 0001:00006650       ??1?$map@JPAVCBuffer@Win32@OnlineGameLib@@U?$less@J@std@@V?$allocator@PAVCBuffer@Win32@OnlineGameLib@@@5@@std@@QAE@XZ 00407650 f i GamePlayer.obj
 0001:00006670       ??0Owner@CCriticalSection@Win32@OnlineGameLib@@QAE@AAV123@@Z 00407670 f i GamePlayer.obj
 0001:000066a0       ?Enter@CCriticalSection@Win32@OnlineGameLib@@QAEXXZ 004076a0 f i GamePlayer.obj
 0001:000066c0       ??1Owner@CCriticalSection@Win32@OnlineGameLib@@QAE@XZ 004076c0 f i GamePlayer.obj
 0001:000066e0       ?Leave@CCriticalSection@Win32@OnlineGameLib@@QAEXXZ 004076e0 f i GamePlayer.obj
 0001:00006700       ?AddRef@CBuffer@Win32@OnlineGameLib@@QAEXXZ 00407700 f i GamePlayer.obj
 0001:00006720       ??1IPlayer@@UAE@XZ         00407720 f i GamePlayer.obj
 0001:00006740       ??_EIPlayer@@UAEPAXI@Z     00407740 f i GamePlayer.obj
 0001:00006740       ??_GIPlayer@@UAEPAXI@Z     00407740 f i GamePlayer.obj
 0001:00006770       ?IsActive@CGamePlayer@@UAE_NXZ 00407770 f i GamePlayer.obj
 0001:00006790       ?SetCurrentTask@CGamePlayer@@AAEXJ@Z 00407790 f i GamePlayer.obj
 0001:000067c0       ??_ECGamePlayer@@UAEPAXI@Z 004077c0 f i GamePlayer.obj
 0001:000067c0       ??_GCGamePlayer@@UAEPAXI@Z 004077c0 f i GamePlayer.obj
 0001:000067f0       ??0IPlayer@@QAE@XZ         004077f0 f i GamePlayer.obj
 0001:00006810       ??_FCDataQueue@CGamePlayer@@QAEXXZ 00407810 f i GamePlayer.obj
 0001:00006830       ?GetBuffer@CBuffer@Win32@OnlineGameLib@@QBEPBEXZ 00407830 f i GamePlayer.obj
 0001:00006850       ?GetCurrentTask@CGamePlayer@@AAEIXZ 00407850 f i GamePlayer.obj
 0001:00006880       ?Peek@CPackager@Win32@OnlineGameLib@@SAEPBXI@Z 00407880 f i GamePlayer.obj
 0001:000068a0       ?GetUsed@CBuffer@Win32@OnlineGameLib@@QBEIXZ 004078a0 f i GamePlayer.obj
 0001:000068c0       ??1?$pair@$$CBV?$basic_string@DU?$char_traits@D@std@@V?$allocator@D@2@@std@@PAVIPlayer@@@std@@QAE@XZ 004078c0 f i GamePlayer.obj
 0001:000068e0       ??0?$basic_string@DU?$char_traits@D@std@@V?$allocator@D@2@@std@@QAE@ABV?$allocator@D@1@@Z 004078e0 f i GamePlayer.obj
 0001:00006910       ??A?$basic_string@DU?$char_traits@D@std@@V?$allocator@D@2@@std@@QAEAADI@Z 00407910 f i GamePlayer.obj
 0001:00006950       ?length@?$basic_string@DU?$char_traits@D@std@@V?$allocator@D@2@@std@@QBEIXZ 00407950 f i GamePlayer.obj
 0001:00006970       ?compare@?$basic_string@DU?$char_traits@D@std@@V?$allocator@D@2@@std@@QBEHPBD@Z 00407970 f i GamePlayer.obj
 0001:000069a0       ??0?$vector@PAVICommand@@V?$allocator@PAVICommand@@@std@@@std@@QAE@ABV?$allocator@PAVICommand@@@1@@Z 004079a0 f i GamePlayer.obj
 0001:000069e0       ??1?$vector@PAVICommand@@V?$allocator@PAVICommand@@@std@@@std@@QAE@XZ 004079e0 f i GamePlayer.obj
 0001:00006a40       ?begin@?$vector@PAVICommand@@V?$allocator@PAVICommand@@@std@@@std@@QAEPAPAVICommand@@XZ 00407a40 f i GamePlayer.obj
 0001:00006a60       ?end@?$vector@PAVICommand@@V?$allocator@PAVICommand@@@std@@@std@@QAEPAPAVICommand@@XZ 00407a60 f i GamePlayer.obj
 0001:00006a80       ?size@?$vector@PAVICommand@@V?$allocator@PAVICommand@@@std@@@std@@QBEIXZ 00407a80 f i GamePlayer.obj
 0001:00006ac0       ??A?$vector@PAVICommand@@V?$allocator@PAVICommand@@@std@@@std@@QAEAAPAVICommand@@I@Z 00407ac0 f i GamePlayer.obj
 0001:00006ae0       ?push_back@?$vector@PAVICommand@@V?$allocator@PAVICommand@@@std@@@std@@QAEXABQAVICommand@@@Z 00407ae0 f i GamePlayer.obj
 0001:00006b10       ?clear@?$vector@PAVICommand@@V?$allocator@PAVICommand@@@std@@@std@@QAEXXZ 00407b10 f i GamePlayer.obj
 0001:00006b40       ??0?$map@V?$basic_string@DU?$char_traits@D@std@@V?$allocator@D@2@@std@@PAVIPlayer@@U?$less@V?$basic_string@DU?$char_traits@D@std@@V?$allocator@D@2@@std@@@2@V?$allocator@PAVIPlayer@@@2@@std@@QAE@ABU?$less@V?$basic_string@DU?$char_traits@D@std@@V?$allocator@D@2@@std@@@1@ABV?$allocator@PAVIPlayer@@@1@@Z 00407b40 f i GamePlayer.obj
 0001:00006b70       ?begin@?$map@V?$basic_string@DU?$char_traits@D@std@@V?$allocator@D@2@@std@@PAVIPlayer@@U?$less@V?$basic_string@DU?$char_traits@D@std@@V?$allocator@D@2@@std@@@2@V?$allocator@PAVIPlayer@@@2@@std@@QAE?AViterator@?$_Tree@V?$basic_string@DU?$char_traits@D@std@@V?$allocator@D@2@@std@@U?$pair@$$CBV?$basic_string@DU?$char_traits@D@std@@V?$allocator@D@2@@std@@PAVIPlayer@@@2@U_Kfn@?$map@V?$basic_string@DU?$char_traits@D@std@@V?$allocator@D@2@@std@@PAVIPlayer@@U?$less@V?$basic_string@DU?$char_traits@D@std@@V?$allocator@D@2@@std@@@2@V?$allocator@PAVIPlayer@@@2@@2@U?$less@V?$basic_string@DU?$char_traits@D@std@@V?$allocator@D@2@@std@@@2@V?$allocator@PAVIPlayer@@@2@@2@XZ 00407b70 f i GamePlayer.obj
 0001:00006ba0       ?end@?$map@V?$basic_string@DU?$char_traits@D@std@@V?$allocator@D@2@@std@@PAVIPlayer@@U?$less@V?$basic_string@DU?$char_traits@D@std@@V?$allocator@D@2@@std@@@2@V?$allocator@PAVIPlayer@@@2@@std@@QAE?AViterator@?$_Tree@V?$basic_string@DU?$char_traits@D@std@@V?$allocator@D@2@@std@@U?$pair@$$CBV?$basic_string@DU?$char_traits@D@std@@V?$allocator@D@2@@std@@PAVIPlayer@@@2@U_Kfn@?$map@V?$basic_string@DU?$char_traits@D@std@@V?$allocator@D@2@@std@@PAVIPlayer@@U?$less@V?$basic_string@DU?$char_traits@D@std@@V?$allocator@D@2@@std@@@2@V?$allocator@PAVIPlayer@@@2@@2@U?$less@V?$basic_string@DU?$char_traits@D@std@@V?$allocator@D@2@@std@@@2@V?$allocator@PAVIPlayer@@@2@@2@XZ 00407ba0 f i GamePlayer.obj
 0001:00006bd0       ?insert@?$map@V?$basic_string@DU?$char_traits@D@std@@V?$allocator@D@2@@std@@PAVIPlayer@@U?$less@V?$basic_string@DU?$char_traits@D@std@@V?$allocator@D@2@@std@@@2@V?$allocator@PAVIPlayer@@@2@@std@@QAE?AU?$pair@Viterator@?$_Tree@V?$basic_string@DU?$char_traits@D@std@@V?$allocator@D@2@@std@@U?$pair@$$CBV?$basic_string@DU?$char_traits@D@std@@V?$allocator@D@2@@std@@PAVIPlayer@@@2@U_Kfn@?$map@V?$basic_string@DU?$char_traits@D@std@@V?$allocator@D@2@@std@@PAVIPlayer@@U?$less@V?$basic_string@DU?$char_traits@D@std@@V?$allocator@D@2@@std@@@2@V?$allocator@PAVIPlayer@@@2@@2@U?$less@V?$basic_string@DU?$char_traits@D@std@@V?$allocator@D@2@@std@@@2@V?$allocator@PAVIPlayer@@@2@@std@@_N@2@ABU?$pair@$$CBV?$basic_string@DU?$char_traits@D@std@@V?$allocator@D@2@@std@@PAVIPlayer@@@2@@Z 00407bd0 f i GamePlayer.obj
 0001:00006c20       ?erase@?$map@V?$basic_string@DU?$char_traits@D@std@@V?$allocator@D@2@@std@@PAVIPlayer@@U?$less@V?$basic_string@DU?$char_traits@D@std@@V?$allocator@D@2@@std@@@2@V?$allocator@PAVIPlayer@@@2@@std@@QAE?AViterator@?$_Tree@V?$basic_string@DU?$char_traits@D@std@@V?$allocator@D@2@@std@@U?$pair@$$CBV?$basic_string@DU?$char_traits@D@std@@V?$allocator@D@2@@std@@PAVIPlayer@@@2@U_Kfn@?$map@V?$basic_string@DU?$char_traits@D@std@@V?$allocator@D@2@@std@@PAVIPlayer@@U?$less@V?$basic_string@DU?$char_traits@D@std@@V?$allocator@D@2@@std@@@2@V?$allocator@PAVIPlayer@@@2@@2@U?$less@V?$basic_string@DU?$char_traits@D@std@@V?$allocator@D@2@@std@@@2@V?$allocator@PAVIPlayer@@@2@@2@V342@@Z 00407c20 f i GamePlayer.obj
 0001:00006c50       ?erase@?$map@V?$basic_string@DU?$char_traits@D@std@@V?$allocator@D@2@@std@@PAVIPlayer@@U?$less@V?$basic_string@DU?$char_traits@D@std@@V?$allocator@D@2@@std@@@2@V?$allocator@PAVIPlayer@@@2@@std@@QAE?AViterator@?$_Tree@V?$basic_string@DU?$char_traits@D@std@@V?$allocator@D@2@@std@@U?$pair@$$CBV?$basic_string@DU?$char_traits@D@std@@V?$allocator@D@2@@std@@PAVIPlayer@@@2@U_Kfn@?$map@V?$basic_string@DU?$char_traits@D@std@@V?$allocator@D@2@@std@@PAVIPlayer@@U?$less@V?$basic_string@DU?$char_traits@D@std@@V?$allocator@D@2@@std@@@2@V?$allocator@PAVIPlayer@@@2@@2@U?$less@V?$basic_string@DU?$char_traits@D@std@@V?$allocator@D@2@@std@@@2@V?$allocator@PAVIPlayer@@@2@@2@V342@0@Z 00407c50 f i GamePlayer.obj
 0001:00006c80       ?find@?$map@V?$basic_string@DU?$char_traits@D@std@@V?$allocator@D@2@@std@@PAVIPlayer@@U?$less@V?$basic_string@DU?$char_traits@D@std@@V?$allocator@D@2@@std@@@2@V?$allocator@PAVIPlayer@@@2@@std@@QAE?AViterator@?$_Tree@V?$basic_string@DU?$char_traits@D@std@@V?$allocator@D@2@@std@@U?$pair@$$CBV?$basic_string@DU?$char_traits@D@std@@V?$allocator@D@2@@std@@PAVIPlayer@@@2@U_Kfn@?$map@V?$basic_string@DU?$char_traits@D@std@@V?$allocator@D@2@@std@@PAVIPlayer@@U?$less@V?$basic_string@DU?$char_traits@D@std@@V?$allocator@D@2@@std@@@2@V?$allocator@PAVIPlayer@@@2@@2@U?$less@V?$basic_string@DU?$char_traits@D@std@@V?$allocator@D@2@@std@@@2@V?$allocator@PAVIPlayer@@@2@@2@ABV?$basic_string@DU?$char_traits@D@std@@V?$allocator@D@2@@2@@Z 00407c80 f i GamePlayer.obj
 0001:00006cb0       ??1?$_Tree@V?$basic_string@DU?$char_traits@D@std@@V?$allocator@D@2@@std@@U?$pair@$$CBV?$basic_string@DU?$char_traits@D@std@@V?$allocator@D@2@@std@@PAVIPlayer@@@2@U_Kfn@?$map@V?$basic_string@DU?$char_traits@D@std@@V?$allocator@D@2@@std@@PAVIPlayer@@U?$less@V?$basic_string@DU?$char_traits@D@std@@V?$allocator@D@2@@std@@@2@V?$allocator@PAVIPlayer@@@2@@2@U?$less@V?$basic_string@DU?$char_traits@D@std@@V?$allocator@D@2@@std@@@2@V?$allocator@PAVIPlayer@@@2@@std@@QAE@XZ 00407cb0 f i GamePlayer.obj
 0001:00006d80       ??0?$pair@$$CBV?$basic_string@DU?$char_traits@D@std@@V?$allocator@D@2@@std@@PAVIPlayer@@@std@@QAE@ABV?$basic_string@DU?$char_traits@D@std@@V?$allocator@D@2@@1@ABQAVIPlayer@@@Z 00407d80 f i GamePlayer.obj
 0001:00006db0       ??0iterator@?$_Tree@V?$basic_string@DU?$char_traits@D@std@@V?$allocator@D@2@@std@@U?$pair@$$CBV?$basic_string@DU?$char_traits@D@std@@V?$allocator@D@2@@std@@PAVIPlayer@@@2@U_Kfn@?$map@V?$basic_string@DU?$char_traits@D@std@@V?$allocator@D@2@@std@@PAVIPlayer@@U?$less@V?$basic_string@DU?$char_traits@D@std@@V?$allocator@D@2@@std@@@2@V?$allocator@PAVIPlayer@@@2@@2@U?$less@V?$basic_string@DU?$char_traits@D@std@@V?$allocator@D@2@@std@@@2@V?$allocator@PAVIPlayer@@@2@@std@@QAE@XZ 00407db0 f i GamePlayer.obj
 0001:00006dd0       ??Diterator@?$_Tree@V?$basic_string@DU?$char_traits@D@std@@V?$allocator@D@2@@std@@U?$pair@$$CBV?$basic_string@DU?$char_traits@D@std@@V?$allocator@D@2@@std@@PAVIPlayer@@@2@U_Kfn@?$map@V?$basic_string@DU?$char_traits@D@std@@V?$allocator@D@2@@std@@PAVIPlayer@@U?$less@V?$basic_string@DU?$char_traits@D@std@@V?$allocator@D@2@@std@@@2@V?$allocator@PAVIPlayer@@@2@@2@U?$less@V?$basic_string@DU?$char_traits@D@std@@V?$allocator@D@2@@std@@@2@V?$allocator@PAVIPlayer@@@2@@std@@QBEAAU?$pair@$$CBV?$basic_string@DU?$char_traits@D@std@@V?$allocator@D@2@@std@@PAVIPlayer@@@2@XZ 00407dd0 f i GamePlayer.obj
 0001:00006df0       ??9iterator@?$_Tree@V?$basic_string@DU?$char_traits@D@std@@V?$allocator@D@2@@std@@U?$pair@$$CBV?$basic_string@DU?$char_traits@D@std@@V?$allocator@D@2@@std@@PAVIPlayer@@@2@U_Kfn@?$map@V?$basic_string@DU?$char_traits@D@std@@V?$allocator@D@2@@std@@PAVIPlayer@@U?$less@V?$basic_string@DU?$char_traits@D@std@@V?$allocator@D@2@@std@@@2@V?$allocator@PAVIPlayer@@@2@@2@U?$less@V?$basic_string@DU?$char_traits@D@std@@V?$allocator@D@2@@std@@@2@V?$allocator@PAVIPlayer@@@2@@std@@QBE_NABV012@@Z 00407df0 f i GamePlayer.obj
 0001:00006e20       ??0?$map@JPAVCBuffer@Win32@OnlineGameLib@@U?$less@J@std@@V?$allocator@PAVCBuffer@Win32@OnlineGameLib@@@5@@std@@QAE@ABU?$less@J@1@ABV?$allocator@PAVCBuffer@Win32@OnlineGameLib@@@1@@Z 00407e20 f i GamePlayer.obj
 0001:00006e50       ?begin@?$map@JPAVCBuffer@Win32@OnlineGameLib@@U?$less@J@std@@V?$allocator@PAVCBuffer@Win32@OnlineGameLib@@@5@@std@@QAE?AViterator@?$_Tree@JU?$pair@$$CBJPAVCBuffer@Win32@OnlineGameLib@@@std@@U_Kfn@?$map@JPAVCBuffer@Win32@OnlineGameLib@@U?$less@J@std@@V?$allocator@PAVCBuffer@Win32@OnlineGameLib@@@5@@2@U?$less@J@2@V?$allocator@PAVCBuffer@Win32@OnlineGameLib@@@2@@2@XZ 00407e50 f i GamePlayer.obj
 0001:00006e80       ?end@?$map@JPAVCBuffer@Win32@OnlineGameLib@@U?$less@J@std@@V?$allocator@PAVCBuffer@Win32@OnlineGameLib@@@5@@std@@QAE?AViterator@?$_Tree@JU?$pair@$$CBJPAVCBuffer@Win32@OnlineGameLib@@@std@@U_Kfn@?$map@JPAVCBuffer@Win32@OnlineGameLib@@U?$less@J@std@@V?$allocator@PAVCBuffer@Win32@OnlineGameLib@@@5@@2@U?$less@J@2@V?$allocator@PAVCBuffer@Win32@OnlineGameLib@@@2@@2@XZ 00407e80 f i GamePlayer.obj
 0001:00006eb0       ?insert@?$map@JPAVCBuffer@Win32@OnlineGameLib@@U?$less@J@std@@V?$allocator@PAVCBuffer@Win32@OnlineGameLib@@@5@@std@@QAE?AU?$pair@Viterator@?$_Tree@JU?$pair@$$CBJPAVCBuffer@Win32@OnlineGameLib@@@std@@U_Kfn@?$map@JPAVCBuffer@Win32@OnlineGameLib@@U?$less@J@std@@V?$allocator@PAVCBuffer@Win32@OnlineGameLib@@@5@@2@U?$less@J@2@V?$allocator@PAVCBuffer@Win32@OnlineGameLib@@@2@@std@@_N@2@ABU?$pair@$$CBJPAVCBuffer@Win32@OnlineGameLib@@@2@@Z 00407eb0 f i GamePlayer.obj
 0001:00006f00       ?erase@?$map@JPAVCBuffer@Win32@OnlineGameLib@@U?$less@J@std@@V?$allocator@PAVCBuffer@Win32@OnlineGameLib@@@5@@std@@QAE?AViterator@?$_Tree@JU?$pair@$$CBJPAVCBuffer@Win32@OnlineGameLib@@@std@@U_Kfn@?$map@JPAVCBuffer@Win32@OnlineGameLib@@U?$less@J@std@@V?$allocator@PAVCBuffer@Win32@OnlineGameLib@@@5@@2@U?$less@J@2@V?$allocator@PAVCBuffer@Win32@OnlineGameLib@@@2@@2@V342@@Z 00407f00 f i GamePlayer.obj
 0001:00006f30       ?erase@?$map@JPAVCBuffer@Win32@OnlineGameLib@@U?$less@J@std@@V?$allocator@PAVCBuffer@Win32@OnlineGameLib@@@5@@std@@QAE?AViterator@?$_Tree@JU?$pair@$$CBJPAVCBuffer@Win32@OnlineGameLib@@@std@@U_Kfn@?$map@JPAVCBuffer@Win32@OnlineGameLib@@U?$less@J@std@@V?$allocator@PAVCBuffer@Win32@OnlineGameLib@@@5@@2@U?$less@J@2@V?$allocator@PAVCBuffer@Win32@OnlineGameLib@@@2@@2@V342@0@Z 00407f30 f i GamePlayer.obj
 0001:00006f60       ?find@?$map@JPAVCBuffer@Win32@OnlineGameLib@@U?$less@J@std@@V?$allocator@PAVCBuffer@Win32@OnlineGameLib@@@5@@std@@QAE?AViterator@?$_Tree@JU?$pair@$$CBJPAVCBuffer@Win32@OnlineGameLib@@@std@@U_Kfn@?$map@JPAVCBuffer@Win32@OnlineGameLib@@U?$less@J@std@@V?$allocator@PAVCBuffer@Win32@OnlineGameLib@@@5@@2@U?$less@J@2@V?$allocator@PAVCBuffer@Win32@OnlineGameLib@@@2@@2@ABJ@Z 00407f60 f i GamePlayer.obj
 0001:00006f90       ??1?$_Tree@JU?$pair@$$CBJPAVCBuffer@Win32@OnlineGameLib@@@std@@U_Kfn@?$map@JPAVCBuffer@Win32@OnlineGameLib@@U?$less@J@std@@V?$allocator@PAVCBuffer@Win32@OnlineGameLib@@@5@@2@U?$less@J@2@V?$allocator@PAVCBuffer@Win32@OnlineGameLib@@@2@@std@@QAE@XZ 00407f90 f i GamePlayer.obj
 0001:00007060       ??0?$pair@$$CBJPAVCBuffer@Win32@OnlineGameLib@@@std@@QAE@ABJABQAVCBuffer@Win32@OnlineGameLib@@@Z 00408060 f i GamePlayer.obj
 0001:00007090       ??0iterator@?$_Tree@JU?$pair@$$CBJPAVCBuffer@Win32@OnlineGameLib@@@std@@U_Kfn@?$map@JPAVCBuffer@Win32@OnlineGameLib@@U?$less@J@std@@V?$allocator@PAVCBuffer@Win32@OnlineGameLib@@@5@@2@U?$less@J@2@V?$allocator@PAVCBuffer@Win32@OnlineGameLib@@@2@@std@@QAE@XZ 00408090 f i GamePlayer.obj
 0001:000070b0       ??Diterator@?$_Tree@JU?$pair@$$CBJPAVCBuffer@Win32@OnlineGameLib@@@std@@U_Kfn@?$map@JPAVCBuffer@Win32@OnlineGameLib@@U?$less@J@std@@V?$allocator@PAVCBuffer@Win32@OnlineGameLib@@@5@@2@U?$less@J@2@V?$allocator@PAVCBuffer@Win32@OnlineGameLib@@@2@@std@@QBEAAU?$pair@$$CBJPAVCBuffer@Win32@OnlineGameLib@@@2@XZ 004080b0 f i GamePlayer.obj
 0001:000070d0       ??Eiterator@?$_Tree@JU?$pair@$$CBJPAVCBuffer@Win32@OnlineGameLib@@@std@@U_Kfn@?$map@JPAVCBuffer@Win32@OnlineGameLib@@U?$less@J@std@@V?$allocator@PAVCBuffer@Win32@OnlineGameLib@@@5@@2@U?$less@J@2@V?$allocator@PAVCBuffer@Win32@OnlineGameLib@@@2@@std@@QAE?AV012@H@Z 004080d0 f i GamePlayer.obj
 0001:00007100       ??9iterator@?$_Tree@JU?$pair@$$CBJPAVCBuffer@Win32@OnlineGameLib@@@std@@U_Kfn@?$map@JPAVCBuffer@Win32@OnlineGameLib@@U?$less@J@std@@V?$allocator@PAVCBuffer@Win32@OnlineGameLib@@@5@@2@U?$less@J@2@V?$allocator@PAVCBuffer@Win32@OnlineGameLib@@@2@@std@@QBE_NABV012@@Z 00408100 f i GamePlayer.obj
 0001:00007130       ?compare@?$basic_string@DU?$char_traits@D@std@@V?$allocator@D@2@@std@@QBEHIIPBDI@Z 00408130 f i GamePlayer.obj
 0001:000071e0       ?compare@?$char_traits@D@std@@SAHPBD0I@Z 004081e0 f i GamePlayer.obj
 0001:00007200       ?_Freeze@?$basic_string@DU?$char_traits@D@std@@V?$allocator@D@2@@std@@AAEXXZ 00408200 f i GamePlayer.obj
 0001:00007280       ?insert@?$vector@PAVICommand@@V?$allocator@PAVICommand@@@std@@@std@@QAEPAPAVICommand@@PAPAV3@ABQAV3@@Z 00408280 f i GamePlayer.obj
 0001:000072d0       ?erase@?$vector@PAVICommand@@V?$allocator@PAVICommand@@@std@@@std@@QAEPAPAVICommand@@PAPAV3@0@Z 004082d0 f i GamePlayer.obj
 0001:00007320       ?_Destroy@?$vector@PAVICommand@@V?$allocator@PAVICommand@@@std@@@std@@IAEXPAPAVICommand@@0@Z 00408320 f i GamePlayer.obj
 0001:00007350       ?deallocate@?$allocator@PAVICommand@@@std@@QAEXPAXI@Z 00408350 f i GamePlayer.obj
 0001:00007370       ?_Value@?$_Tree@V?$basic_string@DU?$char_traits@D@std@@V?$allocator@D@2@@std@@U?$pair@$$CBV?$basic_string@DU?$char_traits@D@std@@V?$allocator@D@2@@std@@PAVIPlayer@@@2@U_Kfn@?$map@V?$basic_string@DU?$char_traits@D@std@@V?$allocator@D@2@@std@@PAVIPlayer@@U?$less@V?$basic_string@DU?$char_traits@D@std@@V?$allocator@D@2@@std@@@2@V?$allocator@PAVIPlayer@@@2@@2@U?$less@V?$basic_string@DU?$char_traits@D@std@@V?$allocator@D@2@@std@@@2@V?$allocator@PAVIPlayer@@@2@@std@@KAAAU?$pair@$$CBV?$basic_string@DU?$char_traits@D@std@@V?$allocator@D@2@@std@@PAVIPlayer@@@2@PAU_Node@12@@Z 00408370 f i GamePlayer.obj
 0001:00007380       ??0?$_Tree@V?$basic_string@DU?$char_traits@D@std@@V?$allocator@D@2@@std@@U?$pair@$$CBV?$basic_string@DU?$char_traits@D@std@@V?$allocator@D@2@@std@@PAVIPlayer@@@2@U_Kfn@?$map@V?$basic_string@DU?$char_traits@D@std@@V?$allocator@D@2@@std@@PAVIPlayer@@U?$less@V?$basic_string@DU?$char_traits@D@std@@V?$allocator@D@2@@std@@@2@V?$allocator@PAVIPlayer@@@2@@2@U?$less@V?$basic_string@DU?$char_traits@D@std@@V?$allocator@D@2@@std@@@2@V?$allocator@PAVIPlayer@@@2@@std@@QAE@ABU?$less@V?$basic_string@DU?$char_traits@D@std@@V?$allocator@D@2@@std@@@1@_NABV?$allocator@PAVIPlayer@@@1@@Z 00408380 f i GamePlayer.obj
 0001:000073c0       ?begin@?$_Tree@V?$basic_string@DU?$char_traits@D@std@@V?$allocator@D@2@@std@@U?$pair@$$CBV?$basic_string@DU?$char_traits@D@std@@V?$allocator@D@2@@std@@PAVIPlayer@@@2@U_Kfn@?$map@V?$basic_string@DU?$char_traits@D@std@@V?$allocator@D@2@@std@@PAVIPlayer@@U?$less@V?$basic_string@DU?$char_traits@D@std@@V?$allocator@D@2@@std@@@2@V?$allocator@PAVIPlayer@@@2@@2@U?$less@V?$basic_string@DU?$char_traits@D@std@@V?$allocator@D@2@@std@@@2@V?$allocator@PAVIPlayer@@@2@@std@@QAE?AViterator@12@XZ 004083c0 f i GamePlayer.obj
 0001:000073f0       ?end@?$_Tree@V?$basic_string@DU?$char_traits@D@std@@V?$allocator@D@2@@std@@U?$pair@$$CBV?$basic_string@DU?$char_traits@D@std@@V?$allocator@D@2@@std@@PAVIPlayer@@@2@U_Kfn@?$map@V?$basic_string@DU?$char_traits@D@std@@V?$allocator@D@2@@std@@PAVIPlayer@@U?$less@V?$basic_string@DU?$char_traits@D@std@@V?$allocator@D@2@@std@@@2@V?$allocator@PAVIPlayer@@@2@@2@U?$less@V?$basic_string@DU?$char_traits@D@std@@V?$allocator@D@2@@std@@@2@V?$allocator@PAVIPlayer@@@2@@std@@QAE?AViterator@12@XZ 004083f0 f i GamePlayer.obj
 0001:00007420       ?insert@?$_Tree@V?$basic_string@DU?$char_traits@D@std@@V?$allocator@D@2@@std@@U?$pair@$$CBV?$basic_string@DU?$char_traits@D@std@@V?$allocator@D@2@@std@@PAVIPlayer@@@2@U_Kfn@?$map@V?$basic_string@DU?$char_traits@D@std@@V?$allocator@D@2@@std@@PAVIPlayer@@U?$less@V?$basic_string@DU?$char_traits@D@std@@V?$allocator@D@2@@std@@@2@V?$allocator@PAVIPlayer@@@2@@2@U?$less@V?$basic_string@DU?$char_traits@D@std@@V?$allocator@D@2@@std@@@2@V?$allocator@PAVIPlayer@@@2@@std@@QAE?AU?$pair@Viterator@?$_Tree@V?$basic_string@DU?$char_traits@D@std@@V?$allocator@D@2@@std@@U?$pair@$$CBV?$basic_string@DU?$char_traits@D@std@@V?$allocator@D@2@@std@@PAVIPlayer@@@2@U_Kfn@?$map@V?$basic_string@DU?$char_traits@D@std@@V?$allocator@D@2@@std@@PAVIPlayer@@U?$less@V?$basic_string@DU?$char_traits@D@std@@V?$allocator@D@2@@std@@@2@V?$allocator@PAVIPlayer@@@2@@2@U?$less@V?$basic_string@DU?$char_traits@D@std@@V?$allocator@D@2@@std@@@2@V?$allocator@PAVIPlayer@@@2@@std@@_N@2@ABU?$pair@$$CBV?$basic_string@DU?$char_traits@D@std@@V?$allocator@D@2@@std@@PAVIPlayer@@@2@@Z 00408420 f i GamePlayer.obj
 0001:00007660       ?erase@?$_Tree@V?$basic_string@DU?$char_traits@D@std@@V?$allocator@D@2@@std@@U?$pair@$$CBV?$basic_string@DU?$char_traits@D@std@@V?$allocator@D@2@@std@@PAVIPlayer@@@2@U_Kfn@?$map@V?$basic_string@DU?$char_traits@D@std@@V?$allocator@D@2@@std@@PAVIPlayer@@U?$less@V?$basic_string@DU?$char_traits@D@std@@V?$allocator@D@2@@std@@@2@V?$allocator@PAVIPlayer@@@2@@2@U?$less@V?$basic_string@DU?$char_traits@D@std@@V?$allocator@D@2@@std@@@2@V?$allocator@PAVIPlayer@@@2@@std@@QAE?AViterator@12@V312@@Z 00408660 f i GamePlayer.obj
 0001:00007eb0       ?erase@?$_Tree@V?$basic_string@DU?$char_traits@D@std@@V?$allocator@D@2@@std@@U?$pair@$$CBV?$basic_string@DU?$char_traits@D@std@@V?$allocator@D@2@@std@@PAVIPlayer@@@2@U_Kfn@?$map@V?$basic_string@DU?$char_traits@D@std@@V?$allocator@D@2@@std@@PAVIPlayer@@U?$less@V?$basic_string@DU?$char_traits@D@std@@V?$allocator@D@2@@std@@@2@V?$allocator@PAVIPlayer@@@2@@2@U?$less@V?$basic_string@DU?$char_traits@D@std@@V?$allocator@D@2@@std@@@2@V?$allocator@PAVIPlayer@@@2@@std@@QAE?AViterator@12@V312@0@Z 00408eb0 f i GamePlayer.obj
 0001:00007ff0       ?find@?$_Tree@V?$basic_string@DU?$char_traits@D@std@@V?$allocator@D@2@@std@@U?$pair@$$CBV?$basic_string@DU?$char_traits@D@std@@V?$allocator@D@2@@std@@PAVIPlayer@@@2@U_Kfn@?$map@V?$basic_string@DU?$char_traits@D@std@@V?$allocator@D@2@@std@@PAVIPlayer@@U?$less@V?$basic_string@DU?$char_traits@D@std@@V?$allocator@D@2@@std@@@2@V?$allocator@PAVIPlayer@@@2@@2@U?$less@V?$basic_string@DU?$char_traits@D@std@@V?$allocator@D@2@@std@@@2@V?$allocator@PAVIPlayer@@@2@@std@@QAE?AViterator@12@ABV?$basic_string@DU?$char_traits@D@std@@V?$allocator@D@2@@2@@Z 00408ff0 f i GamePlayer.obj
 0001:00008090       ?_Freenode@?$_Tree@V?$basic_string@DU?$char_traits@D@std@@V?$allocator@D@2@@std@@U?$pair@$$CBV?$basic_string@DU?$char_traits@D@std@@V?$allocator@D@2@@std@@PAVIPlayer@@@2@U_Kfn@?$map@V?$basic_string@DU?$char_traits@D@std@@V?$allocator@D@2@@std@@PAVIPlayer@@U?$less@V?$basic_string@DU?$char_traits@D@std@@V?$allocator@D@2@@std@@@2@V?$allocator@PAVIPlayer@@@2@@2@U?$less@V?$basic_string@DU?$char_traits@D@std@@V?$allocator@D@2@@std@@@2@V?$allocator@PAVIPlayer@@@2@@std@@IAEXPAU_Node@12@@Z 00409090 f i GamePlayer.obj
 0001:000080b0       ??0const_iterator@?$_Tree@V?$basic_string@DU?$char_traits@D@std@@V?$allocator@D@2@@std@@U?$pair@$$CBV?$basic_string@DU?$char_traits@D@std@@V?$allocator@D@2@@std@@PAVIPlayer@@@2@U_Kfn@?$map@V?$basic_string@DU?$char_traits@D@std@@V?$allocator@D@2@@std@@PAVIPlayer@@U?$less@V?$basic_string@DU?$char_traits@D@std@@V?$allocator@D@2@@std@@@2@V?$allocator@PAVIPlayer@@@2@@2@U?$less@V?$basic_string@DU?$char_traits@D@std@@V?$allocator@D@2@@std@@@2@V?$allocator@PAVIPlayer@@@2@@std@@QAE@XZ 004090b0 f i GamePlayer.obj
 0001:000080c0       ??8iterator@?$_Tree@V?$basic_string@DU?$char_traits@D@std@@V?$allocator@D@2@@std@@U?$pair@$$CBV?$basic_string@DU?$char_traits@D@std@@V?$allocator@D@2@@std@@PAVIPlayer@@@2@U_Kfn@?$map@V?$basic_string@DU?$char_traits@D@std@@V?$allocator@D@2@@std@@PAVIPlayer@@U?$less@V?$basic_string@DU?$char_traits@D@std@@V?$allocator@D@2@@std@@@2@V?$allocator@PAVIPlayer@@@2@@2@U?$less@V?$basic_string@DU?$char_traits@D@std@@V?$allocator@D@2@@std@@@2@V?$allocator@PAVIPlayer@@@2@@std@@QBE_NABV012@@Z 004090c0 f i GamePlayer.obj
 0001:000080e0       ?_Value@?$_Tree@JU?$pair@$$CBJPAVCBuffer@Win32@OnlineGameLib@@@std@@U_Kfn@?$map@JPAVCBuffer@Win32@OnlineGameLib@@U?$less@J@std@@V?$allocator@PAVCBuffer@Win32@OnlineGameLib@@@5@@2@U?$less@J@2@V?$allocator@PAVCBuffer@Win32@OnlineGameLib@@@2@@std@@KAAAU?$pair@$$CBJPAVCBuffer@Win32@OnlineGameLib@@@2@PAU_Node@12@@Z 004090e0 f i GamePlayer.obj
 0001:000080f0       ??0?$_Tree@JU?$pair@$$CBJPAVCBuffer@Win32@OnlineGameLib@@@std@@U_Kfn@?$map@JPAVCBuffer@Win32@OnlineGameLib@@U?$less@J@std@@V?$allocator@PAVCBuffer@Win32@OnlineGameLib@@@5@@2@U?$less@J@2@V?$allocator@PAVCBuffer@Win32@OnlineGameLib@@@2@@std@@QAE@ABU?$less@J@1@_NABV?$allocator@PAVCBuffer@Win32@OnlineGameLib@@@1@@Z 004090f0 f i GamePlayer.obj
 0001:00008130       ?begin@?$_Tree@JU?$pair@$$CBJPAVCBuffer@Win32@OnlineGameLib@@@std@@U_Kfn@?$map@JPAVCBuffer@Win32@OnlineGameLib@@U?$less@J@std@@V?$allocator@PAVCBuffer@Win32@OnlineGameLib@@@5@@2@U?$less@J@2@V?$allocator@PAVCBuffer@Win32@OnlineGameLib@@@2@@std@@QAE?AViterator@12@XZ 00409130 f i GamePlayer.obj
 0001:00008160       ?end@?$_Tree@JU?$pair@$$CBJPAVCBuffer@Win32@OnlineGameLib@@@std@@U_Kfn@?$map@JPAVCBuffer@Win32@OnlineGameLib@@U?$less@J@std@@V?$allocator@PAVCBuffer@Win32@OnlineGameLib@@@5@@2@U?$less@J@2@V?$allocator@PAVCBuffer@Win32@OnlineGameLib@@@2@@std@@QAE?AViterator@12@XZ 00409160 f i GamePlayer.obj
 0001:00008190       ?insert@?$_Tree@JU?$pair@$$CBJPAVCBuffer@Win32@OnlineGameLib@@@std@@U_Kfn@?$map@JPAVCBuffer@Win32@OnlineGameLib@@U?$less@J@std@@V?$allocator@PAVCBuffer@Win32@OnlineGameLib@@@5@@2@U?$less@J@2@V?$allocator@PAVCBuffer@Win32@OnlineGameLib@@@2@@std@@QAE?AU?$pair@Viterator@?$_Tree@JU?$pair@$$CBJPAVCBuffer@Win32@OnlineGameLib@@@std@@U_Kfn@?$map@JPAVCBuffer@Win32@OnlineGameLib@@U?$less@J@std@@V?$allocator@PAVCBuffer@Win32@OnlineGameLib@@@5@@2@U?$less@J@2@V?$allocator@PAVCBuffer@Win32@OnlineGameLib@@@2@@std@@_N@2@ABU?$pair@$$CBJPAVCBuffer@Win32@OnlineGameLib@@@2@@Z 00409190 f i GamePlayer.obj
 0001:000083d0       ?erase@?$_Tree@JU?$pair@$$CBJPAVCBuffer@Win32@OnlineGameLib@@@std@@U_Kfn@?$map@JPAVCBuffer@Win32@OnlineGameLib@@U?$less@J@std@@V?$allocator@PAVCBuffer@Win32@OnlineGameLib@@@5@@2@U?$less@J@2@V?$allocator@PAVCBuffer@Win32@OnlineGameLib@@@2@@std@@QAE?AViterator@12@V312@@Z 004093d0 f i GamePlayer.obj
 0001:00008c20       ?erase@?$_Tree@JU?$pair@$$CBJPAVCBuffer@Win32@OnlineGameLib@@@std@@U_Kfn@?$map@JPAVCBuffer@Win32@OnlineGameLib@@U?$less@J@std@@V?$allocator@PAVCBuffer@Win32@OnlineGameLib@@@5@@2@U?$less@J@2@V?$allocator@PAVCBuffer@Win32@OnlineGameLib@@@2@@std@@QAE?AViterator@12@V312@0@Z 00409c20 f i GamePlayer.obj
 0001:00008d60       ?find@?$_Tree@JU?$pair@$$CBJPAVCBuffer@Win32@OnlineGameLib@@@std@@U_Kfn@?$map@JPAVCBuffer@Win32@OnlineGameLib@@U?$less@J@std@@V?$allocator@PAVCBuffer@Win32@OnlineGameLib@@@5@@2@U?$less@J@2@V?$allocator@PAVCBuffer@Win32@OnlineGameLib@@@2@@std@@QAE?AViterator@12@ABJ@Z 00409d60 f i GamePlayer.obj
 0001:00008e00       ?_Freenode@?$_Tree@JU?$pair@$$CBJPAVCBuffer@Win32@OnlineGameLib@@@std@@U_Kfn@?$map@JPAVCBuffer@Win32@OnlineGameLib@@U?$less@J@std@@V?$allocator@PAVCBuffer@Win32@OnlineGameLib@@@5@@2@U?$less@J@2@V?$allocator@PAVCBuffer@Win32@OnlineGameLib@@@2@@std@@IAEXPAU_Node@12@@Z 00409e00 f i GamePlayer.obj
 0001:00008e20       ??0const_iterator@?$_Tree@JU?$pair@$$CBJPAVCBuffer@Win32@OnlineGameLib@@@std@@U_Kfn@?$map@JPAVCBuffer@Win32@OnlineGameLib@@U?$less@J@std@@V?$allocator@PAVCBuffer@Win32@OnlineGameLib@@@5@@2@U?$less@J@2@V?$allocator@PAVCBuffer@Win32@OnlineGameLib@@@2@@std@@QAE@XZ 00409e20 f i GamePlayer.obj
 0001:00008e30       ??Eiterator@?$_Tree@JU?$pair@$$CBJPAVCBuffer@Win32@OnlineGameLib@@@std@@U_Kfn@?$map@JPAVCBuffer@Win32@OnlineGameLib@@U?$less@J@std@@V?$allocator@PAVCBuffer@Win32@OnlineGameLib@@@5@@2@U?$less@J@2@V?$allocator@PAVCBuffer@Win32@OnlineGameLib@@@2@@std@@QAEAAV012@XZ 00409e30 f i GamePlayer.obj
 0001:00008e50       ??8iterator@?$_Tree@JU?$pair@$$CBJPAVCBuffer@Win32@OnlineGameLib@@@std@@U_Kfn@?$map@JPAVCBuffer@Win32@OnlineGameLib@@U?$less@J@std@@V?$allocator@PAVCBuffer@Win32@OnlineGameLib@@@5@@2@U?$less@J@2@V?$allocator@PAVCBuffer@Win32@OnlineGameLib@@@2@@std@@QBE_NABV012@@Z 00409e50 f i GamePlayer.obj
 0001:00008e70       ??0?$pair@Viterator@?$_Tree@JU?$pair@$$CBJPAVCBuffer@Win32@OnlineGameLib@@@std@@U_Kfn@?$map@JPAVCBuffer@Win32@OnlineGameLib@@U?$less@J@std@@V?$allocator@PAVCBuffer@Win32@OnlineGameLib@@@5@@2@U?$less@J@2@V?$allocator@PAVCBuffer@Win32@OnlineGameLib@@@2@@std@@_N@std@@QAE@ABViterator@?$_Tree@JU?$pair@$$CBJPAVCBuffer@Win32@OnlineGameLib@@@std@@U_Kfn@?$map@JPAVCBuffer@Win32@OnlineGameLib@@U?$less@J@std@@V?$allocator@PAVCBuffer@Win32@OnlineGameLib@@@5@@2@U?$less@J@2@V?$allocator@PAVCBuffer@Win32@OnlineGameLib@@@2@@1@AB_N@Z 00409e70 f i GamePlayer.obj
 0001:00008ea0       ??0?$pair@Viterator@?$_Tree@V?$basic_string@DU?$char_traits@D@std@@V?$allocator@D@2@@std@@U?$pair@$$CBV?$basic_string@DU?$char_traits@D@std@@V?$allocator@D@2@@std@@PAVIPlayer@@@2@U_Kfn@?$map@V?$basic_string@DU?$char_traits@D@std@@V?$allocator@D@2@@std@@PAVIPlayer@@U?$less@V?$basic_string@DU?$char_traits@D@std@@V?$allocator@D@2@@std@@@2@V?$allocator@PAVIPlayer@@@2@@2@U?$less@V?$basic_string@DU?$char_traits@D@std@@V?$allocator@D@2@@std@@@2@V?$allocator@PAVIPlayer@@@2@@std@@_N@std@@QAE@ABViterator@?$_Tree@V?$basic_string@DU?$char_traits@D@std@@V?$allocator@D@2@@std@@U?$pair@$$CBV?$basic_string@DU?$char_traits@D@std@@V?$allocator@D@2@@std@@PAVIPlayer@@@2@U_Kfn@?$map@V?$basic_string@DU?$char_traits@D@std@@V?$allocator@D@2@@std@@PAVIPlayer@@U?$less@V?$basic_string@DU?$char_traits@D@std@@V?$allocator@D@2@@std@@@2@V?$allocator@PAVIPlayer@@@2@@2@U?$less@V?$basic_string@DU?$char_traits@D@std@@V?$allocator@D@2@@std@@@2@V?$allocator@PAVIPlayer@@@2@@1@AB_N@Z 00409ea0 f i GamePlayer.obj
 0001:00008ed0       ?_Psum@?$basic_string@DU?$char_traits@D@std@@V?$allocator@D@2@@std@@CAPADPADI@Z 00409ed0 f i GamePlayer.obj
 0001:00008f00       ?deallocate@?$allocator@PAVCBuffer@Win32@OnlineGameLib@@@std@@QAEXPAXI@Z 00409f00 f i GamePlayer.obj
 0001:00008f20       ??R?$less@V?$basic_string@DU?$char_traits@D@std@@V?$allocator@D@2@@std@@@std@@QBE_NABV?$basic_string@DU?$char_traits@D@std@@V?$allocator@D@2@@1@0@Z 00409f20 f i GamePlayer.obj
 0001:00008f40       ?insert@?$vector@PAVICommand@@V?$allocator@PAVICommand@@@std@@@std@@QAEXPAPAVICommand@@IABQAV3@@Z 00409f40 f i GamePlayer.obj
 0001:00009160       ?destroy@?$allocator@PAVICommand@@@std@@QAEXPAPAVICommand@@@Z 0040a160 f i GamePlayer.obj
 0001:00009180       ??R_Kfn@?$map@V?$basic_string@DU?$char_traits@D@std@@V?$allocator@D@2@@std@@PAVIPlayer@@U?$less@V?$basic_string@DU?$char_traits@D@std@@V?$allocator@D@2@@std@@@2@V?$allocator@PAVIPlayer@@@2@@std@@QBEABV?$basic_string@DU?$char_traits@D@std@@V?$allocator@D@2@@2@ABU?$pair@$$CBV?$basic_string@DU?$char_traits@D@std@@V?$allocator@D@2@@std@@PAVIPlayer@@@2@@Z 0040a180 f i GamePlayer.obj
 0001:00009190       ?deallocate@?$allocator@PAVIPlayer@@@std@@QAEXPAXI@Z 0040a190 f i GamePlayer.obj
 0001:000091b0       ?_Color@?$_Tree@V?$basic_string@DU?$char_traits@D@std@@V?$allocator@D@2@@std@@U?$pair@$$CBV?$basic_string@DU?$char_traits@D@std@@V?$allocator@D@2@@std@@PAVIPlayer@@@2@U_Kfn@?$map@V?$basic_string@DU?$char_traits@D@std@@V?$allocator@D@2@@std@@PAVIPlayer@@U?$less@V?$basic_string@DU?$char_traits@D@std@@V?$allocator@D@2@@std@@@2@V?$allocator@PAVIPlayer@@@2@@2@U?$less@V?$basic_string@DU?$char_traits@D@std@@V?$allocator@D@2@@std@@@2@V?$allocator@PAVIPlayer@@@2@@std@@KAAAW4_Redbl@12@PAU_Node@12@@Z 0040a1b0 f i GamePlayer.obj
 0001:000091c0       ?_Key@?$_Tree@V?$basic_string@DU?$char_traits@D@std@@V?$allocator@D@2@@std@@U?$pair@$$CBV?$basic_string@DU?$char_traits@D@std@@V?$allocator@D@2@@std@@PAVIPlayer@@@2@U_Kfn@?$map@V?$basic_string@DU?$char_traits@D@std@@V?$allocator@D@2@@std@@PAVIPlayer@@U?$less@V?$basic_string@DU?$char_traits@D@std@@V?$allocator@D@2@@std@@@2@V?$allocator@PAVIPlayer@@@2@@2@U?$less@V?$basic_string@DU?$char_traits@D@std@@V?$allocator@D@2@@std@@@2@V?$allocator@PAVIPlayer@@@2@@std@@KAABV?$basic_string@DU?$char_traits@D@std@@V?$allocator@D@2@@2@PAU_Node@12@@Z 0040a1c0 f i GamePlayer.obj
 0001:000091e0       ?_Left@?$_Tree@V?$basic_string@DU?$char_traits@D@std@@V?$allocator@D@2@@std@@U?$pair@$$CBV?$basic_string@DU?$char_traits@D@std@@V?$allocator@D@2@@std@@PAVIPlayer@@@2@U_Kfn@?$map@V?$basic_string@DU?$char_traits@D@std@@V?$allocator@D@2@@std@@PAVIPlayer@@U?$less@V?$basic_string@DU?$char_traits@D@std@@V?$allocator@D@2@@std@@@2@V?$allocator@PAVIPlayer@@@2@@2@U?$less@V?$basic_string@DU?$char_traits@D@std@@V?$allocator@D@2@@std@@@2@V?$allocator@PAVIPlayer@@@2@@std@@KAAAPAU_Node@12@PAU312@@Z 0040a1e0 f i GamePlayer.obj
 0001:000091f0       ?_Parent@?$_Tree@V?$basic_string@DU?$char_traits@D@std@@V?$allocator@D@2@@std@@U?$pair@$$CBV?$basic_string@DU?$char_traits@D@std@@V?$allocator@D@2@@std@@PAVIPlayer@@@2@U_Kfn@?$map@V?$basic_string@DU?$char_traits@D@std@@V?$allocator@D@2@@std@@PAVIPlayer@@U?$less@V?$basic_string@DU?$char_traits@D@std@@V?$allocator@D@2@@std@@@2@V?$allocator@PAVIPlayer@@@2@@2@U?$less@V?$basic_string@DU?$char_traits@D@std@@V?$allocator@D@2@@std@@@2@V?$allocator@PAVIPlayer@@@2@@std@@KAAAPAU_Node@12@PAU312@@Z 0040a1f0 f i GamePlayer.obj
 0001:00009200       ?_Right@?$_Tree@V?$basic_string@DU?$char_traits@D@std@@V?$allocator@D@2@@std@@U?$pair@$$CBV?$basic_string@DU?$char_traits@D@std@@V?$allocator@D@2@@std@@PAVIPlayer@@@2@U_Kfn@?$map@V?$basic_string@DU?$char_traits@D@std@@V?$allocator@D@2@@std@@PAVIPlayer@@U?$less@V?$basic_string@DU?$char_traits@D@std@@V?$allocator@D@2@@std@@@2@V?$allocator@PAVIPlayer@@@2@@2@U?$less@V?$basic_string@DU?$char_traits@D@std@@V?$allocator@D@2@@std@@@2@V?$allocator@PAVIPlayer@@@2@@std@@KAAAPAU_Node@12@PAU312@@Z 0040a200 f i GamePlayer.obj
 0001:00009210       ?size@?$_Tree@V?$basic_string@DU?$char_traits@D@std@@V?$allocator@D@2@@std@@U?$pair@$$CBV?$basic_string@DU?$char_traits@D@std@@V?$allocator@D@2@@std@@PAVIPlayer@@@2@U_Kfn@?$map@V?$basic_string@DU?$char_traits@D@std@@V?$allocator@D@2@@std@@PAVIPlayer@@U?$less@V?$basic_string@DU?$char_traits@D@std@@V?$allocator@D@2@@std@@@2@V?$allocator@PAVIPlayer@@@2@@2@U?$less@V?$basic_string@DU?$char_traits@D@std@@V?$allocator@D@2@@std@@@2@V?$allocator@PAVIPlayer@@@2@@std@@QBEIXZ 0040a210 f i GamePlayer.obj
 0001:00009230       ?lower_bound@?$_Tree@V?$basic_string@DU?$char_traits@D@std@@V?$allocator@D@2@@std@@U?$pair@$$CBV?$basic_string@DU?$char_traits@D@std@@V?$allocator@D@2@@std@@PAVIPlayer@@@2@U_Kfn@?$map@V?$basic_string@DU?$char_traits@D@std@@V?$allocator@D@2@@std@@PAVIPlayer@@U?$less@V?$basic_string@DU?$char_traits@D@std@@V?$allocator@D@2@@std@@@2@V?$allocator@PAVIPlayer@@@2@@2@U?$less@V?$basic_string@DU?$char_traits@D@std@@V?$allocator@D@2@@std@@@2@V?$allocator@PAVIPlayer@@@2@@std@@QAE?AViterator@12@ABV?$basic_string@DU?$char_traits@D@std@@V?$allocator@D@2@@2@@Z 0040a230 f i GamePlayer.obj
 0001:00009260       ?_Erase@?$_Tree@V?$basic_string@DU?$char_traits@D@std@@V?$allocator@D@2@@std@@U?$pair@$$CBV?$basic_string@DU?$char_traits@D@std@@V?$allocator@D@2@@std@@PAVIPlayer@@@2@U_Kfn@?$map@V?$basic_string@DU?$char_traits@D@std@@V?$allocator@D@2@@std@@PAVIPlayer@@U?$less@V?$basic_string@DU?$char_traits@D@std@@V?$allocator@D@2@@std@@@2@V?$allocator@PAVIPlayer@@@2@@2@U?$less@V?$basic_string@DU?$char_traits@D@std@@V?$allocator@D@2@@std@@@2@V?$allocator@PAVIPlayer@@@2@@std@@IAEXPAU_Node@12@@Z 0040a260 f i GamePlayer.obj
 0001:00009310       ?_Init@?$_Tree@V?$basic_string@DU?$char_traits@D@std@@V?$allocator@D@2@@std@@U?$pair@$$CBV?$basic_string@DU?$char_traits@D@std@@V?$allocator@D@2@@std@@PAVIPlayer@@@2@U_Kfn@?$map@V?$basic_string@DU?$char_traits@D@std@@V?$allocator@D@2@@std@@PAVIPlayer@@U?$less@V?$basic_string@DU?$char_traits@D@std@@V?$allocator@D@2@@std@@@2@V?$allocator@PAVIPlayer@@@2@@2@U?$less@V?$basic_string@DU?$char_traits@D@std@@V?$allocator@D@2@@std@@@2@V?$allocator@PAVIPlayer@@@2@@std@@IAEXXZ 0040a310 f i GamePlayer.obj
 0001:000093f0       ?_Insert@?$_Tree@V?$basic_string@DU?$char_traits@D@std@@V?$allocator@D@2@@std@@U?$pair@$$CBV?$basic_string@DU?$char_traits@D@std@@V?$allocator@D@2@@std@@PAVIPlayer@@@2@U_Kfn@?$map@V?$basic_string@DU?$char_traits@D@std@@V?$allocator@D@2@@std@@PAVIPlayer@@U?$less@V?$basic_string@DU?$char_traits@D@std@@V?$allocator@D@2@@std@@@2@V?$allocator@PAVIPlayer@@@2@@2@U?$less@V?$basic_string@DU?$char_traits@D@std@@V?$allocator@D@2@@std@@@2@V?$allocator@PAVIPlayer@@@2@@std@@IAE?AViterator@12@PAU_Node@12@0ABU?$pair@$$CBV?$basic_string@DU?$char_traits@D@std@@V?$allocator@D@2@@std@@PAVIPlayer@@@2@@Z 0040a3f0 f i GamePlayer.obj
 0001:000098c0       ?_Lmost@?$_Tree@V?$basic_string@DU?$char_traits@D@std@@V?$allocator@D@2@@std@@U?$pair@$$CBV?$basic_string@DU?$char_traits@D@std@@V?$allocator@D@2@@std@@PAVIPlayer@@@2@U_Kfn@?$map@V?$basic_string@DU?$char_traits@D@std@@V?$allocator@D@2@@std@@PAVIPlayer@@U?$less@V?$basic_string@DU?$char_traits@D@std@@V?$allocator@D@2@@std@@@2@V?$allocator@PAVIPlayer@@@2@@2@U?$less@V?$basic_string@DU?$char_traits@D@std@@V?$allocator@D@2@@std@@@2@V?$allocator@PAVIPlayer@@@2@@std@@IAEAAPAU_Node@12@XZ 0040a8c0 f i GamePlayer.obj
 0001:000098e0       ?_Lrotate@?$_Tree@V?$basic_string@DU?$char_traits@D@std@@V?$allocator@D@2@@std@@U?$pair@$$CBV?$basic_string@DU?$char_traits@D@std@@V?$allocator@D@2@@std@@PAVIPlayer@@@2@U_Kfn@?$map@V?$basic_string@DU?$char_traits@D@std@@V?$allocator@D@2@@std@@PAVIPlayer@@U?$less@V?$basic_string@DU?$char_traits@D@std@@V?$allocator@D@2@@std@@@2@V?$allocator@PAVIPlayer@@@2@@2@U?$less@V?$basic_string@DU?$char_traits@D@std@@V?$allocator@D@2@@std@@@2@V?$allocator@PAVIPlayer@@@2@@std@@IAEXPAU_Node@12@@Z 0040a8e0 f i GamePlayer.obj
 0001:00009a50       ?_Max@?$_Tree@V?$basic_string@DU?$char_traits@D@std@@V?$allocator@D@2@@std@@U?$pair@$$CBV?$basic_string@DU?$char_traits@D@std@@V?$allocator@D@2@@std@@PAVIPlayer@@@2@U_Kfn@?$map@V?$basic_string@DU?$char_traits@D@std@@V?$allocator@D@2@@std@@PAVIPlayer@@U?$less@V?$basic_string@DU?$char_traits@D@std@@V?$allocator@D@2@@std@@@2@V?$allocator@PAVIPlayer@@@2@@2@U?$less@V?$basic_string@DU?$char_traits@D@std@@V?$allocator@D@2@@std@@@2@V?$allocator@PAVIPlayer@@@2@@std@@KAPAU_Node@12@PAU312@@Z 0040aa50 f i GamePlayer.obj
 0001:00009ad0       ?_Min@?$_Tree@V?$basic_string@DU?$char_traits@D@std@@V?$allocator@D@2@@std@@U?$pair@$$CBV?$basic_string@DU?$char_traits@D@std@@V?$allocator@D@2@@std@@PAVIPlayer@@@2@U_Kfn@?$map@V?$basic_string@DU?$char_traits@D@std@@V?$allocator@D@2@@std@@PAVIPlayer@@U?$less@V?$basic_string@DU?$char_traits@D@std@@V?$allocator@D@2@@std@@@2@V?$allocator@PAVIPlayer@@@2@@2@U?$less@V?$basic_string@DU?$char_traits@D@std@@V?$allocator@D@2@@std@@@2@V?$allocator@PAVIPlayer@@@2@@std@@KAPAU_Node@12@PAU312@@Z 0040aad0 f i GamePlayer.obj
 0001:00009b50       ?_Rmost@?$_Tree@V?$basic_string@DU?$char_traits@D@std@@V?$allocator@D@2@@std@@U?$pair@$$CBV?$basic_string@DU?$char_traits@D@std@@V?$allocator@D@2@@std@@PAVIPlayer@@@2@U_Kfn@?$map@V?$basic_string@DU?$char_traits@D@std@@V?$allocator@D@2@@std@@PAVIPlayer@@U?$less@V?$basic_string@DU?$char_traits@D@std@@V?$allocator@D@2@@std@@@2@V?$allocator@PAVIPlayer@@@2@@2@U?$less@V?$basic_string@DU?$char_traits@D@std@@V?$allocator@D@2@@std@@@2@V?$allocator@PAVIPlayer@@@2@@std@@IAEAAPAU_Node@12@XZ 0040ab50 f i GamePlayer.obj
 0001:00009b70       ?_Root@?$_Tree@V?$basic_string@DU?$char_traits@D@std@@V?$allocator@D@2@@std@@U?$pair@$$CBV?$basic_string@DU?$char_traits@D@std@@V?$allocator@D@2@@std@@PAVIPlayer@@@2@U_Kfn@?$map@V?$basic_string@DU?$char_traits@D@std@@V?$allocator@D@2@@std@@PAVIPlayer@@U?$less@V?$basic_string@DU?$char_traits@D@std@@V?$allocator@D@2@@std@@@2@V?$allocator@PAVIPlayer@@@2@@2@U?$less@V?$basic_string@DU?$char_traits@D@std@@V?$allocator@D@2@@std@@@2@V?$allocator@PAVIPlayer@@@2@@std@@IAEAAPAU_Node@12@XZ 0040ab70 f i GamePlayer.obj
 0001:00009b90       ?_Rrotate@?$_Tree@V?$basic_string@DU?$char_traits@D@std@@V?$allocator@D@2@@std@@U?$pair@$$CBV?$basic_string@DU?$char_traits@D@std@@V?$allocator@D@2@@std@@PAVIPlayer@@@2@U_Kfn@?$map@V?$basic_string@DU?$char_traits@D@std@@V?$allocator@D@2@@std@@PAVIPlayer@@U?$less@V?$basic_string@DU?$char_traits@D@std@@V?$allocator@D@2@@std@@@2@V?$allocator@PAVIPlayer@@@2@@2@U?$less@V?$basic_string@DU?$char_traits@D@std@@V?$allocator@D@2@@std@@@2@V?$allocator@PAVIPlayer@@@2@@std@@IAEXPAU_Node@12@@Z 0040ab90 f i GamePlayer.obj
 0001:00009d00       ?_Destval@?$_Tree@V?$basic_string@DU?$char_traits@D@std@@V?$allocator@D@2@@std@@U?$pair@$$CBV?$basic_string@DU?$char_traits@D@std@@V?$allocator@D@2@@std@@PAVIPlayer@@@2@U_Kfn@?$map@V?$basic_string@DU?$char_traits@D@std@@V?$allocator@D@2@@std@@PAVIPlayer@@U?$less@V?$basic_string@DU?$char_traits@D@std@@V?$allocator@D@2@@std@@@2@V?$allocator@PAVIPlayer@@@2@@2@U?$less@V?$basic_string@DU?$char_traits@D@std@@V?$allocator@D@2@@std@@@2@V?$allocator@PAVIPlayer@@@2@@std@@IAEXPAU?$pair@$$CBV?$basic_string@DU?$char_traits@D@std@@V?$allocator@D@2@@std@@PAVIPlayer@@@2@@Z 0040ad00 f i GamePlayer.obj
 0001:00009d20       ?_Mynode@const_iterator@?$_Tree@V?$basic_string@DU?$char_traits@D@std@@V?$allocator@D@2@@std@@U?$pair@$$CBV?$basic_string@DU?$char_traits@D@std@@V?$allocator@D@2@@std@@PAVIPlayer@@@2@U_Kfn@?$map@V?$basic_string@DU?$char_traits@D@std@@V?$allocator@D@2@@std@@PAVIPlayer@@U?$less@V?$basic_string@DU?$char_traits@D@std@@V?$allocator@D@2@@std@@@2@V?$allocator@PAVIPlayer@@@2@@2@U?$less@V?$basic_string@DU?$char_traits@D@std@@V?$allocator@D@2@@std@@@2@V?$allocator@PAVIPlayer@@@2@@std@@QBEPAU_Node@23@XZ 0040ad20 f i GamePlayer.obj
 0001:00009d30       ??0iterator@?$_Tree@V?$basic_string@DU?$char_traits@D@std@@V?$allocator@D@2@@std@@U?$pair@$$CBV?$basic_string@DU?$char_traits@D@std@@V?$allocator@D@2@@std@@PAVIPlayer@@@2@U_Kfn@?$map@V?$basic_string@DU?$char_traits@D@std@@V?$allocator@D@2@@std@@PAVIPlayer@@U?$less@V?$basic_string@DU?$char_traits@D@std@@V?$allocator@D@2@@std@@@2@V?$allocator@PAVIPlayer@@@2@@2@U?$less@V?$basic_string@DU?$char_traits@D@std@@V?$allocator@D@2@@std@@@2@V?$allocator@PAVIPlayer@@@2@@std@@QAE@PAU_Node@12@@Z 0040ad30 f i GamePlayer.obj
 0001:00009d50       ??Eiterator@?$_Tree@V?$basic_string@DU?$char_traits@D@std@@V?$allocator@D@2@@std@@U?$pair@$$CBV?$basic_string@DU?$char_traits@D@std@@V?$allocator@D@2@@std@@PAVIPlayer@@@2@U_Kfn@?$map@V?$basic_string@DU?$char_traits@D@std@@V?$allocator@D@2@@std@@PAVIPlayer@@U?$less@V?$basic_string@DU?$char_traits@D@std@@V?$allocator@D@2@@std@@@2@V?$allocator@PAVIPlayer@@@2@@2@U?$less@V?$basic_string@DU?$char_traits@D@std@@V?$allocator@D@2@@std@@@2@V?$allocator@PAVIPlayer@@@2@@std@@QAE?AV012@H@Z 0040ad50 f i GamePlayer.obj
 0001:00009d80       ??Fiterator@?$_Tree@V?$basic_string@DU?$char_traits@D@std@@V?$allocator@D@2@@std@@U?$pair@$$CBV?$basic_string@DU?$char_traits@D@std@@V?$allocator@D@2@@std@@PAVIPlayer@@@2@U_Kfn@?$map@V?$basic_string@DU?$char_traits@D@std@@V?$allocator@D@2@@std@@PAVIPlayer@@U?$less@V?$basic_string@DU?$char_traits@D@std@@V?$allocator@D@2@@std@@@2@V?$allocator@PAVIPlayer@@@2@@2@U?$less@V?$basic_string@DU?$char_traits@D@std@@V?$allocator@D@2@@std@@@2@V?$allocator@PAVIPlayer@@@2@@std@@QAEAAV012@XZ 0040ad80 f i GamePlayer.obj
 0001:00009da0       ??R_Kfn@?$map@JPAVCBuffer@Win32@OnlineGameLib@@U?$less@J@std@@V?$allocator@PAVCBuffer@Win32@OnlineGameLib@@@5@@std@@QBEABJABU?$pair@$$CBJPAVCBuffer@Win32@OnlineGameLib@@@2@@Z 0040ada0 f i GamePlayer.obj
 0001:00009db0       ??R?$less@J@std@@QBE_NABJ0@Z 0040adb0 f i GamePlayer.obj
 0001:00009dd0       ?_Color@?$_Tree@JU?$pair@$$CBJPAVCBuffer@Win32@OnlineGameLib@@@std@@U_Kfn@?$map@JPAVCBuffer@Win32@OnlineGameLib@@U?$less@J@std@@V?$allocator@PAVCBuffer@Win32@OnlineGameLib@@@5@@2@U?$less@J@2@V?$allocator@PAVCBuffer@Win32@OnlineGameLib@@@2@@std@@KAAAW4_Redbl@12@PAU_Node@12@@Z 0040add0 f i GamePlayer.obj
 0001:00009de0       ?_Key@?$_Tree@JU?$pair@$$CBJPAVCBuffer@Win32@OnlineGameLib@@@std@@U_Kfn@?$map@JPAVCBuffer@Win32@OnlineGameLib@@U?$less@J@std@@V?$allocator@PAVCBuffer@Win32@OnlineGameLib@@@5@@2@U?$less@J@2@V?$allocator@PAVCBuffer@Win32@OnlineGameLib@@@2@@std@@KAABJPAU_Node@12@@Z 0040ade0 f i GamePlayer.obj
 0001:00009e00       ?_Left@?$_Tree@JU?$pair@$$CBJPAVCBuffer@Win32@OnlineGameLib@@@std@@U_Kfn@?$map@JPAVCBuffer@Win32@OnlineGameLib@@U?$less@J@std@@V?$allocator@PAVCBuffer@Win32@OnlineGameLib@@@5@@2@U?$less@J@2@V?$allocator@PAVCBuffer@Win32@OnlineGameLib@@@2@@std@@KAAAPAU_Node@12@PAU312@@Z 0040ae00 f i GamePlayer.obj
 0001:00009e10       ?_Parent@?$_Tree@JU?$pair@$$CBJPAVCBuffer@Win32@OnlineGameLib@@@std@@U_Kfn@?$map@JPAVCBuffer@Win32@OnlineGameLib@@U?$less@J@std@@V?$allocator@PAVCBuffer@Win32@OnlineGameLib@@@5@@2@U?$less@J@2@V?$allocator@PAVCBuffer@Win32@OnlineGameLib@@@2@@std@@KAAAPAU_Node@12@PAU312@@Z 0040ae10 f i GamePlayer.obj
 0001:00009e20       ?_Right@?$_Tree@JU?$pair@$$CBJPAVCBuffer@Win32@OnlineGameLib@@@std@@U_Kfn@?$map@JPAVCBuffer@Win32@OnlineGameLib@@U?$less@J@std@@V?$allocator@PAVCBuffer@Win32@OnlineGameLib@@@5@@2@U?$less@J@2@V?$allocator@PAVCBuffer@Win32@OnlineGameLib@@@2@@std@@KAAAPAU_Node@12@PAU312@@Z 0040ae20 f i GamePlayer.obj
 0001:00009e30       ?size@?$_Tree@JU?$pair@$$CBJPAVCBuffer@Win32@OnlineGameLib@@@std@@U_Kfn@?$map@JPAVCBuffer@Win32@OnlineGameLib@@U?$less@J@std@@V?$allocator@PAVCBuffer@Win32@OnlineGameLib@@@5@@2@U?$less@J@2@V?$allocator@PAVCBuffer@Win32@OnlineGameLib@@@2@@std@@QBEIXZ 0040ae30 f i GamePlayer.obj
 0001:00009e50       ?lower_bound@?$_Tree@JU?$pair@$$CBJPAVCBuffer@Win32@OnlineGameLib@@@std@@U_Kfn@?$map@JPAVCBuffer@Win32@OnlineGameLib@@U?$less@J@std@@V?$allocator@PAVCBuffer@Win32@OnlineGameLib@@@5@@2@U?$less@J@2@V?$allocator@PAVCBuffer@Win32@OnlineGameLib@@@2@@std@@QAE?AViterator@12@ABJ@Z 0040ae50 f i GamePlayer.obj
 0001:00009e80       ?_Erase@?$_Tree@JU?$pair@$$CBJPAVCBuffer@Win32@OnlineGameLib@@@std@@U_Kfn@?$map@JPAVCBuffer@Win32@OnlineGameLib@@U?$less@J@std@@V?$allocator@PAVCBuffer@Win32@OnlineGameLib@@@5@@2@U?$less@J@2@V?$allocator@PAVCBuffer@Win32@OnlineGameLib@@@2@@std@@IAEXPAU_Node@12@@Z 0040ae80 f i GamePlayer.obj
 0001:00009f30       ?_Init@?$_Tree@JU?$pair@$$CBJPAVCBuffer@Win32@OnlineGameLib@@@std@@U_Kfn@?$map@JPAVCBuffer@Win32@OnlineGameLib@@U?$less@J@std@@V?$allocator@PAVCBuffer@Win32@OnlineGameLib@@@5@@2@U?$less@J@2@V?$allocator@PAVCBuffer@Win32@OnlineGameLib@@@2@@std@@IAEXXZ 0040af30 f i GamePlayer.obj
 0001:0000a010       ?_Insert@?$_Tree@JU?$pair@$$CBJPAVCBuffer@Win32@OnlineGameLib@@@std@@U_Kfn@?$map@JPAVCBuffer@Win32@OnlineGameLib@@U?$less@J@std@@V?$allocator@PAVCBuffer@Win32@OnlineGameLib@@@5@@2@U?$less@J@2@V?$allocator@PAVCBuffer@Win32@OnlineGameLib@@@2@@std@@IAE?AViterator@12@PAU_Node@12@0ABU?$pair@$$CBJPAVCBuffer@Win32@OnlineGameLib@@@2@@Z 0040b010 f i GamePlayer.obj
 0001:0000a4e0       ?_Lmost@?$_Tree@JU?$pair@$$CBJPAVCBuffer@Win32@OnlineGameLib@@@std@@U_Kfn@?$map@JPAVCBuffer@Win32@OnlineGameLib@@U?$less@J@std@@V?$allocator@PAVCBuffer@Win32@OnlineGameLib@@@5@@2@U?$less@J@2@V?$allocator@PAVCBuffer@Win32@OnlineGameLib@@@2@@std@@IAEAAPAU_Node@12@XZ 0040b4e0 f i GamePlayer.obj
 0001:0000a500       ?_Lrotate@?$_Tree@JU?$pair@$$CBJPAVCBuffer@Win32@OnlineGameLib@@@std@@U_Kfn@?$map@JPAVCBuffer@Win32@OnlineGameLib@@U?$less@J@std@@V?$allocator@PAVCBuffer@Win32@OnlineGameLib@@@5@@2@U?$less@J@2@V?$allocator@PAVCBuffer@Win32@OnlineGameLib@@@2@@std@@IAEXPAU_Node@12@@Z 0040b500 f i GamePlayer.obj
 0001:0000a670       ?_Max@?$_Tree@JU?$pair@$$CBJPAVCBuffer@Win32@OnlineGameLib@@@std@@U_Kfn@?$map@JPAVCBuffer@Win32@OnlineGameLib@@U?$less@J@std@@V?$allocator@PAVCBuffer@Win32@OnlineGameLib@@@5@@2@U?$less@J@2@V?$allocator@PAVCBuffer@Win32@OnlineGameLib@@@2@@std@@KAPAU_Node@12@PAU312@@Z 0040b670 f i GamePlayer.obj
 0001:0000a6f0       ?_Min@?$_Tree@JU?$pair@$$CBJPAVCBuffer@Win32@OnlineGameLib@@@std@@U_Kfn@?$map@JPAVCBuffer@Win32@OnlineGameLib@@U?$less@J@std@@V?$allocator@PAVCBuffer@Win32@OnlineGameLib@@@5@@2@U?$less@J@2@V?$allocator@PAVCBuffer@Win32@OnlineGameLib@@@2@@std@@KAPAU_Node@12@PAU312@@Z 0040b6f0 f i GamePlayer.obj
 0001:0000a770       ?_Rmost@?$_Tree@JU?$pair@$$CBJPAVCBuffer@Win32@OnlineGameLib@@@std@@U_Kfn@?$map@JPAVCBuffer@Win32@OnlineGameLib@@U?$less@J@std@@V?$allocator@PAVCBuffer@Win32@OnlineGameLib@@@5@@2@U?$less@J@2@V?$allocator@PAVCBuffer@Win32@OnlineGameLib@@@2@@std@@IAEAAPAU_Node@12@XZ 0040b770 f i GamePlayer.obj
 0001:0000a790       ?_Root@?$_Tree@JU?$pair@$$CBJPAVCBuffer@Win32@OnlineGameLib@@@std@@U_Kfn@?$map@JPAVCBuffer@Win32@OnlineGameLib@@U?$less@J@std@@V?$allocator@PAVCBuffer@Win32@OnlineGameLib@@@5@@2@U?$less@J@2@V?$allocator@PAVCBuffer@Win32@OnlineGameLib@@@2@@std@@IAEAAPAU_Node@12@XZ 0040b790 f i GamePlayer.obj
 0001:0000a7b0       ?_Rrotate@?$_Tree@JU?$pair@$$CBJPAVCBuffer@Win32@OnlineGameLib@@@std@@U_Kfn@?$map@JPAVCBuffer@Win32@OnlineGameLib@@U?$less@J@std@@V?$allocator@PAVCBuffer@Win32@OnlineGameLib@@@5@@2@U?$less@J@2@V?$allocator@PAVCBuffer@Win32@OnlineGameLib@@@2@@std@@IAEXPAU_Node@12@@Z 0040b7b0 f i GamePlayer.obj
 0001:0000a920       ?_Destval@?$_Tree@JU?$pair@$$CBJPAVCBuffer@Win32@OnlineGameLib@@@std@@U_Kfn@?$map@JPAVCBuffer@Win32@OnlineGameLib@@U?$less@J@std@@V?$allocator@PAVCBuffer@Win32@OnlineGameLib@@@5@@2@U?$less@J@2@V?$allocator@PAVCBuffer@Win32@OnlineGameLib@@@2@@std@@IAEXPAU?$pair@$$CBJPAVCBuffer@Win32@OnlineGameLib@@@2@@Z 0040b920 f i GamePlayer.obj
 0001:0000a940       ?_Inc@const_iterator@?$_Tree@JU?$pair@$$CBJPAVCBuffer@Win32@OnlineGameLib@@@std@@U_Kfn@?$map@JPAVCBuffer@Win32@OnlineGameLib@@U?$less@J@std@@V?$allocator@PAVCBuffer@Win32@OnlineGameLib@@@5@@2@U?$less@J@2@V?$allocator@PAVCBuffer@Win32@OnlineGameLib@@@2@@std@@QAEXXZ 0040b940 f i GamePlayer.obj
 0001:0000aa20       ?_Mynode@const_iterator@?$_Tree@JU?$pair@$$CBJPAVCBuffer@Win32@OnlineGameLib@@@std@@U_Kfn@?$map@JPAVCBuffer@Win32@OnlineGameLib@@U?$less@J@std@@V?$allocator@PAVCBuffer@Win32@OnlineGameLib@@@5@@2@U?$less@J@2@V?$allocator@PAVCBuffer@Win32@OnlineGameLib@@@2@@std@@QBEPAU_Node@23@XZ 0040ba20 f i GamePlayer.obj
 0001:0000aa30       ??0iterator@?$_Tree@JU?$pair@$$CBJPAVCBuffer@Win32@OnlineGameLib@@@std@@U_Kfn@?$map@JPAVCBuffer@Win32@OnlineGameLib@@U?$less@J@std@@V?$allocator@PAVCBuffer@Win32@OnlineGameLib@@@5@@2@U?$less@J@2@V?$allocator@PAVCBuffer@Win32@OnlineGameLib@@@2@@std@@QAE@PAU_Node@12@@Z 0040ba30 f i GamePlayer.obj
 0001:0000aa50       ??Fiterator@?$_Tree@JU?$pair@$$CBJPAVCBuffer@Win32@OnlineGameLib@@@std@@U_Kfn@?$map@JPAVCBuffer@Win32@OnlineGameLib@@U?$less@J@std@@V?$allocator@PAVCBuffer@Win32@OnlineGameLib@@@5@@2@U?$less@J@2@V?$allocator@PAVCBuffer@Win32@OnlineGameLib@@@2@@std@@QAEAAV012@XZ 0040ba50 f i GamePlayer.obj
 0001:0000aa70       ?_Ucopy@?$vector@PAVICommand@@V?$allocator@PAVICommand@@@std@@@std@@IAEPAPAVICommand@@PBQAV3@0PAPAV3@@Z 0040ba70 f i GamePlayer.obj
 0001:0000aab0       ?_Ufill@?$vector@PAVICommand@@V?$allocator@PAVICommand@@@std@@@std@@IAEXPAPAVICommand@@IABQAV3@@Z 0040bab0 f i GamePlayer.obj
 0001:0000aaf0       ?allocate@?$allocator@PAVICommand@@@std@@QAEPAPAVICommand@@IPBX@Z 0040baf0 f i GamePlayer.obj
 0001:0000ab10       ?_Lbound@?$_Tree@V?$basic_string@DU?$char_traits@D@std@@V?$allocator@D@2@@std@@U?$pair@$$CBV?$basic_string@DU?$char_traits@D@std@@V?$allocator@D@2@@std@@PAVIPlayer@@@2@U_Kfn@?$map@V?$basic_string@DU?$char_traits@D@std@@V?$allocator@D@2@@std@@PAVIPlayer@@U?$less@V?$basic_string@DU?$char_traits@D@std@@V?$allocator@D@2@@std@@@2@V?$allocator@PAVIPlayer@@@2@@2@U?$less@V?$basic_string@DU?$char_traits@D@std@@V?$allocator@D@2@@std@@@2@V?$allocator@PAVIPlayer@@@2@@std@@IBEPAU_Node@12@ABV?$basic_string@DU?$char_traits@D@std@@V?$allocator@D@2@@2@@Z 0040bb10 f i GamePlayer.obj
 0001:0000abe0       ?_Buynode@?$_Tree@V?$basic_string@DU?$char_traits@D@std@@V?$allocator@D@2@@std@@U?$pair@$$CBV?$basic_string@DU?$char_traits@D@std@@V?$allocator@D@2@@std@@PAVIPlayer@@@2@U_Kfn@?$map@V?$basic_string@DU?$char_traits@D@std@@V?$allocator@D@2@@std@@PAVIPlayer@@U?$less@V?$basic_string@DU?$char_traits@D@std@@V?$allocator@D@2@@std@@@2@V?$allocator@PAVIPlayer@@@2@@2@U?$less@V?$basic_string@DU?$char_traits@D@std@@V?$allocator@D@2@@std@@@2@V?$allocator@PAVIPlayer@@@2@@std@@IAEPAU_Node@12@PAU312@W4_Redbl@12@@Z 0040bbe0 f i GamePlayer.obj
 0001:0000ac30       ?_Consval@?$_Tree@V?$basic_string@DU?$char_traits@D@std@@V?$allocator@D@2@@std@@U?$pair@$$CBV?$basic_string@DU?$char_traits@D@std@@V?$allocator@D@2@@std@@PAVIPlayer@@@2@U_Kfn@?$map@V?$basic_string@DU?$char_traits@D@std@@V?$allocator@D@2@@std@@PAVIPlayer@@U?$less@V?$basic_string@DU?$char_traits@D@std@@V?$allocator@D@2@@std@@@2@V?$allocator@PAVIPlayer@@@2@@2@U?$less@V?$basic_string@DU?$char_traits@D@std@@V?$allocator@D@2@@std@@@2@V?$allocator@PAVIPlayer@@@2@@std@@IAEXPAU?$pair@$$CBV?$basic_string@DU?$char_traits@D@std@@V?$allocator@D@2@@std@@PAVIPlayer@@@2@ABU32@@Z 0040bc30 f i GamePlayer.obj
 0001:0000ac50       ??0const_iterator@?$_Tree@V?$basic_string@DU?$char_traits@D@std@@V?$allocator@D@2@@std@@U?$pair@$$CBV?$basic_string@DU?$char_traits@D@std@@V?$allocator@D@2@@std@@PAVIPlayer@@@2@U_Kfn@?$map@V?$basic_string@DU?$char_traits@D@std@@V?$allocator@D@2@@std@@PAVIPlayer@@U?$less@V?$basic_string@DU?$char_traits@D@std@@V?$allocator@D@2@@std@@@2@V?$allocator@PAVIPlayer@@@2@@2@U?$less@V?$basic_string@DU?$char_traits@D@std@@V?$allocator@D@2@@std@@@2@V?$allocator@PAVIPlayer@@@2@@std@@QAE@PAU_Node@12@@Z 0040bc50 f i GamePlayer.obj
 0001:0000ac70       ?_Dec@const_iterator@?$_Tree@V?$basic_string@DU?$char_traits@D@std@@V?$allocator@D@2@@std@@U?$pair@$$CBV?$basic_string@DU?$char_traits@D@std@@V?$allocator@D@2@@std@@PAVIPlayer@@@2@U_Kfn@?$map@V?$basic_string@DU?$char_traits@D@std@@V?$allocator@D@2@@std@@PAVIPlayer@@U?$less@V?$basic_string@DU?$char_traits@D@std@@V?$allocator@D@2@@std@@@2@V?$allocator@PAVIPlayer@@@2@@2@U?$less@V?$basic_string@DU?$char_traits@D@std@@V?$allocator@D@2@@std@@@2@V?$allocator@PAVIPlayer@@@2@@std@@QAEXXZ 0040bc70 f i GamePlayer.obj
 0001:0000ad80       ??Eiterator@?$_Tree@V?$basic_string@DU?$char_traits@D@std@@V?$allocator@D@2@@std@@U?$pair@$$CBV?$basic_string@DU?$char_traits@D@std@@V?$allocator@D@2@@std@@PAVIPlayer@@@2@U_Kfn@?$map@V?$basic_string@DU?$char_traits@D@std@@V?$allocator@D@2@@std@@PAVIPlayer@@U?$less@V?$basic_string@DU?$char_traits@D@std@@V?$allocator@D@2@@std@@@2@V?$allocator@PAVIPlayer@@@2@@2@U?$less@V?$basic_string@DU?$char_traits@D@std@@V?$allocator@D@2@@std@@@2@V?$allocator@PAVIPlayer@@@2@@std@@QAEAAV012@XZ 0040bd80 f i GamePlayer.obj
 0001:0000ada0       ?_Lbound@?$_Tree@JU?$pair@$$CBJPAVCBuffer@Win32@OnlineGameLib@@@std@@U_Kfn@?$map@JPAVCBuffer@Win32@OnlineGameLib@@U?$less@J@std@@V?$allocator@PAVCBuffer@Win32@OnlineGameLib@@@5@@2@U?$less@J@2@V?$allocator@PAVCBuffer@Win32@OnlineGameLib@@@2@@std@@IBEPAU_Node@12@ABJ@Z 0040bda0 f i GamePlayer.obj
 0001:0000ae70       ?_Buynode@?$_Tree@JU?$pair@$$CBJPAVCBuffer@Win32@OnlineGameLib@@@std@@U_Kfn@?$map@JPAVCBuffer@Win32@OnlineGameLib@@U?$less@J@std@@V?$allocator@PAVCBuffer@Win32@OnlineGameLib@@@5@@2@U?$less@J@2@V?$allocator@PAVCBuffer@Win32@OnlineGameLib@@@2@@std@@IAEPAU_Node@12@PAU312@W4_Redbl@12@@Z 0040be70 f i GamePlayer.obj
 0001:0000aec0       ?_Consval@?$_Tree@JU?$pair@$$CBJPAVCBuffer@Win32@OnlineGameLib@@@std@@U_Kfn@?$map@JPAVCBuffer@Win32@OnlineGameLib@@U?$less@J@std@@V?$allocator@PAVCBuffer@Win32@OnlineGameLib@@@5@@2@U?$less@J@2@V?$allocator@PAVCBuffer@Win32@OnlineGameLib@@@2@@std@@IAEXPAU?$pair@$$CBJPAVCBuffer@Win32@OnlineGameLib@@@2@ABU32@@Z 0040bec0 f i GamePlayer.obj
 0001:0000aee0       ??0const_iterator@?$_Tree@JU?$pair@$$CBJPAVCBuffer@Win32@OnlineGameLib@@@std@@U_Kfn@?$map@JPAVCBuffer@Win32@OnlineGameLib@@U?$less@J@std@@V?$allocator@PAVCBuffer@Win32@OnlineGameLib@@@5@@2@U?$less@J@2@V?$allocator@PAVCBuffer@Win32@OnlineGameLib@@@2@@std@@QAE@PAU_Node@12@@Z 0040bee0 f i GamePlayer.obj
 0001:0000af00       ?_Dec@const_iterator@?$_Tree@JU?$pair@$$CBJPAVCBuffer@Win32@OnlineGameLib@@@std@@U_Kfn@?$map@JPAVCBuffer@Win32@OnlineGameLib@@U?$less@J@std@@V?$allocator@PAVCBuffer@Win32@OnlineGameLib@@@5@@2@U?$less@J@2@V?$allocator@PAVCBuffer@Win32@OnlineGameLib@@@2@@std@@QAEXXZ 0040bf00 f i GamePlayer.obj
 0001:0000b010       ?_Charalloc@?$allocator@PAVCBuffer@Win32@OnlineGameLib@@@std@@QAEPADI@Z 0040c010 f i GamePlayer.obj
 0001:0000b030       ?construct@?$allocator@PAVICommand@@@std@@QAEXPAPAVICommand@@ABQAV3@@Z 0040c030 f i GamePlayer.obj
 0001:0000b050       ?_Charalloc@?$allocator@PAVIPlayer@@@std@@QAEPADI@Z 0040c050 f i GamePlayer.obj
 0001:0000b070       ?_Root@?$_Tree@V?$basic_string@DU?$char_traits@D@std@@V?$allocator@D@2@@std@@U?$pair@$$CBV?$basic_string@DU?$char_traits@D@std@@V?$allocator@D@2@@std@@PAVIPlayer@@@2@U_Kfn@?$map@V?$basic_string@DU?$char_traits@D@std@@V?$allocator@D@2@@std@@PAVIPlayer@@U?$less@V?$basic_string@DU?$char_traits@D@std@@V?$allocator@D@2@@std@@@2@V?$allocator@PAVIPlayer@@@2@@2@U?$less@V?$basic_string@DU?$char_traits@D@std@@V?$allocator@D@2@@std@@@2@V?$allocator@PAVIPlayer@@@2@@std@@IBEAAPAU_Node@12@XZ 0040c070 f i GamePlayer.obj
 0001:0000b090       ?_Inc@const_iterator@?$_Tree@V?$basic_string@DU?$char_traits@D@std@@V?$allocator@D@2@@std@@U?$pair@$$CBV?$basic_string@DU?$char_traits@D@std@@V?$allocator@D@2@@std@@PAVIPlayer@@@2@U_Kfn@?$map@V?$basic_string@DU?$char_traits@D@std@@V?$allocator@D@2@@std@@PAVIPlayer@@U?$less@V?$basic_string@DU?$char_traits@D@std@@V?$allocator@D@2@@std@@@2@V?$allocator@PAVIPlayer@@@2@@2@U?$less@V?$basic_string@DU?$char_traits@D@std@@V?$allocator@D@2@@std@@@2@V?$allocator@PAVIPlayer@@@2@@std@@QAEXXZ 0040c090 f i GamePlayer.obj
 0001:0000b170       ?_Root@?$_Tree@JU?$pair@$$CBJPAVCBuffer@Win32@OnlineGameLib@@@std@@U_Kfn@?$map@JPAVCBuffer@Win32@OnlineGameLib@@U?$less@J@std@@V?$allocator@PAVCBuffer@Win32@OnlineGameLib@@@5@@2@U?$less@J@2@V?$allocator@PAVCBuffer@Win32@OnlineGameLib@@@2@@std@@IBEAAPAU_Node@12@XZ 0040c170 f i GamePlayer.obj
 0001:0000b190       ??0?$CTaskCommand@VCGamePlayer@@@@QAE@PAVCGamePlayer@@P81@AEIXZ@Z 0040c190 f i GamePlayer.obj
 0001:0000b1d0       ?Execute@?$CTaskCommand@VCGamePlayer@@@@UAEIXZ 0040c1d0 f i GamePlayer.obj
 0001:0000b1f0       ?ToString@Win32@OnlineGameLib@@YA?AV?$basic_string@DU?$char_traits@D@std@@V?$allocator@D@2@@std@@J@Z 0040c1f0 f i GamePlayer.obj
 0001:0000b2d0       ?ends@std@@YAAAV?$basic_ostream@DU?$char_traits@D@std@@@1@AAV21@@Z 0040c2d0 f i GamePlayer.obj
 0001:0000b2f0       ??0strstream@std@@QAE@XZ   0040c2f0 f i GamePlayer.obj
 0001:0000b3a0       ??0strstreambuf@std@@QAE@H@Z 0040c3a0 f i GamePlayer.obj
 0001:0000b400       ??_Estrstreambuf@std@@UAEPAXI@Z 0040c400 f i GamePlayer.obj
 0001:0000b400       ??_Gstrstreambuf@std@@UAEPAXI@Z 0040c400 f i GamePlayer.obj
 0001:0000b430       ?freeze@strstream@std@@QAEX_N@Z 0040c430 f i GamePlayer.obj
 0001:0000b450       ?str@strstream@std@@QAEPADXZ 0040c450 f i GamePlayer.obj
 0001:0000b470       ?str@strstreambuf@std@@QAEPADXZ 0040c470 f i GamePlayer.obj
 0001:0000b490       ??_Gstrstream@std@@UAEPAXI@Z 0040c490 f i GamePlayer.obj
 0001:0000b490       ??_Estrstream@std@@UAEPAXI@Z 0040c490 f i GamePlayer.obj
 0001:0000b4d0       ??_Dstrstream@std@@QAEXXZ  0040c4d0 f i GamePlayer.obj
 0001:0000b500       ?put@?$basic_ostream@DU?$char_traits@D@std@@@std@@QAEAAV12@D@Z 0040c500 f i GamePlayer.obj
 0001:0000b630       ?eq_int_type@?$char_traits@D@std@@SA_NABH0@Z 0040c630 f i GamePlayer.obj
 0001:0000b650       ?eof@?$char_traits@D@std@@SAHXZ 0040c650 f i GamePlayer.obj
 0001:0000b660       ??1?$basic_ios@DU?$char_traits@D@std@@@std@@UAE@XZ 0040c660 f i GamePlayer.obj
 0001:0000b680       ?setstate@?$basic_ios@DU?$char_traits@D@std@@@std@@QAEXH_N@Z 0040c680 f i GamePlayer.obj
 0001:0000b6b0       ?rdstate@ios_base@std@@QBEHXZ 0040c6b0 f i GamePlayer.obj
 0001:0000b6d0       ?rdbuf@?$basic_ios@DU?$char_traits@D@std@@@std@@QBEPAV?$basic_streambuf@DU?$char_traits@D@std@@@2@XZ 0040c6d0 f i GamePlayer.obj
 0001:0000b6f0       ??0?$basic_ios@DU?$char_traits@D@std@@@std@@IAE@XZ 0040c6f0 f i GamePlayer.obj
 0001:0000b710       ??0ios_base@std@@IAE@XZ    0040c710 f i GamePlayer.obj
 0001:0000b740       ??0locale@std@@QAE@W4_Uninitialized@1@@Z 0040c740 f i GamePlayer.obj
 0001:0000b750       ??_Eios_base@std@@UAEPAXI@Z 0040c750 f i GamePlayer.obj
 0001:0000b750       ??_Gios_base@std@@UAEPAXI@Z 0040c750 f i GamePlayer.obj
 0001:0000b780       ??0?$basic_streambuf@DU?$char_traits@D@std@@@std@@IAE@XZ 0040c780 f i GamePlayer.obj
 0001:0000b7e0       ??0locale@std@@QAE@XZ      0040c7e0 f i GamePlayer.obj
 0001:0000b820       ?_Incref@facet@locale@std@@QAEXXZ 0040c820 f i GamePlayer.obj
 0001:0000b860       ??1locale@std@@QAE@XZ      0040c860 f i GamePlayer.obj
 0001:0000b8b0       ?_Decref@facet@locale@std@@QAEPAV123@XZ 0040c8b0 f i GamePlayer.obj
 0001:0000b910       ??1?$basic_streambuf@DU?$char_traits@D@std@@@std@@UAE@XZ 0040c910 f i GamePlayer.obj
 0001:0000b930       ?gptr@?$basic_streambuf@DU?$char_traits@D@std@@@std@@IBEPADXZ 0040c930 f i GamePlayer.obj
 0001:0000b950       ?overflow@?$basic_streambuf@DU?$char_traits@D@std@@@std@@MAEHH@Z 0040c950 f i GamePlayer.obj
 0001:0000b970       ?pbackfail@?$basic_streambuf@DU?$char_traits@D@std@@@std@@MAEHH@Z 0040c970 f i GamePlayer.obj
 0001:0000b990       ?showmanyc@?$basic_streambuf@DU?$char_traits@D@std@@@std@@MAEHXZ 0040c990 f i GamePlayer.obj
 0001:0000b9a0       ?underflow@?$basic_streambuf@DU?$char_traits@D@std@@@std@@MAEHXZ 0040c9a0 f i GamePlayer.obj
 0001:0000b9b0       ?uflow@?$basic_streambuf@DU?$char_traits@D@std@@@std@@MAEHXZ 0040c9b0 f i GamePlayer.obj
 0001:0000ba10       ?to_int_type@?$char_traits@D@std@@SAHABD@Z 0040ca10 f i GamePlayer.obj
 0001:0000ba20       ?xsgetn@?$basic_streambuf@DU?$char_traits@D@std@@@std@@MAEHPADH@Z 0040ca20 f i GamePlayer.obj
 0001:0000bb20       ?to_char_type@?$char_traits@D@std@@SADABH@Z 0040cb20 f i GamePlayer.obj
 0001:0000bb30       ?xsputn@?$basic_streambuf@DU?$char_traits@D@std@@@std@@MAEHPBDH@Z 0040cb30 f i GamePlayer.obj
 0001:0000bc30       ?pptr@?$basic_streambuf@DU?$char_traits@D@std@@@std@@IBEPADXZ 0040cc30 f i GamePlayer.obj
 0001:0000bc50       ?seekoff@?$basic_streambuf@DU?$char_traits@D@std@@@std@@MAE?AV?$fpos@H@2@JW4seekdir@ios_base@2@H@Z 0040cc50 f i GamePlayer.obj
 0001:0000bc80       ?seekpos@?$basic_streambuf@DU?$char_traits@D@std@@@std@@MAE?AV?$fpos@H@2@V32@H@Z 0040cc80 f i GamePlayer.obj
 0001:0000bcb0       ?setbuf@?$basic_streambuf@DU?$char_traits@D@std@@@std@@MAEPAV12@PADH@Z 0040ccb0 f i GamePlayer.obj
 0001:0000bcc0       ?sync@?$basic_streambuf@DU?$char_traits@D@std@@@std@@MAEHXZ 0040ccc0 f i GamePlayer.obj
 0001:0000bcd0       ?imbue@?$basic_streambuf@DU?$char_traits@D@std@@@std@@MAEXABVlocale@2@@Z 0040ccd0 f i GamePlayer.obj
 0001:0000bce0       ??0?$basic_iostream@DU?$char_traits@D@std@@@std@@QAE@PAV?$basic_streambuf@DU?$char_traits@D@std@@@1@@Z 0040cce0 f i GamePlayer.obj
 0001:0000bda0       ??0?$basic_ostream@DU?$char_traits@D@std@@@std@@QAE@PAV?$basic_streambuf@DU?$char_traits@D@std@@@1@_N1@Z 0040cda0 f i GamePlayer.obj
 0001:0000be50       ??0?$basic_istream@DU?$char_traits@D@std@@@std@@QAE@PAV?$basic_streambuf@DU?$char_traits@D@std@@@1@_N@Z 0040ce50 f i GamePlayer.obj
 0001:0000bef0       ??1?$basic_istream@DU?$char_traits@D@std@@@std@@UAE@XZ 0040cef0 f i GamePlayer.obj
 0001:0000bf10       ??1?$basic_iostream@DU?$char_traits@D@std@@@std@@UAE@XZ 0040cf10 f i GamePlayer.obj
 0001:0000bf90       ??1?$basic_ostream@DU?$char_traits@D@std@@@std@@UAE@XZ 0040cf90 f i GamePlayer.obj
 0001:0000bfb0       ??_E?$basic_ostream@DU?$char_traits@D@std@@@std@@UAEPAXI@Z 0040cfb0 f i GamePlayer.obj
 0001:0000bfb0       ??_G?$basic_ostream@DU?$char_traits@D@std@@@std@@UAEPAXI@Z 0040cfb0 f i GamePlayer.obj
 0001:0000bff0       ??_G?$basic_ios@DU?$char_traits@D@std@@@std@@UAEPAXI@Z 0040cff0 f i GamePlayer.obj
 0001:0000bff0       ??_E?$basic_ios@DU?$char_traits@D@std@@@std@@UAEPAXI@Z 0040cff0 f i GamePlayer.obj
 0001:0000c020       ??_E?$basic_istream@DU?$char_traits@D@std@@@std@@UAEPAXI@Z 0040d020 f i GamePlayer.obj
 0001:0000c020       ??_G?$basic_istream@DU?$char_traits@D@std@@@std@@UAEPAXI@Z 0040d020 f i GamePlayer.obj
 0001:0000c060       ??_G?$basic_streambuf@DU?$char_traits@D@std@@@std@@UAEPAXI@Z 0040d060 f i GamePlayer.obj
 0001:0000c060       ??_E?$basic_streambuf@DU?$char_traits@D@std@@@std@@UAEPAXI@Z 0040d060 f i GamePlayer.obj
 0001:0000c090       ??_E?$basic_iostream@DU?$char_traits@D@std@@@std@@UAEPAXI@Z 0040d090 f i GamePlayer.obj
 0001:0000c090       ??_G?$basic_iostream@DU?$char_traits@D@std@@@std@@UAEPAXI@Z 0040d090 f i GamePlayer.obj
 0001:0000c0d0       ??_D?$basic_ostream@DU?$char_traits@D@std@@@std@@QAEXXZ 0040d0d0 f i GamePlayer.obj
 0001:0000c100       ??_D?$basic_istream@DU?$char_traits@D@std@@@std@@QAEXXZ 0040d100 f i GamePlayer.obj
 0001:0000c130       ??_D?$basic_iostream@DU?$char_traits@D@std@@@std@@QAEXXZ 0040d130 f i GamePlayer.obj
 0001:0000c160       ?clear@?$basic_ios@DU?$char_traits@D@std@@@std@@QAEXH_N@Z 0040d160 f i GamePlayer.obj
 0001:0000c1a0       ?init@?$basic_ios@DU?$char_traits@D@std@@@std@@IAEXPAV?$basic_streambuf@DU?$char_traits@D@std@@@2@_N@Z 0040d1a0 f i GamePlayer.obj
 0001:0000c210       ??0sentry@?$basic_ostream@DU?$char_traits@D@std@@@std@@QAE@AAV12@@Z 0040d210 f i GamePlayer.obj
 0001:0000c240       ??1sentry@?$basic_ostream@DU?$char_traits@D@std@@@std@@QAE@XZ 0040d240 f i GamePlayer.obj
 0001:0000c270       ??Bsentry@?$basic_ostream@DU?$char_traits@D@std@@@std@@QBE_NXZ 0040d270 f i GamePlayer.obj
 0001:0000c280       ??0?$fpos@H@std@@QAE@J@Z   0040d280 f i GamePlayer.obj
 0001:0000c2d0       ?sputc@?$basic_streambuf@DU?$char_traits@D@std@@@std@@QAEHD@Z 0040d2d0 f i GamePlayer.obj
 0001:0000c350       ?egptr@?$basic_streambuf@DU?$char_traits@D@std@@@std@@IBEPADXZ 0040d350 f i GamePlayer.obj
 0001:0000c370       ?gbump@?$basic_streambuf@DU?$char_traits@D@std@@@std@@IAEXH@Z 0040d370 f i GamePlayer.obj
 0001:0000c3b0       ?epptr@?$basic_streambuf@DU?$char_traits@D@std@@@std@@IBEPADXZ 0040d3b0 f i GamePlayer.obj
 0001:0000c3d0       ?_Gninc@?$basic_streambuf@DU?$char_traits@D@std@@@std@@IAEPADXZ 0040d3d0 f i GamePlayer.obj
[...]
 0001:0002376b       _$E23                      0042476b f   common:Buffer.obj
 0001:0002377a       _$E22                      0042477a f   common:Buffer.obj
 0001:00022328       _$E19                      00423328 f   common:Exception.obj
 0001:00022337       _$E18                      00423337 f   common:Exception.obj
 0001:00022196       _$E21                      00423196 f   common:Win32Exception.obj
 0001:000221a5       _$E20                      004231a5 f   common:Win32Exception.obj
 0001:00021e71       ?Create@Win32@OnlineGameLib@@YAPAXPAU_SECURITY_ATTRIBUTES@@HHPBD@Z 00422e71 f   common:Mutex.obj
 0001:000220bc       _$E19                      004230bc f   common:Mutex.obj
 0001:000220cb       _$E18                      004230cb f   common:Mutex.obj
 0001:00037962       __Mbrtowc_lk               00438962 f   libcpmt:xmbtowc.obj
 0001:0003722e       _$E37                      0043822e f   libcpmt:xlocale.obj
 0001:00037243       _$E36                      00438243 f   libcpmt:xlocale.obj
 0001:0003438b       _$E47                      0043538b f   libcpmt:wlocale.obj
 0001:000343a0       _$E46                      004353a0 f   libcpmt:wlocale.obj
 0001:0002e19d       _$E2                       0042f19d f   libcpmt:nomemory.obj
 0001:0002d216       _$E18                      0042e216 f   libcpmt:wiostrea.obj
 0001:0002d220       _$E15                      0042e220 f   libcpmt:wiostrea.obj
 0001:0002d22a       _$E17                      0042e22a f   libcpmt:wiostrea.obj
 0001:0002d236       _$E16                      0042e236 f   libcpmt:wiostrea.obj
 0001:0002d240       _$E24                      0042e240 f   libcpmt:wiostrea.obj
 0001:0002d24a       _$E21                      0042e24a f   libcpmt:wiostrea.obj
 0001:0002d254       _$E23                      0042e254 f   libcpmt:wiostrea.obj
 0001:0002d260       _$E22                      0042e260 f   libcpmt:wiostrea.obj
 0001:0002d26a       _$E29                      0042e26a f   libcpmt:wiostrea.obj
 0001:0002d274       _$E26                      0042e274 f   libcpmt:wiostrea.obj
 0001:0002d281       _$E28                      0042e281 f   libcpmt:wiostrea.obj
 0001:0002d28d       _$E27                      0042e28d f   libcpmt:wiostrea.obj
 0001:0002d297       _$E34                      0042e297 f   libcpmt:wiostrea.obj
 0001:0002d2a1       _$E31                      0042e2a1 f   libcpmt:wiostrea.obj
 0001:0002d2ae       _$E33                      0042e2ae f   libcpmt:wiostrea.obj
 0001:0002d2ba       _$E32                      0042e2ba f   libcpmt:wiostrea.obj
 0001:0002d2c4       _$E39                      0042e2c4 f   libcpmt:wiostrea.obj
 0001:0002d2ce       _$E36                      0042e2ce f   libcpmt:wiostrea.obj
 0001:0002d2db       _$E38                      0042e2db f   libcpmt:wiostrea.obj
 0001:0002d2e7       _$E37                      0042e2e7 f   libcpmt:wiostrea.obj
 0001:0002d2f1       _$E44                      0042e2f1 f   libcpmt:wiostrea.obj
 0001:0002d2fb       _$E41                      0042e2fb f   libcpmt:wiostrea.obj
 0001:0002d30a       _$E43                      0042e30a f   libcpmt:wiostrea.obj
 0001:0002d316       _$E42                      0042e316 f   libcpmt:wiostrea.obj
 0001:0002d335       _$E49                      0042e335 f   libcpmt:wiostrea.obj
 0001:0002d33f       _$E46                      0042e33f f   libcpmt:wiostrea.obj
 0001:0002d34e       _$E48                      0042e34e f   libcpmt:wiostrea.obj
 0001:0002d35a       _$E47                      0042e35a f   libcpmt:wiostrea.obj
 0001:0002d379       _$E54                      0042e379 f   libcpmt:wiostrea.obj
 0001:0002d383       _$E51                      0042e383 f   libcpmt:wiostrea.obj
 0001:0002d392       _$E53                      0042e392 f   libcpmt:wiostrea.obj
 0001:0002d39e       _$E52                      0042e39e f   libcpmt:wiostrea.obj
 0001:0002d3a8       _$E59                      0042e3a8 f   libcpmt:wiostrea.obj
 0001:0002d3b2       _$E56                      0042e3b2 f   libcpmt:wiostrea.obj
 0001:0002d3c1       _$E58                      0042e3c1 f   libcpmt:wiostrea.obj
 0001:0002d3cd       _$E57                      0042e3cd f   libcpmt:wiostrea.obj
 0001:0002e09b       _$E70                      0042f09b f   libcpmt:wiostrea.obj
 0001:0002e0c5       _$E66                      0042f0c5 f   libcpmt:wiostrea.obj
 0001:0002e0d1       _$E69                      0042f0d1 f   libcpmt:wiostrea.obj
 0001:0002ce06       _$E18                      0042de06 f   libcpmt:iostream.obj
 0001:0002ce10       _$E15                      0042de10 f   libcpmt:iostream.obj
 0001:0002ce1d       _$E17                      0042de1d f   libcpmt:iostream.obj
 0001:0002ce29       _$E16                      0042de29 f   libcpmt:iostream.obj
 0001:0002ce33       _$E23                      0042de33 f   libcpmt:iostream.obj
 0001:0002ce3d       _$E20                      0042de3d f   libcpmt:iostream.obj
 0001:0002ce4a       _$E22                      0042de4a f   libcpmt:iostream.obj
 0001:0002ce56       _$E21                      0042de56 f   libcpmt:iostream.obj
 0001:0002ce60       _$E28                      0042de60 f   libcpmt:iostream.obj
 0001:0002ce6a       _$E25                      0042de6a f   libcpmt:iostream.obj
 0001:0002ce79       _$E27                      0042de79 f   libcpmt:iostream.obj
 0001:0002ce85       _$E26                      0042de85 f   libcpmt:iostream.obj
 0001:0002ce8f       _$E33                      0042de8f f   libcpmt:iostream.obj
 0001:0002ce99       _$E30                      0042de99 f   libcpmt:iostream.obj
 0001:0002cea8       _$E32                      0042dea8 f   libcpmt:iostream.obj
 0001:0002ceb4       _$E31                      0042deb4 f   libcpmt:iostream.obj
 0001:0002cebe       _$E38                      0042debe f   libcpmt:iostream.obj
 0001:0002cec8       _$E35                      0042dec8 f   libcpmt:iostream.obj
 0001:0002ced5       _$E37                      0042ded5 f   libcpmt:iostream.obj
 0001:0002cee1       _$E36                      0042dee1 f   libcpmt:iostream.obj
 0001:0002ceeb       _$E43                      0042deeb f   libcpmt:iostream.obj
 0001:0002cef5       _$E40                      0042def5 f   libcpmt:iostream.obj
 0001:0002cf04       _$E42                      0042df04 f   libcpmt:iostream.obj
 0001:0002cf10       _$E41                      0042df10 f   libcpmt:iostream.obj
 0001:0002cf1a       _$E48                      0042df1a f   libcpmt:iostream.obj
 0001:0002cf24       _$E45                      0042df24 f   libcpmt:iostream.obj
 0001:0002cf33       _$E47                      0042df33 f   libcpmt:iostream.obj
 0001:0002cf3f       _$E46                      0042df3f f   libcpmt:iostream.obj
 0001:0002d1d4       _$E60                      0042e1d4 f   libcpmt:iostream.obj
 0001:0002d1fe       _$E56                      0042e1fe f   libcpmt:iostream.obj
 0001:0002d20a       _$E59                      0042e20a f   libcpmt:iostream.obj
 0001:0002cdc4       _$E32                      0042ddc4 f   libcpmt:locale.obj
 0001:0002cdee       _$E28                      0042ddee f   libcpmt:locale.obj
 0001:0002cdfa       _$E31                      0042ddfa f   libcpmt:locale.obj
 0001:0002a66c       _$E18                      0042b66c f   libcpmt:locale0.obj
 0001:0002a676       _$E15                      0042b676 f   libcpmt:locale0.obj
 0001:0002a677       _$E17                      0042b677 f   libcpmt:locale0.obj
 0001:0002a683       _$E16                      0042b683 f   libcpmt:locale0.obj
 0001:0002aab5       _$E29                      0042bab5 f   libcpmt:locale0.obj
 0001:0002aadf       _$E25                      0042badf f   libcpmt:locale0.obj
 0001:0002aaeb       _$E28                      0042baeb f   libcpmt:locale0.obj
 0001:0002a05c       _$E24                      0042b05c f   libcpmt:strstrea.obj
 0001:0002a086       _$E20                      0042b086 f   libcpmt:strstrea.obj
 0001:0002a092       _$E23                      0042b092 f   libcpmt:strstrea.obj
 0001:00029816       ?_CleanUp@std@@YAXXZ       0042a816 f   libcpmt:xlock.obj
 0001:00029755       _$E24                      0042a755 f   libcpmt:string.obj
 0001:0002977f       _$E20                      0042a77f f   libcpmt:string.obj
 0001:0002978b       _$E23                      0042a78b f   libcpmt:string.obj
 0001:00045826       _findenv                   00446826 f   LIBCMT:setenv.obj
 0001:0004587e       _copy_environ              0044687e f   LIBCMT:setenv.obj
 0001:00044abe       _ctrlevent_capture@4       00445abe f   LIBCMT:winsig.obj
 0001:00044ca2       _siglookup                 00445ca2 f   LIBCMT:winsig.obj
 0001:0004411b       _xtoa                      0044511b f   LIBCMT:xtoa.obj
 0001:000441ed       _x64toa@20                 004451ed f   LIBCMT:xtoa.obj
 0001:00043455       _getSystemCP               00444455 f   LIBCMT:mbctype.obj
 0001:0004349f       _CPtoLCID                  0044449f f   LIBCMT:mbctype.obj
 0001:000434d2       _setSBCS                   004444d2 f   LIBCMT:mbctype.obj
 0001:000434fb       _setSBUpLow                004444fb f   LIBCMT:mbctype.obj
 0001:00043277       _x_ismbbtype               00444277 f   LIBCMT:ismbbyte.obj
 0001:000428e2       __abstract_cw              004438e2 f   LIBCMT:ieee87.obj
 0001:00042974       __hw_cw                    00443974 f   LIBCMT:ieee87.obj
 0001:000429fd       __abstract_sw              004439fd f   LIBCMT:ieee87.obj
 0001:00041e8e       __tzset_lk                 00442e8e f   LIBCMT:tzset.obj
 0001:00042136       __isindst_lk               00443136 f   LIBCMT:tzset.obj
 0001:000422e2       _cvtdate                   004432e2 f   LIBCMT:tzset.obj
 0001:000411d7       _TranslateName             004421d7 f   LIBCMT:getqloc.obj
 0001:0004122f       _GetLcidFromLangCountry    0044222f f   LIBCMT:getqloc.obj
 0001:000412b6       _LangCountryEnumProc@4     004422b6 f   LIBCMT:getqloc.obj
 0001:000414ba       _GetLcidFromLanguage       004424ba f   LIBCMT:getqloc.obj
 0001:00041510       _LanguageEnumProc@4        00442510 f   LIBCMT:getqloc.obj
 0001:000415cd       _GetLcidFromCountry        004425cd f   LIBCMT:getqloc.obj
 0001:00041604       _CountryEnumProc@4         00442604 f   LIBCMT:getqloc.obj
 0001:0004168a       _GetLcidFromDefault        0044268a f   LIBCMT:getqloc.obj
 0001:000416a4       _ProcessCodePage           004426a4 f   LIBCMT:getqloc.obj
 0001:0004170a       _TestDefaultCountry        0044270a f   LIBCMT:getqloc.obj
 0001:00041729       _TestDefaultLanguage       00442729 f   LIBCMT:getqloc.obj
 0001:0004178b       _IsThisWindowsNT           0044278b f   LIBCMT:getqloc.obj
 0001:000417c1       _crtGetLocaleInfoA@16      004427c1 f   LIBCMT:getqloc.obj
 0001:000418a7       _LcidFromHexString         004428a7 f   LIBCMT:getqloc.obj
 0001:000418e0       _GetPrimaryLen             004428e0 f   LIBCMT:getqloc.obj
 0001:00040bed       __get_lc_lconv             00441bed f   LIBCMT:initmon.obj
 0001:00040d0f       _fix_grouping              00441d0f f   LIBCMT:initmon.obj
 0001:00040d46       __free_lc_lconv            00441d46 f   LIBCMT:initmon.obj
 0001:00040aeb       _fix_grouping              00441aeb f   LIBCMT:initnum.obj
 0001:00040438       __get_lc_time              00441438 f   LIBCMT:inittime.obj
 0001:00040786       __free_lc_time             00441786 f   LIBCMT:inittime.obj
 0001:0003e366       _parse_cmdline             0043f366 f   LIBCMT:stdargv.obj
 0001:0003e182       _xcptlookup                0043f182 f   LIBCMT:winxfltr.obj
 0001:0003dd3c       __cftoe2                   0043ed3c f   LIBCMT:cvt.obj
 0001:0003de53       __cftof2                   0043ee53 f   LIBCMT:cvt.obj
 0001:0003dfde       __shift                    0043efde f   LIBCMT:cvt.obj
 0001:0003d954       _write_char                0043e954 f   LIBCMT:output.obj
 0001:0003d989       _write_multi_char          0043e989 f   LIBCMT:output.obj
 0001:0003d9ba       _write_string              0043e9ba f   LIBCMT:output.obj
 0001:0003d9f2       _get_int_arg               0043e9f2 f   LIBCMT:output.obj
 0001:0003d9ff       _get_int64_arg             0043e9ff f   LIBCMT:output.obj
 0001:0003da0f       _get_short_arg             0043ea0f f   LIBCMT:output.obj
 0001:0003c863       ?FindHandler@@YAXPAUEHExceptionRecord@@PAUEHRegistrationNode@@PAU_CONTEXT@@PAXPBU_s_FuncInfo@@EH1@Z 0043d863 f   LIBCMT:frame.obj
 0001:0003ca16       ?FindHandlerForForeignException@@YAXPAUEHExceptionRecord@@PAUEHRegistrationNode@@PAU_CONTEXT@@PAXPBU_s_FuncInfo@@HH1@Z 0043da16 f   LIBCMT:frame.obj
 0001:0003cac0       ?TypeMatch@@YAHPBU_s_HandlerType@@PBU_s_CatchableType@@PBU_s_ThrowInfo@@@Z 0043dac0 f   LIBCMT:frame.obj
 0001:0003cbbb       ?FrameUnwindFilter@@YAHPAU_EXCEPTION_POINTERS@@@Z 0043dbbb f   LIBCMT:frame.obj
 0001:0003cbd1       ?CatchIt@@YAXPAUEHExceptionRecord@@PAUEHRegistrationNode@@PAU_CONTEXT@@PAXPBU_s_FuncInfo@@PBU_s_HandlerType@@PBU_s_CatchableType@@PBU_s_TryBlockMapEntry@@H1E@Z 0043dbd1 f   LIBCMT:frame.obj
 0001:0003cc4c       ?CallCatchBlock@@YAPAXPAUEHExceptionRecord@@PAUEHRegistrationNode@@PAU_CONTEXT@@PBU_s_FuncInfo@@PAXHK@Z 0043dc4c f   LIBCMT:frame.obj
 0001:0003cd67       ?ExFilterRethrow@@YAHPAU_EXCEPTION_POINTERS@@@Z 0043dd67 f   LIBCMT:frame.obj
 0001:0003cd91       ?BuildCatchObject@@YAXPAUEHExceptionRecord@@PAUEHRegistrationNode@@PBU_s_HandlerType@@PBU_s_CatchableType@@@Z 0043dd91 f   LIBCMT:frame.obj
 0001:0003cfbc       ?AdjustPointer@@YAPAXPAXABUPMD@@@Z 0043dfbc f   LIBCMT:frame.obj
 0001:0003c458       _doexit                    0043d458 f   LIBCMT:crt0dat.obj
 0001:0003c50f       __initterm                 0043d50f f   LIBCMT:crt0dat.obj
 0001:0003c3c0       _strncnt                   0043d3c0 f   LIBCMT:a_cmp.obj
 0001:0003bff9       _strncnt                   0043cff9 f   LIBCMT:a_map.obj
 0001:0003b4f8       __expandtime               0043c4f8 f   LIBCMT:strftime.obj
 0001:0003b8e7       __store_str                0043c8e7 f   LIBCMT:strftime.obj
 0001:0003b90e       __store_num                0043c90e f   LIBCMT:strftime.obj
 0001:0003b97d       __store_number             0043c97d f   LIBCMT:strftime.obj
 0001:0003b9c6       __store_winword            0043c9c6 f   LIBCMT:strftime.obj
 0001:0003a923       _strtoxl                   0043b923 f   LIBCMT:strtol.obj
 0001:0003a315       __setlocale_set_cat        0043b315 f   LIBCMT:setlocal.obj
 0001:0003a430       __setlocale_get_all        0043b430 f   LIBCMT:setlocal.obj
 0001:00039f46       _flsall                    0043af46 f   LIBCMT:fflush.obj
 0001:0003961c       _fast_error_exit           0043a61c f   LIBCMT:wincrt0.obj
 0001:00038d65       ?ArrayUnwindFilter@@YAHPAU_EXCEPTION_POINTERS@@@Z 00439d65 f   LIBCMT:ehvecdtr.obj
 0001:00038940       LeadUp1                    00439940 f   LIBCMT:memmove.obj
 0001:0003896c       LeadUp2                    0043996c f   LIBCMT:memmove.obj
 0001:00038990       LeadUp3                    00439990 f   LIBCMT:memmove.obj
 0001:00038a0f       UnwindUp0                  00439a0f f   LIBCMT:memmove.obj
 0001:000389fc       UnwindUp1                  004399fc f   LIBCMT:memmove.obj
 0001:000389f4       UnwindUp2                  004399f4 f   LIBCMT:memmove.obj
 0001:000389ec       UnwindUp3                  004399ec f   LIBCMT:memmove.obj
 0001:000389e4       UnwindUp4                  004399e4 f   LIBCMT:memmove.obj
 0001:000389dc       UnwindUp5                  004399dc f   LIBCMT:memmove.obj
 0001:000389d4       UnwindUp6                  004399d4 f   LIBCMT:memmove.obj
 0001:000389cc       UnwindUp7                  004399cc f   LIBCMT:memmove.obj
 0001:00038a28       TrailUp0                   00439a28 f   LIBCMT:memmove.obj
 0001:00038a30       TrailUp1                   00439a30 f   LIBCMT:memmove.obj
 0001:00038a3c       TrailUp2                   00439a3c f   LIBCMT:memmove.obj
 0001:00038a50       TrailUp3                   00439a50 f   LIBCMT:memmove.obj
 0001:00038ac8       LeadDown1                  00439ac8 f   LIBCMT:memmove.obj
 0001:00038ae8       LeadDown2                  00439ae8 f   LIBCMT:memmove.obj
 0001:00038b10       LeadDown3                  00439b10 f   LIBCMT:memmove.obj
 0001:00038b64       UnwindDown7                00439b64 f   LIBCMT:memmove.obj
 0001:00038b6c       UnwindDown6                00439b6c f   LIBCMT:memmove.obj
 0001:00038b74       UnwindDown5                00439b74 f   LIBCMT:memmove.obj
 0001:00038b7c       UnwindDown4                00439b7c f   LIBCMT:memmove.obj
 0001:00038b84       UnwindDown3                00439b84 f   LIBCMT:memmove.obj
 0001:00038b8c       UnwindDown2                00439b8c f   LIBCMT:memmove.obj
 0001:00038b94       UnwindDown1                00439b94 f   LIBCMT:memmove.obj
 0001:00038ba7       UnwindDown0                00439ba7 f   LIBCMT:memmove.obj
 0001:00038bc0       TrailDown0                 00439bc0 f   LIBCMT:memmove.obj
 0001:00038bc8       TrailDown1                 00439bc8 f   LIBCMT:memmove.obj
 0001:00038bd8       TrailDown2                 00439bd8 f   LIBCMT:memmove.obj
 0001:00038bec       TrailDown3                 00439bec f   LIBCMT:memmove.obj
 0001:00038520       LeadUp1                    00439520 f   LIBCMT:memcpy.obj
 0001:0003854c       LeadUp2                    0043954c f   LIBCMT:memcpy.obj
 0001:00038570       LeadUp3                    00439570 f   LIBCMT:memcpy.obj
 0001:000385ef       UnwindUp0                  004395ef f   LIBCMT:memcpy.obj
 0001:000385dc       UnwindUp1                  004395dc f   LIBCMT:memcpy.obj
 0001:000385d4       UnwindUp2                  004395d4 f   LIBCMT:memcpy.obj
 0001:000385cc       UnwindUp3                  004395cc f   LIBCMT:memcpy.obj
 0001:000385c4       UnwindUp4                  004395c4 f   LIBCMT:memcpy.obj
 0001:000385bc       UnwindUp5                  004395bc f   LIBCMT:memcpy.obj
 0001:000385b4       UnwindUp6                  004395b4 f   LIBCMT:memcpy.obj
 0001:000385ac       UnwindUp7                  004395ac f   LIBCMT:memcpy.obj
 0001:00038608       TrailUp0                   00439608 f   LIBCMT:memcpy.obj
 0001:00038610       TrailUp1                   00439610 f   LIBCMT:memcpy.obj
 0001:0003861c       TrailUp2                   0043961c f   LIBCMT:memcpy.obj
 0001:00038630       TrailUp3                   00439630 f   LIBCMT:memcpy.obj
 0001:000386a8       LeadDown1                  004396a8 f   LIBCMT:memcpy.obj
 0001:000386c8       LeadDown2                  004396c8 f   LIBCMT:memcpy.obj
 0001:000386f0       LeadDown3                  004396f0 f   LIBCMT:memcpy.obj
 0001:00038744       UnwindDown7                00439744 f   LIBCMT:memcpy.obj
 0001:0003874c       UnwindDown6                0043974c f   LIBCMT:memcpy.obj
 0001:00038754       UnwindDown5                00439754 f   LIBCMT:memcpy.obj
 0001:0003875c       UnwindDown4                0043975c f   LIBCMT:memcpy.obj
 0001:00038764       UnwindDown3                00439764 f   LIBCMT:memcpy.obj
 0001:0003876c       UnwindDown2                0043976c f   LIBCMT:memcpy.obj
 0001:00038774       UnwindDown1                00439774 f   LIBCMT:memcpy.obj
 0001:00038787       UnwindDown0                00439787 f   LIBCMT:memcpy.obj
 0001:000387a0       TrailDown0                 004397a0 f   LIBCMT:memcpy.obj
 0001:000387a8       TrailDown1                 004397a8 f   LIBCMT:memcpy.obj
 0001:000387b8       TrailDown2                 004397b8 f   LIBCMT:memcpy.obj
 0001:000387cc       TrailDown3                 004397cc f   LIBCMT:memcpy.obj
 0001:00038300       _gu_return                 00439300 f   LIBCMT:exsup.obj
 0001:00038308       __unwind_handler           00439308 f   LIBCMT:exsup.obj
 0001:0003811a       ?CatchGuardHandler@@YA?AW4_EXCEPTION_DISPOSITION@@PAUEHExceptionRecord@@PAUCatchGuardRN@@PAX2@Z 0043911a f   LIBCMT:trnsctrl.obj
 0001:000381f5       ?TranslatorGuardHandler@@YA?AW4_EXCEPTION_DISPOSITION@@PAUEHExceptionRecord@@PAUTranslatorGuardRN@@PAX2@Z 004391f5 f   LIBCMT:trnsctrl.obj
