 Goddess

 Timestamp is 6690c78d (Fri Jul 12 13:05:01 2024)

 Preferred load address is 00400000

 Start         Length     Name                   Class
 0001:00000000 000a5c4cH .text                   CODE
 0001:000a5c50 000027beH .text$x                 CODE
 0002:00000000 00000270H .idata$5                DATA
 0002:00000270 00004644H .rdata                  DATA
 0002:000048b8 0000104cH .rdata$r                DATA
 0002:00005908 000043b0H .xdata$x                DATA
 0002:00009cb8 00000064H .idata$2                DATA
 0002:00009d1c 00000014H .idata$3                DATA
 0002:00009d30 00000270H .idata$4                DATA
 0002:00009fa0 00000a9cH .idata$6                DATA
 0002:0000aa3c 00000000H .edata                  DATA
 0003:00000000 00000004H .CRT$XCA                DATA
 0003:00000004 000000f4H .CRT$XCU                DATA
 0003:000000f8 00000004H .CRT$XCZ                DATA
 0003:000000fc 00000004H .CRT$XIA                DATA
 0003:00000100 0000000cH .CRT$XIC                DATA
 0003:0000010c 00000004H .CRT$XIY                DATA
 0003:00000110 00000004H .CRT$XIZ                DATA
 0003:00000114 00000004H .CRT$XPA                DATA
 0003:00000118 00000004H .CRT$XPX                DATA
 0003:0000011c 00000004H .CRT$XPZ                DATA
 0003:00000120 00000004H .CRT$XTA                DATA
 0003:00000124 00000004H .CRT$XTB                DATA
 0003:00000128 00000004H .CRT$XTZ                DATA
 0003:00000130 0000b0ecH .data                   DATA
 0003:0000b220 00098088H .bss                    DATA
 0004:00000000 00000118H .rsrc$01                DATA
 0004:00000120 00001050H .rsrc$02                DATA

  Address         Publics by Value              Rva+Base     Lib:Object

 0001:000001a5       ??0CDataQueue@CClientNode@@QAE@II@Z 004011a5 f   ClientNode.obj
 0001:00000212       ??1CDataQueue@CClientNode@@QAE@XZ 00401212 f   ClientNode.obj
 0001:0000026c       ?AddData@CDataQueue@CClientNode@@QAE_NPBEI@Z 0040126c f   ClientNode.obj
 0001:000002eb       ?Get@CDataQueue@CClientNode@@QAEPAVCBuffer@Win32@OnlineGameLib@@XZ 004012eb f   ClientNode.obj
 0001:00000394       ??0CClientNode@@QAE@PAUIServer@@I@Z 00401394 f   ClientNode.obj
 0001:000004bf       ??1CClientNode@@UAE@XZ     004014bf f   ClientNode.obj
 0001:000005c2       ?AddNode@CClientNode@@SAPAV1@PAUIServer@@I@Z 004015c2 f   ClientNode.obj
 0001:00000697       ?DelNode@CClientNode@@SAXI@Z 00401697 f   ClientNode.obj
 0001:000007b9       ?Start@CClientNode@@SA_NPAUIServer@@@Z 004017b9 f   ClientNode.obj
 0001:0000080a       ?End@CClientNode@@SAXXZ    0040180a f   ClientNode.obj
 0001:00000871       ?ThreadFunction@CClientNode@@KGIPAX@Z 00401871 f   ClientNode.obj
 0001:000009d5       ?AppendData@CClientNode@@QAEXPBXI@Z 004019d5 f   ClientNode.obj
 0001:00000a3f       ?SmallPackProcess@CClientNode@@IAEXPBXI@Z 00401a3f f   ClientNode.obj
 0001:00000a75       ?LargePackProcess@CClientNode@@IAEXPBXI@Z 00401a75 f   ClientNode.obj
 0001:00000b36       ?Process@CClientNode@@QAEXXZ 00401b36 f   ClientNode.obj
 0001:00000c3b       ?_QueryRoleList@CClientNode@@AAEXPBXI@Z 00401c3b f   ClientNode.obj
 0001:00000e77       ?_CreateRole@CClientNode@@AAEXPBXI@Z 00401e77 f   ClientNode.obj
 0001:00000f66       ?_SaveRoleInfo@CClientNode@@AAEXPBXI@Z 00401f66 f   ClientNode.obj
 0001:00001087       ?_DelRole@CClientNode@@AAEXPBXI@Z 00402087 f   ClientNode.obj
 0001:00001180       ?_RelayExtend@CClientNode@@AAEXPBXI@Z 00402180 f   ClientNode.obj
 0001:000012f0       ?_GetRoleInfo@CClientNode@@AAEXPBXI@Z 004022f0 f   ClientNode.obj
 0001:000015d8       ?_GetGameStat@CClientNode@@AAEXPBXI@Z 004025d8 f   ClientNode.obj
 0001:000018d6       ?_LockOrUnlockRole@CClientNode@@AAEXPBXI@Z 004028d6 f   ClientNode.obj
 0001:00001a28       ?IsRoleLock@CClientNode@@AAE_NPAD@Z 00402a28 f   ClientNode.obj
 0001:00001b11       ?IsRoleLockBySelf@CClientNode@@AAE_NPAD@Z 00402b11 f   ClientNode.obj
 0001:00001c03       ?UnlockRoleSelf@CClientNode@@AAE_NPAD@Z 00402c03 f   ClientNode.obj
 0001:00001d07       ?UnlockAllRole@CClientNode@@AAEXI@Z 00402d07 f   ClientNode.obj
 0001:00001de0       ??0CCriticalSection@Win32@OnlineGameLib@@QAE@XZ 00402de0 f i ClientNode.obj
 0001:00001e00       ??1CCriticalSection@Win32@OnlineGameLib@@QAE@XZ 00402e00 f i ClientNode.obj
 0001:00001e20       ??1?$map@IPAVCClientNode@@U?$less@I@std@@V?$allocator@PAVCClientNode@@@3@@std@@QAE@XZ 00402e20 f i ClientNode.obj
 0001:00001e40       ??0Owner@CCriticalSection@Win32@OnlineGameLib@@QAE@AAV123@@Z 00402e40 f i ClientNode.obj
 0001:00001e70       ?Enter@CCriticalSection@Win32@OnlineGameLib@@QAEXXZ 00402e70 f i ClientNode.obj
 0001:00001e90       ??1Owner@CCriticalSection@Win32@OnlineGameLib@@QAE@XZ 00402e90 f i ClientNode.obj
 0001:00001eb0       ?Leave@CCriticalSection@Win32@OnlineGameLib@@QAEXXZ 00402eb0 f i ClientNode.obj
 0001:00001ed0       ?AddRef@CBuffer@Win32@OnlineGameLib@@QAEXXZ 00402ed0 f i ClientNode.obj
 0001:00001ef0       ??_GCClientNode@@UAEPAXI@Z 00402ef0 f i ClientNode.obj
 0001:00001ef0       ??_ECClientNode@@UAEPAXI@Z 00402ef0 f i ClientNode.obj
 0001:00001f20       ?_trace@@YAXPBDZZ          00402f20 f i ClientNode.obj
 0001:00001f30       ?Peek@CPackager@Win32@OnlineGameLib@@SAEPBXI@Z 00402f30 f i ClientNode.obj
 0001:00001f50       ?GetUsed@CBuffer@Win32@OnlineGameLib@@QBEIXZ 00402f50 f i ClientNode.obj
 0001:00001f70       ?GetBuffer@CBuffer@Win32@OnlineGameLib@@QBEPBEXZ 00402f70 f i ClientNode.obj
 0001:00001f90       ?Use@CBuffer@Win32@OnlineGameLib@@QAEXI@Z 00402f90 f i ClientNode.obj
 0001:00001fb0       ??1?$map@V?$basic_string@DU?$char_traits@D@std@@V?$allocator@D@2@@std@@IU?$less@V?$basic_string@DU?$char_traits@D@std@@V?$allocator@D@2@@std@@@2@V?$allocator@I@2@@std@@QAE@XZ 00402fb0 f i ClientNode.obj
 0001:00001fd0       ??0?$basic_string@DU?$char_traits@D@std@@V?$allocator@D@2@@std@@QAE@PBDABV?$allocator@D@1@@Z 00402fd0 f i ClientNode.obj
 0001:00002000       ??1?$basic_string@DU?$char_traits@D@std@@V?$allocator@D@2@@std@@QAE@XZ 00403000 f i ClientNode.obj
 0001:00002020       ??0?$map@IPAVCClientNode@@U?$less@I@std@@V?$allocator@PAVCClientNode@@@3@@std@@QAE@ABU?$less@I@1@ABV?$allocator@PAVCClientNode@@@1@@Z 00403020 f i ClientNode.obj
 0001:00002050       ?begin@?$map@IPAVCClientNode@@U?$less@I@std@@V?$allocator@PAVCClientNode@@@3@@std@@QAE?AViterator@?$_Tree@IU?$pair@$$CBIPAVCClientNode@@@std@@U_Kfn@?$map@IPAVCClientNode@@U?$less@I@std@@V?$allocator@PAVCClientNode@@@3@@2@U?$less@I@2@V?$allocator@PAVCClientNode@@@2@@2@XZ 00403050 f i ClientNode.obj
 0001:00002080       ?end@?$map@IPAVCClientNode@@U?$less@I@std@@V?$allocator@PAVCClientNode@@@3@@std@@QAE?AViterator@?$_Tree@IU?$pair@$$CBIPAVCClientNode@@@std@@U_Kfn@?$map@IPAVCClientNode@@U?$less@I@std@@V?$allocator@PAVCClientNode@@@3@@2@U?$less@I@2@V?$allocator@PAVCClientNode@@@2@@2@XZ 00403080 f i ClientNode.obj
 0001:000020b0       ?insert@?$map@IPAVCClientNode@@U?$less@I@std@@V?$allocator@PAVCClientNode@@@3@@std@@QAE?AU?$pair@Viterator@?$_Tree@IU?$pair@$$CBIPAVCClientNode@@@std@@U_Kfn@?$map@IPAVCClientNode@@U?$less@I@std@@V?$allocator@PAVCClientNode@@@3@@2@U?$less@I@2@V?$allocator@PAVCClientNode@@@2@@std@@_N@2@ABU?$pair@$$CBIPAVCClientNode@@@2@@Z 004030b0 f i ClientNode.obj
 0001:00002100       ?erase@?$map@IPAVCClientNode@@U?$less@I@std@@V?$allocator@PAVCClientNode@@@3@@std@@QAEIABI@Z 00403100 f i ClientNode.obj
 0001:00002120       ?find@?$map@IPAVCClientNode@@U?$less@I@std@@V?$allocator@PAVCClientNode@@@3@@std@@QAE?AViterator@?$_Tree@IU?$pair@$$CBIPAVCClientNode@@@std@@U_Kfn@?$map@IPAVCClientNode@@U?$less@I@std@@V?$allocator@PAVCClientNode@@@3@@2@U?$less@I@2@V?$allocator@PAVCClientNode@@@2@@2@ABI@Z 00403120 f i ClientNode.obj
 0001:00002150       ??1?$_Tree@IU?$pair@$$CBIPAVCClientNode@@@std@@U_Kfn@?$map@IPAVCClientNode@@U?$less@I@std@@V?$allocator@PAVCClientNode@@@3@@2@U?$less@I@2@V?$allocator@PAVCClientNode@@@2@@std@@QAE@XZ 00403150 f i ClientNode.obj
 0001:00002220       ??0?$pair@$$CBIPAVCClientNode@@@std@@QAE@ABIABQAVCClientNode@@@Z 00403220 f i ClientNode.obj
 0001:00002250       ??0iterator@?$_Tree@IU?$pair@$$CBIPAVCClientNode@@@std@@U_Kfn@?$map@IPAVCClientNode@@U?$less@I@std@@V?$allocator@PAVCClientNode@@@3@@2@U?$less@I@2@V?$allocator@PAVCClientNode@@@2@@std@@QAE@XZ 00403250 f i ClientNode.obj
 0001:00002270       ??Diterator@?$_Tree@IU?$pair@$$CBIPAVCClientNode@@@std@@U_Kfn@?$map@IPAVCClientNode@@U?$less@I@std@@V?$allocator@PAVCClientNode@@@3@@2@U?$less@I@2@V?$allocator@PAVCClientNode@@@2@@std@@QBEAAU?$pair@$$CBIPAVCClientNode@@@2@XZ 00403270 f i ClientNode.obj
 0001:00002290       ??Eiterator@?$_Tree@IU?$pair@$$CBIPAVCClientNode@@@std@@U_Kfn@?$map@IPAVCClientNode@@U?$less@I@std@@V?$allocator@PAVCClientNode@@@3@@2@U?$less@I@2@V?$allocator@PAVCClientNode@@@2@@std@@QAE?AV012@H@Z 00403290 f i ClientNode.obj
 0001:000022c0       ??9iterator@?$_Tree@IU?$pair@$$CBIPAVCClientNode@@@std@@U_Kfn@?$map@IPAVCClientNode@@U?$less@I@std@@V?$allocator@PAVCClientNode@@@3@@2@U?$less@I@2@V?$allocator@PAVCClientNode@@@2@@std@@QBE_NABV012@@Z 004032c0 f i ClientNode.obj
 0001:000022f0       ??0?$list@PAVCBuffer@Win32@OnlineGameLib@@V?$allocator@PAVCBuffer@Win32@OnlineGameLib@@@std@@@std@@QAE@ABV?$allocator@PAVCBuffer@Win32@OnlineGameLib@@@1@@Z 004032f0 f i ClientNode.obj
 0001:00002330       ??1?$list@PAVCBuffer@Win32@OnlineGameLib@@V?$allocator@PAVCBuffer@Win32@OnlineGameLib@@@std@@@std@@QAE@XZ 00403330 f i ClientNode.obj
 0001:00002390       ?empty@?$list@PAVCBuffer@Win32@OnlineGameLib@@V?$allocator@PAVCBuffer@Win32@OnlineGameLib@@@std@@@std@@QBE_NXZ 00403390 f i ClientNode.obj
 0001:000023b0       ?front@?$list@PAVCBuffer@Win32@OnlineGameLib@@V?$allocator@PAVCBuffer@Win32@OnlineGameLib@@@std@@@std@@QAEAAPAVCBuffer@Win32@OnlineGameLib@@XZ 004033b0 f i ClientNode.obj
 0001:000023d0       ?pop_front@?$list@PAVCBuffer@Win32@OnlineGameLib@@V?$allocator@PAVCBuffer@Win32@OnlineGameLib@@@std@@@std@@QAEXXZ 004033d0 f i ClientNode.obj
 0001:00002400       ?push_back@?$list@PAVCBuffer@Win32@OnlineGameLib@@V?$allocator@PAVCBuffer@Win32@OnlineGameLib@@@std@@@std@@QAEXABQAVCBuffer@Win32@OnlineGameLib@@@Z 00403400 f i ClientNode.obj
 0001:00002430       ??0?$map@V?$basic_string@DU?$char_traits@D@std@@V?$allocator@D@2@@std@@IU?$less@V?$basic_string@DU?$char_traits@D@std@@V?$allocator@D@2@@std@@@2@V?$allocator@I@2@@std@@QAE@ABU?$less@V?$basic_string@DU?$char_traits@D@std@@V?$allocator@D@2@@std@@@1@ABV?$allocator@I@1@@Z 00403430 f i ClientNode.obj
 0001:00002460       ?begin@?$map@V?$basic_string@DU?$char_traits@D@std@@V?$allocator@D@2@@std@@IU?$less@V?$basic_string@DU?$char_traits@D@std@@V?$allocator@D@2@@std@@@2@V?$allocator@I@2@@std@@QAE?AViterator@?$_Tree@V?$basic_string@DU?$char_traits@D@std@@V?$allocator@D@2@@std@@U?$pair@$$CBV?$basic_string@DU?$char_traits@D@std@@V?$allocator@D@2@@std@@I@2@U_Kfn@?$map@V?$basic_string@DU?$char_traits@D@std@@V?$allocator@D@2@@std@@IU?$less@V?$basic_string@DU?$char_traits@D@std@@V?$allocator@D@2@@std@@@2@V?$allocator@I@2@@2@U?$less@V?$basic_string@DU?$char_traits@D@std@@V?$allocator@D@2@@std@@@2@V?$allocator@I@2@@2@XZ 00403460 f i ClientNode.obj
 0001:00002490       ?end@?$map@V?$basic_string@DU?$char_traits@D@std@@V?$allocator@D@2@@std@@IU?$less@V?$basic_string@DU?$char_traits@D@std@@V?$allocator@D@2@@std@@@2@V?$allocator@I@2@@std@@QAE?AViterator@?$_Tree@V?$basic_string@DU?$char_traits@D@std@@V?$allocator@D@2@@std@@U?$pair@$$CBV?$basic_string@DU?$char_traits@D@std@@V?$allocator@D@2@@std@@I@2@U_Kfn@?$map@V?$basic_string@DU?$char_traits@D@std@@V?$allocator@D@2@@std@@IU?$less@V?$basic_string@DU?$char_traits@D@std@@V?$allocator@D@2@@std@@@2@V?$allocator@I@2@@2@U?$less@V?$basic_string@DU?$char_traits@D@std@@V?$allocator@D@2@@std@@@2@V?$allocator@I@2@@2@XZ 00403490 f i ClientNode.obj
 0001:000024c0       ??A?$map@V?$basic_string@DU?$char_traits@D@std@@V?$allocator@D@2@@std@@IU?$less@V?$basic_string@DU?$char_traits@D@std@@V?$allocator@D@2@@std@@@2@V?$allocator@I@2@@std@@QAEAAIABV?$basic_string@DU?$char_traits@D@std@@V?$allocator@D@2@@1@@Z 004034c0 f i ClientNode.obj
 0001:00002550       ?erase@?$map@V?$basic_string@DU?$char_traits@D@std@@V?$allocator@D@2@@std@@IU?$less@V?$basic_string@DU?$char_traits@D@std@@V?$allocator@D@2@@std@@@2@V?$allocator@I@2@@std@@QAE?AViterator@?$_Tree@V?$basic_string@DU?$char_traits@D@std@@V?$allocator@D@2@@std@@U?$pair@$$CBV?$basic_string@DU?$char_traits@D@std@@V?$allocator@D@2@@std@@I@2@U_Kfn@?$map@V?$basic_string@DU?$char_traits@D@std@@V?$allocator@D@2@@std@@IU?$less@V?$basic_string@DU?$char_traits@D@std@@V?$allocator@D@2@@std@@@2@V?$allocator@I@2@@2@U?$less@V?$basic_string@DU?$char_traits@D@std@@V?$allocator@D@2@@std@@@2@V?$allocator@I@2@@2@V342@@Z 00403550 f i ClientNode.obj
 0001:00002580       ?find@?$map@V?$basic_string@DU?$char_traits@D@std@@V?$allocator@D@2@@std@@IU?$less@V?$basic_string@DU?$char_traits@D@std@@V?$allocator@D@2@@std@@@2@V?$allocator@I@2@@std@@QAE?AViterator@?$_Tree@V?$basic_string@DU?$char_traits@D@std@@V?$allocator@D@2@@std@@U?$pair@$$CBV?$basic_string@DU?$char_traits@D@std@@V?$allocator@D@2@@std@@I@2@U_Kfn@?$map@V?$basic_string@DU?$char_traits@D@std@@V?$allocator@D@2@@std@@IU?$less@V?$basic_string@DU?$char_traits@D@std@@V?$allocator@D@2@@std@@@2@V?$allocator@I@2@@2@U?$less@V?$basic_string@DU?$char_traits@D@std@@V?$allocator@D@2@@std@@@2@V?$allocator@I@2@@2@ABV?$basic_string@DU?$char_traits@D@std@@V?$allocator@D@2@@2@@Z 00403580 f i ClientNode.obj
 0001:000025b0       ??1?$_Tree@V?$basic_string@DU?$char_traits@D@std@@V?$allocator@D@2@@std@@U?$pair@$$CBV?$basic_string@DU?$char_traits@D@std@@V?$allocator@D@2@@std@@I@2@U_Kfn@?$map@V?$basic_string@DU?$char_traits@D@std@@V?$allocator@D@2@@std@@IU?$less@V?$basic_string@DU?$char_traits@D@std@@V?$allocator@D@2@@std@@@2@V?$allocator@I@2@@2@U?$less@V?$basic_string@DU?$char_traits@D@std@@V?$allocator@D@2@@std@@@2@V?$allocator@I@2@@std@@QAE@XZ 004035b0 f i ClientNode.obj
 0001:00002680       ??Citerator@?$_Tree@V?$basic_string@DU?$char_traits@D@std@@V?$allocator@D@2@@std@@U?$pair@$$CBV?$basic_string@DU?$char_traits@D@std@@V?$allocator@D@2@@std@@I@2@U_Kfn@?$map@V?$basic_string@DU?$char_traits@D@std@@V?$allocator@D@2@@std@@IU?$less@V?$basic_string@DU?$char_traits@D@std@@V?$allocator@D@2@@std@@@2@V?$allocator@I@2@@2@U?$less@V?$basic_string@DU?$char_traits@D@std@@V?$allocator@D@2@@std@@@2@V?$allocator@I@2@@std@@QBEPAU?$pair@$$CBV?$basic_string@DU?$char_traits@D@std@@V?$allocator@D@2@@std@@I@2@XZ 00403680 f i ClientNode.obj
 0001:000026a0       ??Eiterator@?$_Tree@V?$basic_string@DU?$char_traits@D@std@@V?$allocator@D@2@@std@@U?$pair@$$CBV?$basic_string@DU?$char_traits@D@std@@V?$allocator@D@2@@std@@I@2@U_Kfn@?$map@V?$basic_string@DU?$char_traits@D@std@@V?$allocator@D@2@@std@@IU?$less@V?$basic_string@DU?$char_traits@D@std@@V?$allocator@D@2@@std@@@2@V?$allocator@I@2@@2@U?$less@V?$basic_string@DU?$char_traits@D@std@@V?$allocator@D@2@@std@@@2@V?$allocator@I@2@@std@@QAE?AV012@H@Z 004036a0 f i ClientNode.obj
 0001:000026d0       ??9iterator@?$_Tree@V?$basic_string@DU?$char_traits@D@std@@V?$allocator@D@2@@std@@U?$pair@$$CBV?$basic_string@DU?$char_traits@D@std@@V?$allocator@D@2@@std@@I@2@U_Kfn@?$map@V?$basic_string@DU?$char_traits@D@std@@V?$allocator@D@2@@std@@IU?$less@V?$basic_string@DU?$char_traits@D@std@@V?$allocator@D@2@@std@@@2@V?$allocator@I@2@@2@U?$less@V?$basic_string@DU?$char_traits@D@std@@V?$allocator@D@2@@std@@@2@V?$allocator@I@2@@std@@QBE_NABV012@@Z 004036d0 f i ClientNode.obj
 0001:00002700       ??1?$pair@$$CBV?$basic_string@DU?$char_traits@D@std@@V?$allocator@D@2@@std@@I@std@@QAE@XZ 00403700 f i ClientNode.obj
 0001:00002720       ?assign@?$basic_string@DU?$char_traits@D@std@@V?$allocator@D@2@@std@@QAEAAV12@PBD@Z 00403720 f i ClientNode.obj
 0001:00002750       ?length@?$char_traits@D@std@@SAIPBD@Z 00403750 f i ClientNode.obj
 0001:00002770       ?_Tidy@?$basic_string@DU?$char_traits@D@std@@V?$allocator@D@2@@std@@AAEX_N@Z 00403770 f i ClientNode.obj
 0001:00002830       ?_Value@?$_Tree@IU?$pair@$$CBIPAVCClientNode@@@std@@U_Kfn@?$map@IPAVCClientNode@@U?$less@I@std@@V?$allocator@PAVCClientNode@@@3@@2@U?$less@I@2@V?$allocator@PAVCClientNode@@@2@@std@@KAAAU?$pair@$$CBIPAVCClientNode@@@2@PAU_Node@12@@Z 00403830 f i ClientNode.obj
 0001:00002840       ??0?$_Tree@IU?$pair@$$CBIPAVCClientNode@@@std@@U_Kfn@?$map@IPAVCClientNode@@U?$less@I@std@@V?$allocator@PAVCClientNode@@@3@@2@U?$less@I@2@V?$allocator@PAVCClientNode@@@2@@std@@QAE@ABU?$less@I@1@_NABV?$allocator@PAVCClientNode@@@1@@Z 00403840 f i ClientNode.obj
 0001:00002880       ?begin@?$_Tree@IU?$pair@$$CBIPAVCClientNode@@@std@@U_Kfn@?$map@IPAVCClientNode@@U?$less@I@std@@V?$allocator@PAVCClientNode@@@3@@2@U?$less@I@2@V?$allocator@PAVCClientNode@@@2@@std@@QAE?AViterator@12@XZ 00403880 f i ClientNode.obj
 0001:000028b0       ?end@?$_Tree@IU?$pair@$$CBIPAVCClientNode@@@std@@U_Kfn@?$map@IPAVCClientNode@@U?$less@I@std@@V?$allocator@PAVCClientNode@@@3@@2@U?$less@I@2@V?$allocator@PAVCClientNode@@@2@@std@@QAE?AViterator@12@XZ 004038b0 f i ClientNode.obj
 0001:000028e0       ?insert@?$_Tree@IU?$pair@$$CBIPAVCClientNode@@@std@@U_Kfn@?$map@IPAVCClientNode@@U?$less@I@std@@V?$allocator@PAVCClientNode@@@3@@2@U?$less@I@2@V?$allocator@PAVCClientNode@@@2@@std@@QAE?AU?$pair@Viterator@?$_Tree@IU?$pair@$$CBIPAVCClientNode@@@std@@U_Kfn@?$map@IPAVCClientNode@@U?$less@I@std@@V?$allocator@PAVCClientNode@@@3@@2@U?$less@I@2@V?$allocator@PAVCClientNode@@@2@@std@@_N@2@ABU?$pair@$$CBIPAVCClientNode@@@2@@Z 004038e0 f i ClientNode.obj
 0001:00002b20       ?erase@?$_Tree@IU?$pair@$$CBIPAVCClientNode@@@std@@U_Kfn@?$map@IPAVCClientNode@@U?$less@I@std@@V?$allocator@PAVCClientNode@@@3@@2@U?$less@I@2@V?$allocator@PAVCClientNode@@@2@@std@@QAE?AViterator@12@V312@0@Z 00403b20 f i ClientNode.obj
 0001:00002c60       ?erase@?$_Tree@IU?$pair@$$CBIPAVCClientNode@@@std@@U_Kfn@?$map@IPAVCClientNode@@U?$less@I@std@@V?$allocator@PAVCClientNode@@@3@@2@U?$less@I@2@V?$allocator@PAVCClientNode@@@2@@std@@QAEIABI@Z 00403c60 f i ClientNode.obj
 0001:00002cc0       ?find@?$_Tree@IU?$pair@$$CBIPAVCClientNode@@@std@@U_Kfn@?$map@IPAVCClientNode@@U?$less@I@std@@V?$allocator@PAVCClientNode@@@3@@2@U?$less@I@2@V?$allocator@PAVCClientNode@@@2@@std@@QAE?AViterator@12@ABI@Z 00403cc0 f i ClientNode.obj
 0001:00002d60       ?_Freenode@?$_Tree@IU?$pair@$$CBIPAVCClientNode@@@std@@U_Kfn@?$map@IPAVCClientNode@@U?$less@I@std@@V?$allocator@PAVCClientNode@@@3@@2@U?$less@I@2@V?$allocator@PAVCClientNode@@@2@@std@@IAEXPAU_Node@12@@Z 00403d60 f i ClientNode.obj
 0001:00002d80       ??0const_iterator@?$_Tree@IU?$pair@$$CBIPAVCClientNode@@@std@@U_Kfn@?$map@IPAVCClientNode@@U?$less@I@std@@V?$allocator@PAVCClientNode@@@3@@2@U?$less@I@2@V?$allocator@PAVCClientNode@@@2@@std@@QAE@XZ 00403d80 f i ClientNode.obj
 0001:00002d90       ??Eiterator@?$_Tree@IU?$pair@$$CBIPAVCClientNode@@@std@@U_Kfn@?$map@IPAVCClientNode@@U?$less@I@std@@V?$allocator@PAVCClientNode@@@3@@2@U?$less@I@2@V?$allocator@PAVCClientNode@@@2@@std@@QAEAAV012@XZ 00403d90 f i ClientNode.obj
 0001:00002db0       ??8iterator@?$_Tree@IU?$pair@$$CBIPAVCClientNode@@@std@@U_Kfn@?$map@IPAVCClientNode@@U?$less@I@std@@V?$allocator@PAVCClientNode@@@3@@2@U?$less@I@2@V?$allocator@PAVCClientNode@@@2@@std@@QBE_NABV012@@Z 00403db0 f i ClientNode.obj
 0001:00002dd0       ?begin@?$list@PAVCBuffer@Win32@OnlineGameLib@@V?$allocator@PAVCBuffer@Win32@OnlineGameLib@@@std@@@std@@QAE?AViterator@12@XZ 00403dd0 f i ClientNode.obj
 0001:00002e10       ?end@?$list@PAVCBuffer@Win32@OnlineGameLib@@V?$allocator@PAVCBuffer@Win32@OnlineGameLib@@@std@@@std@@QAE?AViterator@12@XZ 00403e10 f i ClientNode.obj
 0001:00002e40       ?size@?$list@PAVCBuffer@Win32@OnlineGameLib@@V?$allocator@PAVCBuffer@Win32@OnlineGameLib@@@std@@@std@@QBEIXZ 00403e40 f i ClientNode.obj
 0001:00002e60       ?insert@?$list@PAVCBuffer@Win32@OnlineGameLib@@V?$allocator@PAVCBuffer@Win32@OnlineGameLib@@@std@@@std@@QAE?AViterator@12@V312@ABQAVCBuffer@Win32@OnlineGameLib@@@Z 00403e60 f i ClientNode.obj
 0001:00002f20       ?erase@?$list@PAVCBuffer@Win32@OnlineGameLib@@V?$allocator@PAVCBuffer@Win32@OnlineGameLib@@@std@@@std@@QAE?AViterator@12@V312@@Z 00403f20 f i ClientNode.obj
 0001:00002fe0       ?erase@?$list@PAVCBuffer@Win32@OnlineGameLib@@V?$allocator@PAVCBuffer@Win32@OnlineGameLib@@@std@@@std@@QAE?AViterator@12@V312@0@Z 00403fe0 f i ClientNode.obj
 0001:00003030       ?_Buynode@?$list@PAVCBuffer@Win32@OnlineGameLib@@V?$allocator@PAVCBuffer@Win32@OnlineGameLib@@@std@@@std@@IAEPAU_Node@12@PAU312@0@Z 00404030 f i ClientNode.obj
 0001:000030a0       ?_Freenode@?$list@PAVCBuffer@Win32@OnlineGameLib@@V?$allocator@PAVCBuffer@Win32@OnlineGameLib@@@std@@@std@@IAEXPAU_Node@12@@Z 004040a0 f i ClientNode.obj
 0001:000030c0       ??Diterator@?$list@PAVCBuffer@Win32@OnlineGameLib@@V?$allocator@PAVCBuffer@Win32@OnlineGameLib@@@std@@@std@@QBEAAPAVCBuffer@Win32@OnlineGameLib@@XZ 004040c0 f i ClientNode.obj
 0001:000030e0       ?insert@?$map@V?$basic_string@DU?$char_traits@D@std@@V?$allocator@D@2@@std@@IU?$less@V?$basic_string@DU?$char_traits@D@std@@V?$allocator@D@2@@std@@@2@V?$allocator@I@2@@std@@QAE?AU?$pair@Viterator@?$_Tree@V?$basic_string@DU?$char_traits@D@std@@V?$allocator@D@2@@std@@U?$pair@$$CBV?$basic_string@DU?$char_traits@D@std@@V?$allocator@D@2@@std@@I@2@U_Kfn@?$map@V?$basic_string@DU?$char_traits@D@std@@V?$allocator@D@2@@std@@IU?$less@V?$basic_string@DU?$char_traits@D@std@@V?$allocator@D@2@@std@@@2@V?$allocator@I@2@@2@U?$less@V?$basic_string@DU?$char_traits@D@std@@V?$allocator@D@2@@std@@@2@V?$allocator@I@2@@std@@_N@2@ABU?$pair@$$CBV?$basic_string@DU?$char_traits@D@std@@V?$allocator@D@2@@std@@I@2@@Z 004040e0 f i ClientNode.obj
 0001:00003130       ??0?$_Tree@V?$basic_string@DU?$char_traits@D@std@@V?$allocator@D@2@@std@@U?$pair@$$CBV?$basic_string@DU?$char_traits@D@std@@V?$allocator@D@2@@std@@I@2@U_Kfn@?$map@V?$basic_string@DU?$char_traits@D@std@@V?$allocator@D@2@@std@@IU?$less@V?$basic_string@DU?$char_traits@D@std@@V?$allocator@D@2@@std@@@2@V?$allocator@I@2@@2@U?$less@V?$basic_string@DU?$char_traits@D@std@@V?$allocator@D@2@@std@@@2@V?$allocator@I@2@@std@@QAE@ABU?$less@V?$basic_string@DU?$char_traits@D@std@@V?$allocator@D@2@@std@@@1@_NABV?$allocator@I@1@@Z 00404130 f i ClientNode.obj
 0001:00003170       ?begin@?$_Tree@V?$basic_string@DU?$char_traits@D@std@@V?$allocator@D@2@@std@@U?$pair@$$CBV?$basic_string@DU?$char_traits@D@std@@V?$allocator@D@2@@std@@I@2@U_Kfn@?$map@V?$basic_string@DU?$char_traits@D@std@@V?$allocator@D@2@@std@@IU?$less@V?$basic_string@DU?$char_traits@D@std@@V?$allocator@D@2@@std@@@2@V?$allocator@I@2@@2@U?$less@V?$basic_string@DU?$char_traits@D@std@@V?$allocator@D@2@@std@@@2@V?$allocator@I@2@@std@@QAE?AViterator@12@XZ 00404170 f i ClientNode.obj
 0001:000031a0       ?end@?$_Tree@V?$basic_string@DU?$char_traits@D@std@@V?$allocator@D@2@@std@@U?$pair@$$CBV?$basic_string@DU?$char_traits@D@std@@V?$allocator@D@2@@std@@I@2@U_Kfn@?$map@V?$basic_string@DU?$char_traits@D@std@@V?$allocator@D@2@@std@@IU?$less@V?$basic_string@DU?$char_traits@D@std@@V?$allocator@D@2@@std@@@2@V?$allocator@I@2@@2@U?$less@V?$basic_string@DU?$char_traits@D@std@@V?$allocator@D@2@@std@@@2@V?$allocator@I@2@@std@@QAE?AViterator@12@XZ 004041a0 f i ClientNode.obj
 0001:000031d0       ?erase@?$_Tree@V?$basic_string@DU?$char_traits@D@std@@V?$allocator@D@2@@std@@U?$pair@$$CBV?$basic_string@DU?$char_traits@D@std@@V?$allocator@D@2@@std@@I@2@U_Kfn@?$map@V?$basic_string@DU?$char_traits@D@std@@V?$allocator@D@2@@std@@IU?$less@V?$basic_string@DU?$char_traits@D@std@@V?$allocator@D@2@@std@@@2@V?$allocator@I@2@@2@U?$less@V?$basic_string@DU?$char_traits@D@std@@V?$allocator@D@2@@std@@@2@V?$allocator@I@2@@std@@QAE?AViterator@12@V312@@Z 004041d0 f i ClientNode.obj
 0001:00003a20       ?erase@?$_Tree@V?$basic_string@DU?$char_traits@D@std@@V?$allocator@D@2@@std@@U?$pair@$$CBV?$basic_string@DU?$char_traits@D@std@@V?$allocator@D@2@@std@@I@2@U_Kfn@?$map@V?$basic_string@DU?$char_traits@D@std@@V?$allocator@D@2@@std@@IU?$less@V?$basic_string@DU?$char_traits@D@std@@V?$allocator@D@2@@std@@@2@V?$allocator@I@2@@2@U?$less@V?$basic_string@DU?$char_traits@D@std@@V?$allocator@D@2@@std@@@2@V?$allocator@I@2@@std@@QAE?AViterator@12@V312@0@Z 00404a20 f i ClientNode.obj
 0001:00003b60       ?find@?$_Tree@V?$basic_string@DU?$char_traits@D@std@@V?$allocator@D@2@@std@@U?$pair@$$CBV?$basic_string@DU?$char_traits@D@std@@V?$allocator@D@2@@std@@I@2@U_Kfn@?$map@V?$basic_string@DU?$char_traits@D@std@@V?$allocator@D@2@@std@@IU?$less@V?$basic_string@DU?$char_traits@D@std@@V?$allocator@D@2@@std@@@2@V?$allocator@I@2@@2@U?$less@V?$basic_string@DU?$char_traits@D@std@@V?$allocator@D@2@@std@@@2@V?$allocator@I@2@@std@@QAE?AViterator@12@ABV?$basic_string@DU?$char_traits@D@std@@V?$allocator@D@2@@2@@Z 00404b60 f i ClientNode.obj
 0001:00003c00       ?_Freenode@?$_Tree@V?$basic_string@DU?$char_traits@D@std@@V?$allocator@D@2@@std@@U?$pair@$$CBV?$basic_string@DU?$char_traits@D@std@@V?$allocator@D@2@@std@@I@2@U_Kfn@?$map@V?$basic_string@DU?$char_traits@D@std@@V?$allocator@D@2@@std@@IU?$less@V?$basic_string@DU?$char_traits@D@std@@V?$allocator@D@2@@std@@@2@V?$allocator@I@2@@2@U?$less@V?$basic_string@DU?$char_traits@D@std@@V?$allocator@D@2@@std@@@2@V?$allocator@I@2@@std@@IAEXPAU_Node@12@@Z 00404c00 f i ClientNode.obj
 0001:00003c20       ?deallocate@?$allocator@I@std@@QAEXPAXI@Z 00404c20 f i ClientNode.obj
 0001:00003c40       ??0?$pair@$$CBV?$basic_string@DU?$char_traits@D@std@@V?$allocator@D@2@@std@@I@std@@QAE@ABV?$basic_string@DU?$char_traits@D@std@@V?$allocator@D@2@@1@ABI@Z 00404c40 f i ClientNode.obj
 0001:00003c70       ??0?$basic_string@DU?$char_traits@D@std@@V?$allocator@D@2@@std@@QAE@ABV01@@Z 00404c70 f i ClientNode.obj
 0001:00003cb0       ?assign@?$basic_string@DU?$char_traits@D@std@@V?$allocator@D@2@@std@@QAEAAV12@ABV12@II@Z 00404cb0 f i ClientNode.obj
 0001:00003e10       ?copy@?$char_traits@D@std@@SAPADPADPBDI@Z 00404e10 f i ClientNode.obj
 0001:00003e30       ?c_str@?$basic_string@DU?$char_traits@D@std@@V?$allocator@D@2@@std@@QBEPBDXZ 00404e30 f i ClientNode.obj
 0001:00003e60       ?size@?$basic_string@DU?$char_traits@D@std@@V?$allocator@D@2@@std@@QBEIXZ 00404e60 f i ClientNode.obj
 0001:00003e80       ?_Nullstr@?$basic_string@DU?$char_traits@D@std@@V?$allocator@D@2@@std@@CAPBDXZ 00404e80 f i ClientNode.obj
 0001:00003e90       ??Diterator@?$_Tree@V?$basic_string@DU?$char_traits@D@std@@V?$allocator@D@2@@std@@U?$pair@$$CBV?$basic_string@DU?$char_traits@D@std@@V?$allocator@D@2@@std@@I@2@U_Kfn@?$map@V?$basic_string@DU?$char_traits@D@std@@V?$allocator@D@2@@std@@IU?$less@V?$basic_string@DU?$char_traits@D@std@@V?$allocator@D@2@@std@@@2@V?$allocator@I@2@@2@U?$less@V?$basic_string@DU?$char_traits@D@std@@V?$allocator@D@2@@std@@@2@V?$allocator@I@2@@std@@QBEAAU?$pair@$$CBV?$basic_string@DU?$char_traits@D@std@@V?$allocator@D@2@@std@@I@2@XZ 00404e90 f i ClientNode.obj
 0001:00003eb0       ??Eiterator@?$_Tree@V?$basic_string@DU?$char_traits@D@std@@V?$allocator@D@2@@std@@U?$pair@$$CBV?$basic_string@DU?$char_traits@D@std@@V?$allocator@D@2@@std@@I@2@U_Kfn@?$map@V?$basic_string@DU?$char_traits@D@std@@V?$allocator@D@2@@std@@IU?$less@V?$basic_string@DU?$char_traits@D@std@@V?$allocator@D@2@@std@@@2@V?$allocator@I@2@@2@U?$less@V?$basic_string@DU?$char_traits@D@std@@V?$allocator@D@2@@std@@@2@V?$allocator@I@2@@std@@QAEAAV012@XZ 00404eb0 f i ClientNode.obj
 0001:00003ed0       ??8iterator@?$_Tree@V?$basic_string@DU?$char_traits@D@std@@V?$allocator@D@2@@std@@U?$pair@$$CBV?$basic_string@DU?$char_traits@D@std@@V?$allocator@D@2@@std@@I@2@U_Kfn@?$map@V?$basic_string@DU?$char_traits@D@std@@V?$allocator@D@2@@std@@IU?$less@V?$basic_string@DU?$char_traits@D@std@@V?$allocator@D@2@@std@@@2@V?$allocator@I@2@@2@U?$less@V?$basic_string@DU?$char_traits@D@std@@V?$allocator@D@2@@std@@@2@V?$allocator@I@2@@std@@QBE_NABV012@@Z 00404ed0 f i ClientNode.obj
 0001:00003ef0       ??0?$pair@Viterator@?$_Tree@IU?$pair@$$CBIPAVCClientNode@@@std@@U_Kfn@?$map@IPAVCClientNode@@U?$less@I@std@@V?$allocator@PAVCClientNode@@@3@@2@U?$less@I@2@V?$allocator@PAVCClientNode@@@2@@std@@_N@std@@QAE@ABViterator@?$_Tree@IU?$pair@$$CBIPAVCClientNode@@@std@@U_Kfn@?$map@IPAVCClientNode@@U?$less@I@std@@V?$allocator@PAVCClientNode@@@3@@2@U?$less@I@2@V?$allocator@PAVCClientNode@@@2@@1@AB_N@Z 00404ef0 f i ClientNode.obj
 0001:00003f20       ?assign@?$basic_string@DU?$char_traits@D@std@@V?$allocator@D@2@@std@@QAEAAV12@PBDI@Z 00404f20 f i ClientNode.obj
 0001:00003f70       ?erase@?$basic_string@DU?$char_traits@D@std@@V?$allocator@D@2@@std@@QAEAAV12@II@Z 00404f70 f i ClientNode.obj
 0001:00004020       ?move@?$char_traits@D@std@@SAPADPADPBDI@Z 00405020 f i ClientNode.obj
 0001:00004040       ?capacity@?$basic_string@DU?$char_traits@D@std@@V?$allocator@D@2@@std@@QBEIXZ 00405040 f i ClientNode.obj
 0001:00004060       ?_Eos@?$basic_string@DU?$char_traits@D@std@@V?$allocator@D@2@@std@@AAEXI@Z 00405060 f i ClientNode.obj
 0001:000040a0       ?assign@?$char_traits@D@std@@SAXAADABD@Z 004050a0 f i ClientNode.obj
 0001:000040b0       ?_Grow@?$basic_string@DU?$char_traits@D@std@@V?$allocator@D@2@@std@@AAE_NI_N@Z 004050b0 f i ClientNode.obj
 0001:000041f0       ?_Refcnt@?$basic_string@DU?$char_traits@D@std@@V?$allocator@D@2@@std@@AAEAAEPBD@Z 004051f0 f i ClientNode.obj
 0001:00004210       ?deallocate@?$allocator@D@std@@QAEXPAXI@Z 00405210 f i ClientNode.obj
 0001:00004230       ?_Charalloc@?$allocator@PAVCBuffer@Win32@OnlineGameLib@@@std@@QAEPADI@Z 00405230 f i ClientNode.obj
 0001:00004250       ?deallocate@?$allocator@PAVCBuffer@Win32@OnlineGameLib@@@std@@QAEXPAXI@Z 00405250 f i ClientNode.obj
 0001:00004270       ?construct@?$allocator@PAVCBuffer@Win32@OnlineGameLib@@@std@@QAEXPAPAVCBuffer@Win32@OnlineGameLib@@ABQAV345@@Z 00405270 f i ClientNode.obj
 0001:00004290       ?destroy@?$allocator@PAVCBuffer@Win32@OnlineGameLib@@@std@@QAEXPAPAVCBuffer@Win32@OnlineGameLib@@@Z 00405290 f i ClientNode.obj
 0001:000042b0       ??R_Kfn@?$map@IPAVCClientNode@@U?$less@I@std@@V?$allocator@PAVCClientNode@@@3@@std@@QBEABIABU?$pair@$$CBIPAVCClientNode@@@2@@Z 004052b0 f i ClientNode.obj
 0001:000042c0       ??R?$less@I@std@@QBE_NABI0@Z 004052c0 f i ClientNode.obj
 0001:000042e0       ?deallocate@?$allocator@PAVCClientNode@@@std@@QAEXPAXI@Z 004052e0 f i ClientNode.obj
 0001:00004300       ?_Key@?$_Tree@IU?$pair@$$CBIPAVCClientNode@@@std@@U_Kfn@?$map@IPAVCClientNode@@U?$less@I@std@@V?$allocator@PAVCClientNode@@@3@@2@U?$less@I@2@V?$allocator@PAVCClientNode@@@2@@std@@KAABIPAU_Node@12@@Z 00405300 f i ClientNode.obj
 0001:00004320       ?_Left@?$_Tree@IU?$pair@$$CBIPAVCClientNode@@@std@@U_Kfn@?$map@IPAVCClientNode@@U?$less@I@std@@V?$allocator@PAVCClientNode@@@3@@2@U?$less@I@2@V?$allocator@PAVCClientNode@@@2@@std@@KAAAPAU_Node@12@PAU312@@Z 00405320 f i ClientNode.obj
 0001:00004330       ?_Right@?$_Tree@IU?$pair@$$CBIPAVCClientNode@@@std@@U_Kfn@?$map@IPAVCClientNode@@U?$less@I@std@@V?$allocator@PAVCClientNode@@@3@@2@U?$less@I@2@V?$allocator@PAVCClientNode@@@2@@std@@KAAAPAU_Node@12@PAU312@@Z 00405330 f i ClientNode.obj
 0001:00004340       ?size@?$_Tree@IU?$pair@$$CBIPAVCClientNode@@@std@@U_Kfn@?$map@IPAVCClientNode@@U?$less@I@std@@V?$allocator@PAVCClientNode@@@3@@2@U?$less@I@2@V?$allocator@PAVCClientNode@@@2@@std@@QBEIXZ 00405340 f i ClientNode.obj
 0001:00004360       ?erase@?$_Tree@IU?$pair@$$CBIPAVCClientNode@@@std@@U_Kfn@?$map@IPAVCClientNode@@U?$less@I@std@@V?$allocator@PAVCClientNode@@@3@@2@U?$less@I@2@V?$allocator@PAVCClientNode@@@2@@std@@QAE?AViterator@12@V312@@Z 00405360 f i ClientNode.obj
 0001:00004bb0       ?lower_bound@?$_Tree@IU?$pair@$$CBIPAVCClientNode@@@std@@U_Kfn@?$map@IPAVCClientNode@@U?$less@I@std@@V?$allocator@PAVCClientNode@@@3@@2@U?$less@I@2@V?$allocator@PAVCClientNode@@@2@@std@@QAE?AViterator@12@ABI@Z 00405bb0 f i ClientNode.obj
 0001:00004be0       ?equal_range@?$_Tree@IU?$pair@$$CBIPAVCClientNode@@@std@@U_Kfn@?$map@IPAVCClientNode@@U?$less@I@std@@V?$allocator@PAVCClientNode@@@3@@2@U?$less@I@2@V?$allocator@PAVCClientNode@@@2@@std@@QAE?AU?$pair@Viterator@?$_Tree@IU?$pair@$$CBIPAVCClientNode@@@std@@U_Kfn@?$map@IPAVCClientNode@@U?$less@I@std@@V?$allocator@PAVCClientNode@@@3@@2@U?$less@I@2@V?$allocator@PAVCClientNode@@@2@@std@@V123@@2@ABI@Z 00405be0 f i ClientNode.obj
 0001:00004c30       ?_Erase@?$_Tree@IU?$pair@$$CBIPAVCClientNode@@@std@@U_Kfn@?$map@IPAVCClientNode@@U?$less@I@std@@V?$allocator@PAVCClientNode@@@3@@2@U?$less@I@2@V?$allocator@PAVCClientNode@@@2@@std@@IAEXPAU_Node@12@@Z 00405c30 f i ClientNode.obj
 0001:00004ce0       ?_Init@?$_Tree@IU?$pair@$$CBIPAVCClientNode@@@std@@U_Kfn@?$map@IPAVCClientNode@@U?$less@I@std@@V?$allocator@PAVCClientNode@@@3@@2@U?$less@I@2@V?$allocator@PAVCClientNode@@@2@@std@@IAEXXZ 00405ce0 f i ClientNode.obj
 0001:00004dc0       ?_Insert@?$_Tree@IU?$pair@$$CBIPAVCClientNode@@@std@@U_Kfn@?$map@IPAVCClientNode@@U?$less@I@std@@V?$allocator@PAVCClientNode@@@3@@2@U?$less@I@2@V?$allocator@PAVCClientNode@@@2@@std@@IAE?AViterator@12@PAU_Node@12@0ABU?$pair@$$CBIPAVCClientNode@@@2@@Z 00405dc0 f i ClientNode.obj
 0001:00005290       ?_Lmost@?$_Tree@IU?$pair@$$CBIPAVCClientNode@@@std@@U_Kfn@?$map@IPAVCClientNode@@U?$less@I@std@@V?$allocator@PAVCClientNode@@@3@@2@U?$less@I@2@V?$allocator@PAVCClientNode@@@2@@std@@IAEAAPAU_Node@12@XZ 00406290 f i ClientNode.obj
 0001:000052b0       ?_Rmost@?$_Tree@IU?$pair@$$CBIPAVCClientNode@@@std@@U_Kfn@?$map@IPAVCClientNode@@U?$less@I@std@@V?$allocator@PAVCClientNode@@@3@@2@U?$less@I@2@V?$allocator@PAVCClientNode@@@2@@std@@IAEAAPAU_Node@12@XZ 004062b0 f i ClientNode.obj
 0001:000052d0       ?_Root@?$_Tree@IU?$pair@$$CBIPAVCClientNode@@@std@@U_Kfn@?$map@IPAVCClientNode@@U?$less@I@std@@V?$allocator@PAVCClientNode@@@3@@2@U?$less@I@2@V?$allocator@PAVCClientNode@@@2@@std@@IAEAAPAU_Node@12@XZ 004062d0 f i ClientNode.obj
 0001:000052f0       ?_Inc@const_iterator@?$_Tree@IU?$pair@$$CBIPAVCClientNode@@@std@@U_Kfn@?$map@IPAVCClientNode@@U?$less@I@std@@V?$allocator@PAVCClientNode@@@3@@2@U?$less@I@2@V?$allocator@PAVCClientNode@@@2@@std@@QAEXXZ 004062f0 f i ClientNode.obj
 0001:000053d0       ?_Mynode@const_iterator@?$_Tree@IU?$pair@$$CBIPAVCClientNode@@@std@@U_Kfn@?$map@IPAVCClientNode@@U?$less@I@std@@V?$allocator@PAVCClientNode@@@3@@2@U?$less@I@2@V?$allocator@PAVCClientNode@@@2@@std@@QBEPAU_Node@23@XZ 004063d0 f i ClientNode.obj
 0001:000053e0       ??0iterator@?$_Tree@IU?$pair@$$CBIPAVCClientNode@@@std@@U_Kfn@?$map@IPAVCClientNode@@U?$less@I@std@@V?$allocator@PAVCClientNode@@@3@@2@U?$less@I@2@V?$allocator@PAVCClientNode@@@2@@std@@QAE@PAU_Node@12@@Z 004063e0 f i ClientNode.obj
 0001:00005400       ??Fiterator@?$_Tree@IU?$pair@$$CBIPAVCClientNode@@@std@@U_Kfn@?$map@IPAVCClientNode@@U?$less@I@std@@V?$allocator@PAVCClientNode@@@3@@2@U?$less@I@2@V?$allocator@PAVCClientNode@@@2@@std@@QAEAAV012@XZ 00406400 f i ClientNode.obj
 0001:00005420       ?_Next@_Acc@?$list@PAVCBuffer@Win32@OnlineGameLib@@V?$allocator@PAVCBuffer@Win32@OnlineGameLib@@@std@@@std@@SAAAPAU_Node@23@PAU423@@Z 00406420 f i ClientNode.obj
 0001:00005430       ?_Prev@_Acc@?$list@PAVCBuffer@Win32@OnlineGameLib@@V?$allocator@PAVCBuffer@Win32@OnlineGameLib@@@std@@@std@@SAAAPAU_Node@23@PAU423@@Z 00406430 f i ClientNode.obj
 0001:00005440       ?_Value@_Acc@?$list@PAVCBuffer@Win32@OnlineGameLib@@V?$allocator@PAVCBuffer@Win32@OnlineGameLib@@@std@@@std@@SAAAPAVCBuffer@Win32@OnlineGameLib@@PAU_Node@23@@Z 00406440 f i ClientNode.obj
 0001:00005450       ?_Mynode@const_iterator@?$list@PAVCBuffer@Win32@OnlineGameLib@@V?$allocator@PAVCBuffer@Win32@OnlineGameLib@@@std@@@std@@QBEPAU_Node@23@XZ 00406450 f i ClientNode.obj
 0001:00005460       ??0iterator@?$list@PAVCBuffer@Win32@OnlineGameLib@@V?$allocator@PAVCBuffer@Win32@OnlineGameLib@@@std@@@std@@QAE@PAU_Node@12@@Z 00406460 f i ClientNode.obj
 0001:00005480       ??Eiterator@?$list@PAVCBuffer@Win32@OnlineGameLib@@V?$allocator@PAVCBuffer@Win32@OnlineGameLib@@@std@@@std@@QAE?AV012@H@Z 00406480 f i ClientNode.obj
 0001:000054b0       ??9iterator@?$list@PAVCBuffer@Win32@OnlineGameLib@@V?$allocator@PAVCBuffer@Win32@OnlineGameLib@@@std@@@std@@QBE_NABV012@@Z 004064b0 f i ClientNode.obj
 0001:000054e0       ??R?$less@V?$basic_string@DU?$char_traits@D@std@@V?$allocator@D@2@@std@@@std@@QBE_NABV?$basic_string@DU?$char_traits@D@std@@V?$allocator@D@2@@1@0@Z 004064e0 f i ClientNode.obj
 0001:00005500       ?_Color@?$_Tree@V?$basic_string@DU?$char_traits@D@std@@V?$allocator@D@2@@std@@U?$pair@$$CBV?$basic_string@DU?$char_traits@D@std@@V?$allocator@D@2@@std@@I@2@U_Kfn@?$map@V?$basic_string@DU?$char_traits@D@std@@V?$allocator@D@2@@std@@IU?$less@V?$basic_string@DU?$char_traits@D@std@@V?$allocator@D@2@@std@@@2@V?$allocator@I@2@@2@U?$less@V?$basic_string@DU?$char_traits@D@std@@V?$allocator@D@2@@std@@@2@V?$allocator@I@2@@std@@KAAAW4_Redbl@12@PAU_Node@12@@Z 00406500 f i ClientNode.obj
 0001:00005510       ?_Key@?$_Tree@V?$basic_string@DU?$char_traits@D@std@@V?$allocator@D@2@@std@@U?$pair@$$CBV?$basic_string@DU?$char_traits@D@std@@V?$allocator@D@2@@std@@I@2@U_Kfn@?$map@V?$basic_string@DU?$char_traits@D@std@@V?$allocator@D@2@@std@@IU?$less@V?$basic_string@DU?$char_traits@D@std@@V?$allocator@D@2@@std@@@2@V?$allocator@I@2@@2@U?$less@V?$basic_string@DU?$char_traits@D@std@@V?$allocator@D@2@@std@@@2@V?$allocator@I@2@@std@@KAABV?$basic_string@DU?$char_traits@D@std@@V?$allocator@D@2@@2@PAU_Node@12@@Z 00406510 f i ClientNode.obj
 0001:00005530       ?_Left@?$_Tree@V?$basic_string@DU?$char_traits@D@std@@V?$allocator@D@2@@std@@U?$pair@$$CBV?$basic_string@DU?$char_traits@D@std@@V?$allocator@D@2@@std@@I@2@U_Kfn@?$map@V?$basic_string@DU?$char_traits@D@std@@V?$allocator@D@2@@std@@IU?$less@V?$basic_string@DU?$char_traits@D@std@@V?$allocator@D@2@@std@@@2@V?$allocator@I@2@@2@U?$less@V?$basic_string@DU?$char_traits@D@std@@V?$allocator@D@2@@std@@@2@V?$allocator@I@2@@std@@KAAAPAU_Node@12@PAU312@@Z 00406530 f i ClientNode.obj
 0001:00005540       ?_Parent@?$_Tree@V?$basic_string@DU?$char_traits@D@std@@V?$allocator@D@2@@std@@U?$pair@$$CBV?$basic_string@DU?$char_traits@D@std@@V?$allocator@D@2@@std@@I@2@U_Kfn@?$map@V?$basic_string@DU?$char_traits@D@std@@V?$allocator@D@2@@std@@IU?$less@V?$basic_string@DU?$char_traits@D@std@@V?$allocator@D@2@@std@@@2@V?$allocator@I@2@@2@U?$less@V?$basic_string@DU?$char_traits@D@std@@V?$allocator@D@2@@std@@@2@V?$allocator@I@2@@std@@KAAAPAU_Node@12@PAU312@@Z 00406540 f i ClientNode.obj
 0001:00005550       ?_Right@?$_Tree@V?$basic_string@DU?$char_traits@D@std@@V?$allocator@D@2@@std@@U?$pair@$$CBV?$basic_string@DU?$char_traits@D@std@@V?$allocator@D@2@@std@@I@2@U_Kfn@?$map@V?$basic_string@DU?$char_traits@D@std@@V?$allocator@D@2@@std@@IU?$less@V?$basic_string@DU?$char_traits@D@std@@V?$allocator@D@2@@std@@@2@V?$allocator@I@2@@2@U?$less@V?$basic_string@DU?$char_traits@D@std@@V?$allocator@D@2@@std@@@2@V?$allocator@I@2@@std@@KAAAPAU_Node@12@PAU312@@Z 00406550 f i ClientNode.obj
 0001:00005560       ?_Value@?$_Tree@V?$basic_string@DU?$char_traits@D@std@@V?$allocator@D@2@@std@@U?$pair@$$CBV?$basic_string@DU?$char_traits@D@std@@V?$allocator@D@2@@std@@I@2@U_Kfn@?$map@V?$basic_string@DU?$char_traits@D@std@@V?$allocator@D@2@@std@@IU?$less@V?$basic_string@DU?$char_traits@D@std@@V?$allocator@D@2@@std@@@2@V?$allocator@I@2@@2@U?$less@V?$basic_string@DU?$char_traits@D@std@@V?$allocator@D@2@@std@@@2@V?$allocator@I@2@@std@@KAAAU?$pair@$$CBV?$basic_string@DU?$char_traits@D@std@@V?$allocator@D@2@@std@@I@2@PAU_Node@12@@Z 00406560 f i ClientNode.obj
 0001:00005570       ?size@?$_Tree@V?$basic_string@DU?$char_traits@D@std@@V?$allocator@D@2@@std@@U?$pair@$$CBV?$basic_string@DU?$char_traits@D@std@@V?$allocator@D@2@@std@@I@2@U_Kfn@?$map@V?$basic_string@DU?$char_traits@D@std@@V?$allocator@D@2@@std@@IU?$less@V?$basic_string@DU?$char_traits@D@std@@V?$allocator@D@2@@std@@@2@V?$allocator@I@2@@2@U?$less@V?$basic_string@DU?$char_traits@D@std@@V?$allocator@D@2@@std@@@2@V?$allocator@I@2@@std@@QBEIXZ 00406570 f i ClientNode.obj
 0001:00005590       ?insert@?$_Tree@V?$basic_string@DU?$char_traits@D@std@@V?$allocator@D@2@@std@@U?$pair@$$CBV?$basic_string@DU?$char_traits@D@std@@V?$allocator@D@2@@std@@I@2@U_Kfn@?$map@V?$basic_string@DU?$char_traits@D@std@@V?$allocator@D@2@@std@@IU?$less@V?$basic_string@DU?$char_traits@D@std@@V?$allocator@D@2@@std@@@2@V?$allocator@I@2@@2@U?$less@V?$basic_string@DU?$char_traits@D@std@@V?$allocator@D@2@@std@@@2@V?$allocator@I@2@@std@@QAE?AU?$pair@Viterator@?$_Tree@V?$basic_string@DU?$char_traits@D@std@@V?$allocator@D@2@@std@@U?$pair@$$CBV?$basic_string@DU?$char_traits@D@std@@V?$allocator@D@2@@std@@I@2@U_Kfn@?$map@V?$basic_string@DU?$char_traits@D@std@@V?$allocator@D@2@@std@@IU?$less@V?$basic_string@DU?$char_traits@D@std@@V?$allocator@D@2@@std@@@2@V?$allocator@I@2@@2@U?$less@V?$basic_string@DU?$char_traits@D@std@@V?$allocator@D@2@@std@@@2@V?$allocator@I@2@@std@@_N@2@ABU?$pair@$$CBV?$basic_string@DU?$char_traits@D@std@@V?$allocator@D@2@@std@@I@2@@Z 00406590 f i ClientNode.obj
 0001:000057d0       ?lower_bound@?$_Tree@V?$basic_string@DU?$char_traits@D@std@@V?$allocator@D@2@@std@@U?$pair@$$CBV?$basic_string@DU?$char_traits@D@std@@V?$allocator@D@2@@std@@I@2@U_Kfn@?$map@V?$basic_string@DU?$char_traits@D@std@@V?$allocator@D@2@@std@@IU?$less@V?$basic_string@DU?$char_traits@D@std@@V?$allocator@D@2@@std@@@2@V?$allocator@I@2@@2@U?$less@V?$basic_string@DU?$char_traits@D@std@@V?$allocator@D@2@@std@@@2@V?$allocator@I@2@@std@@QAE?AViterator@12@ABV?$basic_string@DU?$char_traits@D@std@@V?$allocator@D@2@@2@@Z 004067d0 f i ClientNode.obj
 0001:00005800       ?_Erase@?$_Tree@V?$basic_string@DU?$char_traits@D@std@@V?$allocator@D@2@@std@@U?$pair@$$CBV?$basic_string@DU?$char_traits@D@std@@V?$allocator@D@2@@std@@I@2@U_Kfn@?$map@V?$basic_string@DU?$char_traits@D@std@@V?$allocator@D@2@@std@@IU?$less@V?$basic_string@DU?$char_traits@D@std@@V?$allocator@D@2@@std@@@2@V?$allocator@I@2@@2@U?$less@V?$basic_string@DU?$char_traits@D@std@@V?$allocator@D@2@@std@@@2@V?$allocator@I@2@@std@@IAEXPAU_Node@12@@Z 00406800 f i ClientNode.obj
 0001:000058b0       ?_Init@?$_Tree@V?$basic_string@DU?$char_traits@D@std@@V?$allocator@D@2@@std@@U?$pair@$$CBV?$basic_string@DU?$char_traits@D@std@@V?$allocator@D@2@@std@@I@2@U_Kfn@?$map@V?$basic_string@DU?$char_traits@D@std@@V?$allocator@D@2@@std@@IU?$less@V?$basic_string@DU?$char_traits@D@std@@V?$allocator@D@2@@std@@@2@V?$allocator@I@2@@2@U?$less@V?$basic_string@DU?$char_traits@D@std@@V?$allocator@D@2@@std@@@2@V?$allocator@I@2@@std@@IAEXXZ 004068b0 f i ClientNode.obj
 0001:00005990       ?_Lmost@?$_Tree@V?$basic_string@DU?$char_traits@D@std@@V?$allocator@D@2@@std@@U?$pair@$$CBV?$basic_string@DU?$char_traits@D@std@@V?$allocator@D@2@@std@@I@2@U_Kfn@?$map@V?$basic_string@DU?$char_traits@D@std@@V?$allocator@D@2@@std@@IU?$less@V?$basic_string@DU?$char_traits@D@std@@V?$allocator@D@2@@std@@@2@V?$allocator@I@2@@2@U?$less@V?$basic_string@DU?$char_traits@D@std@@V?$allocator@D@2@@std@@@2@V?$allocator@I@2@@std@@IAEAAPAU_Node@12@XZ 00406990 f i ClientNode.obj
 0001:000059b0       ?_Lrotate@?$_Tree@V?$basic_string@DU?$char_traits@D@std@@V?$allocator@D@2@@std@@U?$pair@$$CBV?$basic_string@DU?$char_traits@D@std@@V?$allocator@D@2@@std@@I@2@U_Kfn@?$map@V?$basic_string@DU?$char_traits@D@std@@V?$allocator@D@2@@std@@IU?$less@V?$basic_string@DU?$char_traits@D@std@@V?$allocator@D@2@@std@@@2@V?$allocator@I@2@@2@U?$less@V?$basic_string@DU?$char_traits@D@std@@V?$allocator@D@2@@std@@@2@V?$allocator@I@2@@std@@IAEXPAU_Node@12@@Z 004069b0 f i ClientNode.obj
 0001:00005b20       ?_Max@?$_Tree@V?$basic_string@DU?$char_traits@D@std@@V?$allocator@D@2@@std@@U?$pair@$$CBV?$basic_string@DU?$char_traits@D@std@@V?$allocator@D@2@@std@@I@2@U_Kfn@?$map@V?$basic_string@DU?$char_traits@D@std@@V?$allocator@D@2@@std@@IU?$less@V?$basic_string@DU?$char_traits@D@std@@V?$allocator@D@2@@std@@@2@V?$allocator@I@2@@2@U?$less@V?$basic_string@DU?$char_traits@D@std@@V?$allocator@D@2@@std@@@2@V?$allocator@I@2@@std@@KAPAU_Node@12@PAU312@@Z 00406b20 f i ClientNode.obj
 0001:00005ba0       ?_Min@?$_Tree@V?$basic_string@DU?$char_traits@D@std@@V?$allocator@D@2@@std@@U?$pair@$$CBV?$basic_string@DU?$char_traits@D@std@@V?$allocator@D@2@@std@@I@2@U_Kfn@?$map@V?$basic_string@DU?$char_traits@D@std@@V?$allocator@D@2@@std@@IU?$less@V?$basic_string@DU?$char_traits@D@std@@V?$allocator@D@2@@std@@@2@V?$allocator@I@2@@2@U?$less@V?$basic_string@DU?$char_traits@D@std@@V?$allocator@D@2@@std@@@2@V?$allocator@I@2@@std@@KAPAU_Node@12@PAU312@@Z 00406ba0 f i ClientNode.obj
 0001:00005c20       ?_Rmost@?$_Tree@V?$basic_string@DU?$char_traits@D@std@@V?$allocator@D@2@@std@@U?$pair@$$CBV?$basic_string@DU?$char_traits@D@std@@V?$allocator@D@2@@std@@I@2@U_Kfn@?$map@V?$basic_string@DU?$char_traits@D@std@@V?$allocator@D@2@@std@@IU?$less@V?$basic_string@DU?$char_traits@D@std@@V?$allocator@D@2@@std@@@2@V?$allocator@I@2@@2@U?$less@V?$basic_string@DU?$char_traits@D@std@@V?$allocator@D@2@@std@@@2@V?$allocator@I@2@@std@@IAEAAPAU_Node@12@XZ 00406c20 f i ClientNode.obj
 0001:00005c40       ?_Root@?$_Tree@V?$basic_string@DU?$char_traits@D@std@@V?$allocator@D@2@@std@@U?$pair@$$CBV?$basic_string@DU?$char_traits@D@std@@V?$allocator@D@2@@std@@I@2@U_Kfn@?$map@V?$basic_string@DU?$char_traits@D@std@@V?$allocator@D@2@@std@@IU?$less@V?$basic_string@DU?$char_traits@D@std@@V?$allocator@D@2@@std@@@2@V?$allocator@I@2@@2@U?$less@V?$basic_string@DU?$char_traits@D@std@@V?$allocator@D@2@@std@@@2@V?$allocator@I@2@@std@@IAEAAPAU_Node@12@XZ 00406c40 f i ClientNode.obj
 0001:00005c60       ?_Rrotate@?$_Tree@V?$basic_string@DU?$char_traits@D@std@@V?$allocator@D@2@@std@@U?$pair@$$CBV?$basic_string@DU?$char_traits@D@std@@V?$allocator@D@2@@std@@I@2@U_Kfn@?$map@V?$basic_string@DU?$char_traits@D@std@@V?$allocator@D@2@@std@@IU?$less@V?$basic_string@DU?$char_traits@D@std@@V?$allocator@D@2@@std@@@2@V?$allocator@I@2@@2@U?$less@V?$basic_string@DU?$char_traits@D@std@@V?$allocator@D@2@@std@@@2@V?$allocator@I@2@@std@@IAEXPAU_Node@12@@Z 00406c60 f i ClientNode.obj
 0001:00005dd0       ?_Destval@?$_Tree@V?$basic_string@DU?$char_traits@D@std@@V?$allocator@D@2@@std@@U?$pair@$$CBV?$basic_string@DU?$char_traits@D@std@@V?$allocator@D@2@@std@@I@2@U_Kfn@?$map@V?$basic_string@DU?$char_traits@D@std@@V?$allocator@D@2@@std@@IU?$less@V?$basic_string@DU?$char_traits@D@std@@V?$allocator@D@2@@std@@@2@V?$allocator@I@2@@2@U?$less@V?$basic_string@DU?$char_traits@D@std@@V?$allocator@D@2@@std@@@2@V?$allocator@I@2@@std@@IAEXPAU?$pair@$$CBV?$basic_string@DU?$char_traits@D@std@@V?$allocator@D@2@@std@@I@2@@Z 00406dd0 f i ClientNode.obj
 0001:00005df0       ?_Inc@const_iterator@?$_Tree@V?$basic_string@DU?$char_traits@D@std@@V?$allocator@D@2@@std@@U?$pair@$$CBV?$basic_string@DU?$char_traits@D@std@@V?$allocator@D@2@@std@@I@2@U_Kfn@?$map@V?$basic_string@DU?$char_traits@D@std@@V?$allocator@D@2@@std@@IU?$less@V?$basic_string@DU?$char_traits@D@std@@V?$allocator@D@2@@std@@@2@V?$allocator@I@2@@2@U?$less@V?$basic_string@DU?$char_traits@D@std@@V?$allocator@D@2@@std@@@2@V?$allocator@I@2@@std@@QAEXXZ 00406df0 f i ClientNode.obj
 0001:00005ed0       ?_Mynode@const_iterator@?$_Tree@V?$basic_string@DU?$char_traits@D@std@@V?$allocator@D@2@@std@@U?$pair@$$CBV?$basic_string@DU?$char_traits@D@std@@V?$allocator@D@2@@std@@I@2@U_Kfn@?$map@V?$basic_string@DU?$char_traits@D@std@@V?$allocator@D@2@@std@@IU?$less@V?$basic_string@DU?$char_traits@D@std@@V?$allocator@D@2@@std@@@2@V?$allocator@I@2@@2@U?$less@V?$basic_string@DU?$char_traits@D@std@@V?$allocator@D@2@@std@@@2@V?$allocator@I@2@@std@@QBEPAU_Node@23@XZ 00406ed0 f i ClientNode.obj
 0001:00005ee0       ??0iterator@?$_Tree@V?$basic_string@DU?$char_traits@D@std@@V?$allocator@D@2@@std@@U?$pair@$$CBV?$basic_string@DU?$char_traits@D@std@@V?$allocator@D@2@@std@@I@2@U_Kfn@?$map@V?$basic_string@DU?$char_traits@D@std@@V?$allocator@D@2@@std@@IU?$less@V?$basic_string@DU?$char_traits@D@std@@V?$allocator@D@2@@std@@@2@V?$allocator@I@2@@2@U?$less@V?$basic_string@DU?$char_traits@D@std@@V?$allocator@D@2@@std@@@2@V?$allocator@I@2@@std@@QAE@PAU_Node@12@@Z 00406ee0 f i ClientNode.obj
 0001:00005f00       ??0?$pair@Viterator@?$_Tree@V?$basic_string@DU?$char_traits@D@std@@V?$allocator@D@2@@std@@U?$pair@$$CBV?$basic_string@DU?$char_traits@D@std@@V?$allocator@D@2@@std@@I@2@U_Kfn@?$map@V?$basic_string@DU?$char_traits@D@std@@V?$allocator@D@2@@std@@IU?$less@V?$basic_string@DU?$char_traits@D@std@@V?$allocator@D@2@@std@@@2@V?$allocator@I@2@@2@U?$less@V?$basic_string@DU?$char_traits@D@std@@V?$allocator@D@2@@std@@@2@V?$allocator@I@2@@std@@_N@std@@QAE@ABViterator@?$_Tree@V?$basic_string@DU?$char_traits@D@std@@V?$allocator@D@2@@std@@U?$pair@$$CBV?$basic_string@DU?$char_traits@D@std@@V?$allocator@D@2@@std@@I@2@U_Kfn@?$map@V?$basic_string@DU?$char_traits@D@std@@V?$allocator@D@2@@std@@IU?$less@V?$basic_string@DU?$char_traits@D@std@@V?$allocator@D@2@@std@@@2@V?$allocator@I@2@@2@U?$less@V?$basic_string@DU?$char_traits@D@std@@V?$allocator@D@2@@std@@@2@V?$allocator@I@2@@1@AB_N@Z 00406f00 f i ClientNode.obj
 0001:00005f30       ?max_size@?$basic_string@DU?$char_traits@D@std@@V?$allocator@D@2@@std@@QBEIXZ 00406f30 f i ClientNode.obj
 0001:00005f70       ?_Copy@?$basic_string@DU?$char_traits@D@std@@V?$allocator@D@2@@std@@AAEXI@Z 00406f70 f i ClientNode.obj
 0001:000060b0       ?_Split@?$basic_string@DU?$char_traits@D@std@@V?$allocator@D@2@@std@@AAEXXZ 004070b0 f i ClientNode.obj
 0001:00006120       ?_Color@?$_Tree@IU?$pair@$$CBIPAVCClientNode@@@std@@U_Kfn@?$map@IPAVCClientNode@@U?$less@I@std@@V?$allocator@PAVCClientNode@@@3@@2@U?$less@I@2@V?$allocator@PAVCClientNode@@@2@@std@@KAAAW4_Redbl@12@PAU_Node@12@@Z 00407120 f i ClientNode.obj
 0001:00006130       ?_Parent@?$_Tree@IU?$pair@$$CBIPAVCClientNode@@@std@@U_Kfn@?$map@IPAVCClientNode@@U?$less@I@std@@V?$allocator@PAVCClientNode@@@3@@2@U?$less@I@2@V?$allocator@PAVCClientNode@@@2@@std@@KAAAPAU_Node@12@PAU312@@Z 00407130 f i ClientNode.obj
 0001:00006140       ?upper_bound@?$_Tree@IU?$pair@$$CBIPAVCClientNode@@@std@@U_Kfn@?$map@IPAVCClientNode@@U?$less@I@std@@V?$allocator@PAVCClientNode@@@3@@2@U?$less@I@2@V?$allocator@PAVCClientNode@@@2@@std@@QAE?AViterator@12@ABI@Z 00407140 f i ClientNode.obj
 0001:00006170       ?_Lbound@?$_Tree@IU?$pair@$$CBIPAVCClientNode@@@std@@U_Kfn@?$map@IPAVCClientNode@@U?$less@I@std@@V?$allocator@PAVCClientNode@@@3@@2@U?$less@I@2@V?$allocator@PAVCClientNode@@@2@@std@@IBEPAU_Node@12@ABI@Z 00407170 f i ClientNode.obj
 0001:00006240       ?_Lrotate@?$_Tree@IU?$pair@$$CBIPAVCClientNode@@@std@@U_Kfn@?$map@IPAVCClientNode@@U?$less@I@std@@V?$allocator@PAVCClientNode@@@3@@2@U?$less@I@2@V?$allocator@PAVCClientNode@@@2@@std@@IAEXPAU_Node@12@@Z 00407240 f i ClientNode.obj
 0001:000063b0       ?_Max@?$_Tree@IU?$pair@$$CBIPAVCClientNode@@@std@@U_Kfn@?$map@IPAVCClientNode@@U?$less@I@std@@V?$allocator@PAVCClientNode@@@3@@2@U?$less@I@2@V?$allocator@PAVCClientNode@@@2@@std@@KAPAU_Node@12@PAU312@@Z 004073b0 f i ClientNode.obj
 0001:00006430       ?_Min@?$_Tree@IU?$pair@$$CBIPAVCClientNode@@@std@@U_Kfn@?$map@IPAVCClientNode@@U?$less@I@std@@V?$allocator@PAVCClientNode@@@3@@2@U?$less@I@2@V?$allocator@PAVCClientNode@@@2@@std@@KAPAU_Node@12@PAU312@@Z 00407430 f i ClientNode.obj
 0001:000064b0       ?_Rrotate@?$_Tree@IU?$pair@$$CBIPAVCClientNode@@@std@@U_Kfn@?$map@IPAVCClientNode@@U?$less@I@std@@V?$allocator@PAVCClientNode@@@3@@2@U?$less@I@2@V?$allocator@PAVCClientNode@@@2@@std@@IAEXPAU_Node@12@@Z 004074b0 f i ClientNode.obj
 0001:00006620       ?_Buynode@?$_Tree@IU?$pair@$$CBIPAVCClientNode@@@std@@U_Kfn@?$map@IPAVCClientNode@@U?$less@I@std@@V?$allocator@PAVCClientNode@@@3@@2@U?$less@I@2@V?$allocator@PAVCClientNode@@@2@@std@@IAEPAU_Node@12@PAU312@W4_Redbl@12@@Z 00407620 f i ClientNode.obj
 0001:00006670       ?_Consval@?$_Tree@IU?$pair@$$CBIPAVCClientNode@@@std@@U_Kfn@?$map@IPAVCClientNode@@U?$less@I@std@@V?$allocator@PAVCClientNode@@@3@@2@U?$less@I@2@V?$allocator@PAVCClientNode@@@2@@std@@IAEXPAU?$pair@$$CBIPAVCClientNode@@@2@ABU32@@Z 00407670 f i ClientNode.obj
 0001:00006690       ?_Destval@?$_Tree@IU?$pair@$$CBIPAVCClientNode@@@std@@U_Kfn@?$map@IPAVCClientNode@@U?$less@I@std@@V?$allocator@PAVCClientNode@@@3@@2@U?$less@I@2@V?$allocator@PAVCClientNode@@@2@@std@@IAEXPAU?$pair@$$CBIPAVCClientNode@@@2@@Z 00407690 f i ClientNode.obj
 0001:000066b0       ??0const_iterator@?$_Tree@IU?$pair@$$CBIPAVCClientNode@@@std@@U_Kfn@?$map@IPAVCClientNode@@U?$less@I@std@@V?$allocator@PAVCClientNode@@@3@@2@U?$less@I@2@V?$allocator@PAVCClientNode@@@2@@std@@QAE@PAU_Node@12@@Z 004076b0 f i ClientNode.obj
 0001:000066d0       ?_Dec@const_iterator@?$_Tree@IU?$pair@$$CBIPAVCClientNode@@@std@@U_Kfn@?$map@IPAVCClientNode@@U?$less@I@std@@V?$allocator@PAVCClientNode@@@3@@2@U?$less@I@2@V?$allocator@PAVCClientNode@@@2@@std@@QAEXXZ 004076d0 f i ClientNode.obj
 0001:000067e0       ??0const_iterator@?$list@PAVCBuffer@Win32@OnlineGameLib@@V?$allocator@PAVCBuffer@Win32@OnlineGameLib@@@std@@@std@@QAE@PAU_Node@12@@Z 004077e0 f i ClientNode.obj
 0001:00006800       ??Eiterator@?$list@PAVCBuffer@Win32@OnlineGameLib@@V?$allocator@PAVCBuffer@Win32@OnlineGameLib@@@std@@@std@@QAEAAV012@XZ 00407800 f i ClientNode.obj
 0001:00006830       ??8iterator@?$list@PAVCBuffer@Win32@OnlineGameLib@@V?$allocator@PAVCBuffer@Win32@OnlineGameLib@@@std@@@std@@QBE_NABV012@@Z 00407830 f i ClientNode.obj
 0001:00006850       ??R_Kfn@?$map@V?$basic_string@DU?$char_traits@D@std@@V?$allocator@D@2@@std@@IU?$less@V?$basic_string@DU?$char_traits@D@std@@V?$allocator@D@2@@std@@@2@V?$allocator@I@2@@std@@QBEABV?$basic_string@DU?$char_traits@D@std@@V?$allocator@D@2@@2@ABU?$pair@$$CBV?$basic_string@DU?$char_traits@D@std@@V?$allocator@D@2@@std@@I@2@@Z 00407850 f i ClientNode.obj
 0001:00006860       ?_Insert@?$_Tree@V?$basic_string@DU?$char_traits@D@std@@V?$allocator@D@2@@std@@U?$pair@$$CBV?$basic_string@DU?$char_traits@D@std@@V?$allocator@D@2@@std@@I@2@U_Kfn@?$map@V?$basic_string@DU?$char_traits@D@std@@V?$allocator@D@2@@std@@IU?$less@V?$basic_string@DU?$char_traits@D@std@@V?$allocator@D@2@@std@@@2@V?$allocator@I@2@@2@U?$less@V?$basic_string@DU?$char_traits@D@std@@V?$allocator@D@2@@std@@@2@V?$allocator@I@2@@std@@IAE?AViterator@12@PAU_Node@12@0ABU?$pair@$$CBV?$basic_string@DU?$char_traits@D@std@@V?$allocator@D@2@@std@@I@2@@Z 00407860 f i ClientNode.obj
 0001:00006d30       ?_Lbound@?$_Tree@V?$basic_string@DU?$char_traits@D@std@@V?$allocator@D@2@@std@@U?$pair@$$CBV?$basic_string@DU?$char_traits@D@std@@V?$allocator@D@2@@std@@I@2@U_Kfn@?$map@V?$basic_string@DU?$char_traits@D@std@@V?$allocator@D@2@@std@@IU?$less@V?$basic_string@DU?$char_traits@D@std@@V?$allocator@D@2@@std@@@2@V?$allocator@I@2@@2@U?$less@V?$basic_string@DU?$char_traits@D@std@@V?$allocator@D@2@@std@@@2@V?$allocator@I@2@@std@@IBEPAU_Node@12@ABV?$basic_string@DU?$char_traits@D@std@@V?$allocator@D@2@@2@@Z 00407d30 f i ClientNode.obj
 0001:00006e00       ?_Buynode@?$_Tree@V?$basic_string@DU?$char_traits@D@std@@V?$allocator@D@2@@std@@U?$pair@$$CBV?$basic_string@DU?$char_traits@D@std@@V?$allocator@D@2@@std@@I@2@U_Kfn@?$map@V?$basic_string@DU?$char_traits@D@std@@V?$allocator@D@2@@std@@IU?$less@V?$basic_string@DU?$char_traits@D@std@@V?$allocator@D@2@@std@@@2@V?$allocator@I@2@@2@U?$less@V?$basic_string@DU?$char_traits@D@std@@V?$allocator@D@2@@std@@@2@V?$allocator@I@2@@std@@IAEPAU_Node@12@PAU312@W4_Redbl@12@@Z 00407e00 f i ClientNode.obj
 0001:00006e50       ??0const_iterator@?$_Tree@V?$basic_string@DU?$char_traits@D@std@@V?$allocator@D@2@@std@@U?$pair@$$CBV?$basic_string@DU?$char_traits@D@std@@V?$allocator@D@2@@std@@I@2@U_Kfn@?$map@V?$basic_string@DU?$char_traits@D@std@@V?$allocator@D@2@@std@@IU?$less@V?$basic_string@DU?$char_traits@D@std@@V?$allocator@D@2@@std@@@2@V?$allocator@I@2@@2@U?$less@V?$basic_string@DU?$char_traits@D@std@@V?$allocator@D@2@@std@@@2@V?$allocator@I@2@@std@@QAE@PAU_Node@12@@Z 00407e50 f i ClientNode.obj
 0001:00006e70       ??Fiterator@?$_Tree@V?$basic_string@DU?$char_traits@D@std@@V?$allocator@D@2@@std@@U?$pair@$$CBV?$basic_string@DU?$char_traits@D@std@@V?$allocator@D@2@@std@@I@2@U_Kfn@?$map@V?$basic_string@DU?$char_traits@D@std@@V?$allocator@D@2@@std@@IU?$less@V?$basic_string@DU?$char_traits@D@std@@V?$allocator@D@2@@std@@@2@V?$allocator@I@2@@2@U?$less@V?$basic_string@DU?$char_traits@D@std@@V?$allocator@D@2@@std@@@2@V?$allocator@I@2@@std@@QAEAAV012@XZ 00407e70 f i ClientNode.obj
 0001:00006e90       ??0?$pair@Viterator@?$_Tree@IU?$pair@$$CBIPAVCClientNode@@@std@@U_Kfn@?$map@IPAVCClientNode@@U?$less@I@std@@V?$allocator@PAVCClientNode@@@3@@2@U?$less@I@2@V?$allocator@PAVCClientNode@@@2@@std@@V123@@std@@QAE@ABViterator@?$_Tree@IU?$pair@$$CBIPAVCClientNode@@@std@@U_Kfn@?$map@IPAVCClientNode@@U?$less@I@std@@V?$allocator@PAVCClientNode@@@3@@2@U?$less@I@2@V?$allocator@PAVCClientNode@@@2@@1@0@Z 00407e90 f i ClientNode.obj
 0001:00006ec0       ?allocate@?$allocator@D@std@@QAEPADIPBX@Z 00407ec0 f i ClientNode.obj
 0001:00006ee0       ?max_size@?$allocator@D@std@@QBEIXZ 00407ee0 f i ClientNode.obj
 0001:00006f10       ?_Charalloc@?$allocator@PAVCClientNode@@@std@@QAEPADI@Z 00407f10 f i ClientNode.obj
 0001:00006f30       ?_Root@?$_Tree@IU?$pair@$$CBIPAVCClientNode@@@std@@U_Kfn@?$map@IPAVCClientNode@@U?$less@I@std@@V?$allocator@PAVCClientNode@@@3@@2@U?$less@I@2@V?$allocator@PAVCClientNode@@@2@@std@@IBEAAPAU_Node@12@XZ 00407f30 f i ClientNode.obj
 0001:00006f50       ?_Ubound@?$_Tree@IU?$pair@$$CBIPAVCClientNode@@@std@@U_Kfn@?$map@IPAVCClientNode@@U?$less@I@std@@V?$allocator@PAVCClientNode@@@3@@2@U?$less@I@2@V?$allocator@PAVCClientNode@@@2@@std@@IBEPAU_Node@12@ABI@Z 00407f50 f i ClientNode.obj
 0001:00007020       ?_Charalloc@?$allocator@I@std@@QAEPADI@Z 00408020 f i ClientNode.obj
 0001:00007040       ?_Root@?$_Tree@V?$basic_string@DU?$char_traits@D@std@@V?$allocator@D@2@@std@@U?$pair@$$CBV?$basic_string@DU?$char_traits@D@std@@V?$allocator@D@2@@std@@I@2@U_Kfn@?$map@V?$basic_string@DU?$char_traits@D@std@@V?$allocator@D@2@@std@@IU?$less@V?$basic_string@DU?$char_traits@D@std@@V?$allocator@D@2@@std@@@2@V?$allocator@I@2@@2@U?$less@V?$basic_string@DU?$char_traits@D@std@@V?$allocator@D@2@@std@@@2@V?$allocator@I@2@@std@@IBEAAPAU_Node@12@XZ 00408040 f i ClientNode.obj
 0001:00007060       ?_Consval@?$_Tree@V?$basic_string@DU?$char_traits@D@std@@V?$allocator@D@2@@std@@U?$pair@$$CBV?$basic_string@DU?$char_traits@D@std@@V?$allocator@D@2@@std@@I@2@U_Kfn@?$map@V?$basic_string@DU?$char_traits@D@std@@V?$allocator@D@2@@std@@IU?$less@V?$basic_string@DU?$char_traits@D@std@@V?$allocator@D@2@@std@@@2@V?$allocator@I@2@@2@U?$less@V?$basic_string@DU?$char_traits@D@std@@V?$allocator@D@2@@std@@@2@V?$allocator@I@2@@std@@IAEXPAU?$pair@$$CBV?$basic_string@DU?$char_traits@D@std@@V?$allocator@D@2@@std@@I@2@ABU32@@Z 00408060 f i ClientNode.obj
 0001:00007080       ?_Dec@const_iterator@?$_Tree@V?$basic_string@DU?$char_traits@D@std@@V?$allocator@D@2@@std@@U?$pair@$$CBV?$basic_string@DU?$char_traits@D@std@@V?$allocator@D@2@@std@@I@2@U_Kfn@?$map@V?$basic_string@DU?$char_traits@D@std@@V?$allocator@D@2@@std@@IU?$less@V?$basic_string@DU?$char_traits@D@std@@V?$allocator@D@2@@std@@@2@V?$allocator@I@2@@2@U?$less@V?$basic_string@DU?$char_traits@D@std@@V?$allocator@D@2@@std@@@2@V?$allocator@I@2@@std@@QAEXXZ 00408080 f i ClientNode.obj
 0001:00007190       ??8std@@YA_NABV?$allocator@D@0@0@Z 00408190 f i ClientNode.obj
 0001:000071a0       ?_Distance@std@@YAXViterator@?$_Tree@IU?$pair@$$CBIPAVCClientNode@@@std@@U_Kfn@?$map@IPAVCClientNode@@U?$less@I@std@@V?$allocator@PAVCClientNode@@@3@@2@U?$less@I@2@V?$allocator@PAVCClientNode@@@2@@1@0AAI@Z 004081a0 f i ClientNode.obj
 0001:000071d0       ?swap@std@@YAXAAW4_Redbl@?$_Tree@V?$basic_string@DU?$char_traits@D@std@@V?$allocator@D@2@@std@@U?$pair@$$CBV?$basic_string@DU?$char_traits@D@std@@V?$allocator@D@2@@std@@I@2@U_Kfn@?$map@V?$basic_string@DU?$char_traits@D@std@@V?$allocator@D@2@@std@@IU?$less@V?$basic_string@DU?$char_traits@D@std@@V?$allocator@D@2@@std@@@2@V?$allocator@I@2@@2@U?$less@V?$basic_string@DU?$char_traits@D@std@@V?$allocator@D@2@@std@@@2@V?$allocator@I@2@@1@0@Z 004081d0 f i ClientNode.obj
 0001:00007200       ?_Allocate@std@@YAPADHPAD@Z 00408200 f i ClientNode.obj
 0001:00007220       ?_Construct@std@@YAXPAPAVCBuffer@Win32@OnlineGameLib@@ABQAV234@@Z 00408220 f i ClientNode.obj
 0001:00007260       ??2@YAPAXIPAX@Z            00408260 f i ClientNode.obj
 0001:00007270       ?_Destroy@std@@YAXPAPAVCBuffer@Win32@OnlineGameLib@@@Z 00408270 f i ClientNode.obj
 0001:00007280       ?swap@std@@YAXAAW4_Redbl@?$_Tree@IU?$pair@$$CBIPAVCClientNode@@@std@@U_Kfn@?$map@IPAVCClientNode@@U?$less@I@std@@V?$allocator@PAVCClientNode@@@3@@2@U?$less@I@2@V?$allocator@PAVCClientNode@@@2@@1@0@Z 00408280 f i ClientNode.obj
 0001:000072b0       ??Mstd@@YA_NABV?$basic_string@DU?$char_traits@D@std@@V?$allocator@D@2@@0@0@Z 004082b0 f i ClientNode.obj
 0001:000072d0       ?_Destroy@std@@YAXPAU?$pair@$$CBV?$basic_string@DU?$char_traits@D@std@@V?$allocator@D@2@@std@@I@1@@Z 004082d0 f i ClientNode.obj
 0001:000072e0       ?_Construct@std@@YAXPAU?$pair@$$CBIPAVCClientNode@@@1@ABU21@@Z 004082e0 f i ClientNode.obj
 0001:00007320       ?_Destroy@std@@YAXPAU?$pair@$$CBIPAVCClientNode@@@1@@Z 00408320 f i ClientNode.obj
 0001:00007330       ?_Construct@std@@YAXPAU?$pair@$$CBV?$basic_string@DU?$char_traits@D@std@@V?$allocator@D@2@@std@@I@1@ABU21@@Z 00408330 f i ClientNode.obj
 0001:000073a0       ??3@YAXPAX0@Z              004083a0 f i ClientNode.obj
 0001:000073b0       ??_G?$pair@$$CBV?$basic_string@DU?$char_traits@D@std@@V?$allocator@D@2@@std@@I@std@@QAEPAXI@Z 004083b0 f i ClientNode.obj
 0001:000073e0       ??0?$pair@$$CBV?$basic_string@DU?$char_traits@D@std@@V?$allocator@D@2@@std@@I@std@@QAE@ABU01@@Z 004083e0 f i ClientNode.obj
 0001:00007410       ?compare@?$basic_string@DU?$char_traits@D@std@@V?$allocator@D@2@@std@@QBEHABV12@@Z 00408410 f i ClientNode.obj
 0001:00007440       ?compare@?$basic_string@DU?$char_traits@D@std@@V?$allocator@D@2@@std@@QBEHIIPBDI@Z 00408440 f i ClientNode.obj
 0001:000074f0       ?compare@?$char_traits@D@std@@SAHPBD0I@Z 004084f0 f i ClientNode.obj
 0001:00007510       ?_Psum@?$basic_string@DU?$char_traits@D@std@@V?$allocator@D@2@@std@@CAPADPADI@Z 00408510 f i ClientNode.obj
 0001:00007540       ?_Iter_cat@std@@YA?AUbidirectional_iterator_tag@1@ABU?$iterator@Ubidirectional_iterator_tag@std@@U?$pair@$$CBIPAVCClientNode@@@2@H@1@@Z 00408540 f i ClientNode.obj
 0001:00007560       ?_Distance@std@@YAXViterator@?$_Tree@IU?$pair@$$CBIPAVCClientNode@@@std@@U_Kfn@?$map@IPAVCClientNode@@U?$less@I@std@@V?$allocator@PAVCClientNode@@@3@@2@U?$less@I@2@V?$allocator@PAVCClientNode@@@2@@1@0AAIUbidirectional_iterator_tag@1@@Z 00408560 f i ClientNode.obj
 0001:000075a0       ?id@?$ctype@G@std@@$D      004085a0 f i ClientNode.obj
 0001:000075d0       ?id@?$ctype@G@std@@$E      004085d0 f i ClientNode.obj
 0001:000075e0       ?GetIndexByName@CDBBackup@@CAHPADPAUTRoleList@1@H@Z 004085e0 f   DBBackup.obj
 0001:0000764d       ?GetMin@CDBBackup@@CAPAUTRoleList@1@QAU21@HW4StatType@1@@Z 0040864d f   DBBackup.obj
 0001:00007764       ?ListSort@CDBBackup@@CAXQAUTRoleList@1@HW4StatType@1@@Z 00408764 f   DBBackup.obj
 0001:000078d9       ?RoleDataCopy@CDBBackup@@CAXPAUTRoleList@1@PAUTRoleData@@@Z 004088d9 f   DBBackup.obj
 0001:0000796d       ?LoadFilterName@CDBBackup@@CAPADXZ 0040896d f   DBBackup.obj
 0001:00007b7e       ?IsRoleFilter@CDBBackup@@CA_NPAD0@Z 00408b7e f   DBBackup.obj
 0001:00007be4       ??0CDBBackup@@QAE@PAD0PAVZDBTable@@@Z 00408be4 f   DBBackup.obj
 0001:00007ca3       ?Open@CDBBackup@@QAE_NH@Z  00408ca3 f   DBBackup.obj
 0001:00007dea       ?Close@CDBBackup@@QAE_NXZ  00408dea f   DBBackup.obj
 0001:00007e29       ?Suspend@CDBBackup@@QAE_NXZ 00408e29 f   DBBackup.obj
 0001:00007e8f       ?Resume@CDBBackup@@QAE_NXZ 00408e8f f   DBBackup.obj
 0001:00007ee6       ?GetSendStatData@CDBBackup@@QAE?AUTGAME_STAT_DATA@@XZ 00408ee6 f   DBBackup.obj
 0001:00007f0b       ?IsWorking@CDBBackup@@QAE_NXZ 00408f0b f   DBBackup.obj
 0001:00007f1b       ?IsBackuping@CDBBackup@@QAE_NXZ 00408f1b f   DBBackup.obj
 0001:00007f2b       ?ManualBackup@CDBBackup@@QAE_NXZ 00408f2b f   DBBackup.obj
 0001:00007f93       ?TimerThreadFunc@CDBBackup@@CGKPAX@Z 00408f93 f   DBBackup.obj
 0001:00008005       ?ManualThreadFunc@CDBBackup@@CGKPAX@Z 00409005 f   DBBackup.obj
 0001:00008013       ?Backup@CDBBackup@@CAXXZ   00409013 f   DBBackup.obj
 0001:0000a660       ?MakeSendStatData@CDBBackup@@CAXXZ 0040b660 f   DBBackup.obj
 0001:0000a926       ?SaveStatInfo@CDBBackup@@QAEXXZ 0040b926 f   DBBackup.obj
 0001:0000ae20       ??_D?$basic_fstream@DU?$char_traits@D@std@@@std@@QAEXXZ 0040be20 f i DBBackup.obj
 0001:0000ae50       ??_GCDBBackup@@UAEPAXI@Z   0040be50 f i DBBackup.obj
 0001:0000ae50       ??_ECDBBackup@@UAEPAXI@Z   0040be50 f i DBBackup.obj
 0001:0000ae80       ??1CDBBackup@@UAE@XZ       0040be80 f i DBBackup.obj
 0001:0000aea0       ?first@ZDBTable@@QAEPAUZCursor@@XZ 0040bea0 f i DBBackup.obj
 0001:0000aec0       ?next@ZDBTable@@QAE_NPAUZCursor@@@Z 0040bec0 f i DBBackup.obj
 0001:0000aee0       ?endl@std@@YAAAV?$basic_ostream@DU?$char_traits@D@std@@@1@AAV21@@Z 0040bee0 f i DBBackup.obj
 0001:0000af00       ??1CDBDump@@UAE@XZ         0040bf00 f i DBBackup.obj
 0001:0000af20       ??_GCDBDump@@UAEPAXI@Z     0040bf20 f i DBBackup.obj
 0001:0000af20       ??_ECDBDump@@UAEPAXI@Z     0040bf20 f i DBBackup.obj
 0001:0000af50       ?closeCursor@ZDBTable@@QAEXPAUZCursor@@@Z 0040bf50 f i DBBackup.obj
 0001:0000afb0       ?search@ZDBTable@@QAEPAUZCursor@@PBDHH@Z 0040bfb0 f i DBBackup.obj
 0001:0000afe0       ??0?$basic_string@DU?$char_traits@D@std@@V?$allocator@D@2@@std@@QAE@ABV?$allocator@D@1@@Z 0040bfe0 f i DBBackup.obj
 0001:0000b010       ??4?$basic_string@DU?$char_traits@D@std@@V?$allocator@D@2@@std@@QAEAAV01@PBD@Z 0040c010 f i DBBackup.obj
 0001:0000b030       ??Y?$basic_string@DU?$char_traits@D@std@@V?$allocator@D@2@@std@@QAEAAV01@PBD@Z 0040c030 f i DBBackup.obj
 0001:0000b050       ??6?$basic_ostream@DU?$char_traits@D@std@@@std@@QAEAAV01@P6AAAV01@AAV01@@Z@Z 0040c050 f i DBBackup.obj
 0001:0000b070       ??6?$basic_ostream@DU?$char_traits@D@std@@@std@@QAEAAV01@G@Z 0040c070 f i DBBackup.obj
 0001:0000b200       ??1locale@std@@QAE@XZ      0040c200 f i DBBackup.obj
 0001:0000b250       ?_Decref@facet@locale@std@@QAEPAV123@XZ 0040c250 f i DBBackup.obj
 0001:0000b2b0       ?getloc@ios_base@std@@QBE?AVlocale@2@XZ 0040c2b0 f i DBBackup.obj
 0001:0000b2f0       ??0locale@std@@QAE@ABV01@@Z 0040c2f0 f i DBBackup.obj
 0001:0000b320       ?_Incref@facet@locale@std@@QAEXXZ 0040c320 f i DBBackup.obj
 0001:0000b360       ??6?$basic_ostream@DU?$char_traits@D@std@@@std@@QAEAAV01@H@Z 0040c360 f i DBBackup.obj
 0001:0000b530       ?flags@ios_base@std@@QBEHXZ 0040c530 f i DBBackup.obj
 0001:0000b550       ??6?$basic_ostream@DU?$char_traits@D@std@@@std@@QAEAAV01@N@Z 0040c550 f i DBBackup.obj
 0001:0000b6f0       ?put@?$basic_ostream@DU?$char_traits@D@std@@@std@@QAEAAV12@D@Z 0040c6f0 f i DBBackup.obj
 0001:0000b820       ?eq_int_type@?$char_traits@D@std@@SA_NABH0@Z 0040c820 f i DBBackup.obj
 0001:0000b840       ?eof@?$char_traits@D@std@@SAHXZ 0040c840 f i DBBackup.obj
 0001:0000b850       ?flush@?$basic_ostream@DU?$char_traits@D@std@@@std@@QAEAAV12@XZ 0040c850 f i DBBackup.obj
 0001:0000b8c0       ?fail@ios_base@std@@QBE_NXZ 0040c8c0 f i DBBackup.obj
 0001:0000b8e0       ?rdstate@ios_base@std@@QBEHXZ 0040c8e0 f i DBBackup.obj
 0001:0000b900       ??1?$basic_ios@DU?$char_traits@D@std@@@std@@UAE@XZ 0040c900 f i DBBackup.obj
 0001:0000b920       ?setstate@?$basic_ios@DU?$char_traits@D@std@@@std@@QAEXH_N@Z 0040c920 f i DBBackup.obj
 0001:0000b950       ?rdbuf@?$basic_ios@DU?$char_traits@D@std@@@std@@QBEPAV?$basic_streambuf@DU?$char_traits@D@std@@@2@XZ 0040c950 f i DBBackup.obj
 0001:0000b970       ?getline@?$basic_istream@DU?$char_traits@D@std@@@std@@QAEAAV12@PADH@Z 0040c970 f i DBBackup.obj
 0001:0000b9b0       ??0?$basic_fstream@DU?$char_traits@D@std@@@std@@QAE@PBDH@Z 0040c9b0 f i DBBackup.obj
 0001:0000ba90       ??1?$basic_fstream@DU?$char_traits@D@std@@@std@@UAE@XZ 0040ca90 f i DBBackup.obj
 0001:0000bb00       ?is_open@?$basic_fstream@DU?$char_traits@D@std@@@std@@QBE_NXZ 0040cb00 f i DBBackup.obj
 0001:0000bb20       ?close@?$basic_fstream@DU?$char_traits@D@std@@@std@@QAEXXZ 0040cb20 f i DBBackup.obj
 0001:0000bb50       ??1?$basic_iostream@DU?$char_traits@D@std@@@std@@UAE@XZ 0040cb50 f i DBBackup.obj
 0001:0000bbd0       ??1?$basic_ostream@DU?$char_traits@D@std@@@std@@UAE@XZ 0040cbd0 f i DBBackup.obj
 0001:0000bbf0       ??1?$basic_istream@DU?$char_traits@D@std@@@std@@UAE@XZ 0040cbf0 f i DBBackup.obj
 0001:0000bc10       ??1?$basic_filebuf@DU?$char_traits@D@std@@@std@@UAE@XZ 0040cc10 f i DBBackup.obj
 0001:0000bcb0       ??1?$basic_streambuf@DU?$char_traits@D@std@@@std@@UAE@XZ 0040ccb0 f i DBBackup.obj
 0001:0000bcd0       ?overflow@?$basic_streambuf@DU?$char_traits@D@std@@@std@@MAEHH@Z 0040ccd0 f i DBBackup.obj
 0001:0000bcf0       ?pbackfail@?$basic_streambuf@DU?$char_traits@D@std@@@std@@MAEHH@Z 0040ccf0 f i DBBackup.obj
 0001:0000bd10       ?showmanyc@?$basic_streambuf@DU?$char_traits@D@std@@@std@@MAEHXZ 0040cd10 f i DBBackup.obj
 0001:0000bd20       ?underflow@?$basic_streambuf@DU?$char_traits@D@std@@@std@@MAEHXZ 0040cd20 f i DBBackup.obj
 0001:0000bd30       ?uflow@?$basic_streambuf@DU?$char_traits@D@std@@@std@@MAEHXZ 0040cd30 f i DBBackup.obj
 0001:0000bd90       ?to_int_type@?$char_traits@D@std@@SAHABD@Z 0040cd90 f i DBBackup.obj
 0001:0000bda0       ?xsgetn@?$basic_streambuf@DU?$char_traits@D@std@@@std@@MAEHPADH@Z 0040cda0 f i DBBackup.obj
 0001:0000bea0       ?to_char_type@?$char_traits@D@std@@SADABH@Z 0040cea0 f i DBBackup.obj
 0001:0000beb0       ?xsputn@?$basic_streambuf@DU?$char_traits@D@std@@@std@@MAEHPBDH@Z 0040ceb0 f i DBBackup.obj
 0001:0000bfb0       ?seekoff@?$basic_streambuf@DU?$char_traits@D@std@@@std@@MAE?AV?$fpos@H@2@JW4seekdir@ios_base@2@H@Z 0040cfb0 f i DBBackup.obj
 0001:0000bfe0       ?seekpos@?$basic_streambuf@DU?$char_traits@D@std@@@std@@MAE?AV?$fpos@H@2@V32@H@Z 0040cfe0 f i DBBackup.obj
 0001:0000c010       ?setbuf@?$basic_streambuf@DU?$char_traits@D@std@@@std@@MAEPAV12@PADH@Z 0040d010 f i DBBackup.obj
 0001:0000c020       ?sync@?$basic_streambuf@DU?$char_traits@D@std@@@std@@MAEHXZ 0040d020 f i DBBackup.obj
 0001:0000c030       ?imbue@?$basic_streambuf@DU?$char_traits@D@std@@@std@@MAEXABVlocale@2@@Z 0040d030 f i DBBackup.obj
 0001:0000c040       ?overflow@?$basic_filebuf@DU?$char_traits@D@std@@@std@@MAEHH@Z 0040d040 f i DBBackup.obj
 0001:0000c250       ?not_eof@?$char_traits@D@std@@SAHABH@Z 0040d250 f i DBBackup.obj
 0001:0000c280       ?_Fputc@std@@YA_NDPAU_iobuf@@@Z 0040d280 f i DBBackup.obj
 0001:0000c2a0       ?pbackfail@?$basic_filebuf@DU?$char_traits@D@std@@@std@@MAEHH@Z 0040d2a0 f i DBBackup.obj
 0001:0000c420       ?_Ungetc@std@@YA_NDPAU_iobuf@@@Z 0040d420 f i DBBackup.obj
 0001:0000c450       ?underflow@?$basic_filebuf@DU?$char_traits@D@std@@@std@@MAEHXZ 0040d450 f i DBBackup.obj
 0001:0000c4b0       ?uflow@?$basic_filebuf@DU?$char_traits@D@std@@@std@@MAEHXZ 0040d4b0 f i DBBackup.obj
 0001:0000c650       ?_Fgetc@std@@YA_NAADPAU_iobuf@@@Z 0040d650 f i DBBackup.obj
 0001:0000c680       ?seekoff@?$basic_filebuf@DU?$char_traits@D@std@@@std@@MAE?AV?$fpos@H@2@JW4seekdir@ios_base@2@H@Z 0040d680 f i DBBackup.obj
 0001:0000c710       ?seekpos@?$basic_filebuf@DU?$char_traits@D@std@@@std@@MAE?AV?$fpos@H@2@V32@H@Z 0040d710 f i DBBackup.obj
 0001:0000c810       ?setbuf@?$basic_filebuf@DU?$char_traits@D@std@@@std@@MAEPAV?$basic_streambuf@DU?$char_traits@D@std@@@2@PADH@Z 0040d810 f i DBBackup.obj
 0001:0000c860       ?sync@?$basic_filebuf@DU?$char_traits@D@std@@@std@@MAEHXZ 0040d860 f i DBBackup.obj
 0001:0000c8a0       ??_E?$basic_ostream@DU?$char_traits@D@std@@@std@@UAEPAXI@Z 0040d8a0 f i DBBackup.obj
 0001:0000c8a0       ??_G?$basic_ostream@DU?$char_traits@D@std@@@std@@UAEPAXI@Z 0040d8a0 f i DBBackup.obj
 0001:0000c8e0       ??_G?$basic_ios@DU?$char_traits@D@std@@@std@@UAEPAXI@Z 0040d8e0 f i DBBackup.obj
 0001:0000c8e0       ??_E?$basic_ios@DU?$char_traits@D@std@@@std@@UAEPAXI@Z 0040d8e0 f i DBBackup.obj
 0001:0000c910       ??_G?$basic_istream@DU?$char_traits@D@std@@@std@@UAEPAXI@Z 0040d910 f i DBBackup.obj
 0001:0000c910       ??_E?$basic_istream@DU?$char_traits@D@std@@@std@@UAEPAXI@Z 0040d910 f i DBBackup.obj
 0001:0000c950       ??_E?$basic_streambuf@DU?$char_traits@D@std@@@std@@UAEPAXI@Z 0040d950 f i DBBackup.obj
 0001:0000c950       ??_G?$basic_streambuf@DU?$char_traits@D@std@@@std@@UAEPAXI@Z 0040d950 f i DBBackup.obj
 0001:0000c980       ??_G?$basic_fstream@DU?$char_traits@D@std@@@std@@UAEPAXI@Z 0040d980 f i DBBackup.obj
 0001:0000c980       ??_E?$basic_fstream@DU?$char_traits@D@std@@@std@@UAEPAXI@Z 0040d980 f i DBBackup.obj
 0001:0000c9c0       ??_E?$basic_iostream@DU?$char_traits@D@std@@@std@@UAEPAXI@Z 0040d9c0 f i DBBackup.obj
 0001:0000c9c0       ??_G?$basic_iostream@DU?$char_traits@D@std@@@std@@UAEPAXI@Z 0040d9c0 f i DBBackup.obj
 0001:0000ca00       ??_E?$basic_filebuf@DU?$char_traits@D@std@@@std@@UAEPAXI@Z 0040da00 f i DBBackup.obj
 0001:0000ca00       ??_G?$basic_filebuf@DU?$char_traits@D@std@@@std@@UAEPAXI@Z 0040da00 f i DBBackup.obj
 0001:0000ca30       ??_G?$basic_string@DU?$char_traits@D@std@@V?$allocator@D@2@@std@@QAEPAXI@Z 0040da30 f i DBBackup.obj
 0001:0000ca60       ??_D?$basic_ostream@DU?$char_traits@D@std@@@std@@QAEXXZ 0040da60 f i DBBackup.obj
 0001:0000ca90       ??_D?$basic_istream@DU?$char_traits@D@std@@@std@@QAEXXZ 0040da90 f i DBBackup.obj
 0001:0000cac0       ??_D?$basic_iostream@DU?$char_traits@D@std@@@std@@QAEXXZ 0040dac0 f i DBBackup.obj
 0001:0000caf0       ?append@?$basic_string@DU?$char_traits@D@std@@V?$allocator@D@2@@std@@QAEAAV12@PBD@Z 0040daf0 f i DBBackup.obj
 0001:0000cb20       ?append@?$basic_string@DU?$char_traits@D@std@@V?$allocator@D@2@@std@@QAEAAV12@ID@Z 0040db20 f i DBBackup.obj
 0001:0000cba0       ?assign@?$char_traits@D@std@@SAPADPADIABD@Z 0040dba0 f i DBBackup.obj
 0001:0000cbc0       ?begin@?$basic_string@DU?$char_traits@D@std@@V?$allocator@D@2@@std@@QAEPADXZ 0040dbc0 f i DBBackup.obj
 0001:0000cbe0       ?end@?$basic_string@DU?$char_traits@D@std@@V?$allocator@D@2@@std@@QAEPADXZ 0040dbe0 f i DBBackup.obj
 0001:0000cc10       ?clear@?$basic_ios@DU?$char_traits@D@std@@@std@@QAEXH_N@Z 0040dc10 f i DBBackup.obj
 0001:0000cc50       ?fill@?$basic_ios@DU?$char_traits@D@std@@@std@@QBEDXZ 0040dc50 f i DBBackup.obj
 0001:0000cc70       ?widen@?$basic_ios@DU?$char_traits@D@std@@@std@@QBEDD@Z 0040dc70 f i DBBackup.obj
 0001:0000ccf0       ?widen@?$ctype@D@std@@QBEDD@Z 0040dcf0 f i DBBackup.obj
 0001:0000cd00       ??0?$basic_ios@DU?$char_traits@D@std@@@std@@IAE@XZ 0040dd00 f i DBBackup.obj
 0001:0000cd20       ??0ios_base@std@@IAE@XZ    0040dd20 f i DBBackup.obj
 0001:0000cd50       ??0locale@std@@QAE@W4_Uninitialized@1@@Z 0040dd50 f i DBBackup.obj
 0001:0000cd60       ??_Gios_base@std@@UAEPAXI@Z 0040dd60 f i DBBackup.obj
 0001:0000cd60       ??_Eios_base@std@@UAEPAXI@Z 0040dd60 f i DBBackup.obj
 0001:0000cd90       ??0sentry@?$basic_ostream@DU?$char_traits@D@std@@@std@@QAE@AAV12@@Z 0040dd90 f i DBBackup.obj
 0001:0000cdc0       ??1sentry@?$basic_ostream@DU?$char_traits@D@std@@@std@@QAE@XZ 0040ddc0 f i DBBackup.obj
 0001:0000cdf0       ??Bsentry@?$basic_ostream@DU?$char_traits@D@std@@@std@@QBE_NXZ 0040ddf0 f i DBBackup.obj
 0001:0000ce00       ??0?$fpos@H@std@@QAE@J@Z   0040de00 f i DBBackup.obj
 0001:0000ce50       ??0?$fpos@H@std@@QAE@H_J@Z 0040de50 f i DBBackup.obj
 0001:0000ce90       ?state@?$fpos@H@std@@QBEHXZ 0040de90 f i DBBackup.obj
 0001:0000ceb0       ?get_fpos_t@?$fpos@H@std@@QBE_JXZ 0040deb0 f i DBBackup.obj
 0001:0000ced0       ??B?$fpos@H@std@@QBEJXZ    0040ded0 f i DBBackup.obj
 0001:0000cef0       ?getline@?$basic_istream@DU?$char_traits@D@std@@@std@@QAEAAV12@PADHD@Z 0040def0 f i DBBackup.obj
 0001:0000d0f0       ??0sentry@?$basic_istream@DU?$char_traits@D@std@@@std@@QAE@AAV12@_N@Z 0040e0f0 f i DBBackup.obj
 0001:0000d120       ??Bsentry@?$basic_istream@DU?$char_traits@D@std@@@std@@QBE_NXZ 0040e120 f i DBBackup.obj
 0001:0000d130       ?sgetc@?$basic_streambuf@DU?$char_traits@D@std@@@std@@QAEHXZ 0040e130 f i DBBackup.obj
 0001:0000d190       ?snextc@?$basic_streambuf@DU?$char_traits@D@std@@@std@@QAEHXZ 0040e190 f i DBBackup.obj
 0001:0000d1f0       ?ipfx@?$basic_istream@DU?$char_traits@D@std@@@std@@QAE_N_N@Z 0040e1f0 f i DBBackup.obj
 0001:0000d400       ?is@?$ctype@D@std@@QBE_NFD@Z 0040e400 f i DBBackup.obj
 0001:0000d430       ?good@ios_base@std@@QBE_NXZ 0040e430 f i DBBackup.obj
 0001:0000d450       ?pubsync@?$basic_streambuf@DU?$char_traits@D@std@@@std@@QAEHXZ 0040e450 f i DBBackup.obj
 0001:0000d470       ?sbumpc@?$basic_streambuf@DU?$char_traits@D@std@@@std@@QAEHXZ 0040e470 f i DBBackup.obj
 0001:0000d4d0       ?sputc@?$basic_streambuf@DU?$char_traits@D@std@@@std@@QAEHD@Z 0040e4d0 f i DBBackup.obj
 0001:0000d550       ?eback@?$basic_streambuf@DU?$char_traits@D@std@@@std@@IBEPADXZ 0040e550 f i DBBackup.obj
 0001:0000d570       ?gptr@?$basic_streambuf@DU?$char_traits@D@std@@@std@@IBEPADXZ 0040e570 f i DBBackup.obj
 0001:0000d590       ?pptr@?$basic_streambuf@DU?$char_traits@D@std@@@std@@IBEPADXZ 0040e590 f i DBBackup.obj
 0001:0000d5b0       ?egptr@?$basic_streambuf@DU?$char_traits@D@std@@@std@@IBEPADXZ 0040e5b0 f i DBBackup.obj
 0001:0000d5d0       ?gbump@?$basic_streambuf@DU?$char_traits@D@std@@@std@@IAEXH@Z 0040e5d0 f i DBBackup.obj
 0001:0000d610       ?epptr@?$basic_streambuf@DU?$char_traits@D@std@@@std@@IBEPADXZ 0040e610 f i DBBackup.obj
 0001:0000d630       ?_Gndec@?$basic_streambuf@DU?$char_traits@D@std@@@std@@IAEPADXZ 0040e630 f i DBBackup.obj
 0001:0000d670       ?_Gninc@?$basic_streambuf@DU?$char_traits@D@std@@@std@@IAEPADXZ 0040e670 f i DBBackup.obj
 0001:0000d6b0       ?pbump@?$basic_streambuf@DU?$char_traits@D@std@@@std@@IAEXH@Z 0040e6b0 f i DBBackup.obj
 0001:0000d6f0       ?_Pninc@?$basic_streambuf@DU?$char_traits@D@std@@@std@@IAEPADXZ 0040e6f0 f i DBBackup.obj
 0001:0000d730       ??0?$basic_iostream@DU?$char_traits@D@std@@@std@@QAE@PAV?$basic_streambuf@DU?$char_traits@D@std@@@1@@Z 0040e730 f i DBBackup.obj
 0001:0000d7f0       ??0?$basic_filebuf@DU?$char_traits@D@std@@@std@@QAE@PAU_iobuf@@@Z 0040e7f0 f i DBBackup.obj
 0001:0000d860       ??0locale@std@@QAE@XZ      0040e860 f i DBBackup.obj
 0001:0000d8a0       ?is_open@?$basic_filebuf@DU?$char_traits@D@std@@@std@@QBE_NXZ 0040e8a0 f i DBBackup.obj
 0001:0000d8c0       ?open@?$basic_filebuf@DU?$char_traits@D@std@@@std@@QAEPAV12@PBDH@Z 0040e8c0 f i DBBackup.obj
 0001:0000d910       ?close@?$basic_filebuf@DU?$char_traits@D@std@@@std@@QAEPAV12@XZ 0040e910 f i DBBackup.obj
 0001:0000d950       ?put@?$num_put@DV?$ostreambuf_iterator@DU?$char_traits@D@std@@@std@@@std@@QBE?AV?$ostreambuf_iterator@DU?$char_traits@D@std@@@2@V32@AAVios_base@2@DJ@Z 0040e950 f i DBBackup.obj
 0001:0000d9a0       ?put@?$num_put@DV?$ostreambuf_iterator@DU?$char_traits@D@std@@@std@@@std@@QBE?AV?$ostreambuf_iterator@DU?$char_traits@D@std@@@2@V32@AAVios_base@2@DK@Z 0040e9a0 f i DBBackup.obj
 0001:0000d9f0       ?put@?$num_put@DV?$ostreambuf_iterator@DU?$char_traits@D@std@@@std@@@std@@QBE?AV?$ostreambuf_iterator@DU?$char_traits@D@std@@@2@V32@AAVios_base@2@DN@Z 0040e9f0 f i DBBackup.obj
 0001:0000da40       ??0?$ostreambuf_iterator@DU?$char_traits@D@std@@@std@@QAE@PAV?$basic_streambuf@DU?$char_traits@D@std@@@1@@Z 0040ea40 f i DBBackup.obj
 0001:0000da60       ?failed@?$ostreambuf_iterator@DU?$char_traits@D@std@@@std@@QBE_NXZ 0040ea60 f i DBBackup.obj
 0001:0000da70       ?in@?$codecvt@DDH@std@@QBEHAAHPBD1AAPBDPAD3AAPAD@Z 0040ea70 f i DBBackup.obj
 0001:0000dab0       ?out@?$codecvt@DDH@std@@QBEHAAHPBD1AAPBDPAD3AAPAD@Z 0040eab0 f i DBBackup.obj
 0001:0000daf0       ?append@?$basic_string@DU?$char_traits@D@std@@V?$allocator@D@2@@std@@QAEAAV12@PBDI@Z 0040eaf0 f i DBBackup.obj
 0001:0000db70       ?_Freeze@?$basic_string@DU?$char_traits@D@std@@V?$allocator@D@2@@std@@AAEXXZ 0040eb70 f i DBBackup.obj
 0001:0000dbf0       ??0?$basic_ostream@DU?$char_traits@D@std@@@std@@QAE@PAV?$basic_streambuf@DU?$char_traits@D@std@@@1@_N1@Z 0040ebf0 f i DBBackup.obj
 0001:0000dca0       ?opfx@?$basic_ostream@DU?$char_traits@D@std@@@std@@QAE_NXZ 0040eca0 f i DBBackup.obj
 0001:0000dd10       ?osfx@?$basic_ostream@DU?$char_traits@D@std@@@std@@QAEXXZ 0040ed10 f i DBBackup.obj
 0001:0000dd40       ?tie@?$basic_ios@DU?$char_traits@D@std@@@std@@QBEPAV?$basic_ostream@DU?$char_traits@D@std@@@2@XZ 0040ed40 f i DBBackup.obj
 0001:0000dd60       ??0?$basic_istream@DU?$char_traits@D@std@@@std@@QAE@PAV?$basic_streambuf@DU?$char_traits@D@std@@@1@_N@Z 0040ed60 f i DBBackup.obj
[...]
 0001:0001c0d0       ___dbenv_set_tmp_dir       0041d0d0 f   libdb41s:env_method.obj
 0001:0001c110       ___dbenv_set_verbose       0041d110 f   libdb41s:env_method.obj
 0001:0001c230       ___dbenv_set_rpc_server_noclnt 0041d230 f   libdb41s:env_method.obj
 0001:00095aac       _$E37                      00496aac f   libcpmt:xlocale.obj
 0001:00095ac1       _$E36                      00496ac1 f   libcpmt:xlocale.obj
 0001:00092be3       _$E47                      00493be3 f   libcpmt:wlocale.obj
 0001:00092bf8       _$E46                      00493bf8 f   libcpmt:wlocale.obj
 0001:0008c9f5       _$E2                       0048d9f5 f   libcpmt:nomemory.obj
 0001:0008c5f0       __Mbrtowc_lk               0048d5f0 f   libcpmt:xmbtowc.obj
 0001:0008bf01       _$E32                      0048cf01 f   libcpmt:locale.obj
 0001:0008bf2b       _$E28                      0048cf2b f   libcpmt:locale.obj
 0001:0008bf37       _$E31                      0048cf37 f   libcpmt:locale.obj
 0001:0008a18c       _$E24                      0048b18c f   libcpmt:fiopen.obj
 0001:0008a1b6       _$E20                      0048b1b6 f   libcpmt:fiopen.obj
 0001:0008a1c2       _$E23                      0048b1c2 f   libcpmt:fiopen.obj
 0001:00089c88       _$E18                      0048ac88 f   libcpmt:locale0.obj
 0001:00089c92       _$E15                      0048ac92 f   libcpmt:locale0.obj
 0001:00089c93       _$E17                      0048ac93 f   libcpmt:locale0.obj
 0001:00089c9f       _$E16                      0048ac9f f   libcpmt:locale0.obj
 0001:0008a0d1       _$E29                      0048b0d1 f   libcpmt:locale0.obj
 0001:0008a0fb       _$E25                      0048b0fb f   libcpmt:locale0.obj
 0001:0008a107       _$E28                      0048b107 f   libcpmt:locale0.obj
 0001:000896a4       _$E24                      0048a6a4 f   libcpmt:string.obj
 0001:000896ce       _$E20                      0048a6ce f   libcpmt:string.obj
 0001:000896da       _$E23                      0048a6da f   libcpmt:string.obj
 0001:0008935d       ?_CleanUp@std@@YAXXZ       0048a35d f   libcpmt:xlock.obj
 0001:0008840d       _$E18                      0048940d f   libcpmt:wiostrea.obj
 0001:00088417       _$E15                      00489417 f   libcpmt:wiostrea.obj
 0001:00088421       _$E17                      00489421 f   libcpmt:wiostrea.obj
 0001:0008842d       _$E16                      0048942d f   libcpmt:wiostrea.obj
 0001:00088437       _$E24                      00489437 f   libcpmt:wiostrea.obj
 0001:00088441       _$E21                      00489441 f   libcpmt:wiostrea.obj
 0001:0008844b       _$E23                      0048944b f   libcpmt:wiostrea.obj
 0001:00088457       _$E22                      00489457 f   libcpmt:wiostrea.obj
 0001:00088461       _$E29                      00489461 f   libcpmt:wiostrea.obj
 0001:0008846b       _$E26                      0048946b f   libcpmt:wiostrea.obj
 0001:00088478       _$E28                      00489478 f   libcpmt:wiostrea.obj
 0001:00088484       _$E27                      00489484 f   libcpmt:wiostrea.obj
 0001:0008848e       _$E34                      0048948e f   libcpmt:wiostrea.obj
 0001:00088498       _$E31                      00489498 f   libcpmt:wiostrea.obj
 0001:000884a5       _$E33                      004894a5 f   libcpmt:wiostrea.obj
 0001:000884b1       _$E32                      004894b1 f   libcpmt:wiostrea.obj
 0001:000884bb       _$E39                      004894bb f   libcpmt:wiostrea.obj
 0001:000884c5       _$E36                      004894c5 f   libcpmt:wiostrea.obj
 0001:000884d2       _$E38                      004894d2 f   libcpmt:wiostrea.obj
 0001:000884de       _$E37                      004894de f   libcpmt:wiostrea.obj
 0001:000884e8       _$E44                      004894e8 f   libcpmt:wiostrea.obj
 0001:000884f2       _$E41                      004894f2 f   libcpmt:wiostrea.obj
 0001:00088501       _$E43                      00489501 f   libcpmt:wiostrea.obj
 0001:0008850d       _$E42                      0048950d f   libcpmt:wiostrea.obj
 0001:0008852c       _$E49                      0048952c f   libcpmt:wiostrea.obj
 0001:00088536       _$E46                      00489536 f   libcpmt:wiostrea.obj
 0001:00088545       _$E48                      00489545 f   libcpmt:wiostrea.obj
 0001:00088551       _$E47                      00489551 f   libcpmt:wiostrea.obj
 0001:00088570       _$E54                      00489570 f   libcpmt:wiostrea.obj
 0001:0008857a       _$E51                      0048957a f   libcpmt:wiostrea.obj
 0001:00088589       _$E53                      00489589 f   libcpmt:wiostrea.obj
 0001:00088595       _$E52                      00489595 f   libcpmt:wiostrea.obj
 0001:0008859f       _$E59                      0048959f f   libcpmt:wiostrea.obj
 0001:000885a9       _$E56                      004895a9 f   libcpmt:wiostrea.obj
 0001:000885b8       _$E58                      004895b8 f   libcpmt:wiostrea.obj
 0001:000885c4       _$E57                      004895c4 f   libcpmt:wiostrea.obj
 0001:00089292       _$E70                      0048a292 f   libcpmt:wiostrea.obj
 0001:000892bc       _$E66                      0048a2bc f   libcpmt:wiostrea.obj
 0001:000892c8       _$E69                      0048a2c8 f   libcpmt:wiostrea.obj
 0001:00087ffc       _$E18                      00488ffc f   libcpmt:iostream.obj
 0001:00088006       _$E15                      00489006 f   libcpmt:iostream.obj
 0001:00088013       _$E17                      00489013 f   libcpmt:iostream.obj
 0001:0008801f       _$E16                      0048901f f   libcpmt:iostream.obj
 0001:00088029       _$E23                      00489029 f   libcpmt:iostream.obj
 0001:00088033       _$E20                      00489033 f   libcpmt:iostream.obj
 0001:00088040       _$E22                      00489040 f   libcpmt:iostream.obj
 0001:0008804c       _$E21                      0048904c f   libcpmt:iostream.obj
 0001:00088056       _$E28                      00489056 f   libcpmt:iostream.obj
 0001:00088060       _$E25                      00489060 f   libcpmt:iostream.obj
 0001:0008806f       _$E27                      0048906f f   libcpmt:iostream.obj
 0001:0008807b       _$E26                      0048907b f   libcpmt:iostream.obj
 0001:00088085       _$E33                      00489085 f   libcpmt:iostream.obj
 0001:0008808f       _$E30                      0048908f f   libcpmt:iostream.obj
 0001:0008809e       _$E32                      0048909e f   libcpmt:iostream.obj
 0001:000880aa       _$E31                      004890aa f   libcpmt:iostream.obj
 0001:000880b4       _$E38                      004890b4 f   libcpmt:iostream.obj
 0001:000880be       _$E35                      004890be f   libcpmt:iostream.obj
 0001:000880cb       _$E37                      004890cb f   libcpmt:iostream.obj
 0001:000880d7       _$E36                      004890d7 f   libcpmt:iostream.obj
 0001:000880e1       _$E43                      004890e1 f   libcpmt:iostream.obj
 0001:000880eb       _$E40                      004890eb f   libcpmt:iostream.obj
 0001:000880fa       _$E42                      004890fa f   libcpmt:iostream.obj
 0001:00088106       _$E41                      00489106 f   libcpmt:iostream.obj
 0001:00088110       _$E48                      00489110 f   libcpmt:iostream.obj
 0001:0008811a       _$E45                      0048911a f   libcpmt:iostream.obj
 0001:00088129       _$E47                      00489129 f   libcpmt:iostream.obj
 0001:00088135       _$E46                      00489135 f   libcpmt:iostream.obj
 0001:000883ca       _$E60                      004893ca f   libcpmt:iostream.obj
 0001:000883f4       _$E56                      004893f4 f   libcpmt:iostream.obj
 0001:00088400       _$E59                      00489400 f   libcpmt:iostream.obj
 0001:000a45f9       _xtoa                      004a55f9 f   LIBCMT:xtoa.obj
 0001:000a46cb       _x64toa@20                 004a56cb f   LIBCMT:xtoa.obj
 0001:000a41e7       _findenv                   004a51e7 f   LIBCMT:setenv.obj
 0001:000a423f       _copy_environ              004a523f f   LIBCMT:setenv.obj
 0001:000a3d80       _getSystemCP               004a4d80 f   LIBCMT:mbctype.obj
 0001:000a3dca       _CPtoLCID                  004a4dca f   LIBCMT:mbctype.obj
 0001:000a3dfd       _setSBCS                   004a4dfd f   LIBCMT:mbctype.obj
 0001:000a3e26       _setSBUpLow                004a4e26 f   LIBCMT:mbctype.obj
 0001:000a3ba2       _x_ismbbtype               004a4ba2 f   LIBCMT:ismbbyte.obj
 0001:000a3117       __abstract_cw              004a4117 f   LIBCMT:ieee87.obj
 0001:000a31a9       __hw_cw                    004a41a9 f   LIBCMT:ieee87.obj
 0001:000a3232       __abstract_sw              004a4232 f   LIBCMT:ieee87.obj
 0001:000a21e7       _TranslateName             004a31e7 f   LIBCMT:getqloc.obj
 0001:000a223f       _GetLcidFromLangCountry    004a323f f   LIBCMT:getqloc.obj
 0001:000a22c6       _LangCountryEnumProc@4     004a32c6 f   LIBCMT:getqloc.obj
 0001:000a24ca       _GetLcidFromLanguage       004a34ca f   LIBCMT:getqloc.obj
 0001:000a2520       _LanguageEnumProc@4        004a3520 f   LIBCMT:getqloc.obj
 0001:000a25dd       _GetLcidFromCountry        004a35dd f   LIBCMT:getqloc.obj
 0001:000a2614       _CountryEnumProc@4         004a3614 f   LIBCMT:getqloc.obj
 0001:000a269a       _GetLcidFromDefault        004a369a f   LIBCMT:getqloc.obj
 0001:000a26b4       _ProcessCodePage           004a36b4 f   LIBCMT:getqloc.obj
 0001:000a271a       _TestDefaultCountry        004a371a f   LIBCMT:getqloc.obj
 0001:000a2739       _TestDefaultLanguage       004a3739 f   LIBCMT:getqloc.obj
 0001:000a279b       _IsThisWindowsNT           004a379b f   LIBCMT:getqloc.obj
 0001:000a27d1       _crtGetLocaleInfoA@16      004a37d1 f   LIBCMT:getqloc.obj
 0001:000a28b7       _LcidFromHexString         004a38b7 f   LIBCMT:getqloc.obj
 0001:000a28f0       _GetPrimaryLen             004a38f0 f   LIBCMT:getqloc.obj
 0001:000a1c38       __get_lc_lconv             004a2c38 f   LIBCMT:initmon.obj
 0001:000a1d5a       _fix_grouping              004a2d5a f   LIBCMT:initmon.obj
 0001:000a1d91       __free_lc_lconv            004a2d91 f   LIBCMT:initmon.obj
 0001:000a1b36       _fix_grouping              004a2b36 f   LIBCMT:initnum.obj
 0001:000a1483       __get_lc_time              004a2483 f   LIBCMT:inittime.obj
 0001:000a17d1       __free_lc_time             004a27d1 f   LIBCMT:inittime.obj
 0001:000a0fd4       _store_dt                  004a1fd4 f   LIBCMT:asctime.obj
 0001:000a06aa       __tzset_lk                 004a16aa f   LIBCMT:tzset.obj
 0001:000a0952       __isindst_lk               004a1952 f   LIBCMT:tzset.obj
 0001:000a0afe       _cvtdate                   004a1afe f   LIBCMT:tzset.obj
 0001:000a02fb       _ctrlevent_capture@4       004a12fb f   LIBCMT:winsig.obj
 0001:000a04df       _siglookup                 004a14df f   LIBCMT:winsig.obj
 0001:000a00ed       __hextodec                 004a10ed f   LIBCMT:input.obj
 0001:000a0124       __inc                      004a1124 f   LIBCMT:input.obj
 0001:000a013e       __un_inc                   004a113e f   LIBCMT:input.obj
 0001:000a0155       __whiteout                 004a1155 f   LIBCMT:input.obj
 0001:0009efea       _parse_cmdline             0049ffea f   LIBCMT:stdargv.obj
 0001:0009eaa5       _write_char                0049faa5 f   LIBCMT:output.obj
 0001:0009eada       _write_multi_char          0049fada f   LIBCMT:output.obj
 0001:0009eb0b       _write_string              0049fb0b f   LIBCMT:output.obj
 0001:0009eb43       _get_int_arg               0049fb43 f   LIBCMT:output.obj
 0001:0009eb50       _get_int64_arg             0049fb50 f   LIBCMT:output.obj
 0001:0009eb60       _get_short_arg             0049fb60 f   LIBCMT:output.obj
 0001:0009cc05       __cftoe2                   0049dc05 f   LIBCMT:cvt.obj
 0001:0009cd1c       __cftof2                   0049dd1c f   LIBCMT:cvt.obj
 0001:0009cea7       __shift                    0049dea7 f   LIBCMT:cvt.obj
 0001:0009bfae       _xcptlookup                0049cfae f   LIBCMT:winxfltr.obj
 0001:0009b3ab       ?FindHandler@@YAXPAUEHExceptionRecord@@PAUEHRegistrationNode@@PAU_CONTEXT@@PAXPBU_s_FuncInfo@@EH1@Z 0049c3ab f   LIBCMT:frame.obj
 0001:0009b55e       ?FindHandlerForForeignException@@YAXPAUEHExceptionRecord@@PAUEHRegistrationNode@@PAU_CONTEXT@@PAXPBU_s_FuncInfo@@HH1@Z 0049c55e f   LIBCMT:frame.obj
 0001:0009b608       ?TypeMatch@@YAHPBU_s_HandlerType@@PBU_s_CatchableType@@PBU_s_ThrowInfo@@@Z 0049c608 f   LIBCMT:frame.obj
 0001:0009b703       ?FrameUnwindFilter@@YAHPAU_EXCEPTION_POINTERS@@@Z 0049c703 f   LIBCMT:frame.obj
 0001:0009b719       ?CatchIt@@YAXPAUEHExceptionRecord@@PAUEHRegistrationNode@@PAU_CONTEXT@@PAXPBU_s_FuncInfo@@PBU_s_HandlerType@@PBU_s_CatchableType@@PBU_s_TryBlockMapEntry@@H1E@Z 0049c719 f   LIBCMT:frame.obj
 0001:0009b794       ?CallCatchBlock@@YAPAXPAUEHExceptionRecord@@PAUEHRegistrationNode@@PAU_CONTEXT@@PBU_s_FuncInfo@@PAXHK@Z 0049c794 f   LIBCMT:frame.obj
 0001:0009b8af       ?ExFilterRethrow@@YAHPAU_EXCEPTION_POINTERS@@@Z 0049c8af f   LIBCMT:frame.obj
 0001:0009b8d9       ?BuildCatchObject@@YAXPAUEHExceptionRecord@@PAUEHRegistrationNode@@PBU_s_HandlerType@@PBU_s_CatchableType@@@Z 0049c8d9 f   LIBCMT:frame.obj
 0001:0009bb04       ?AdjustPointer@@YAPAXPAXABUPMD@@@Z 0049cb04 f   LIBCMT:frame.obj
 0001:0009b1fa       _doexit                    0049c1fa f   LIBCMT:crt0dat.obj
 0001:0009b2b1       __initterm                 0049c2b1 f   LIBCMT:crt0dat.obj
 0001:0009b162       _strncnt                   0049c162 f   LIBCMT:a_cmp.obj
 0001:0009adf3       _strncnt                   0049bdf3 f   LIBCMT:a_map.obj
 0001:0009a890       _strtoxl                   0049b890 f   LIBCMT:strtol.obj
 0001:0009a446       __setlocale_set_cat        0049b446 f   LIBCMT:setlocal.obj
 0001:0009a561       __setlocale_get_all        0049b561 f   LIBCMT:setlocal.obj
 0001:0009934d       __expandtime               0049a34d f   LIBCMT:strftime.obj
 0001:0009973c       __store_str                0049a73c f   LIBCMT:strftime.obj
 0001:00099763       __store_num                0049a763 f   LIBCMT:strftime.obj
 0001:000997d2       __store_number             0049a7d2 f   LIBCMT:strftime.obj
 0001:0009981b       __store_winword            0049a81b f   LIBCMT:strftime.obj
 0001:00098be1       _shortsort                 00499be1 f   LIBCMT:qsort.obj
 0001:00098c2f       _swap                      00499c2f f   LIBCMT:qsort.obj
 0001:00097dde       _fast_error_exit           00498dde f   LIBCMT:wincrt0.obj
 0001:000974bb       _flsall                    004984bb f   LIBCMT:fflush.obj
 0001:00096840       LeadUp1                    00497840 f   LIBCMT:memmove.obj
 0001:0009686c       LeadUp2                    0049786c f   LIBCMT:memmove.obj
 0001:00096890       LeadUp3                    00497890 f   LIBCMT:memmove.obj
 0001:0009690f       UnwindUp0                  0049790f f   LIBCMT:memmove.obj
 0001:000968fc       UnwindUp1                  004978fc f   LIBCMT:memmove.obj
 0001:000968f4       UnwindUp2                  004978f4 f   LIBCMT:memmove.obj
 0001:000968ec       UnwindUp3                  004978ec f   LIBCMT:memmove.obj
 0001:000968e4       UnwindUp4                  004978e4 f   LIBCMT:memmove.obj
 0001:000968dc       UnwindUp5                  004978dc f   LIBCMT:memmove.obj
 0001:000968d4       UnwindUp6                  004978d4 f   LIBCMT:memmove.obj
 0001:000968cc       UnwindUp7                  004978cc f   LIBCMT:memmove.obj
 0001:00096928       TrailUp0                   00497928 f   LIBCMT:memmove.obj
 0001:00096930       TrailUp1                   00497930 f   LIBCMT:memmove.obj
 0001:0009693c       TrailUp2                   0049793c f   LIBCMT:memmove.obj
 0001:00096950       TrailUp3                   00497950 f   LIBCMT:memmove.obj
 0001:000969c8       LeadDown1                  004979c8 f   LIBCMT:memmove.obj
 0001:000969e8       LeadDown2                  004979e8 f   LIBCMT:memmove.obj
 0001:00096a10       LeadDown3                  00497a10 f   LIBCMT:memmove.obj
 0001:00096a64       UnwindDown7                00497a64 f   LIBCMT:memmove.obj
 0001:00096a6c       UnwindDown6                00497a6c f   LIBCMT:memmove.obj
 0001:00096a74       UnwindDown5                00497a74 f   LIBCMT:memmove.obj
 0001:00096a7c       UnwindDown4                00497a7c f   LIBCMT:memmove.obj
 0001:00096a84       UnwindDown3                00497a84 f   LIBCMT:memmove.obj
 0001:00096a8c       UnwindDown2                00497a8c f   LIBCMT:memmove.obj
 0001:00096a94       UnwindDown1                00497a94 f   LIBCMT:memmove.obj
 0001:00096aa7       UnwindDown0                00497aa7 f   LIBCMT:memmove.obj
 0001:00096ac0       TrailDown0                 00497ac0 f   LIBCMT:memmove.obj
 0001:00096ac8       TrailDown1                 00497ac8 f   LIBCMT:memmove.obj
 0001:00096ad8       TrailDown2                 00497ad8 f   LIBCMT:memmove.obj
 0001:00096aec       TrailDown3                 00497aec f   LIBCMT:memmove.obj
 0001:00096350       LeadUp1                    00497350 f   LIBCMT:memcpy.obj
 0001:0009637c       LeadUp2                    0049737c f   LIBCMT:memcpy.obj
 0001:000963a0       LeadUp3                    004973a0 f   LIBCMT:memcpy.obj
 0001:0009641f       UnwindUp0                  0049741f f   LIBCMT:memcpy.obj
 0001:0009640c       UnwindUp1                  0049740c f   LIBCMT:memcpy.obj
 0001:00096404       UnwindUp2                  00497404 f   LIBCMT:memcpy.obj
 0001:000963fc       UnwindUp3                  004973fc f   LIBCMT:memcpy.obj
 0001:000963f4       UnwindUp4                  004973f4 f   LIBCMT:memcpy.obj
 0001:000963ec       UnwindUp5                  004973ec f   LIBCMT:memcpy.obj
 0001:000963e4       UnwindUp6                  004973e4 f   LIBCMT:memcpy.obj
 0001:000963dc       UnwindUp7                  004973dc f   LIBCMT:memcpy.obj
 0001:00096438       TrailUp0                   00497438 f   LIBCMT:memcpy.obj
 0001:00096440       TrailUp1                   00497440 f   LIBCMT:memcpy.obj
 0001:0009644c       TrailUp2                   0049744c f   LIBCMT:memcpy.obj
 0001:00096460       TrailUp3                   00497460 f   LIBCMT:memcpy.obj
 0001:000964d8       LeadDown1                  004974d8 f   LIBCMT:memcpy.obj
 0001:000964f8       LeadDown2                  004974f8 f   LIBCMT:memcpy.obj
 0001:00096520       LeadDown3                  00497520 f   LIBCMT:memcpy.obj
 0001:00096574       UnwindDown7                00497574 f   LIBCMT:memcpy.obj
 0001:0009657c       UnwindDown6                0049757c f   LIBCMT:memcpy.obj
 0001:00096584       UnwindDown5                00497584 f   LIBCMT:memcpy.obj
 0001:0009658c       UnwindDown4                0049758c f   LIBCMT:memcpy.obj
 0001:00096594       UnwindDown3                00497594 f   LIBCMT:memcpy.obj
 0001:0009659c       UnwindDown2                0049759c f   LIBCMT:memcpy.obj
 0001:000965a4       UnwindDown1                004975a4 f   LIBCMT:memcpy.obj
 0001:000965b7       UnwindDown0                004975b7 f   LIBCMT:memcpy.obj
 0001:000965d0       TrailDown0                 004975d0 f   LIBCMT:memcpy.obj
 0001:000965d8       TrailDown1                 004975d8 f   LIBCMT:memcpy.obj
 0001:000965e8       TrailDown2                 004975e8 f   LIBCMT:memcpy.obj
 0001:000965fc       TrailDown3                 004975fc f   LIBCMT:memcpy.obj
 0001:00096211       __threadstartex@4          00497211 f   LIBCMT:threadex.obj
 0001:00096060       _gu_return                 00497060 f   LIBCMT:exsup.obj
 0001:00096068       __unwind_handler           00497068 f   LIBCMT:exsup.obj
 0001:00095e7b       ?CatchGuardHandler@@YA?AW4_EXCEPTION_DISPOSITION@@PAUEHExceptionRecord@@PAUCatchGuardRN@@PAX2@Z 00496e7b f   LIBCMT:trnsctrl.obj
 0001:00095f56       ?TranslatorGuardHandler@@YA?AW4_EXCEPTION_DISPOSITION@@PAUEHExceptionRecord@@PAUTranslatorGuardRN@@PAX2@Z 00496f56 f   LIBCMT:trnsctrl.obj
