 Represent3

 Timestamp is 6690c794 (Fri Jul 12 13:05:08 2024)

 Preferred load address is 10000000

 Start         Length     Name                   Class
 0001:00000000 000ab0c4H .text                   CODE
 0001:000ab0d0 00000388H .text$x                 CODE
 0002:00000000 00000270H .idata$5                DATA
 0002:00000270 00016c60H .rdata                  DATA
 0002:00016ed0 00000598H .xdata$x                DATA
 0002:00017468 000000dcH .idata$2                DATA
 0002:00017544 00000014H .idata$3                DATA
 0002:00017558 00000270H .idata$4                DATA
 0002:000177c8 00000a18H .idata$6                DATA
 0002:000181e0 0000007dH .edata                  DATA
 0003:00000000 00000004H .CRT$XCA                DATA
 0003:00000004 00000008H .CRT$XCU                DATA
 0003:0000000c 00000004H .CRT$XCZ                DATA
 0003:00000010 00000004H .CRT$XIA                DATA
 0003:00000014 00000004H .CRT$XIZ                DATA
 0003:00000040 00009940H .data                   DATA
 0003:00009980 00002670H .bss                    DATA

  Address         Publics by Value              Rva+Base     Lib:Object

 0001:0000003f       ?CreateDevice@CD3D_Device@@QAE_NPAUD3DAdapterInfo@@PAUD3DDeviceInfo@@PAUD3DModeInfo@@@Z 1000103f f   D3D_Device.obj
 0001:0000015a       ?SetMode@CD3D_Device@@QAE_NPAUD3DModeInfo@@@Z 1000115a f   D3D_Device.obj
 0001:000001cf       ?ResetDevice@CD3D_Device@@QAE_NXZ 100011cf f   D3D_Device.obj
 0001:00000207       ?FreeDevice@CD3D_Device@@QAEXXZ 10001207 f   D3D_Device.obj
 0001:00000237       ?ReleaseDevObjects@CD3D_Device@@QAE_NXZ 10001237 f   D3D_Device.obj
 0001:00000244       ?RestoreDevObjects@CD3D_Device@@QAE_NXZ 10001244 f   D3D_Device.obj
 0001:00000251       ?ResetDeviceVars@CD3D_Device@@QAEXXZ 10001251 f   D3D_Device.obj
 0001:000002a0       ?Reset@CD3D_Device@@QAEXXZ 100012a0 f   D3D_Device.obj
 0001:000002e7       ?FreeAll@CD3D_Device@@QAEXXZ 100012e7 f   D3D_Device.obj
 0001:00000302       ?SetPresentationParams@CD3D_Device@@AAEXAAU_D3DPRESENT_PARAMETERS_@@PAUD3DModeInfo@@@Z 10001302 f   D3D_Device.obj
 0001:000003d5       ?GetDefaultMultiSampleType@CD3D_Device@@AAE?AW4_D3DMULTISAMPLE_TYPE@@I@Z 100013d5 f   D3D_Device.obj
 0001:00000451       ?SetDefaultRenderStates@CD3D_Device@@QAEXXZ 10001451 f   D3D_Device.obj
 0001:00000812       ?SetupViewport@CD3D_Device@@QAEXIIIIMM@Z 10001812 f   D3D_Device.obj
 0001:00000936       ?Start3D@CD3D_Device@@SA_NXZ 10001936 f   D3D_Device.obj
 0001:00000983       ?End3D@CD3D_Device@@SA_NXZ 10001983 f   D3D_Device.obj
 0001:000009cd       ?IsIn3D@CD3D_Device@@SA_NXZ 100019cd f   D3D_Device.obj
 0001:000009d7       ?ListDeviceCaps@CD3D_Device@@QAEXXZ 100019d7 f   D3D_Device.obj
 0001:00000b30       ??0CD3D_Device@@QAE@XZ     10001b30 f i D3D_Device.obj
 0001:00000b50       ??1CD3D_Device@@QAE@XZ     10001b50 f i D3D_Device.obj
 0001:00000baf       ?Create@CD3D_Shell@@QAE_NXZ 10001baf f   D3D_Shell.obj
 0001:00000c22       ?Reset@CD3D_Shell@@QAEXXZ  10001c22 f   D3D_Shell.obj
 0001:00000c41       ?FreeAll@CD3D_Shell@@QAEXXZ 10001c41 f   D3D_Shell.obj
 0001:00000c71       ?BuildDeviceList@CD3D_Shell@@QAE_NXZ 10001c71 f   D3D_Shell.obj
 0001:00001462       ?PickDefaultDev@CD3D_Shell@@QAEPAUD3DDeviceInfo@@PAPAUD3DAdapterInfo@@@Z 10002462 f   D3D_Shell.obj
 0001:0000152b       ?PickDefaultMode@CD3D_Shell@@QAEPAUD3DModeInfo@@PAUD3DDeviceInfo@@I@Z 1000252b f   D3D_Shell.obj
 0001:0000161d       ?ListDevices@CD3D_Shell@@QAEXXZ 1000261d f   D3D_Shell.obj
 0001:000016a3       ?FindDevice@CD3D_Shell@@QAEPAUD3DDeviceInfo@@PBDPAPAUD3DAdapterInfo@@@Z 100026a3 f   D3D_Shell.obj
 0001:0000173c       ?GetAdapterInfo@CD3D_Shell@@QAEPAUD3DAdapterInfo@@I@Z 1000273c f   D3D_Shell.obj
 0001:0000176c       ?GetDeviceInfo@CD3D_Shell@@QAEPAUD3DDeviceInfo@@II@Z 1000276c f   D3D_Shell.obj
 0001:000017b9       ?GetModeInfo@CD3D_Shell@@QAEPAUD3DModeInfo@@III@Z 100027b9 f   D3D_Shell.obj
 0001:00001810       ??0CD3D_Shell@@QAE@XZ      10002810 f i D3D_Shell.obj
 0001:00001870       ??1CD3D_Shell@@QAE@XZ      10002870 f i D3D_Shell.obj
 0001:000018c0       ??0D3DAdapterInfo@@QAE@XZ  100028c0 f i D3D_Shell.obj
 0001:000018f0       ??1D3DAdapterInfo@@QAE@XZ  100028f0 f i D3D_Shell.obj
 0001:00001910       ??0D3DDeviceInfo@@QAE@XZ   10002910 f i D3D_Shell.obj
 0001:00001940       ??1D3DDeviceInfo@@QAE@XZ   10002940 f i D3D_Shell.obj
 0001:00001960       ??0?$vector@UD3DDeviceInfo@@V?$allocator@UD3DDeviceInfo@@@std@@@std@@QAE@ABV?$allocator@UD3DDeviceInfo@@@1@@Z 10002960 f i D3D_Shell.obj
 0001:000019a0       ??1?$vector@UD3DDeviceInfo@@V?$allocator@UD3DDeviceInfo@@@std@@@std@@QAE@XZ 100029a0 f i D3D_Shell.obj
 0001:00001a10       ?begin@?$vector@UD3DDeviceInfo@@V?$allocator@UD3DDeviceInfo@@@std@@@std@@QAEPAUD3DDeviceInfo@@XZ 10002a10 f i D3D_Shell.obj
 0001:00001a30       ?end@?$vector@UD3DDeviceInfo@@V?$allocator@UD3DDeviceInfo@@@std@@@std@@QAEPAUD3DDeviceInfo@@XZ 10002a30 f i D3D_Shell.obj
 0001:00001a50       ?size@?$vector@UD3DDeviceInfo@@V?$allocator@UD3DDeviceInfo@@@std@@@std@@QBEIXZ 10002a50 f i D3D_Shell.obj
 0001:00001a90       ??A?$vector@UD3DDeviceInfo@@V?$allocator@UD3DDeviceInfo@@@std@@@std@@QAEAAUD3DDeviceInfo@@I@Z 10002a90 f i D3D_Shell.obj
 0001:00001ab0       ?push_back@?$vector@UD3DDeviceInfo@@V?$allocator@UD3DDeviceInfo@@@std@@@std@@QAEXABUD3DDeviceInfo@@@Z 10002ab0 f i D3D_Shell.obj
 0001:00001ae0       ??0?$vector@UD3DModeInfo@@V?$allocator@UD3DModeInfo@@@std@@@std@@QAE@ABV?$allocator@UD3DModeInfo@@@1@@Z 10002ae0 f i D3D_Shell.obj
 0001:00001b20       ??1?$vector@UD3DModeInfo@@V?$allocator@UD3DModeInfo@@@std@@@std@@QAE@XZ 10002b20 f i D3D_Shell.obj
 0001:00001b80       ?begin@?$vector@UD3DModeInfo@@V?$allocator@UD3DModeInfo@@@std@@@std@@QAEPAUD3DModeInfo@@XZ 10002b80 f i D3D_Shell.obj
 0001:00001ba0       ?end@?$vector@UD3DModeInfo@@V?$allocator@UD3DModeInfo@@@std@@@std@@QAEPAUD3DModeInfo@@XZ 10002ba0 f i D3D_Shell.obj
 0001:00001bc0       ?size@?$vector@UD3DModeInfo@@V?$allocator@UD3DModeInfo@@@std@@@std@@QBEIXZ 10002bc0 f i D3D_Shell.obj
 0001:00001c00       ??A?$vector@UD3DModeInfo@@V?$allocator@UD3DModeInfo@@@std@@@std@@QAEAAUD3DModeInfo@@I@Z 10002c00 f i D3D_Shell.obj
 0001:00001c20       ?push_back@?$vector@UD3DModeInfo@@V?$allocator@UD3DModeInfo@@@std@@@std@@QAEXABUD3DModeInfo@@@Z 10002c20 f i D3D_Shell.obj
 0001:00001c50       ??0?$vector@UD3DAdapterInfo@@V?$allocator@UD3DAdapterInfo@@@std@@@std@@QAE@ABV?$allocator@UD3DAdapterInfo@@@1@@Z 10002c50 f i D3D_Shell.obj
 0001:00001c90       ??1?$vector@UD3DAdapterInfo@@V?$allocator@UD3DAdapterInfo@@@std@@@std@@QAE@XZ 10002c90 f i D3D_Shell.obj
 0001:00001d00       ?begin@?$vector@UD3DAdapterInfo@@V?$allocator@UD3DAdapterInfo@@@std@@@std@@QAEPAUD3DAdapterInfo@@XZ 10002d00 f i D3D_Shell.obj
 0001:00001d20       ?end@?$vector@UD3DAdapterInfo@@V?$allocator@UD3DAdapterInfo@@@std@@@std@@QAEPAUD3DAdapterInfo@@XZ 10002d20 f i D3D_Shell.obj
 0001:00001d40       ?size@?$vector@UD3DAdapterInfo@@V?$allocator@UD3DAdapterInfo@@@std@@@std@@QBEIXZ 10002d40 f i D3D_Shell.obj
 0001:00001d80       ??A?$vector@UD3DAdapterInfo@@V?$allocator@UD3DAdapterInfo@@@std@@@std@@QAEAAUD3DAdapterInfo@@I@Z 10002d80 f i D3D_Shell.obj
 0001:00001da0       ?push_back@?$vector@UD3DAdapterInfo@@V?$allocator@UD3DAdapterInfo@@@std@@@std@@QAEXABUD3DAdapterInfo@@@Z 10002da0 f i D3D_Shell.obj
 0001:00001dd0       ?clear@?$vector@UD3DAdapterInfo@@V?$allocator@UD3DAdapterInfo@@@std@@@std@@QAEXXZ 10002dd0 f i D3D_Shell.obj
 0001:00001e00       ??0?$vector@W4_D3DFORMAT@@V?$allocator@W4_D3DFORMAT@@@std@@@std@@QAE@ABV?$allocator@W4_D3DFORMAT@@@1@@Z 10002e00 f i D3D_Shell.obj
 0001:00001e40       ??1?$vector@W4_D3DFORMAT@@V?$allocator@W4_D3DFORMAT@@@std@@@std@@QAE@XZ 10002e40 f i D3D_Shell.obj
 0001:00001ea0       ?size@?$vector@W4_D3DFORMAT@@V?$allocator@W4_D3DFORMAT@@@std@@@std@@QBEIXZ 10002ea0 f i D3D_Shell.obj
 0001:00001ee0       ??A?$vector@W4_D3DFORMAT@@V?$allocator@W4_D3DFORMAT@@@std@@@std@@QAEAAW4_D3DFORMAT@@I@Z 10002ee0 f i D3D_Shell.obj
 0001:00001f00       ?push_back@?$vector@W4_D3DFORMAT@@V?$allocator@W4_D3DFORMAT@@@std@@@std@@QAEXABW4_D3DFORMAT@@@Z 10002f00 f i D3D_Shell.obj
 0001:00001f30       ??0?$vector@_NV?$allocator@_N@std@@@std@@QAE@ABV?$allocator@_N@1@@Z 10002f30 f i D3D_Shell.obj
 0001:00001f70       ??1?$vector@_NV?$allocator@_N@std@@@std@@QAE@XZ 10002f70 f i D3D_Shell.obj
 0001:00001fd0       ??A?$vector@_NV?$allocator@_N@std@@@std@@QAEAA_NI@Z 10002fd0 f i D3D_Shell.obj
 0001:00001ff0       ?push_back@?$vector@_NV?$allocator@_N@std@@@std@@QAEXAB_N@Z 10002ff0 f i D3D_Shell.obj
 0001:00002020       ?insert@?$vector@UD3DDeviceInfo@@V?$allocator@UD3DDeviceInfo@@@std@@@std@@QAEPAUD3DDeviceInfo@@PAU3@ABU3@@Z 10003020 f i D3D_Shell.obj
 0001:00002070       ?_Destroy@?$vector@UD3DDeviceInfo@@V?$allocator@UD3DDeviceInfo@@@std@@@std@@IAEXPAUD3DDeviceInfo@@0@Z 10003070 f i D3D_Shell.obj
 0001:000020a0       ?deallocate@?$allocator@UD3DDeviceInfo@@@std@@QAEXPAXI@Z 100030a0 f i D3D_Shell.obj
 0001:000020c0       ?insert@?$vector@UD3DModeInfo@@V?$allocator@UD3DModeInfo@@@std@@@std@@QAEPAUD3DModeInfo@@PAU3@ABU3@@Z 100030c0 f i D3D_Shell.obj
 0001:00002110       ?_Destroy@?$vector@UD3DModeInfo@@V?$allocator@UD3DModeInfo@@@std@@@std@@IAEXPAUD3DModeInfo@@0@Z 10003110 f i D3D_Shell.obj
 0001:00002140       ?deallocate@?$allocator@UD3DModeInfo@@@std@@QAEXPAXI@Z 10003140 f i D3D_Shell.obj
 0001:00002160       ?insert@?$vector@UD3DAdapterInfo@@V?$allocator@UD3DAdapterInfo@@@std@@@std@@QAEPAUD3DAdapterInfo@@PAU3@ABU3@@Z 10003160 f i D3D_Shell.obj
 0001:000021b0       ?erase@?$vector@UD3DAdapterInfo@@V?$allocator@UD3DAdapterInfo@@@std@@@std@@QAEPAUD3DAdapterInfo@@PAU3@0@Z 100031b0 f i D3D_Shell.obj
 0001:00002200       ?_Destroy@?$vector@UD3DAdapterInfo@@V?$allocator@UD3DAdapterInfo@@@std@@@std@@IAEXPAUD3DAdapterInfo@@0@Z 10003200 f i D3D_Shell.obj
 0001:00002230       ?deallocate@?$allocator@UD3DAdapterInfo@@@std@@QAEXPAXI@Z 10003230 f i D3D_Shell.obj
 0001:00002250       ?begin@?$vector@W4_D3DFORMAT@@V?$allocator@W4_D3DFORMAT@@@std@@@std@@QAEPAW4_D3DFORMAT@@XZ 10003250 f i D3D_Shell.obj
 0001:00002270       ?end@?$vector@W4_D3DFORMAT@@V?$allocator@W4_D3DFORMAT@@@std@@@std@@QAEPAW4_D3DFORMAT@@XZ 10003270 f i D3D_Shell.obj
 0001:00002290       ?insert@?$vector@W4_D3DFORMAT@@V?$allocator@W4_D3DFORMAT@@@std@@@std@@QAEPAW4_D3DFORMAT@@PAW43@ABW43@@Z 10003290 f i D3D_Shell.obj
 0001:000022e0       ?_Destroy@?$vector@W4_D3DFORMAT@@V?$allocator@W4_D3DFORMAT@@@std@@@std@@IAEXPAW4_D3DFORMAT@@0@Z 100032e0 f i D3D_Shell.obj
 0001:00002310       ?deallocate@?$allocator@W4_D3DFORMAT@@@std@@QAEXPAXI@Z 10003310 f i D3D_Shell.obj
 0001:00002330       ?begin@?$vector@_NV?$allocator@_N@std@@@std@@QAEPA_NXZ 10003330 f i D3D_Shell.obj
 0001:00002350       ?end@?$vector@_NV?$allocator@_N@std@@@std@@QAEPA_NXZ 10003350 f i D3D_Shell.obj
 0001:00002370       ?insert@?$vector@_NV?$allocator@_N@std@@@std@@QAEPA_NPA_NAB_N@Z 10003370 f i D3D_Shell.obj
 0001:000023b0       ?_Destroy@?$vector@_NV?$allocator@_N@std@@@std@@IAEXPA_N0@Z 100033b0 f i D3D_Shell.obj
 0001:000023e0       ?deallocate@?$allocator@_N@std@@QAEXPAXI@Z 100033e0 f i D3D_Shell.obj
 0001:00002400       ?insert@?$vector@UD3DDeviceInfo@@V?$allocator@UD3DDeviceInfo@@@std@@@std@@QAEXPAUD3DDeviceInfo@@IABU3@@Z 10003400 f i D3D_Shell.obj
 0001:00002660       ?destroy@?$allocator@UD3DDeviceInfo@@@std@@QAEXPAUD3DDeviceInfo@@@Z 10003660 f i D3D_Shell.obj
 0001:00002680       ?insert@?$vector@UD3DModeInfo@@V?$allocator@UD3DModeInfo@@@std@@@std@@QAEXPAUD3DModeInfo@@IABU3@@Z 10003680 f i D3D_Shell.obj
 0001:000028b0       ?destroy@?$allocator@UD3DModeInfo@@@std@@QAEXPAUD3DModeInfo@@@Z 100038b0 f i D3D_Shell.obj
 0001:000028d0       ?insert@?$vector@UD3DAdapterInfo@@V?$allocator@UD3DAdapterInfo@@@std@@@std@@QAEXPAUD3DAdapterInfo@@IABU3@@Z 100038d0 f i D3D_Shell.obj
 0001:00002b30       ?destroy@?$allocator@UD3DAdapterInfo@@@std@@QAEXPAUD3DAdapterInfo@@@Z 10003b30 f i D3D_Shell.obj
 0001:00002b50       ?insert@?$vector@W4_D3DFORMAT@@V?$allocator@W4_D3DFORMAT@@@std@@@std@@QAEXPAW4_D3DFORMAT@@IABW43@@Z 10003b50 f i D3D_Shell.obj
 0001:00002d70       ?destroy@?$allocator@W4_D3DFORMAT@@@std@@QAEXPAW4_D3DFORMAT@@@Z 10003d70 f i D3D_Shell.obj
 0001:00002d90       ?insert@?$vector@_NV?$allocator@_N@std@@@std@@QAEXPA_NIAB_N@Z 10003d90 f i D3D_Shell.obj
 0001:00002f80       ?destroy@?$allocator@_N@std@@QAEXPA_N@Z 10003f80 f i D3D_Shell.obj
 0001:00002fa0       ?_Ucopy@?$vector@UD3DDeviceInfo@@V?$allocator@UD3DDeviceInfo@@@std@@@std@@IAEPAUD3DDeviceInfo@@PBU3@0PAU3@@Z 10003fa0 f i D3D_Shell.obj
 0001:00002ff0       ?_Ufill@?$vector@UD3DDeviceInfo@@V?$allocator@UD3DDeviceInfo@@@std@@@std@@IAEXPAUD3DDeviceInfo@@IABU3@@Z 10003ff0 f i D3D_Shell.obj
 0001:00003030       ?allocate@?$allocator@UD3DDeviceInfo@@@std@@QAEPAUD3DDeviceInfo@@IPBX@Z 10004030 f i D3D_Shell.obj
 0001:00003050       ?_Ucopy@?$vector@UD3DModeInfo@@V?$allocator@UD3DModeInfo@@@std@@@std@@IAEPAUD3DModeInfo@@PBU3@0PAU3@@Z 10004050 f i D3D_Shell.obj
 0001:00003090       ?_Ufill@?$vector@UD3DModeInfo@@V?$allocator@UD3DModeInfo@@@std@@@std@@IAEXPAUD3DModeInfo@@IABU3@@Z 10004090 f i D3D_Shell.obj
 0001:000030d0       ?allocate@?$allocator@UD3DModeInfo@@@std@@QAEPAUD3DModeInfo@@IPBX@Z 100040d0 f i D3D_Shell.obj
 0001:000030f0       ?_Ucopy@?$vector@UD3DAdapterInfo@@V?$allocator@UD3DAdapterInfo@@@std@@@std@@IAEPAUD3DAdapterInfo@@PBU3@0PAU3@@Z 100040f0 f i D3D_Shell.obj
 0001:00003140       ?_Ufill@?$vector@UD3DAdapterInfo@@V?$allocator@UD3DAdapterInfo@@@std@@@std@@IAEXPAUD3DAdapterInfo@@IABU3@@Z 10004140 f i D3D_Shell.obj
 0001:00003180       ?allocate@?$allocator@UD3DAdapterInfo@@@std@@QAEPAUD3DAdapterInfo@@IPBX@Z 10004180 f i D3D_Shell.obj
 0001:000031a0       ?_Ucopy@?$vector@W4_D3DFORMAT@@V?$allocator@W4_D3DFORMAT@@@std@@@std@@IAEPAW4_D3DFORMAT@@PBW43@0PAW43@@Z 100041a0 f i D3D_Shell.obj
 0001:000031e0       ?_Ufill@?$vector@W4_D3DFORMAT@@V?$allocator@W4_D3DFORMAT@@@std@@@std@@IAEXPAW4_D3DFORMAT@@IABW43@@Z 100041e0 f i D3D_Shell.obj
 0001:00003220       ?allocate@?$allocator@W4_D3DFORMAT@@@std@@QAEPAW4_D3DFORMAT@@IPBX@Z 10004220 f i D3D_Shell.obj
 0001:00003240       ?size@?$vector@_NV?$allocator@_N@std@@@std@@QBEIXZ 10004240 f i D3D_Shell.obj
 0001:00003280       ?_Ucopy@?$vector@_NV?$allocator@_N@std@@@std@@IAEPA_NPB_N0PA_N@Z 10004280 f i D3D_Shell.obj
 0001:000032c0       ?_Ufill@?$vector@_NV?$allocator@_N@std@@@std@@IAEXPA_NIAB_N@Z 100042c0 f i D3D_Shell.obj
 0001:00003300       ?allocate@?$allocator@_N@std@@QAEPA_NIPBX@Z 10004300 f i D3D_Shell.obj
 0001:00003320       ?construct@?$allocator@UD3DDeviceInfo@@@std@@QAEXPAUD3DDeviceInfo@@ABU3@@Z 10004320 f i D3D_Shell.obj
 0001:00003340       ?construct@?$allocator@UD3DModeInfo@@@std@@QAEXPAUD3DModeInfo@@ABU3@@Z 10004340 f i D3D_Shell.obj
 0001:00003360       ?construct@?$allocator@UD3DAdapterInfo@@@std@@QAEXPAUD3DAdapterInfo@@ABU3@@Z 10004360 f i D3D_Shell.obj
 0001:00003380       ?construct@?$allocator@W4_D3DFORMAT@@@std@@QAEXPAW4_D3DFORMAT@@ABW43@@Z 10004380 f i D3D_Shell.obj
 0001:000033a0       ?construct@?$allocator@_N@std@@QAEXPA_NAB_N@Z 100043a0 f i D3D_Shell.obj
 0001:000033c0       ?sort@std@@YAXPAUD3DModeInfo@@0@Z 100043c0 f i D3D_Shell.obj
 0001:000033f0       ?copy@std@@YAPAUD3DAdapterInfo@@PAU2@00@Z 100043f0 f i D3D_Shell.obj
 0001:00003430       ?fill@std@@YAXPAUD3DDeviceInfo@@0ABU2@@Z 10004430 f i D3D_Shell.obj
 0001:00003460       ?copy_backward@std@@YAPAUD3DDeviceInfo@@PAU2@00@Z 10004460 f i D3D_Shell.obj
 0001:000034a0       ?_Destroy@std@@YAXPAUD3DDeviceInfo@@@Z 100044a0 f i D3D_Shell.obj
 0001:000034b0       ?fill@std@@YAXPAUD3DModeInfo@@0ABU2@@Z 100044b0 f i D3D_Shell.obj
 0001:000034f0       ?copy_backward@std@@YAPAUD3DModeInfo@@PAU2@00@Z 100044f0 f i D3D_Shell.obj
 0001:00003530       ?_Destroy@std@@YAXPAUD3DModeInfo@@@Z 10004530 f i D3D_Shell.obj
 0001:00003540       ?fill@std@@YAXPAUD3DAdapterInfo@@0ABU2@@Z 10004540 f i D3D_Shell.obj
 0001:00003570       ?copy_backward@std@@YAPAUD3DAdapterInfo@@PAU2@00@Z 10004570 f i D3D_Shell.obj
 0001:000035b0       ?_Destroy@std@@YAXPAUD3DAdapterInfo@@@Z 100045b0 f i D3D_Shell.obj
 0001:000035c0       ?fill@std@@YAXPAW4_D3DFORMAT@@0ABW42@@Z 100045c0 f i D3D_Shell.obj
 0001:000035f0       ?copy_backward@std@@YAPAW4_D3DFORMAT@@PAW42@00@Z 100045f0 f i D3D_Shell.obj
 0001:00003620       ?_Destroy@std@@YAXPAW4_D3DFORMAT@@@Z 10004620 f i D3D_Shell.obj
 0001:00003630       ?fill@std@@YAXPA_N0AB_N@Z  10004630 f i D3D_Shell.obj
 0001:00003660       ?copy_backward@std@@YAPA_NPA_N00@Z 10004660 f i D3D_Shell.obj
 0001:00003690       ?_Destroy@std@@YAXPA_N@Z   10004690 f i D3D_Shell.obj
 0001:000036a0       ?_Allocate@std@@YAPAUD3DDeviceInfo@@HPAU2@@Z 100046a0 f i D3D_Shell.obj
 0001:000036d0       ?_Allocate@std@@YAPAUD3DModeInfo@@HPAU2@@Z 100046d0 f i D3D_Shell.obj
 0001:00003700       ?_Allocate@std@@YAPAUD3DAdapterInfo@@HPAU2@@Z 10004700 f i D3D_Shell.obj
 0001:00003730       ?_Allocate@std@@YAPAW4_D3DFORMAT@@HPAW42@@Z 10004730 f i D3D_Shell.obj
 0001:00003760       ?_Allocate@std@@YAPA_NHPA_N@Z 10004760 f i D3D_Shell.obj
 0001:00003780       ?_Construct@std@@YAXPAUD3DDeviceInfo@@ABU2@@Z 10004780 f i D3D_Shell.obj
 0001:000037f0       ??2@YAPAXIPAX@Z            100047f0 f i D3D_Shell.obj
 0001:00003800       ??3@YAXPAX0@Z              10004800 f i D3D_Shell.obj
 0001:00003810       ?_Construct@std@@YAXPAUD3DModeInfo@@ABU2@@Z 10004810 f i D3D_Shell.obj
 0001:00003860       ?_Construct@std@@YAXPAUD3DAdapterInfo@@ABU2@@Z 10004860 f i D3D_Shell.obj
 0001:000038d0       ?_Construct@std@@YAXPAW4_D3DFORMAT@@ABW42@@Z 100048d0 f i D3D_Shell.obj
 0001:00003910       ?_Construct@std@@YAXPA_NAB_N@Z 10004910 f i D3D_Shell.obj
 0001:00003950       ??4D3DAdapterInfo@@QAEAAU0@ABU0@@Z 10004950 f i D3D_Shell.obj
 0001:000039c0       ??4D3DDeviceInfo@@QAEAAU0@ABU0@@Z 100049c0 f i D3D_Shell.obj
 0001:00003a80       ??_GD3DDeviceInfo@@QAEPAXI@Z 10004a80 f i D3D_Shell.obj
 0001:00003ab0       ??_GD3DAdapterInfo@@QAEPAXI@Z 10004ab0 f i D3D_Shell.obj
 0001:00003ae0       ??0D3DDeviceInfo@@QAE@ABU0@@Z 10004ae0 f i D3D_Shell.obj
 0001:00003ba0       ??0D3DAdapterInfo@@QAE@ABU0@@Z 10004ba0 f i D3D_Shell.obj
 0001:00003c10       ??0?$vector@UD3DDeviceInfo@@V?$allocator@UD3DDeviceInfo@@@std@@@std@@QAE@ABV01@@Z 10004c10 f i D3D_Shell.obj
 0001:00003c80       ??4?$vector@UD3DDeviceInfo@@V?$allocator@UD3DDeviceInfo@@@std@@@std@@QAEAAV01@ABV01@@Z 10004c80 f i D3D_Shell.obj
 0001:00003e30       ??0?$vector@UD3DModeInfo@@V?$allocator@UD3DModeInfo@@@std@@@std@@QAE@ABV01@@Z 10004e30 f i D3D_Shell.obj
 0001:00003ea0       ??4?$vector@UD3DModeInfo@@V?$allocator@UD3DModeInfo@@@std@@@std@@QAEAAV01@ABV01@@Z 10004ea0 f i D3D_Shell.obj
 0001:00004040       ?capacity@?$vector@UD3DDeviceInfo@@V?$allocator@UD3DDeviceInfo@@@std@@@std@@QBEIXZ 10005040 f i D3D_Shell.obj
 0001:00004080       ?begin@?$vector@UD3DDeviceInfo@@V?$allocator@UD3DDeviceInfo@@@std@@@std@@QBEPBUD3DDeviceInfo@@XZ 10005080 f i D3D_Shell.obj
 0001:000040a0       ?end@?$vector@UD3DDeviceInfo@@V?$allocator@UD3DDeviceInfo@@@std@@@std@@QBEPBUD3DDeviceInfo@@XZ 100050a0 f i D3D_Shell.obj
 0001:000040c0       ?capacity@?$vector@UD3DModeInfo@@V?$allocator@UD3DModeInfo@@@std@@@std@@QBEIXZ 100050c0 f i D3D_Shell.obj
 0001:00004100       ?begin@?$vector@UD3DModeInfo@@V?$allocator@UD3DModeInfo@@@std@@@std@@QBEPBUD3DModeInfo@@XZ 10005100 f i D3D_Shell.obj
 0001:00004120       ?end@?$vector@UD3DModeInfo@@V?$allocator@UD3DModeInfo@@@std@@@std@@QBEPBUD3DModeInfo@@XZ 10005120 f i D3D_Shell.obj
 0001:00004140       ?_Val_type@std@@YAPAUD3DModeInfo@@PBU2@@Z 10005140 f i D3D_Shell.obj
 0001:00004150       ?_Sort_0@std@@YAXPAUD3DModeInfo@@00@Z 10005150 f i D3D_Shell.obj
 0001:00004210       ?copy@std@@YAPAUD3DDeviceInfo@@PBU2@0PAU2@@Z 10005210 f i D3D_Shell.obj
 0001:00004250       ?copy@std@@YAPAUD3DModeInfo@@PBU2@0PAU2@@Z 10005250 f i D3D_Shell.obj
 0001:000042a0       ?_Insertion_sort@std@@YAXPAUD3DModeInfo@@0@Z 100052a0 f i D3D_Shell.obj
 0001:000042d0       ?_Sort@std@@YAXPAUD3DModeInfo@@00@Z 100052d0 f i D3D_Shell.obj
 0001:00004460       ?_Unguarded_insert@std@@YAXPAUD3DModeInfo@@U2@@Z 10005460 f i D3D_Shell.obj
 0001:000044d0       ??MD3DModeInfo@@QBE_NABU0@@Z 100054d0 f i D3D_Shell.obj
 0001:00004550       ?_Insertion_sort_1@std@@YAXPAUD3DModeInfo@@00@Z 10005550 f i D3D_Shell.obj
 0001:00004610       ?_Median@std@@YA?AUD3DModeInfo@@U2@00@Z 10005610 f i D3D_Shell.obj
 0001:00004700       ?_Unguarded_partition@std@@YAPAUD3DModeInfo@@PAU2@0U2@@Z 10005700 f i D3D_Shell.obj
 0001:00004780       ?iter_swap@std@@YAXPAUD3DModeInfo@@0@Z 10005780 f i D3D_Shell.obj
 0001:000047b0       ?_Iter_swap@std@@YAXPAUD3DModeInfo@@00@Z 100057b0 f i D3D_Shell.obj
 0001:00004810       ?d3d_GetColorMasks@@YAXW4_D3DFORMAT@@AAI1111@Z 10005810 f   D3D_Utils.obj
 0001:00004a02       ?FitTextureSize@@YAHH@Z    10005a02 f   D3D_Utils.obj
 0001:00004a50       ??0KCharSet@@QAE@XZ        10005a50 f   KCharSet.obj
 0001:00004af0       ??1KCharSet@@UAE@XZ        10005af0 f   KCharSet.obj
 0001:00004b53       ?Init@KCharSet@@QAE_NPBDPAUIDirect3DDevice9@@@Z 10005b53 f   KCharSet.obj
 0001:00004beb       ?GetInfo@KCharSet@@QAEXAAH0@Z 10005beb f   KCharSet.obj
 0001:00004c0e       ?Terminate@KCharSet@@QAEXXZ 10005c0e f   KCharSet.obj
 0001:00004c4d       ?CommitText@KCharSet@@QAEXPAGHPAUKFontVertex@@@Z 10005c4d f   KCharSet.obj
 0001:00004e00       ?GetTexture@KCharSet@@QBEPAUIDirect3DTexture9@@XZ 10005e00 f   KCharSet.obj
 0001:00004e20       ??_EKCharSet@@UAEPAXI@Z    10005e20 f i KCharSet.obj
 0001:00004e20       ??_GKCharSet@@UAEPAXI@Z    10005e20 f i KCharSet.obj
 0001:00004e50       ?GetTexture@KFontRes@@QBEPAUIDirect3DTexture9@@XZ 10005e50 f i KCharSet.obj
 0001:00004e70       ?CheckAlphaCmpCaps@KFont3@@CAXXZ 10005e70 f   KFont3.obj
 0001:00005029       ??0KFont3@@QAE@XZ          10006029 f   KFont3.obj
 0001:000050e9       ??1KFont3@@AAE@XZ          100060e9 f   KFont3.obj
 0001:0000513d       ?Init@KFont3@@UAE_NPAX@Z   1000613d f   KFont3.obj
 0001:00005187       ?Release@KFont3@@UAEXXZ    10006187 f   KFont3.obj
 0001:000051db       ?Load@KFont3@@UAE_NPBD@Z   100061db f   KFont3.obj
 0001:00005277       ?Terminate@KFont3@@UAEXXZ  10006277 f   KFont3.obj
 0001:00005316       ?OutputText@KFont3@@UAEXPBDHHHIH@Z 10006316 f   KFont3.obj
 0001:0000594e       ?RenderTextDirect@KFont3@@CAXPAUKFontVertex@@I@Z 1000694e f   KFont3.obj
 0001:00005974       ?RenderTextCmp@KFont3@@CAXPAUKFontVertex@@I@Z 10006974 f   KFont3.obj
 0001:00005a6c       ?RenderTextCmpReverse@KFont3@@CAXPAUKFontVertex@@I@Z 10006a6c f   KFont3.obj
 0001:00005b97       ?InvalidateDeviceObjects@KFont3@@QAEXXZ 10006b97 f   KFont3.obj
 0001:00005c6f       ?RestoreDeviceObjects@KFont3@@QAE_NXZ 10006c6f f   KFont3.obj
 0001:00005fce       ?GetFontSize@KFont3@@UAEXPAH0@Z 10006fce f   KFont3.obj
 0001:00006007       ?SetBorderColor@KFont3@@UAEXI@Z 10007007 f   KFont3.obj
 0001:0000601c       ?SetOutputSize@KFont3@@UAEXHH@Z 1000701c f   KFont3.obj
 0001:000060a7       ?Clone@KFont3@@UAEPAUiFont@@XZ 100070a7 f   KFont3.obj
 0001:000060e0       ??0iFont@@QAE@XZ           100070e0 f i KFont3.obj
 0001:00006100       ??_GKFont3@@AAEPAXI@Z      10007100 f i KFont3.obj
 0001:00006130       ??0KFontData@@QAE@XZ       10007130 f   KFontData.obj
 0001:0000616f       ??1KFontData@@QAE@XZ       1000716f f   KFontData.obj
 0001:00006182       ?Load@KFontData@@QAE_NPBD@Z 10007182 f   KFontData.obj
 0001:00006359       ?GetInfo@KFontData@@QBEXAAH0@Z 10007359 f   KFontData.obj
 0001:0000637c       ?Terminate@KFontData@@QAEXXZ 1000737c f   KFontData.obj
 0001:000063de       ?GetCharacterData@KFontData@@QBEPAEEE@Z 100073de f   KFontData.obj
 0001:00006440       ?EnableTextBorder@KFontRes@@SAX_N@Z 10007440 f   KFontRes.obj
 0001:00006458       ??0KFontRes@@QAE@XZ        10007458 f   KFontRes.obj
 0001:000064c0       ??1KFontRes@@UAE@XZ        100074c0 f   KFontRes.obj
 0001:00006514       ?Init@KFontRes@@QAE_NPBDPAUIDirect3DDevice9@@@Z 10007514 f   KFontRes.obj
 0001:000066a0       ?GetInfo@KFontRes@@QBEXAAH000@Z 100076a0 f   KFontRes.obj
 0001:000066d9       ?GetInfo@KFontRes@@QBEXAAM000@Z 100076d9 f   KFontRes.obj
 0001:00006772       ?Terminate@KFontRes@@QAEXXZ 10007772 f   KFontRes.obj
 0001:000067cb       ?Update@KFontRes@@QAEXPAGH@Z 100077cb f   KFontRes.obj
 0001:000068ec       ?Update@KFontRes@@AAEXPAE0H@Z 100078ec f   KFontRes.obj
 0001:000069b0       ??_EKFontRes@@UAEPAXI@Z    100079b0 f i KFontRes.obj
 0001:000069b0       ??_GKFontRes@@UAEPAXI@Z    100079b0 f i KFontRes.obj
 0001:000069e0       ??0KMRU@@QAE@XZ            100079e0 f   KMRU.obj
 0001:00006a1f       ??1KMRU@@UAE@XZ            10007a1f f   KMRU.obj
 0001:00006a3b       ?Init@KMRU@@QAE_NH@Z       10007a3b f   KMRU.obj
 0001:00006acc       ?Terminate@KMRU@@QAEXXZ    10007acc f   KMRU.obj
 0001:00006b18       ?GetItemData@KMRU@@AAEGH@Z 10007b18 f   KMRU.obj
 0001:00006b49       ?Update@KMRU@@AAEXXZ       10007b49 f   KMRU.obj
 0001:00006ba8       ?Commit@KMRU@@QAEXPAGH00AAH@Z 10007ba8 f   KMRU.obj
 0001:00006d67       ?AdjustCharPos@KMRU@@AAEXII@Z 10007d67 f   KMRU.obj
 0001:00006e40       ?GetCharPos@KMRU@@AAE_NGHHAAI@Z 10007e40 f   KMRU.obj
 0001:00006f3a       ?GetMostLongestUnusedItem@KMRU@@AAEIXZ 10007f3a f   KMRU.obj
 0001:00006fa0       ??_EKMRU@@UAEPAXI@Z        10007fa0 f i KMRU.obj
 0001:00006fa0       ??_GKMRU@@UAEPAXI@Z        10007fa0 f i KMRU.obj
 0001:00006fd0       ?Test3D@@YA_NXZ            10007fd0 f   KRepresentShell3.obj
 0001:0000705c       ?SetPoint3dLighting@KRepresentShell3@@AAIXAAUVERTEX3D@@0K@Z 1000805c f   KRepresentShell3.obj
 0001:0000718e       ?RenderToA4R4G4B4@@YAXPAGIPAEAAUtagRECT@@II0@Z 1000818e f   KRepresentShell3.obj
 0001:000072a3       ?WndProc@@YGJPAUHWND__@@IIJ@Z 100082a3 f   KRepresentShell3.obj
 0001:000072c0       ?WorldToScreen@@YAPAUD3DXVECTOR3@@PAU1@PBU1@PBU_D3DVIEWPORT9@@PBUD3DXMATRIX@@33@Z 100082c0 f   KRepresentShell3.obj
 0001:00007367       _RepresentIsModuleRecommended 10008367 f   KRepresentShell3.obj
 0001:00007371       _CreateRepresentShell      10008371 f   KRepresentShell3.obj
 0001:000073ae       ?AdviseRepresent@KRepresentShell3@@UAEJPAUIInlinePicEngineSink@@@Z 100083ae f   KRepresentShell3.obj
 0001:000073c5       ?UnAdviseRepresent@KRepresentShell3@@UAEJPAUIInlinePicEngineSink@@@Z 100083c5 f   KRepresentShell3.obj
 0001:000073e9       ??0KRepresentShell3@@QAE@XZ 100083e9 f   KRepresentShell3.obj
 0001:00007500       ??1KRepresentShell3@@AAE@XZ 10008500 f   KRepresentShell3.obj
 0001:000075bc       ?SetOption@KRepresentShell3@@UAEXW4RepresentOption@@_N@Z 100085bc f   KRepresentShell3.obj
 0001:0000762f       ?SetUpProjectionMatrix@KRepresentShell3@@AAEXXZ 1000862f f   KRepresentShell3.obj
 0001:000076c5       ?Create@KRepresentShell3@@UAE_NHH_N@Z 100086c5 f   KRepresentShell3.obj
 0001:000078fb       ?InitDeviceObjects@KRepresentShell3@@AAE_NXZ 100088fb f   KRepresentShell3.obj
 0001:00007976       ?Release@KRepresentShell3@@UAEXXZ 10008976 f   KRepresentShell3.obj
 0001:000079c0       ?DeleteDeviceObjects@KRepresentShell3@@AAEXXZ 100089c0 f   KRepresentShell3.obj
 0001:00007a9d       ?InvalidateDeviceObjects@KRepresentShell3@@AAE_NXZ 10008a9d f   KRepresentShell3.obj
 0001:00007b65       ?RestoreDeviceObjects@KRepresentShell3@@AAE_NXZ 10008b65 f   KRepresentShell3.obj
 0001:00007f8e       ?Reset@KRepresentShell3@@UAE_NHH_N@Z 10008f8e f   KRepresentShell3.obj
 0001:0000806f       ?CreateAFont@KRepresentShell3@@UAE_NPBDW4CHARACTER_CODE_SET@@H@Z 1000906f f   KRepresentShell3.obj
 0001:00008316       ?CreateImage@KRepresentShell3@@UAEIPBDHHH@Z 10009316 f   KRepresentShell3.obj
 0001:00008354       ?DrawPrimitives@KRepresentShell3@@UAEXHPAUKRepresentUnit@@IH@Z 10009354 f   KRepresentShell3.obj
 0001:00008a19       ?DrawImage2D@KRepresentShell3@@AAEXHPAUKRepresentUnit@@H@Z 10009a19 f   KRepresentShell3.obj
 0001:00008ceb       ?DrawImage2DStretch@KRepresentShell3@@AAEXHPAUKRepresentUnit@@@Z 10009ceb f   KRepresentShell3.obj
 0001:00008dbc       ?DrawPlayer2D@KRepresentShell3@@AAEXHPAUKRepresentUnit@@H@Z 10009dbc f   KRepresentShell3.obj
 0001:00008ebc       ?GetBoundBox2D@KRepresentShell3@@AAEXHPAUKRepresentUnit@@HAAUtagRECT@@@Z 10009ebc f   KRepresentShell3.obj
 0001:00009168       ?DrawSprOnTexture2D@KRepresentShell3@@AAEXHPAUKRepresentUnit@@HAAUtagRECT@@AAURECTFLOAT@@H_N@Z 1000a168 f   KRepresentShell3.obj
 0001:00009a89       ?DrawImage3D@KRepresentShell3@@AAEXIHPAUKRepresentUnit@@H@Z 1000aa89 f   KRepresentShell3.obj
 0001:0000a491       ?DrawPlayer3D@KRepresentShell3@@AAEXHPAUKRepresentUnit@@H@Z 1000b491 f   KRepresentShell3.obj
 0001:0000a5d5       ?GetBoundBox3D@KRepresentShell3@@AAEXHPAUKRepresentUnit@@AAURECTFLOAT@@@Z 1000b5d5 f   KRepresentShell3.obj
 0001:0000a9ea       ?DrawPrimitivesOnImage@KRepresentShell3@@UAEXHPAUKRepresentUnit@@IPBDIAAF@Z 1000b9ea f   KRepresentShell3.obj
 0001:0000ad5c       ?ClearImageData@KRepresentShell3@@UAEXPBDIF@Z 1000bd5c f   KRepresentShell3.obj
 0001:0000ae1a       ?FreeAllImage@KRepresentShell3@@UAEXXZ 1000be1a f   KRepresentShell3.obj
 0001:0000ae33       ?FreeImage@KRepresentShell3@@UAEXPBD@Z 1000be33 f   KRepresentShell3.obj
 0001:0000ae64       ?GetBitmapDataBuffer@KRepresentShell3@@UAEPAXPBDPAUKBitmapDataBuffInfo@@@Z 1000be64 f   KRepresentShell3.obj
 0001:0000af46       ?ReleaseBitmapDataBuffer@KRepresentShell3@@UAEXPBDPAX@Z 1000bf46 f   KRepresentShell3.obj
 0001:0000afb2       ?GetImageParam@KRepresentShell3@@UAE_NPBDPAUKImageParam@@H@Z 1000bfb2 f   KRepresentShell3.obj
 0001:0000aff3       ?GetImageFrameParam@KRepresentShell3@@UAE_NPBDHPAUKRPosition2@@1H@Z 1000bff3 f   KRepresentShell3.obj
 0001:0000b03c       ?GetImagePixelAlpha@KRepresentShell3@@UAEHPBDHHHH@Z 1000c03c f   KRepresentShell3.obj
 0001:0000b092       ?LookAt@KRepresentShell3@@UAEXHHH@Z 1000c092 f   KRepresentShell3.obj
 0001:0000b1f0       ?OutputText@KRepresentShell3@@UAEXHPBDHHHIHHI@Z 1000c1f0 f   KRepresentShell3.obj
 0001:0000b3ad       ?OutputRichText@KRepresentShell3@@UAEHHPAUKOutputTextParam@@PBDHH@Z 1000c3ad f   KRepresentShell3.obj
 0001:0000b59e       ?LocateRichText@KRepresentShell3@@UAEHHHHPAUKOutputTextParam@@PBDHH@Z 1000c59e f   KRepresentShell3.obj
 0001:0000b79a       ?ReleaseAFont@KRepresentShell3@@UAEXH@Z 1000c79a f   KRepresentShell3.obj
 0001:0000b828       ?SaveImage@KRepresentShell3@@UAE_NPBD0H@Z 1000c828 f   KRepresentShell3.obj
 0001:0000b86e       ?SetImageStoreBalanceParam@KRepresentShell3@@UAEXHI@Z 1000c86e f   KRepresentShell3.obj
 0001:0000b891       ?CopyDeviceImageToImage@KRepresentShell3@@UAE_NPBDHHHHHH@Z 1000c891 f   KRepresentShell3.obj
 0001:0000b8c7       ?RepresentBegin@KRepresentShell3@@UAE_NHI@Z 1000c8c7 f   KRepresentShell3.obj
 0001:0000b9b8       ?RepresentEnd@KRepresentShell3@@UAEXXZ 1000c9b8 f   KRepresentShell3.obj
 0001:0000bab7       ?ViewPortCoordToSpaceCoord@KRepresentShell3@@UAEXAAH0H@Z 1000cab7 f   KRepresentShell3.obj
 0001:0000bc93       ?D3DTerm@KRepresentShell3@@AAEXXZ 1000cc93 f   KRepresentShell3.obj
 0001:0000bcd8       ?CoordinateTransform@KRepresentShell3@@AAEXAAH0H@Z 1000ccd8 f   KRepresentShell3.obj
 0001:0000bd1e       ?DrawRect@KRepresentShell3@@AAEXHHHHK@Z 1000cd1e f   KRepresentShell3.obj
 0001:0000bf48       ?DrawPoint@KRepresentShell3@@AAEXHPAUKRepresentUnit@@H@Z 1000cf48 f   KRepresentShell3.obj
 0001:0000c15c       ?DrawLine@KRepresentShell3@@AAEXHHHHK@Z 1000d15c f   KRepresentShell3.obj
 0001:0000c302       ?DrawRectFrame@KRepresentShell3@@AAEXHHHHK@Z 1000d302 f   KRepresentShell3.obj
 0001:0000c56b       ?DrawBitmap16@KRepresentShell3@@AAEXHHHHPAVTextureResBmp@@_N@Z 1000d56b f   KRepresentShell3.obj
 0001:0000c874       ?DrawSpriteAlpha@KRepresentShell3@@AAEXHHHHHPAVTextureResSpr@@KH@Z 1000d874 f   KRepresentShell3.obj
 0001:0000ced2       ?DrawSpritePartAlpha@KRepresentShell3@@AAEXHHHHHPAVTextureResSpr@@AAUtagRECT@@@Z 1000ded2 f   KRepresentShell3.obj
 0001:0000d657       ?DrawBitmap16Part@KRepresentShell3@@AAEXHHHHPAVTextureResBmp@@AAUtagRECT@@@Z 1000e657 f   KRepresentShell3.obj
 0001:0000d9ba       ?DrawBitmap163D@KRepresentShell3@@AAEXAAURenderParam3D@@PAVTextureResBmp@@@Z 1000e9ba f   KRepresentShell3.obj
 0001:0000dc2e       ?DrawBitmap163DLighting@KRepresentShell3@@AAEXAAURenderParam3D@@PAVTextureResBmp@@@Z 1000ec2e f   KRepresentShell3.obj
 0001:0000df04       ?DrawSpriteAlpha3D@KRepresentShell3@@AAEXAAURenderParam3D@@HPAVTextureResSpr@@KHPAUtagRECT@@@Z 1000ef04 f   KRepresentShell3.obj
 0001:0000efb7       ?DrawSpriteAlpha3DLighting@KRepresentShell3@@AAEXAAURenderParam3D@@HPAVTextureResSpr@@KHPAUtagRECT@@@Z 1000ffb7 f   KRepresentShell3.obj
 0001:00010028       ?BuildMesh3D@KRepresentShell3@@AAEIPAUVERTEX3D@@0IK@Z 10011028 f   KRepresentShell3.obj
 0001:000108c1       ?GetPoint3dLightingLerp@KRepresentShell3@@AAEIAAUD3DXVECTOR3@@@Z 100118c1 f   KRepresentShell3.obj
 0001:00010c55       ?RIO_CopyBitmap16ToBuffer@KRepresentShell3@@AAEXPAVTextureResBmp@@0HH@Z 10011c55 f   KRepresentShell3.obj
 0001:00010c62       ?RIO_CopySprToBufferAlpha@KRepresentShell3@@AAEXPAVTextureResSpr@@HPAVTextureResBmp@@HH@Z 10011c62 f   KRepresentShell3.obj
 0001:000111bd       ?SetLightInfo@KRepresentShell3@@UAEXHHPAI@Z 100121bd f   KRepresentShell3.obj
 0001:0001120e       ?SaveScreenToFile@KRepresentShell3@@UAE_NPBDW4ScreenFileType@@I@Z 1001220e f   KRepresentShell3.obj
 0001:000114c1       ?SetGamma@KRepresentShell3@@UAEXH@Z 100124c1 f   KRepresentShell3.obj
 0001:000116b0       ?GetPoint3dLighting@KRepresentShell3@@AAEIAAUD3DXVECTOR3@@@Z 100126b0 f i KRepresentShell3.obj
 0001:00011750       ??DD3DXMATRIX@@QBE?AU0@ABU0@@Z 10012750 f i KRepresentShell3.obj
 0001:00011790       ??0D3DXMATRIX@@QAE@XZ      10012790 f i KRepresentShell3.obj
 0001:000117a0       ??0D3DXVECTOR3@@QAE@XZ     100127a0 f i KRepresentShell3.obj
 0001:000117b0       ?SetAdjustColorList@KRepresentShell3@@UAEIPAII@Z 100127b0 f i KRepresentShell3.obj
 0001:000117c0       ??0iRepresentShell@@QAE@XZ 100127c0 f i KRepresentShell3.obj
 0001:000117e0       ??_GKRepresentShell3@@AAEPAXI@Z 100127e0 f i KRepresentShell3.obj
 0001:00011810       ?D3DXMatrixIdentity@@YAPAUD3DXMATRIX@@PAU1@@Z 10012810 f i KRepresentShell3.obj
 0001:000118c0       ?GetAdapterInfo@CD3D_Device@@QAEPAUD3DAdapterInfo@@XZ 100128c0 f i KRepresentShell3.obj
 0001:000118e0       ?GetDeviceInfo@CD3D_Device@@QAEPAUD3DDeviceInfo@@XZ 100128e0 f i KRepresentShell3.obj
 0001:00011900       ?GetWidth@TextureRes@@QAEHXZ 10012900 f i KRepresentShell3.obj
 0001:00011920       ?GetHeight@TextureRes@@QAEHXZ 10012920 f i KRepresentShell3.obj
 0001:00011940       ?GetCenterX@TextureResSpr@@QAEIXZ 10012940 f i KRepresentShell3.obj
 0001:00011960       ?GetCenterY@TextureResSpr@@QAEIXZ 10012960 f i KRepresentShell3.obj
 0001:00011980       ??0D3DXVECTOR4@@QAE@MMMM@Z 10012980 f i KRepresentShell3.obj
 0001:000119c0       ??0D3DXVECTOR3@@QAE@MMM@Z  100129c0 f i KRepresentShell3.obj
 0001:000119f0       ??0RenderParam3D@@QAE@XZ   100129f0 f i KRepresentShell3.obj
 0001:00011a10       ??_H@YGXPAXIHP6EX0@Z@Z     10012a10 f i KRepresentShell3.obj
 0001:00011a40       ?GetViewport@CD3D_Device@@QAE?AU_D3DVIEWPORT9@@XZ 10012a40 f i KRepresentShell3.obj
 0001:00011a70       ??0KOutputTextParam@@QAE@XZ 10012a70 f i KRepresentShell3.obj
 0001:00011ad0       ??GD3DXVECTOR3@@QBE?AU0@ABU0@@Z 10012ad0 f i KRepresentShell3.obj
 0001:00011b30       ??DD3DXVECTOR3@@QBE?AU0@M@Z 10012b30 f i KRepresentShell3.obj
 0001:00011b90       ?ChaZhi@@YAMMMMMM@Z        10012b90 f i KRepresentShell3.obj
 0001:00011bb0       ??0VERTEX3D@@QAE@XZ        10012bb0 f i KRepresentShell3.obj
 0001:00011bd0       ?ChaZhi@@YA?AUD3DXVECTOR3@@U1@0MMM@Z 10012bd0 f i KRepresentShell3.obj
 0001:00011c40       ??HD3DXVECTOR3@@QBE?AU0@ABU0@@Z 10012c40 f i KRepresentShell3.obj
 0001:00011ca0       ??KD3DXVECTOR3@@QBE?AU0@M@Z 10012ca0 f i KRepresentShell3.obj
 0001:00011d00       ??YD3DXVECTOR3@@QAEAAU0@ABU0@@Z 10012d00 f i KRepresentShell3.obj
 0001:00011d50       ?InitGdiplus@@YA_NXZ       10012d50 f   RepresentUtility.obj
 0001:00011d98       ?ShutdownGdiplus@@YAXXZ    10012d98 f   RepresentUtility.obj
 0001:00011daf       ?GetEncoderClsid@@YAHPBGPAU_GUID@@@Z 10012daf f   RepresentUtility.obj
 0001:00011e9f       ?SaveBufferToJpgFile32@@YA_NPADPAXHHHI@Z 10012e9f f   RepresentUtility.obj
 0001:0001243f       ?SaveBufferToJpgFile24@@YA_NPADPAXHHHI@Z 1001343f f   RepresentUtility.obj
 0001:000129e0       ??0GdiplusStartupInput@Gdiplus@@QAE@P6GXW4DebugEventLevel@1@PAD@ZHH@Z 100139e0 f i RepresentUtility.obj
 0001:00012a20       ?GetImageEncodersSize@Gdiplus@@YA?AW4Status@1@PAI0@Z 10013a20 f i RepresentUtility.obj
 0001:00012a40       ?GetImageEncoders@Gdiplus@@YA?AW4Status@1@IIPAVImageCodecInfo@1@@Z 10013a40 f i RepresentUtility.obj
 0001:00012a60       ??3GdiplusBase@Gdiplus@@SAXPAX@Z 10013a60 f i RepresentUtility.obj
 0001:00012a70       ??2GdiplusBase@Gdiplus@@SAPAXI@Z 10013a70 f i RepresentUtility.obj
 0001:00012a80       ??0Image@Gdiplus@@QAE@PAUIStream@@H@Z 10013a80 f i RepresentUtility.obj
 0001:00012ae0       ??_EImage@Gdiplus@@UAEPAXI@Z 10013ae0 f i RepresentUtility.obj
 0001:00012ae0       ??_GImage@Gdiplus@@UAEPAXI@Z 10013ae0 f i RepresentUtility.obj
 0001:00012b10       ??1Image@Gdiplus@@UAE@XZ   10013b10 f i RepresentUtility.obj
 0001:00012b30       ?Clone@Image@Gdiplus@@UAEPAV12@XZ 10013b30 f i RepresentUtility.obj
 0001:00012bd0       ?SetStatus@Image@Gdiplus@@IBE?AW4Status@2@W432@@Z 10013bd0 f i RepresentUtility.obj
 0001:00012c00       ?Save@Image@Gdiplus@@QAE?AW4Status@2@PBGPBU_GUID@@PBVEncoderParameters@2@@Z 10013c00 f i RepresentUtility.obj
 0001:00012c30       ??0Image@Gdiplus@@IAE@PAVGpImage@1@W4Status@1@@Z 10013c30 f i RepresentUtility.obj
 0001:00012c60       ?SetNativeImage@Image@Gdiplus@@IAEXPAVGpImage@2@@Z 10013c60 f i RepresentUtility.obj
 0001:00012c80       ??0KTextProcess@@QAE@XZ    10013c80 f   TextProcess.obj
 0001:00012cc9       ??0KTextProcess@@QAE@PBDHH@Z 10013cc9 f   TextProcess.obj
 0001:00012ced       ?SetContent@KTextProcess@@QAEXPBDHH@Z 10013ced f   TextProcess.obj
 0001:00012d5d       ?GetSimplexText@KTextProcess@@AAEHAAHAAUKTP_CTRL@1@1H@Z 10013d5d f   TextProcess.obj
 0001:00013226       ?SeekToSpecialLine@KTextProcess@@QAEHHAAUKTP_CTRL@1@0AAHHH@Z 10014226 f   TextProcess.obj
 0001:000136a4       ?DrawTextLine@KTextProcess@@QAEHPAUiFont@@HPAUKOutputTextParam@@@Z 100146a4 f   TextProcess.obj
 0001:00013ce1       ?TransXYPosToCharOffset@KTextProcess@@QAEHHHPAUiFont@@HPAUKOutputTextParam@@@Z 10014ce1 f   TextProcess.obj
 0001:0001440c       ?GetCurLineHeight@KTextProcess@@QAEXAAH0HH@Z 1001540c f   TextProcess.obj
 0001:00014720       ?Backup@KTextProcess@@QAEXXZ 10015720 f i TextProcess.obj
 0001:00014780       ?Restore@KTextProcess@@QAEXXZ 10015780 f i TextProcess.obj
 0001:000147e0       ??0TextureRes@@QAE@XZ      100157e0 f   TextureRes.obj
 0001:000147f7       ??1TextureRes@@UAE@XZ      100157f7 f   TextureRes.obj
 0001:0001480b       ?Release@TextureRes@@UAEXXZ 1001580b f   TextureRes.obj
 0001:00014816       ??0TextureResBmp@@QAE@XZ   10015816 f   TextureRes.obj
 0001:00014881       ??1TextureResBmp@@UAE@XZ   10015881 f   TextureRes.obj
 0001:000148d2       ?ResetVar@TextureResBmp@@UAEXXZ 100158d2 f   TextureRes.obj
 0001:00014916       ?InvalidateDeviceObjects@TextureResBmp@@UAE_NXZ 10015916 f   TextureRes.obj
 0001:00014948       ?RestoreDeviceObjects@TextureResBmp@@UAE_NXZ 10015948 f   TextureRes.obj
 0001:000149dc       ?CreateImage@TextureResBmp@@UAE_NPBDHHI@Z 100159dc f   TextureRes.obj
 0001:00014b1a       ?LoadImageA@TextureResBmp@@UAE_NPADI@Z 10015b1a f   TextureRes.obj
 0001:00014b70       ?LoadJpegFile@TextureResBmp@@AAE_NPAD@Z 10015b70 f   TextureRes.obj
 0001:00014db8       ?LockData@TextureResBmp@@QAE_NPAPAXAAH@Z 10015db8 f   TextureRes.obj
 0001:00014e13       ?UnLockData@TextureResBmp@@QAEXXZ 10015e13 f   TextureRes.obj
 0001:00014e69       ?Release@TextureResBmp@@UAEXXZ 10015e69 f   TextureRes.obj
 0001:00014ed5       ??0TextureResSpr@@QAE@XZ   10015ed5 f   TextureRes.obj
 0001:00014f29       ??1TextureResSpr@@UAE@XZ   10015f29 f   TextureRes.obj
 0001:00014f7a       ?ResetVar@TextureResSpr@@UAEXXZ 10015f7a f   TextureRes.obj
 0001:00015018       ?CreateImage@TextureResSpr@@UAE_NPBDHHI@Z 10016018 f   TextureRes.obj
 0001:00015027       ?LoadImageA@TextureResSpr@@UAE_NPADI@Z 10016027 f   TextureRes.obj
 0001:0001507d       ?LoadSprFile@TextureResSpr@@AAE_NPAD@Z 1001607d f   TextureRes.obj
 0001:0001544b       ?PrepareFrameData@TextureResSpr@@QAE_NPBDH_N@Z 1001644b f   TextureRes.obj
 0001:00015618       ?GetTexture@TextureResSpr@@QAEPAUIDirect3DTexture9@@HH@Z 10016618 f   TextureRes.obj
 0001:00015655       ?CreateTexture16Bit@TextureResSpr@@AAEXPBDH@Z 10016655 f   TextureRes.obj
 0001:00015ab5       ?CreateTexture32Bit@TextureResSpr@@AAEXI@Z 10016ab5 f   TextureRes.obj
 0001:00015ac2       ?GetPixelAlpha@TextureResSpr@@QAEHHHH@Z 10016ac2 f   TextureRes.obj
 0001:00015d4e       ?Release@TextureResSpr@@UAEXXZ 10016d4e f   TextureRes.obj
 0001:00016081       ?ReleaseAFrameData@TextureResSpr@@UAE_NXZ 10017081 f   TextureRes.obj
 0001:000161c8       ?SplitTexture@TextureResSpr@@AAEHI@Z 100171c8 f   TextureRes.obj
 0001:00016950       ?InvalidateDeviceObjects@TextureRes@@UAE_NXZ 10017950 f i TextureRes.obj
 0001:00016960       ?RestoreDeviceObjects@TextureRes@@UAE_NXZ 10017960 f i TextureRes.obj
 0001:00016970       ??_GTextureRes@@UAEPAXI@Z  10017970 f i TextureRes.obj
 0001:00016970       ??_ETextureRes@@UAEPAXI@Z  10017970 f i TextureRes.obj
 0001:000169a0       ?ReleaseAFrameData@TextureResBmp@@UAE_NXZ 100179a0 f i TextureRes.obj
 0001:000169c0       ??_GTextureResBmp@@UAEPAXI@Z 100179c0 f i TextureRes.obj
 0001:000169c0       ??_ETextureResBmp@@UAEPAXI@Z 100179c0 f i TextureRes.obj
 0001:000169f0       ??_GTextureResSpr@@UAEPAXI@Z 100179f0 f i TextureRes.obj
 0001:000169f0       ??_ETextureResSpr@@UAEPAXI@Z 100179f0 f i TextureRes.obj
 0001:00016a20       ?RenderToA4R4G4B4@@YAXPAGPAEHH1@Z 10017a20 f i TextureRes.obj
 0001:00016a90       ??0TextureResMgr@@QAE@XZ   10017a90 f   TextureResMgr.obj
 0001:00016b87       ??1TextureResMgr@@QAE@XZ   10017b87 f   TextureResMgr.obj
 0001:00016be1       ?SetBalanceParam@TextureResMgr@@QAEXHI@Z 10017be1 f   TextureResMgr.obj
 0001:00016bee       ?CheckBalance@TextureResMgr@@QAEXXZ 10017bee f   TextureResMgr.obj
 0001:00016da4       ?CreateImage@TextureResMgr@@QAEIPBDHHH@Z 10017da4 f   TextureResMgr.obj
 0001:00016f81       ?FindImage@TextureResMgr@@AAEHIH@Z 10017f81 f   TextureResMgr.obj
 0001:00017110       ?FreeImage@TextureResMgr@@QAEXPBD@Z 10018110 f   TextureResMgr.obj
 0001:00017236       ?Free@TextureResMgr@@QAEXXZ 10018236 f   TextureResMgr.obj
 0001:00017326       ?GetImageParam@TextureResMgr@@QAE_NPBDPAUKImageParam@@H@Z 10018326 f   TextureResMgr.obj
 0001:00017452       ?GetImageFrameParam@TextureResMgr@@QAE_NPBDHPAUKRPosition2@@1H@Z 10018452 f   TextureResMgr.obj
 0001:0001759b       ?GetImage@TextureResMgr@@QAEPAVTextureRes@@PBDAAIAAFHH_N@Z 1001859b f   TextureResMgr.obj
 0001:00017935       ?GetImagePixelAlpha@TextureResMgr@@QAEHPBDHHHH@Z 10018935 f   TextureResMgr.obj
 0001:00017a26       ?LoadImageA@TextureResMgr@@ABEPAVTextureRes@@PBDI@Z 10018a26 f   TextureResMgr.obj
 0001:00017bb5       ?StartProfile@TextureResMgr@@QAEXXZ 10018bb5 f   TextureResMgr.obj
 0001:00017c7a       ?EndProfile@TextureResMgr@@QAEXXZ 10018c7a f   TextureResMgr.obj
 0001:00017d75       ?GetProfileStringA@TextureResMgr@@QAEXPADH@Z 10018d75 f   TextureResMgr.obj
 0001:00017dfd       ?InvalidateDeviceObjects@TextureResMgr@@QAE_NXZ 10018dfd f   TextureResMgr.obj
 0001:00017ecf       ?RestoreDeviceObjects@TextureResMgr@@QAE_NXZ 10018ecf f   TextureResMgr.obj
 0001:00017fb0       ??0KCriticalSection@@QAE@XZ 10018fb0 f i TextureResMgr.obj
 0001:00017fd0       ??1KCriticalSection@@QAE@XZ 10018fd0 f i TextureResMgr.obj
 0001:00017ff0       ??0KAutoCriticalSection@@QAE@AAVKCriticalSection@@@Z 10018ff0 f i TextureResMgr.obj
 0001:00018020       ?Lock@KCriticalSection@@QAEHXZ 10019020 f i TextureResMgr.obj
 0001:00018040       ??1KAutoCriticalSection@@QAE@XZ 10019040 f i TextureResMgr.obj
 0001:00018060       ?UnLock@KCriticalSection@@QAEHXZ 10019060 f i TextureResMgr.obj
 0001:00018080       ?GetFrameNum@TextureResSpr@@QAEIXZ 10019080 f i TextureResMgr.obj
 0001:000180a0       ?GetDirections@TextureResSpr@@QAEIXZ 100190a0 f i TextureResMgr.obj
 0001:000180c0       ?GetInterval@TextureResSpr@@QAEIXZ 100190c0 f i TextureResMgr.obj
 0001:000180e0       ??0?$vector@UResNode@@V?$allocator@UResNode@@@std@@@std@@QAE@ABV?$allocator@UResNode@@@1@@Z 100190e0 f i TextureResMgr.obj
 0001:00018120       ??1?$vector@UResNode@@V?$allocator@UResNode@@@std@@@std@@QAE@XZ 10019120 f i TextureResMgr.obj
 0001:00018190       ?begin@?$vector@UResNode@@V?$allocator@UResNode@@@std@@@std@@QAEPAUResNode@@XZ 10019190 f i TextureResMgr.obj
 0001:000181b0       ?end@?$vector@UResNode@@V?$allocator@UResNode@@@std@@@std@@QAEPAUResNode@@XZ 100191b0 f i TextureResMgr.obj
 0001:000181d0       ?size@?$vector@UResNode@@V?$allocator@UResNode@@@std@@@std@@QBEIXZ 100191d0 f i TextureResMgr.obj
 0001:00018210       ??A?$vector@UResNode@@V?$allocator@UResNode@@@std@@@std@@QAEAAUResNode@@I@Z 10019210 f i TextureResMgr.obj
 0001:00018230       ?insert@?$vector@UResNode@@V?$allocator@UResNode@@@std@@@std@@QAEPAUResNode@@PAU3@ABU3@@Z 10019230 f i TextureResMgr.obj
 0001:00018280       ?erase@?$vector@UResNode@@V?$allocator@UResNode@@@std@@@std@@QAEPAUResNode@@PAU3@@Z 10019280 f i TextureResMgr.obj
 0001:000182e0       ?erase@?$vector@UResNode@@V?$allocator@UResNode@@@std@@@std@@QAEPAUResNode@@PAU3@0@Z 100192e0 f i TextureResMgr.obj
 0001:00018330       ?clear@?$vector@UResNode@@V?$allocator@UResNode@@@std@@@std@@QAEXXZ 10019330 f i TextureResMgr.obj
 0001:00018360       ?insert@?$vector@UResNode@@V?$allocator@UResNode@@@std@@@std@@QAEXPAUResNode@@IABU3@@Z 10019360 f i TextureResMgr.obj
 0001:000185a0       ?_Destroy@?$vector@UResNode@@V?$allocator@UResNode@@@std@@@std@@IAEXPAUResNode@@0@Z 100195a0 f i TextureResMgr.obj
 0001:000185d0       ?deallocate@?$allocator@UResNode@@@std@@QAEXPAXI@Z 100195d0 f i TextureResMgr.obj
 0001:000185f0       ?_Ucopy@?$vector@UResNode@@V?$allocator@UResNode@@@std@@@std@@IAEPAUResNode@@PBU3@0PAU3@@Z 100195f0 f i TextureResMgr.obj
 0001:00018630       ?_Ufill@?$vector@UResNode@@V?$allocator@UResNode@@@std@@@std@@IAEXPAUResNode@@IABU3@@Z 10019630 f i TextureResMgr.obj
 0001:00018670       ?allocate@?$allocator@UResNode@@@std@@QAEPAUResNode@@IPBX@Z 10019670 f i TextureResMgr.obj
 0001:00018690       ?destroy@?$allocator@UResNode@@@std@@QAEXPAUResNode@@@Z 10019690 f i TextureResMgr.obj
 0001:000186b0       ?construct@?$allocator@UResNode@@@std@@QAEXPAUResNode@@ABU3@@Z 100196b0 f i TextureResMgr.obj
 0001:000186d0       ?copy@std@@YAPAUResNode@@PAU2@00@Z 100196d0 f i TextureResMgr.obj
 0001:00018710       ?fill@std@@YAXPAUResNode@@0ABU2@@Z 10019710 f i TextureResMgr.obj
 0001:00018740       ?copy_backward@std@@YAPAUResNode@@PAU2@00@Z 10019740 f i TextureResMgr.obj
 0001:00018780       ?_Allocate@std@@YAPAUResNode@@HPAU2@@Z 10019780 f i TextureResMgr.obj
 0001:000187b0       ?_Destroy@std@@YAXPAUResNode@@@Z 100197b0 f i TextureResMgr.obj
 0001:000187c0       ?_Construct@std@@YAXPAUResNode@@ABU2@@Z 100197c0 f i TextureResMgr.obj
 0001:00018802       _GlobalMemoryStatus@4      10019802 f   kernel32:KERNEL32.dll
 0001:00018808       _MultiByteToWideChar@24    10019808 f   kernel32:KERNEL32.dll
 0001:0001880e       _InitializeCriticalSection@4 1001980e f   kernel32:KERNEL32.dll
 0001:00018814       _DeleteCriticalSection@4   10019814 f   kernel32:KERNEL32.dll
 0001:0001881a       _GetTickCount@0            1001981a f   kernel32:KERNEL32.dll
 0001:00018820       _EnterCriticalSection@4    10019820 f   kernel32:KERNEL32.dll
 0001:00018826       _LeaveCriticalSection@4    10019826 f   kernel32:KERNEL32.dll
 0001:0001882c       _DefWindowProcA@16         1001982c f   user32:USER32.dll
 0001:00018832       _SetWindowLongA@12         10019832 f   user32:USER32.dll
 0001:00018838       _GetWindowLongA@8          10019838 f   user32:USER32.dll
 0001:0001883e       _ClientToScreen@8          1001983e f   user32:USER32.dll
 0001:00018844       _GetClientRect@8           10019844 f   user32:USER32.dll
 0001:0001884a       _CreateStreamOnHGlobal@12  1001984a f   ole32:ole32.dll
 0001:00018898       ?init_D3DXFloat32To16Array@@YGPAUD3DXFLOAT16@@PAU1@PBMI@Z 10019898 f   d3dx9dt:d3dxmath.obj
 0001:000188a9       _D3DXFloat32To16Array@12   100198a9 f   d3dx9dt:d3dxmath.obj
 0001:000188af       ?c_D3DXFloat32To16Array@@YGPAUD3DXFLOAT16@@PAU1@PBMI@Z 100198af f   d3dx9dt:d3dxmath.obj
 0001:0001894f       ?init_D3DXFloat16To32Array@@YGPAMPAMPBUD3DXFLOAT16@@I@Z 1001994f f   d3dx9dt:d3dxmath.obj
 0001:00018960       _D3DXFloat16To32Array@12   10019960 f   d3dx9dt:d3dxmath.obj
 0001:00018966       ?c_D3DXFloat16To32Array@@YGPAMPAMPBUD3DXFLOAT16@@I@Z 10019966 f   d3dx9dt:d3dxmath.obj
 0001:00018a21       ?init_D3DXVec2Normalize@@YGPAUD3DXVECTOR2@@PAU1@PBU1@@Z 10019a21 f   d3dx9dt:d3dxmath.obj
 0001:00018a32       _D3DXVec2Normalize@8       10019a32 f   d3dx9dt:d3dxmath.obj
 0001:00018a38       ?init_D3DXVec2Hermite@@YGPAUD3DXVECTOR2@@PAU1@PBU1@111M@Z 10019a38 f   d3dx9dt:d3dxmath.obj
 0001:00018a62       _D3DXVec2Hermite@24        10019a62 f   d3dx9dt:d3dxmath.obj
 0001:00018a68       ?c_D3DXVec2Hermite@@YGPAUD3DXVECTOR2@@PAU1@PBU1@111M@Z 10019a68 f   d3dx9dt:d3dxmath.obj
 0001:00018b18       ?init_D3DXVec2CatmullRom@@YGPAUD3DXVECTOR2@@PAU1@PBU1@111M@Z 10019b18 f   d3dx9dt:d3dxmath.obj
 0001:00018b42       _D3DXVec2CatmullRom@24     10019b42 f   d3dx9dt:d3dxmath.obj
 0001:00018b48       ?c_D3DXVec2CatmullRom@@YGPAUD3DXVECTOR2@@PAU1@PBU1@111M@Z 10019b48 f   d3dx9dt:d3dxmath.obj
 0001:00018c21       ?init_D3DXVec2BaryCentric@@YGPAUD3DXVECTOR2@@PAU1@PBU1@11MM@Z 10019c21 f   d3dx9dt:d3dxmath.obj
 0001:00018c50       _D3DXVec2BaryCentric@24    10019c50 f   d3dx9dt:d3dxmath.obj
 0001:00018c56       ?c_D3DXVec2BaryCentric@@YGPAUD3DXVECTOR2@@PAU1@PBU1@11MM@Z 10019c56 f   d3dx9dt:d3dxmath.obj
 0001:00018cad       ?init_D3DXVec2Transform@@YGPAUD3DXVECTOR4@@PAU1@PBUD3DXVECTOR2@@PBUD3DXMATRIX@@@Z 10019cad f   d3dx9dt:d3dxmath.obj
 0001:00018cbe       _D3DXVec2Transform@12      10019cbe f   d3dx9dt:d3dxmath.obj
 0001:00018cc4       ?init_D3DXVec2TransformArray@@YGPAUD3DXVECTOR4@@PAU1@IPBUD3DXVECTOR2@@IPBUD3DXMATRIX@@I@Z 10019cc4 f   d3dx9dt:d3dxmath.obj
 0001:00018cd5       _D3DXVec2TransformArray@24 10019cd5 f   d3dx9dt:d3dxmath.obj
 0001:00018cdb       _acosf@4                   10019cdb f i d3dx9dt:d3dxmath.obj
 0001:00018cea       ?init_D3DXVec2TransformCoord@@YGPAUD3DXVECTOR2@@PAU1@PBU1@PBUD3DXMATRIX@@@Z 10019cea f   d3dx9dt:d3dxmath.obj
 0001:00018cfb       _D3DXVec2TransformCoord@12 10019cfb f   d3dx9dt:d3dxmath.obj
 0001:00018d01       _atan2f@8                  10019d01 f i d3dx9dt:d3dxmath.obj
 0001:00018d10       _fabsf@4                   10019d10 f i d3dx9dt:d3dxmath.obj
 0001:00018d1c       ?init_D3DXVec2TransformCoordArray@@YGPAUD3DXVECTOR2@@PAU1@IPBU1@IPBUD3DXMATRIX@@I@Z 10019d1c f   d3dx9dt:d3dxmath.obj
 0001:00018d2d       _D3DXVec2TransformCoordArray@24 10019d2d f   d3dx9dt:d3dxmath.obj
 0001:00018d33       _sinf@4                    10019d33 f i d3dx9dt:d3dxmath.obj
 0001:00018d3f       _sqrtf@4                   10019d3f f i d3dx9dt:d3dxmath.obj
 0001:00018d4b       ?init_D3DXVec2TransformNormal@@YGPAUD3DXVECTOR2@@PAU1@PBU1@PBUD3DXMATRIX@@@Z 10019d4b f   d3dx9dt:d3dxmath.obj
 0001:00018d5c       _D3DXVec2TransformNormal@12 10019d5c f   d3dx9dt:d3dxmath.obj
 0001:00018d62       ??0D3DXVECTOR2@@QAE@XZ     10019d62 f i d3dx9dt:d3dxmath.obj
 0001:00018d65       ?init_D3DXVec2TransformNormalArray@@YGPAUD3DXVECTOR2@@PAU1@IPBU1@IPBUD3DXMATRIX@@I@Z 10019d65 f   d3dx9dt:d3dxmath.obj
 0001:00018d76       ??0D3DXVECTOR4@@QAE@XZ     10019d76 f i d3dx9dt:d3dxmath.obj
 0001:00018d79       _D3DXVec2TransformNormalArray@24 10019d79 f   d3dx9dt:d3dxmath.obj
 0001:00018d7f       ?c_D3DXVec2TransformNormalArray@@YGPAUD3DXVECTOR2@@PAU1@IPBU1@IPBUD3DXMATRIX@@I@Z 10019d7f f   d3dx9dt:d3dxmath.obj
 0001:00018df3       ??0_D3DXMATRIXA16@@QAE@XZ  10019df3 f i d3dx9dt:d3dxmath.obj
 0001:00018df6       ??0D3DXQUATERNION@@QAE@XZ  10019df6 f i d3dx9dt:d3dxmath.obj
 0001:00018df9       ??0D3DXPLANE@@QAE@XZ       10019df9 f i d3dx9dt:d3dxmath.obj
 0001:00018dfc       ?init_D3DXVec3Normalize@@YGPAUD3DXVECTOR3@@PAU1@PBU1@@Z 10019dfc f   d3dx9dt:d3dxmath.obj
 0001:00018e0d       _D3DXVec3Normalize@8       10019e0d f   d3dx9dt:d3dxmath.obj
 0001:00018e13       ?init_D3DXVec3Hermite@@YGPAUD3DXVECTOR3@@PAU1@PBU1@111M@Z 10019e13 f   d3dx9dt:d3dxmath.obj
 0001:00018e3d       _D3DXVec3Hermite@24        10019e3d f   d3dx9dt:d3dxmath.obj
 0001:00018e43       ??0D3DXVECTOR2@@QAE@MM@Z   10019e43 f i d3dx9dt:d3dxmath.obj
 0001:00018e57       ?c_D3DXVec3Hermite@@YGPAUD3DXVECTOR3@@PAU1@PBU1@111M@Z 10019e57 f   d3dx9dt:d3dxmath.obj
 0001:00018f2f       ?init_D3DXVec3CatmullRom@@YGPAUD3DXVECTOR3@@PAU1@PBU1@111M@Z 10019f2f f   d3dx9dt:d3dxmath.obj
 0001:00018f59       ??_0D3DXVECTOR2@@QAEAAU0@M@Z 10019f59 f i d3dx9dt:d3dxmath.obj
 0001:00018f73       _D3DXVec3CatmullRom@24     10019f73 f   d3dx9dt:d3dxmath.obj
 0001:00018f79       ?c_D3DXVec3CatmullRom@@YGPAUD3DXVECTOR3@@PAU1@PBU1@111M@Z 10019f79 f   d3dx9dt:d3dxmath.obj
 0001:00019074       ?init_D3DXVec3BaryCentric@@YGPAUD3DXVECTOR3@@PAU1@PBU1@11MM@Z 1001a074 f   d3dx9dt:d3dxmath.obj
 0001:000190a3       ??KD3DXVECTOR2@@QBE?AU0@M@Z 1001a0a3 f i d3dx9dt:d3dxmath.obj
 0001:000190c2       _D3DXVec3BaryCentric@24    1001a0c2 f   d3dx9dt:d3dxmath.obj
 0001:000190c8       ?c_D3DXVec3BaryCentric@@YGPAUD3DXVECTOR3@@PAU1@PBU1@11MM@Z 1001a0c8 f   d3dx9dt:d3dxmath.obj
 0001:00019139       ?init_D3DXVec3Transform@@YGPAUD3DXVECTOR4@@PAU1@PBUD3DXVECTOR3@@PBUD3DXMATRIX@@@Z 1001a139 f   d3dx9dt:d3dxmath.obj
 0001:0001914a       _D3DXVec3Transform@12      1001a14a f   d3dx9dt:d3dxmath.obj
 0001:00019150       ?c_D3DXVec3Transform@@YGPAUD3DXVECTOR4@@PAU1@PBUD3DXVECTOR3@@PBUD3DXMATRIX@@@Z 1001a150 f   d3dx9dt:d3dxmath.obj
 0001:000191f6       ?init_D3DXVec3TransformArray@@YGPAUD3DXVECTOR4@@PAU1@IPBUD3DXVECTOR3@@IPBUD3DXMATRIX@@I@Z 1001a1f6 f   d3dx9dt:d3dxmath.obj
 0001:00019207       _D3DXVec3TransformArray@24 1001a207 f   d3dx9dt:d3dxmath.obj
 0001:0001920d       ?c_D3DXVec3TransformArray@@YGPAUD3DXVECTOR4@@PAU1@IPBUD3DXVECTOR3@@IPBUD3DXMATRIX@@I@Z 1001a20d f   d3dx9dt:d3dxmath.obj
 0001:000192ec       ?init_D3DXVec3TransformCoord@@YGPAUD3DXVECTOR3@@PAU1@PBU1@PBUD3DXMATRIX@@@Z 1001a2ec f   d3dx9dt:d3dxmath.obj
 0001:000192fd       _D3DXVec3TransformCoord@12 1001a2fd f   d3dx9dt:d3dxmath.obj
 0001:00019303       ??_0D3DXVECTOR3@@QAEAAU0@M@Z 1001a303 f i d3dx9dt:d3dxmath.obj
 0001:00019325       ?init_D3DXVec3TransformCoordArray@@YGPAUD3DXVECTOR3@@PAU1@IPBU1@IPBUD3DXMATRIX@@I@Z 1001a325 f   d3dx9dt:d3dxmath.obj
 0001:00019336       _D3DXVec3TransformCoordArray@24 1001a336 f   d3dx9dt:d3dxmath.obj
 0001:0001933c       ?c_D3DXVec3TransformCoordArray@@YGPAUD3DXVECTOR3@@PAU1@IPBU1@IPBUD3DXMATRIX@@I@Z 1001a33c f   d3dx9dt:d3dxmath.obj
 0001:00019453       ?init_D3DXVec3TransformNormal@@YGPAUD3DXVECTOR3@@PAU1@PBU1@PBUD3DXMATRIX@@@Z 1001a453 f   d3dx9dt:d3dxmath.obj
 0001:00019464       _D3DXVec3TransformNormal@12 1001a464 f   d3dx9dt:d3dxmath.obj
 0001:0001946a       ?c_D3DXVec3TransformNormal@@YGPAUD3DXVECTOR3@@PAU1@PBU1@PBUD3DXMATRIX@@@Z 1001a46a f   d3dx9dt:d3dxmath.obj
 0001:000194e3       ?init_D3DXVec3TransformNormalArray@@YGPAUD3DXVECTOR3@@PAU1@IPBU1@IPBUD3DXMATRIX@@I@Z 1001a4e3 f   d3dx9dt:d3dxmath.obj
 0001:000194f4       _D3DXVec3TransformNormalArray@24 1001a4f4 f   d3dx9dt:d3dxmath.obj
 0001:000194fa       ?c_D3DXVec3TransformNormalArray@@YGPAUD3DXVECTOR3@@PAU1@IPBU1@IPBUD3DXMATRIX@@I@Z 1001a4fa f   d3dx9dt:d3dxmath.obj
 0001:000195a0       ?init_D3DXVec3Project@@YGPAUD3DXVECTOR3@@PAU1@PBU1@PBU_D3DVIEWPORT9@@PBUD3DXMATRIX@@33@Z 1001a5a0 f   d3dx9dt:d3dxmath.obj
 0001:000195b1       _D3DXVec3Project@24        1001a5b1 f   d3dx9dt:d3dxmath.obj
 0001:000195b7       ?init_D3DXVec3ProjectArray@@YGPAUD3DXVECTOR3@@PAU1@IPBU1@IPBU_D3DVIEWPORT9@@PBUD3DXMATRIX@@33I@Z 1001a5b7 f   d3dx9dt:d3dxmath.obj
 0001:000195c8       _D3DXVec3ProjectArray@36   1001a5c8 f   d3dx9dt:d3dxmath.obj
 0001:000195ce       ??KD3DXVECTOR4@@QBE?AU0@M@Z 1001a5ce f i d3dx9dt:d3dxmath.obj
 0001:000195fd       ?init_D3DXVec3Unproject@@YGPAUD3DXVECTOR3@@PAU1@PBU1@PBU_D3DVIEWPORT9@@PBUD3DXMATRIX@@33@Z 1001a5fd f   d3dx9dt:d3dxmath.obj
 0001:0001960e       _D3DXVec3Unproject@24      1001a60e f   d3dx9dt:d3dxmath.obj
 0001:00019614       ?init_D3DXVec3UnprojectArray@@YGPAUD3DXVECTOR3@@PAU1@IPBU1@IPBU_D3DVIEWPORT9@@PBUD3DXMATRIX@@33I@Z 1001a614 f   d3dx9dt:d3dxmath.obj
 0001:00019625       _D3DXVec3UnprojectArray@36 1001a625 f   d3dx9dt:d3dxmath.obj
 0001:0001962b       ?init_D3DXVec4Cross@@YGPAUD3DXVECTOR4@@PAU1@PBU1@11@Z 1001a62b f   d3dx9dt:d3dxmath.obj
 0001:0001963c       _D3DXVec4Cross@16          1001a63c f   d3dx9dt:d3dxmath.obj
 0001:00019642       ?c_D3DXVec4Cross@@YGPAUD3DXVECTOR4@@PAU1@PBU1@11@Z 1001a642 f   d3dx9dt:d3dxmath.obj
 0001:00019759       ?init_D3DXVec4Normalize@@YGPAUD3DXVECTOR4@@PAU1@PBU1@@Z 1001a759 f   d3dx9dt:d3dxmath.obj
 0001:0001976a       _D3DXVec4Normalize@8       1001a76a f   d3dx9dt:d3dxmath.obj
 0001:00019770       ?init_D3DXVec4Hermite@@YGPAUD3DXVECTOR4@@PAU1@PBU1@111M@Z 1001a770 f   d3dx9dt:d3dxmath.obj
 0001:0001979a       _D3DXVec4Hermite@24        1001a79a f   d3dx9dt:d3dxmath.obj
 0001:000197a0       ?c_D3DXVec4Hermite@@YGPAUD3DXVECTOR4@@PAU1@PBU1@111M@Z 1001a7a0 f   d3dx9dt:d3dxmath.obj
 0001:0001989a       ?init_D3DXVec4CatmullRom@@YGPAUD3DXVECTOR4@@PAU1@PBU1@111M@Z 1001a89a f   d3dx9dt:d3dxmath.obj
 0001:000198c4       _D3DXVec4CatmullRom@24     1001a8c4 f   d3dx9dt:d3dxmath.obj
 0001:000198ca       ?c_D3DXVec4CatmullRom@@YGPAUD3DXVECTOR4@@PAU1@PBU1@111M@Z 1001a8ca f   d3dx9dt:d3dxmath.obj
 0001:000199e7       ?init_D3DXVec4BaryCentric@@YGPAUD3DXVECTOR4@@PAU1@PBU1@11MM@Z 1001a9e7 f   d3dx9dt:d3dxmath.obj
 0001:00019a16       _D3DXVec4BaryCentric@24    1001aa16 f   d3dx9dt:d3dxmath.obj
 0001:00019a1c       ?c_D3DXVec4BaryCentric@@YGPAUD3DXVECTOR4@@PAU1@PBU1@11MM@Z 1001aa1c f   d3dx9dt:d3dxmath.obj
 0001:00019aa7       ?init_D3DXVec4Transform@@YGPAUD3DXVECTOR4@@PAU1@PBU1@PBUD3DXMATRIX@@@Z 1001aaa7 f   d3dx9dt:d3dxmath.obj
 0001:00019ab8       _D3DXVec4Transform@12      1001aab8 f   d3dx9dt:d3dxmath.obj
 0001:00019abe       ?c_D3DXVec4Transform@@YGPAUD3DXVECTOR4@@PAU1@PBU1@PBUD3DXMATRIX@@@Z 1001aabe f   d3dx9dt:d3dxmath.obj
 0001:00019b7c       ?init_D3DXVec4TransformArray@@YGPAUD3DXVECTOR4@@PAU1@IPBU1@IPBUD3DXMATRIX@@I@Z 1001ab7c f   d3dx9dt:d3dxmath.obj
 0001:00019b8d       _D3DXVec4TransformArray@24 1001ab8d f   d3dx9dt:d3dxmath.obj
 0001:00019b93       ?c_D3DXVec4TransformArray@@YGPAUD3DXVECTOR4@@PAU1@IPBU1@IPBUD3DXMATRIX@@I@Z 1001ab93 f   d3dx9dt:d3dxmath.obj
 0001:00019c8a       ??0D3DXQUATERNION@@QAE@MMMM@Z 1001ac8a f i d3dx9dt:d3dxmath.obj
 0001:00019caa       ?init_D3DXMatrixDeterminant@@YGMPBUD3DXMATRIX@@@Z 1001acaa f   d3dx9dt:d3dxmath.obj
 0001:00019cbb       _D3DXMatrixDeterminant@4   1001acbb f   d3dx9dt:d3dxmath.obj
 0001:00019cc1       ?c_D3DXMatrixDeterminant@@YGMPBUD3DXMATRIX@@@Z 1001acc1 f   d3dx9dt:d3dxmath.obj
 0001:00019d9a       ??_0D3DXQUATERNION@@QAEAAU0@M@Z 1001ad9a f i d3dx9dt:d3dxmath.obj
 0001:00019dc4       ??GD3DXQUATERNION@@QBE?AU0@XZ 1001adc4 f i d3dx9dt:d3dxmath.obj
 0001:00019dec       ??HD3DXQUATERNION@@QBE?AU0@ABU0@@Z 1001adec f i d3dx9dt:d3dxmath.obj
 0001:00019e1a       ?init_D3DXMatrixMultiply@@YGPAUD3DXMATRIX@@PAU1@PBU1@1@Z 1001ae1a f   d3dx9dt:d3dxmath.obj
 0001:00019e2b       ??GD3DXQUATERNION@@QBE?AU0@ABU0@@Z 1001ae2b f i d3dx9dt:d3dxmath.obj
 0001:00019e59       _D3DXMatrixMultiply@12     1001ae59 f   d3dx9dt:d3dxmath.obj
 0001:00019e5f       ?c_D3DXMatrixMultiply@@YGPAUD3DXMATRIX@@PAU1@PBU1@1@Z 1001ae5f f   d3dx9dt:d3dxmath.obj
 0001:0001a0b1       ??DD3DXQUATERNION@@QBE?AU0@M@Z 1001b0b1 f i d3dx9dt:d3dxmath.obj
 0001:0001a0dd       ??KD3DXQUATERNION@@QBE?AU0@M@Z 1001b0dd f i d3dx9dt:d3dxmath.obj
 0001:0001a10c       ??0D3DXPLANE@@QAE@MMMM@Z   1001b10c f i d3dx9dt:d3dxmath.obj
 0001:0001a12c       ??GD3DXPLANE@@QBE?AU0@XZ   1001b12c f i d3dx9dt:d3dxmath.obj
 0001:0001a154       ?init_D3DXMatrixTranspose@@YGPAUD3DXMATRIX@@PAU1@PBU1@@Z 1001b154 f   d3dx9dt:d3dxmath.obj
 0001:0001a165       _D3DXMatrixTranspose@8     1001b165 f   d3dx9dt:d3dxmath.obj
 0001:0001a16b       ?c_D3DXMatrixTranspose@@YGPAUD3DXMATRIX@@PAU1@PBU1@@Z 1001b16b f   d3dx9dt:d3dxmath.obj
 0001:0001a1e6       ?init_D3DXMatrixMultiplyTranspose@@YGPAUD3DXMATRIX@@PAU1@PBU1@1@Z 1001b1e6 f   d3dx9dt:d3dxmath.obj
 0001:0001a1f7       _D3DXMatrixMultiplyTranspose@12 1001b1f7 f   d3dx9dt:d3dxmath.obj
 0001:0001a1fd       ?c_D3DXMatrixMultiplyTranspose@@YGPAUD3DXMATRIX@@PAU1@PBU1@1@Z 1001b1fd f   d3dx9dt:d3dxmath.obj
 0001:0001a44f       ?init_D3DXMatrixInverse@@YGPAUD3DXMATRIX@@PAU1@PAMPBU1@@Z 1001b44f f   d3dx9dt:d3dxmath.obj
 0001:0001a460       _D3DXMatrixInverse@12      1001b460 f   d3dx9dt:d3dxmath.obj
 0001:0001a466       ?c_D3DXMatrixInverse@@YGPAUD3DXMATRIX@@PAU1@PAMPBU1@@Z 1001b466 f   d3dx9dt:d3dxmath.obj
 0001:0001a817       ?D3DXVec2LengthSq@@YGMPBUD3DXVECTOR2@@@Z 1001b817 f i d3dx9dt:d3dxmath.obj
 0001:0001a834       ?init_D3DXMatrixScaling@@YGPAUD3DXMATRIX@@PAU1@MMM@Z 1001b834 f   d3dx9dt:d3dxmath.obj
 0001:0001a862       _D3DXMatrixScaling@16      1001b862 f   d3dx9dt:d3dxmath.obj
 0001:0001a868       ?c_D3DXMatrixScaling@@YGPAUD3DXMATRIX@@PAU1@MMM@Z 1001b868 f   d3dx9dt:d3dxmath.obj
 0001:0001a8c8       ?init_D3DXMatrixTranslation@@YGPAUD3DXMATRIX@@PAU1@MMM@Z 1001b8c8 f   d3dx9dt:d3dxmath.obj
 0001:0001a8f6       _D3DXMatrixTranslation@16  1001b8f6 f   d3dx9dt:d3dxmath.obj
 0001:0001a8fc       ?c_D3DXMatrixTranslation@@YGPAUD3DXMATRIX@@PAU1@MMM@Z 1001b8fc f   d3dx9dt:d3dxmath.obj
 0001:0001a95c       ?D3DXVec3LengthSq@@YGMPBUD3DXVECTOR3@@@Z 1001b95c f i d3dx9dt:d3dxmath.obj
 0001:0001a984       ?init_D3DXMatrixRotationX@@YGPAUD3DXMATRIX@@PAU1@M@Z 1001b984 f   d3dx9dt:d3dxmath.obj
 0001:0001a9a2       ?D3DXVec3Dot@@YGMPBUD3DXVECTOR3@@0@Z 1001b9a2 f i d3dx9dt:d3dxmath.obj
 0001:0001a9c3       _D3DXMatrixRotationX@8     1001b9c3 f   d3dx9dt:d3dxmath.obj
 0001:0001a9c9       ?c_D3DXMatrixRotationX@@YGPAUD3DXMATRIX@@PAU1@M@Z 1001b9c9 f   d3dx9dt:d3dxmath.obj
 0001:0001aa4d       ?D3DXVec3Cross@@YGPAUD3DXVECTOR3@@PAU1@PBU1@1@Z 1001ba4d f i d3dx9dt:d3dxmath.obj
 0001:0001aa9b       ?init_D3DXMatrixRotationY@@YGPAUD3DXMATRIX@@PAU1@M@Z 1001ba9b f   d3dx9dt:d3dxmath.obj
 0001:0001aab9       ?D3DXVec3Subtract@@YGPAUD3DXVECTOR3@@PAU1@PBU1@1@Z 1001bab9 f i d3dx9dt:d3dxmath.obj
 0001:0001aae1       _D3DXMatrixRotationY@8     1001bae1 f   d3dx9dt:d3dxmath.obj
 0001:0001aae7       ?c_D3DXMatrixRotationY@@YGPAUD3DXMATRIX@@PAU1@M@Z 1001bae7 f   d3dx9dt:d3dxmath.obj
 0001:0001ab6a       ?init_D3DXMatrixRotationZ@@YGPAUD3DXMATRIX@@PAU1@M@Z 1001bb6a f   d3dx9dt:d3dxmath.obj
 0001:0001ab88       _D3DXMatrixRotationZ@8     1001bb88 f   d3dx9dt:d3dxmath.obj
 0001:0001ab8e       ?c_D3DXMatrixRotationZ@@YGPAUD3DXMATRIX@@PAU1@M@Z 1001bb8e f   d3dx9dt:d3dxmath.obj
 0001:0001ac12       ?D3DXVec3Lerp@@YGPAUD3DXVECTOR3@@PAU1@PBU1@1M@Z 1001bc12 f i d3dx9dt:d3dxmath.obj
 0001:0001ac4b       ?init_D3DXMatrixRotationAxis@@YGPAUD3DXMATRIX@@PAU1@PBUD3DXVECTOR3@@M@Z 1001bc4b f   d3dx9dt:d3dxmath.obj
 0001:0001ac6c       ?D3DXVec4LengthSq@@YGMPBUD3DXVECTOR4@@@Z 1001bc6c f i d3dx9dt:d3dxmath.obj
 0001:0001ac9f       _D3DXMatrixRotationAxis@12 1001bc9f f   d3dx9dt:d3dxmath.obj
 0001:0001aca5       ?c_D3DXMatrixRotationAxis@@YGPAUD3DXMATRIX@@PAU1@PBUD3DXVECTOR3@@M@Z 1001bca5 f   d3dx9dt:d3dxmath.obj
 0001:0001adbf       ?init_D3DXMatrixRotationQuaternion@@YGPAUD3DXMATRIX@@PAU1@PBUD3DXQUATERNION@@@Z 1001bdbf f   d3dx9dt:d3dxmath.obj
 0001:0001add0       _D3DXMatrixRotationQuaternion@8 1001bdd0 f   d3dx9dt:d3dxmath.obj
 0001:0001add6       ?c_D3DXMatrixRotationQuaternion@@YGPAUD3DXMATRIX@@PAU1@PBUD3DXQUATERNION@@@Z 1001bdd6 f   d3dx9dt:d3dxmath.obj
 0001:0001aecc       ?init_D3DXMatrixRotationYawPitchRoll@@YGPAUD3DXMATRIX@@PAU1@MMM@Z 1001becc f   d3dx9dt:d3dxmath.obj
 0001:0001aefa       ?D3DXMatrixIdentity@@YGPAUD3DXMATRIX@@PAU1@@Z 1001befa f i d3dx9dt:d3dxmath.obj
 0001:0001af53       _D3DXMatrixRotationYawPitchRoll@16 1001bf53 f   d3dx9dt:d3dxmath.obj
 0001:0001af59       ?init_D3DXMatrixTransformation@@YGPAUD3DXMATRIX@@PAU1@PBUD3DXVECTOR3@@PBUD3DXQUATERNION@@1121@Z 1001bf59 f   d3dx9dt:d3dxmath.obj
 0001:0001af6a       _D3DXMatrixTransformation@28 1001bf6a f   d3dx9dt:d3dxmath.obj
 0001:0001af70       ?c_D3DXMatrixTransformation@@YGPAUD3DXMATRIX@@PAU1@PBUD3DXVECTOR3@@PBUD3DXQUATERNION@@1121@Z 1001bf70 f   d3dx9dt:d3dxmath.obj
 0001:0001b21e       ?D3DXQuaternionLengthSq@@YGMPBUD3DXQUATERNION@@@Z 1001c21e f i d3dx9dt:d3dxmath.obj
 0001:0001b251       ?D3DXQuaternionDot@@YGMPBUD3DXQUATERNION@@0@Z 1001c251 f i d3dx9dt:d3dxmath.obj
 0001:0001b27a       ?D3DXQuaternionConjugate@@YGPAUD3DXQUATERNION@@PAU1@PBU1@@Z 1001c27a f i d3dx9dt:d3dxmath.obj
 0001:0001b2a3       ?D3DXPlaneDot@@YGMPBUD3DXPLANE@@PBUD3DXVECTOR4@@@Z 1001c2a3 f i d3dx9dt:d3dxmath.obj
 0001:0001b2cc       ?D3DXPlaneDotCoord@@YGMPBUD3DXPLANE@@PBUD3DXVECTOR3@@@Z 1001c2cc f i d3dx9dt:d3dxmath.obj
 0001:0001b2f0       ?D3DXPlaneDotNormal@@YGMPBUD3DXPLANE@@PBUD3DXVECTOR3@@@Z 1001c2f0 f i d3dx9dt:d3dxmath.obj
 0001:0001b311       ?init_D3DXMatrixAffineTransformation@@YGPAUD3DXMATRIX@@PAU1@MPBUD3DXVECTOR3@@PBUD3DXQUATERNION@@1@Z 1001c311 f   d3dx9dt:d3dxmath.obj
 0001:0001b338       _D3DXMatrixAffineTransformation@20 1001c338 f   d3dx9dt:d3dxmath.obj
 0001:0001b33e       ?c_D3DXMatrixAffineTransformation@@YGPAUD3DXMATRIX@@PAU1@MPBUD3DXVECTOR3@@PBUD3DXQUATERNION@@1@Z 1001c33e f   d3dx9dt:d3dxmath.obj
 0001:0001b43f       _D3DXMatrixLookAtRH@16     1001c43f f   d3dx9dt:d3dxmath.obj
 0001:0001b5b0       _D3DXMatrixLookAtLH@16     1001c5b0 f   d3dx9dt:d3dxmath.obj
 0001:0001b721       _D3DXMatrixPerspectiveRH@20 1001c721 f   d3dx9dt:d3dxmath.obj
 0001:0001b7c0       _D3DXMatrixPerspectiveLH@20 1001c7c0 f   d3dx9dt:d3dxmath.obj
 0001:0001b85f       _D3DXMatrixPerspectiveFovRH@20 1001c85f f   d3dx9dt:d3dxmath.obj
 0001:0001b937       _D3DXMatrixPerspectiveFovLH@20 1001c937 f   d3dx9dt:d3dxmath.obj
 0001:0001ba0f       _D3DXMatrixPerspectiveOffCenterRH@28 1001ca0f f   d3dx9dt:d3dxmath.obj
 0001:0001baf0       _D3DXMatrixPerspectiveOffCenterLH@28 1001caf0 f   d3dx9dt:d3dxmath.obj
 0001:0001bbd5       _D3DXMatrixOrthoRH@20      1001cbd5 f   d3dx9dt:d3dxmath.obj
 0001:0001bc7c       _D3DXMatrixOrthoLH@20      1001cc7c f   d3dx9dt:d3dxmath.obj
 0001:0001bd25       _D3DXMatrixOrthoOffCenterRH@28 1001cd25 f   d3dx9dt:d3dxmath.obj
 0001:0001be08       _D3DXMatrixOrthoOffCenterLH@28 1001ce08 f   d3dx9dt:d3dxmath.obj
 0001:0001beed       ?init_D3DXMatrixShadow@@YGPAUD3DXMATRIX@@PAU1@PBUD3DXVECTOR4@@PBUD3DXPLANE@@@Z 1001ceed f   d3dx9dt:d3dxmath.obj
 0001:0001befe       _D3DXMatrixShadow@12       1001cefe f   d3dx9dt:d3dxmath.obj
 0001:0001bf04       ?init_D3DXMatrixReflect@@YGPAUD3DXMATRIX@@PAU1@PBUD3DXPLANE@@@Z 1001cf04 f   d3dx9dt:d3dxmath.obj
 0001:0001bf15       _D3DXMatrixReflect@8       1001cf15 f   d3dx9dt:d3dxmath.obj
 0001:0001bf1b       ?init_D3DXQuaternionToAxisAngle@@YGXPBUD3DXQUATERNION@@PAUD3DXVECTOR3@@PAM@Z 1001cf1b f   d3dx9dt:d3dxmath.obj
 0001:0001bf2c       _D3DXQuaternionToAxisAngle@12 1001cf2c f   d3dx9dt:d3dxmath.obj
 0001:0001bf32       ?c_D3DXQuaternionToAxisAngle@@YGXPBUD3DXQUATERNION@@PAUD3DXVECTOR3@@PAM@Z 1001cf32 f   d3dx9dt:d3dxmath.obj
 0001:0001bf6c       ?init_D3DXQuaternionRotationMatrix@@YGPAUD3DXQUATERNION@@PAU1@PBUD3DXMATRIX@@@Z 1001cf6c f   d3dx9dt:d3dxmath.obj
 0001:0001bf7d       _D3DXQuaternionRotationMatrix@8 1001cf7d f   d3dx9dt:d3dxmath.obj
 0001:0001bf83       ?c_D3DXQuaternionRotationMatrix@@YGPAUD3DXQUATERNION@@PAU1@PBUD3DXMATRIX@@@Z 1001cf83 f   d3dx9dt:d3dxmath.obj
 0001:0001c0c6       ?init_D3DXQuaternionRotationAxis@@YGPAUD3DXQUATERNION@@PAU1@PBUD3DXVECTOR3@@M@Z 1001d0c6 f   d3dx9dt:d3dxmath.obj
 0001:0001c0e7       _D3DXQuaternionRotationAxis@12 1001d0e7 f   d3dx9dt:d3dxmath.obj
 0001:0001c0ed       ?c_D3DXQuaternionRotationAxis@@YGPAUD3DXQUATERNION@@PAU1@PBUD3DXVECTOR3@@M@Z 1001d0ed f   d3dx9dt:d3dxmath.obj
 0001:0001c159       ?init_D3DXQuaternionRotationYawPitchRoll@@YGPAUD3DXQUATERNION@@PAU1@MMM@Z 1001d159 f   d3dx9dt:d3dxmath.obj
 0001:0001c187       _D3DXQuaternionRotationYawPitchRoll@16 1001d187 f   d3dx9dt:d3dxmath.obj
 0001:0001c18d       ?c_D3DXQuaternionRotationYawPitchRoll@@YGPAUD3DXQUATERNION@@PAU1@MMM@Z 1001d18d f   d3dx9dt:d3dxmath.obj
 0001:0001c273       ?init_D3DXQuaternionMultiply@@YGPAUD3DXQUATERNION@@PAU1@PBU1@1@Z 1001d273 f   d3dx9dt:d3dxmath.obj
 0001:0001c284       _D3DXQuaternionMultiply@12 1001d284 f   d3dx9dt:d3dxmath.obj
 0001:0001c28a       ?c_D3DXQuaternionMultiply@@YGPAUD3DXQUATERNION@@PAU1@PBU1@1@Z 1001d28a f   d3dx9dt:d3dxmath.obj
 0001:0001c341       ?init_D3DXQuaternionNormalize@@YGPAUD3DXQUATERNION@@PAU1@PBU1@@Z 1001d341 f   d3dx9dt:d3dxmath.obj
 0001:0001c352       _D3DXQuaternionNormalize@8 1001d352 f   d3dx9dt:d3dxmath.obj
 0001:0001c358       ?c_D3DXQuaternionNormalize@@YGPAUD3DXQUATERNION@@PAU1@PBU1@@Z 1001d358 f   d3dx9dt:d3dxmath.obj
 0001:0001c421       ?init_D3DXQuaternionInverse@@YGPAUD3DXQUATERNION@@PAU1@PBU1@@Z 1001d421 f   d3dx9dt:d3dxmath.obj
 0001:0001c432       _D3DXQuaternionInverse@8   1001d432 f   d3dx9dt:d3dxmath.obj
 0001:0001c438       ?c_D3DXQuaternionInverse@@YGPAUD3DXQUATERNION@@PAU1@PBU1@@Z 1001d438 f   d3dx9dt:d3dxmath.obj
 0001:0001c4fd       ?init_D3DXQuaternionLn@@YGPAUD3DXQUATERNION@@PAU1@PBU1@@Z 1001d4fd f   d3dx9dt:d3dxmath.obj
 0001:0001c50e       _D3DXQuaternionLn@8        1001d50e f   d3dx9dt:d3dxmath.obj
 0001:0001c514       ?c_D3DXQuaternionLn@@YGPAUD3DXQUATERNION@@PAU1@PBU1@@Z 1001d514 f   d3dx9dt:d3dxmath.obj
 0001:0001c59b       ?init_D3DXQuaternionExp@@YGPAUD3DXQUATERNION@@PAU1@PBU1@@Z 1001d59b f   d3dx9dt:d3dxmath.obj
 0001:0001c5ac       _D3DXQuaternionExp@8       1001d5ac f   d3dx9dt:d3dxmath.obj
 0001:0001c5b2       ?c_D3DXQuaternionExp@@YGPAUD3DXQUATERNION@@PAU1@PBU1@@Z 1001d5b2 f   d3dx9dt:d3dxmath.obj
 0001:0001c65e       ?init_D3DXQuaternionSlerp@@YGPAUD3DXQUATERNION@@PAU1@PBU1@1M@Z 1001d65e f   d3dx9dt:d3dxmath.obj
 0001:0001c682       _D3DXQuaternionSlerp@16    1001d682 f   d3dx9dt:d3dxmath.obj
 0001:0001c688       ?c_D3DXQuaternionSlerp@@YGPAUD3DXQUATERNION@@PAU1@PBU1@1M@Z 1001d688 f   d3dx9dt:d3dxmath.obj
 0001:0001c78a       ?init_D3DXQuaternionSquad@@YGPAUD3DXQUATERNION@@PAU1@PBU1@111M@Z 1001d78a f   d3dx9dt:d3dxmath.obj
 0001:0001c7b4       _D3DXQuaternionSquad@24    1001d7b4 f   d3dx9dt:d3dxmath.obj
 0001:0001c7ba       ?c_D3DXQuaternionSquad@@YGPAUD3DXQUATERNION@@PAU1@PBU1@111M@Z 1001d7ba f   d3dx9dt:d3dxmath.obj
 0001:0001c830       ?init_D3DXQuaternionSquadSetup@@YGXPAUD3DXQUATERNION@@00PBU1@111@Z 1001d830 f   d3dx9dt:d3dxmath.obj
 0001:0001c841       _D3DXQuaternionSquadSetup@28 1001d841 f   d3dx9dt:d3dxmath.obj
 0001:0001c847       ?init_D3DXQuaternionBaryCentric@@YGPAUD3DXQUATERNION@@PAU1@PBU1@11MM@Z 1001d847 f   d3dx9dt:d3dxmath.obj
 0001:0001c876       _D3DXQuaternionBaryCentric@24 1001d876 f   d3dx9dt:d3dxmath.obj
 0001:0001c87c       ?c_D3DXQuaternionBaryCentric@@YGPAUD3DXQUATERNION@@PAU1@PBU1@11MM@Z 1001d87c f   d3dx9dt:d3dxmath.obj
 0001:0001c91c       ?init_D3DXPlaneNormalize@@YGPAUD3DXPLANE@@PAU1@PBU1@@Z 1001d91c f   d3dx9dt:d3dxmath.obj
 0001:0001c92d       _D3DXPlaneNormalize@8      1001d92d f   d3dx9dt:d3dxmath.obj
 0001:0001c933       ?c_D3DXPlaneNormalize@@YGPAUD3DXPLANE@@PAU1@PBU1@@Z 1001d933 f   d3dx9dt:d3dxmath.obj
 0001:0001c9e7       ?init_D3DXPlaneIntersectLine@@YGPAUD3DXVECTOR3@@PAU1@PBUD3DXPLANE@@PBU1@2@Z 1001d9e7 f   d3dx9dt:d3dxmath.obj
 0001:0001c9f8       _D3DXPlaneIntersectLine@16 1001d9f8 f   d3dx9dt:d3dxmath.obj
 0001:0001c9fe       ?c_D3DXPlaneIntersectLine@@YGPAUD3DXVECTOR3@@PAU1@PBUD3DXPLANE@@PBU1@2@Z 1001d9fe f   d3dx9dt:d3dxmath.obj
 0001:0001cab2       ?init_D3DXPlaneFromPointNormal@@YGPAUD3DXPLANE@@PAU1@PBUD3DXVECTOR3@@1@Z 1001dab2 f   d3dx9dt:d3dxmath.obj
 0001:0001cac3       _D3DXPlaneFromPointNormal@12 1001dac3 f   d3dx9dt:d3dxmath.obj
 0001:0001cac9       ?c_D3DXPlaneFromPointNormal@@YGPAUD3DXPLANE@@PAU1@PBUD3DXVECTOR3@@1@Z 1001dac9 f   d3dx9dt:d3dxmath.obj
 0001:0001cb14       ?init_D3DXPlaneFromPoints@@YGPAUD3DXPLANE@@PAU1@PBUD3DXVECTOR3@@11@Z 1001db14 f   d3dx9dt:d3dxmath.obj
 0001:0001cb25       _D3DXPlaneFromPoints@16    1001db25 f   d3dx9dt:d3dxmath.obj
 0001:0001cb2b       ?c_D3DXPlaneFromPoints@@YGPAUD3DXPLANE@@PAU1@PBUD3DXVECTOR3@@11@Z 1001db2b f   d3dx9dt:d3dxmath.obj
 0001:0001cbef       ?init_D3DXPlaneTransform@@YGPAUD3DXPLANE@@PAU1@PBU1@PBUD3DXMATRIX@@@Z 1001dbef f   d3dx9dt:d3dxmath.obj
 0001:0001cc00       _D3DXPlaneTransform@12     1001dc00 f   d3dx9dt:d3dxmath.obj
 0001:0001cc06       ?c_D3DXPlaneTransform@@YGPAUD3DXPLANE@@PAU1@PBU1@PBUD3DXMATRIX@@@Z 1001dc06 f   d3dx9dt:d3dxmath.obj
 0001:0001ccc4       ?init_D3DXPlaneTransformArray@@YGPAUD3DXPLANE@@PAU1@IPBU1@IPBUD3DXMATRIX@@I@Z 1001dcc4 f   d3dx9dt:d3dxmath.obj
 0001:0001ccd5       _D3DXPlaneTransformArray@24 1001dcd5 f   d3dx9dt:d3dxmath.obj
 0001:0001ccdb       ?c_D3DXPlaneTransformArray@@YGPAUD3DXPLANE@@PAU1@IPBU1@IPBUD3DXMATRIX@@I@Z 1001dcdb f   d3dx9dt:d3dxmath.obj
 0001:0001cdd2       _D3DXColorAdjustSaturation@12 1001ddd2 f   d3dx9dt:d3dxmath.obj
 0001:0001ce36       _D3DXColorAdjustContrast@12 1001de36 f   d3dx9dt:d3dxmath.obj
 0001:0001ce82       _D3DXFresnelTerm@8         1001de82 f   d3dx9dt:d3dxmath.obj
 0001:0001cf1f       ?D3DXPerlinNoise@@YGMPBUD3DXVECTOR3@@@Z 1001df1f f   d3dx9dt:d3dxmath.obj
 0001:0001d188       ?init_D3DXPSGPUpdateSkinnedMesh@@YGXPBUD3DXMATRIX@@0PAE1KKPAPAE2KKPAMH@Z 1001e188 f   d3dx9dt:d3dxmath.obj
 0001:0001d199       ?D3DXPSGPUpdateSkinnedMesh@@YGXPBUD3DXMATRIX@@0PAE1KKPAPAE2KKPAMH@Z 1001e199 f   d3dx9dt:d3dxmath.obj
 0001:0001d19f       ?init_D3DXPSGPTessellateNPatch@@YGXPAUD3DXVECTOR3@@PAUD3DXVECTOR2@@KPAM222K@Z 1001e19f f   d3dx9dt:d3dxmath.obj
 0001:0001d1b0       ?D3DXPSGPTessellateNPatch@@YGXPAUD3DXVECTOR3@@PAUD3DXVECTOR2@@KPAM222K@Z 1001e1b0 f   d3dx9dt:d3dxmath.obj
 0001:0001d1b6       ?c_D3DXVec2Normalize@@YGPAUD3DXVECTOR2@@PAU1@PBU1@@Z 1001e1b6 f   d3dx9dt:d3dxmath.obj
 0001:0001d24f       ?c_D3DXVec2Transform@@YGPAUD3DXVECTOR4@@PAU1@PBUD3DXVECTOR2@@PBUD3DXMATRIX@@@Z 1001e24f f   d3dx9dt:d3dxmath.obj
 0001:0001d2cd       ?c_D3DXVec2TransformArray@@YGPAUD3DXVECTOR4@@PAU1@IPBUD3DXVECTOR2@@IPBUD3DXMATRIX@@I@Z 1001e2cd f   d3dx9dt:d3dxmath.obj
 0001:0001d37c       ?c_D3DXVec2TransformCoord@@YGPAUD3DXVECTOR2@@PAU1@PBU1@PBUD3DXMATRIX@@@Z 1001e37c f   d3dx9dt:d3dxmath.obj
 0001:0001d415       ?c_D3DXVec2TransformCoordArray@@YGPAUD3DXVECTOR2@@PAU1@IPBU1@IPBUD3DXMATRIX@@I@Z 1001e415 f   d3dx9dt:d3dxmath.obj
 0001:0001d4e5       ?c_D3DXVec2TransformNormal@@YGPAUD3DXVECTOR2@@PAU1@PBU1@PBUD3DXMATRIX@@@Z 1001e4e5 f   d3dx9dt:d3dxmath.obj
 0001:0001d531       ?c_D3DXVec3Normalize@@YGPAUD3DXVECTOR3@@PAU1@PBU1@@Z 1001e531 f   d3dx9dt:d3dxmath.obj
 0001:0001d5e1       ?c_D3DXVec3TransformCoord@@YGPAUD3DXVECTOR3@@PAU1@PBU1@PBUD3DXMATRIX@@@Z 1001e5e1 f   d3dx9dt:d3dxmath.obj
 0001:0001d6c1       ?c_D3DXVec3Project@@YGPAUD3DXVECTOR3@@PAU1@PBU1@PBU_D3DVIEWPORT9@@PBUD3DXMATRIX@@33@Z 1001e6c1 f   d3dx9dt:d3dxmath.obj
 0001:0001d86a       ?c_D3DXVec3ProjectArray@@YGPAUD3DXVECTOR3@@PAU1@IPBU1@IPBU_D3DVIEWPORT9@@PBUD3DXMATRIX@@33I@Z 1001e86a f   d3dx9dt:d3dxmath.obj
 0001:0001da98       ?c_D3DXVec3Unproject@@YGPAUD3DXVECTOR3@@PAU1@PBU1@PBU_D3DVIEWPORT9@@PBUD3DXMATRIX@@33@Z 1001ea98 f   d3dx9dt:d3dxmath.obj
 0001:0001dc61       ?c_D3DXVec3UnprojectArray@@YGPAUD3DXVECTOR3@@PAU1@IPBU1@IPBU_D3DVIEWPORT9@@PBUD3DXMATRIX@@33I@Z 1001ec61 f   d3dx9dt:d3dxmath.obj
 0001:0001deb6       ?c_D3DXVec4Normalize@@YGPAUD3DXVECTOR4@@PAU1@PBU1@@Z 1001eeb6 f   d3dx9dt:d3dxmath.obj
 0001:0001df7f       ??DD3DXQUATERNION@@QBE?AU0@ABU0@@Z 1001ef7f f i d3dx9dt:d3dxmath.obj
 0001:0001dfa6       ?c_D3DXMatrixRotationYawPitchRoll@@YGPAUD3DXMATRIX@@PAU1@MMM@Z 1001efa6 f   d3dx9dt:d3dxmath.obj
 0001:0001dfe9       ?c_D3DXMatrixShadow@@YGPAUD3DXMATRIX@@PAU1@PBUD3DXVECTOR4@@PBUD3DXPLANE@@@Z 1001efe9 f   d3dx9dt:d3dxmath.obj
 0001:0001e0e7       ?c_D3DXMatrixReflect@@YGPAUD3DXMATRIX@@PAU1@PBUD3DXPLANE@@@Z 1001f0e7 f   d3dx9dt:d3dxmath.obj
 0001:0001e1c0       ?c_D3DXQuaternionSquadSetup@@YGXPAUD3DXQUATERNION@@00PBU1@111@Z 1001f1c0 f   d3dx9dt:d3dxmath.obj
 0001:0001e5ff       ?GetFormatInfo@D3DXTex@@YGPBU_D3DXFORMAT_INFO@@W4_D3DFORMAT@@@Z 1001f5ff f   d3dx9dt:d3dx9tex.obj
 0001:0001e69d       ?FindClosestFormat@D3DXTex@@YG?AW4_D3DFORMAT@@PBW42@PBUtagPALETTEENTRY@@PBU_D3DXFORMAT_INFO@@@Z 1001f69d f   d3dx9dt:d3dx9tex.obj
 0001:0001e70c       ?FindClosestDeviceFormat@D3DXTex@@YG?AW4_D3DFORMAT@@PAUIDirect3DDevice9@@KW4_D3DRESOURCETYPE@@PBU_D3DXFORMAT_INFO@@@Z 1001f70c f   d3dx9dt:d3dx9tex.obj
 0001:0001e808       ?FindClosestExternalFormat@D3DXTex@@YG?AW4_D3DFORMAT@@W42@@Z 1001f808 f   d3dx9dt:d3dx9tex.obj
 0001:0001e827       _D3DXGetImageInfoFromFileInMemory@12 1001f827 f   d3dx9dt:d3dx9tex.obj
 0001:0001e85f       _D3DXLoadSurfaceFromMemory@40 1001f85f f   d3dx9dt:d3dx9tex.obj
 0001:0001e966       ??0D3DXCOLOR@@QAE@XZ       1001f966 f i d3dx9dt:d3dx9tex.obj
 0001:0001ea56       _D3DXSaveSurfaceToFileA@20 1001fa56 f   d3dx9dt:d3dx9tex.obj
 0001:0001ea73       _D3DXSaveSurfaceToFileW@20 1001fa73 f   d3dx9dt:d3dx9tex.obj
 0001:0001ea90       _D3DXLoadVolumeFromMemory@44 1001fa90 f   d3dx9dt:d3dx9tex.obj
 0001:0001ec75       _D3DXSaveVolumeToFileA@20  1001fc75 f   d3dx9dt:d3dx9tex.obj
 0001:0001ec92       _D3DXSaveVolumeToFileW@20  1001fc92 f   d3dx9dt:d3dx9tex.obj
 0001:0001f039       _D3DXCheckTextureRequirements@28 10020039 f   d3dx9dt:d3dx9tex.obj
 0001:0001f05e       _D3DXCheckCubeTextureRequirements@24 1002005e f   d3dx9dt:d3dx9tex.obj
 0001:0001f083       _D3DXCheckVolumeTextureRequirements@32 10020083 f   d3dx9dt:d3dx9tex.obj
 0001:0001f0a9       _D3DXCreateTexture@32      100200a9 f   d3dx9dt:d3dx9tex.obj
 0001:0001f140       _D3DXCreateCubeTexture@28  10020140 f   d3dx9dt:d3dx9tex.obj
 0001:0001f1d0       _D3DXCreateVolumeTexture@36 100201d0 f   d3dx9dt:d3dx9tex.obj
 0001:0001f271       ??_H@YGXPAXIHP6EPAX0@Z@Z   10020271 f i d3dx9dt:d3dx9tex.obj
 0001:0001f293       ??_I@YGXPAXIHP6EX0@Z@Z     10020293 f i d3dx9dt:d3dx9tex.obj
 0001:0001f2bd       _D3DXFillTexture@12        100202bd f   d3dx9dt:d3dx9tex.obj
 0001:0001f4eb       _D3DXFillCubeTexture@12    100204eb f   d3dx9dt:d3dx9tex.obj
 0001:0001fc25       _D3DXFillVolumeTexture@12  10020c25 f   d3dx9dt:d3dx9tex.obj
 0001:0001ff6f       _D3DXFillTextureTX@16      10020f6f f   d3dx9dt:d3dx9tex.obj
 0001:00020070       _D3DXFillCubeTextureTX@16  10021070 f   d3dx9dt:d3dx9tex.obj
 0001:00020171       _D3DXFillVolumeTextureTX@16 10021171 f   d3dx9dt:d3dx9tex.obj
 0001:000202bb       _D3DXComputeNormalMap@24   100212bb f   d3dx9dt:d3dx9tex.obj
 0001:00020b77       _D3DXGetImageInfoFromFileA@8 10021b77 f   d3dx9dt:d3dx9tex.obj
 0001:00020bb6       _D3DXGetImageInfoFromFileW@8 10021bb6 f   d3dx9dt:d3dx9tex.obj
 0001:00020bf5       _D3DXGetImageInfoFromResourceA@12 10021bf5 f   d3dx9dt:d3dx9tex.obj
 0001:00020c39       _D3DXGetImageInfoFromResourceW@12 10021c39 f   d3dx9dt:d3dx9tex.obj
 0001:00020c7d       _D3DXLoadSurfaceFromFileInMemory@36 10021c7d f   d3dx9dt:d3dx9tex.obj
 0001:00020d5b       _D3DXLoadSurfaceFromSurface@32 10021d5b f   d3dx9dt:d3dx9tex.obj
 0001:00020f88       _D3DXLoadVolumeFromFileInMemory@36 10021f88 f   d3dx9dt:d3dx9tex.obj
 0001:0002106e       _D3DXLoadVolumeFromVolume@32 1002206e f   d3dx9dt:d3dx9tex.obj
 0001:00021108       ??_ECLockSurface@D3DXTex@@QAEPAXI@Z 10022108 f i d3dx9dt:d3dx9tex.obj
 0001:00021154       ??_ECLockVolume@D3DXTex@@QAEPAXI@Z 10022154 f i d3dx9dt:d3dx9tex.obj
 0001:000211a0       _D3DXFilterTexture@16      100221a0 f   d3dx9dt:d3dx9tex.obj
 0001:000214aa       _D3DXLoadSurfaceFromFileA@32 100224aa f   d3dx9dt:d3dx9tex.obj
[...]
 0001:00050e0f       ?emit_sos@D3DX@@YGXPAUjpeg_compress_struct@1@@Z 10051e0f f   d3dx9dt:jcmarker.obj
 0001:00050ed2       ?emit_jfif_app0@D3DX@@YGXPAUjpeg_compress_struct@1@@Z 10051ed2 f   d3dx9dt:jcmarker.obj
 0001:00050f5f       ?emit_adobe_app14@D3DX@@YGXPAUjpeg_compress_struct@1@@Z 10051f5f f   d3dx9dt:jcmarker.obj
 0001:00050fd2       ?write_marker_header@D3DX@@YGXPAUjpeg_compress_struct@1@HI@Z 10051fd2 f   d3dx9dt:jcmarker.obj
 0001:0005100d       ?write_marker_byte@D3DX@@YGXPAUjpeg_compress_struct@1@H@Z 1005200d f   d3dx9dt:jcmarker.obj
 0001:00051021       ?write_file_header@D3DX@@YGXPAUjpeg_compress_struct@1@@Z 10052021 f   d3dx9dt:jcmarker.obj
 0001:00051065       ?write_frame_header@D3DX@@YGXPAUjpeg_compress_struct@1@@Z 10052065 f   d3dx9dt:jcmarker.obj
 0001:0005112c       ?write_scan_header@D3DX@@YGXPAUjpeg_compress_struct@1@@Z 1005212c f   d3dx9dt:jcmarker.obj
 0001:000511f2       ?write_file_trailer@D3DX@@YGXPAUjpeg_compress_struct@1@@Z 100521f2 f   d3dx9dt:jcmarker.obj
 0001:00051206       ?write_tables_only@D3DX@@YGXPAUjpeg_compress_struct@1@@Z 10052206 f   d3dx9dt:jcmarker.obj
 0001:0004e504       ?out_of_memory@D3DX@@YGXPAUjpeg_common_struct@1@H@Z 1004f504 f   d3dx9dt:jmemmgr.obj
 0001:0004e518       ?alloc_small@D3DX@@YGPAXPAUjpeg_common_struct@1@HI@Z 1004f518 f   d3dx9dt:jmemmgr.obj
 0001:0004e633       ?alloc_large@D3DX@@YGPAXPAUjpeg_common_struct@1@HI@Z 1004f633 f   d3dx9dt:jmemmgr.obj
 0001:0004e6df       ?alloc_sarray@D3DX@@YGPAPAEPAUjpeg_common_struct@1@HII@Z 1004f6df f   d3dx9dt:jmemmgr.obj
 0001:0004e76c       ?alloc_barray@D3DX@@YGPAPAY0EA@FPAUjpeg_common_struct@1@HII@Z 1004f76c f   d3dx9dt:jmemmgr.obj
 0001:0004e805       ?request_virt_sarray@D3DX@@YGPAUjvirt_sarray_control@1@PAUjpeg_common_struct@1@HHIII@Z 1004f805 f   d3dx9dt:jmemmgr.obj
 0001:0004e867       ?request_virt_barray@D3DX@@YGPAUjvirt_barray_control@1@PAUjpeg_common_struct@1@HHIII@Z 1004f867 f   d3dx9dt:jmemmgr.obj
 0001:0004e8c9       ?realize_virt_arrays@D3DX@@YGXPAUjpeg_common_struct@1@@Z 1004f8c9 f   d3dx9dt:jmemmgr.obj
 0001:0004ea3f       ?do_sarray_io@D3DX@@YGXPAUjpeg_common_struct@1@PAUjvirt_sarray_control@1@H@Z 1004fa3f f   d3dx9dt:jmemmgr.obj
 0001:0004eac6       ?do_barray_io@D3DX@@YGXPAUjpeg_common_struct@1@PAUjvirt_barray_control@1@H@Z 1004fac6 f   d3dx9dt:jmemmgr.obj
 0001:0004eb50       ?access_virt_sarray@D3DX@@YGPAPAEPAUjpeg_common_struct@1@PAUjvirt_sarray_control@1@IIH@Z 1004fb50 f   d3dx9dt:jmemmgr.obj
 0001:0004ec68       ?access_virt_barray@D3DX@@YGPAPAY0EA@FPAUjpeg_common_struct@1@PAUjvirt_barray_control@1@IIH@Z 1004fc68 f   d3dx9dt:jmemmgr.obj
 0001:0004ed7b       ?free_pool@D3DX@@YGXPAUjpeg_common_struct@1@H@Z 1004fd7b f   d3dx9dt:jmemmgr.obj
 0001:0004ee52       ?self_destruct@D3DX@@YGXPAUjpeg_common_struct@1@@Z 1004fe52 f   d3dx9dt:jmemmgr.obj
 0001:0004dfde       ?initial_setup@D3DX@@YGXPAUjpeg_decompress_struct@1@@Z 1004efde f   d3dx9dt:jdinput.obj
 0001:0004e196       ?per_scan_setup@D3DX@@YGXPAUjpeg_decompress_struct@1@@Z 1004f196 f   d3dx9dt:jdinput.obj
 0001:0004e307       ?latch_quant_tables@D3DX@@YGXPAUjpeg_decompress_struct@1@@Z 1004f307 f   d3dx9dt:jdinput.obj
 0001:0004e393       ?start_input_pass@D3DX@@YGXPAUjpeg_decompress_struct@1@@Z 1004f393 f   d3dx9dt:jdinput.obj
 0001:0004e3d0       ?consume_markers@D3DX@@YGHPAUjpeg_decompress_struct@1@@Z 1004f3d0 f   d3dx9dt:jdinput.obj
 0001:0004e46b       ?reset_input_controller@D3DX@@YGXPAUjpeg_decompress_struct@1@@Z 1004f46b f   d3dx9dt:jdinput.obj
 0001:0004e4a8       ?finish_input_pass@D3DX@@YGXPAUjpeg_decompress_struct@1@@Z 1004f4a8 f   d3dx9dt:jdinput.obj
 0001:0004d9a4       ?use_merged_upsample@D3DX@@YGHPAUjpeg_decompress_struct@1@@Z 1004e9a4 f   d3dx9dt:jdmaster.obj
 0001:0004dbff       ?prepare_range_limit_table@D3DX@@YGXPAUjpeg_decompress_struct@1@@Z 1004ebff f   d3dx9dt:jdmaster.obj
 0001:0004dc6b       ?master_selection@D3DX@@YGXPAUjpeg_decompress_struct@1@@Z 1004ec6b f   d3dx9dt:jdmaster.obj
 0001:0004de0b       ?prepare_for_output_pass@D3DX@@YGXPAUjpeg_decompress_struct@1@@Z 1004ee0b f   d3dx9dt:jdmaster.obj
 0001:0004df1e       ?finish_output_pass@D3DX@@YGXPAUjpeg_decompress_struct@1@@Z 1004ef1e f   d3dx9dt:jdmaster.obj
 0001:0004caf8       DBGExit                    1004daf8 f   d3dx9dt:d3dxfloat16.obj
 0001:0004cb00       ProcPrologue               1004db00 f   d3dx9dt:d3dxfloat16.obj
 0001:0004cb43       Float32Algo                1004db43 f   d3dx9dt:d3dxfloat16.obj
 0001:0004cc42       PostFloat32Algo            1004dc42 f   d3dx9dt:d3dxfloat16.obj
 0001:0004cc62       ProcEpilog                 1004dc62 f   d3dx9dt:d3dxfloat16.obj
 0001:0004c998       DBGExit                    1004d998 f   d3dx9dt:d3dxfloat16.obj
 0001:0004c9a0       ProcPrologue               1004d9a0 f   d3dx9dt:d3dxfloat16.obj
 0001:0004c9df       Float16Algo                1004d9df f   d3dx9dt:d3dxfloat16.obj
 0001:0004ca92       PostFloat16Algo            1004da92 f   d3dx9dt:d3dxfloat16.obj
 0001:0004cab2       ProcEpilog                 1004dab2 f   d3dx9dt:d3dxfloat16.obj
 0001:000455f2       DBGExit                    100465f2 f   d3dx9dt:d3dxvec3.obj
 0001:000455fd       ProcPrologue               100465fd f   d3dx9dt:d3dxvec3.obj
 0001:0004563d       ScalarLoop                 1004663d f   d3dx9dt:d3dxvec3.obj
 0001:00045676       SIMDMatrix                 10046676 f   d3dx9dt:d3dxvec3.obj
 0001:0004577e       TransformLoop              1004677e f   d3dx9dt:d3dxvec3.obj
 0001:000458cc       PostTransformLoop          100468cc f   d3dx9dt:d3dxvec3.obj
 0001:000458f4       ProcEpilog                 100468f4 f   d3dx9dt:d3dxvec3.obj
 0001:00045972       DBGExit                    10046972 f   d3dx9dt:d3dxvec3.obj
 0001:0004597d       ProcPrologue               1004697d f   d3dx9dt:d3dxvec3.obj
 0001:000459bd       ScalarLoop                 100469bd f   d3dx9dt:d3dxvec3.obj
 0001:000459f6       SIMDMatrix                 100469f6 f   d3dx9dt:d3dxvec3.obj
 0001:00045aba       TransformLoop              10046aba f   d3dx9dt:d3dxvec3.obj
 0001:00045bab       PostTransformLoop          10046bab f   d3dx9dt:d3dxvec3.obj
 0001:00045bd3       ProcEpilog                 10046bd3 f   d3dx9dt:d3dxvec3.obj
 0001:000454fa       DBGExit                    100464fa f   d3dx9dt:d3dxvec3.obj
 0001:00045502       ProcPrologue               10046502 f   d3dx9dt:d3dxvec3.obj
 0001:0004553c       TransformLoop              1004653c f   d3dx9dt:d3dxvec3.obj
 0001:00045576       ProcEpilog                 10046576 f   d3dx9dt:d3dxvec3.obj
 0001:00045012       DBGExit                    10046012 f   d3dx9dt:d3dxvec2.obj
 0001:0004501d       ProcPrologue               1004601d f   d3dx9dt:d3dxvec2.obj
 0001:0004505d       ScalarLoop                 1004605d f   d3dx9dt:d3dxvec2.obj
 0001:00045096       SIMDMatrix                 10046096 f   d3dx9dt:d3dxvec2.obj
 0001:0004515a       TransformLoop              1004615a f   d3dx9dt:d3dxvec2.obj
 0001:00045214       PostTransformLoop          10046214 f   d3dx9dt:d3dxvec2.obj
 0001:0004523c       ProcEpilog                 1004623c f   d3dx9dt:d3dxvec2.obj
 0001:000452d2       DBGExit                    100462d2 f   d3dx9dt:d3dxvec2.obj
 0001:000452dd       ProcPrologue               100462dd f   d3dx9dt:d3dxvec2.obj
 0001:0004531d       ScalarLoop                 1004631d f   d3dx9dt:d3dxvec2.obj
 0001:00045356       SIMDMatrix                 10046356 f   d3dx9dt:d3dxvec2.obj
 0001:000453d6       TransformLoop              100463d6 f   d3dx9dt:d3dxvec2.obj
 0001:00045445       PostTransformLoop          10046445 f   d3dx9dt:d3dxvec2.obj
 0001:0004546d       ProcEpilog                 1004646d f   d3dx9dt:d3dxvec2.obj
 0001:00044d52       DBGExit                    10045d52 f   d3dx9dt:d3dxvec2.obj
 0001:00044d5d       ProcPrologue               10045d5d f   d3dx9dt:d3dxvec2.obj
 0001:00044d9d       ScalarLoop                 10045d9d f   d3dx9dt:d3dxvec2.obj
 0001:00044dd6       SIMDMatrix                 10045dd6 f   d3dx9dt:d3dxvec2.obj
 0001:00044e9a       TransformLoop              10045e9a f   d3dx9dt:d3dxvec2.obj
 0001:00044f6e       PostTransformLoop          10045f6e f   d3dx9dt:d3dxvec2.obj
 0001:00044f96       ProcEpilog                 10045f96 f   d3dx9dt:d3dxvec2.obj
 0001:00044c3a       DBGExit                    10045c3a f   d3dx9dt:d3dxvec4.obj
 0001:00044c42       ProcPrologue               10045c42 f   d3dx9dt:d3dxvec4.obj
 0001:00044c7c       TransformLoop              10045c7c f   d3dx9dt:d3dxvec4.obj
 0001:00044cc2       ProcEpilog                 10045cc2 f   d3dx9dt:d3dxvec4.obj
 0001:00044b3a       DBGExit                    10045b3a f   d3dx9dt:d3dxplane.obj
 0001:00044b42       ProcPrologue               10045b42 f   d3dx9dt:d3dxplane.obj
 0001:00044b7c       TransformLoop              10045b7c f   d3dx9dt:d3dxplane.obj
 0001:00044bc2       ProcEpilog                 10045bc2 f   d3dx9dt:d3dxplane.obj
 0001:00042eda       ?SSEFloat16Conversion8@@YGXXZ 10043eda f   d3dx9dt:float162.obj
 0001:0003fce1       ?SSEFloat16Conversion8@@YGXXZ 10040ce1 f   d3dx9dt:float16.obj
 0001:0003f6ae       ?storeVec3@@YGXU__m128@@PAX@Z 100406ae f   d3dx9dt:skinning.obj
 0001:0003afad       ?Decode565@D3DXTex@@YGXPAUD3DXCOLOR@@G@Z 1003bfad f   d3dx9dt:dxtn.obj
 0001:0003aff9       ?DecodePremult@D3DXTex@@YGJPAUD3DXCOLOR@@@Z 1003bff9 f   d3dx9dt:dxtn.obj
 0001:0003b077       ?EncodePremult@D3DXTex@@YGJPAUD3DXCOLOR@@PBU2@@Z 1003c077 f   d3dx9dt:dxtn.obj
 0001:0003b0ef       ?F2IBegin@@YGXXZ           1003c0ef f   d3dx9dt:dxtn.obj
 0001:0003b10f       ?F2I@@YGHM@Z               1003c10f f   d3dx9dt:dxtn.obj
 0001:0003b120       ?F2IEnd@@YGXXZ             1003c120 f   d3dx9dt:dxtn.obj
 0001:0003b131       ?Encode565@D3DXTex@@YGGPBUD3DXCOLOR@@@Z 1003c131 f   d3dx9dt:dxtn.obj
 0001:0003b23a       ?OptimizeAlpha@D3DXTex@@YGXPAM0PBMI@Z 1003c23a f   d3dx9dt:dxtn.obj
 0001:0003b555       ?OptimizeRGB@D3DXTex@@YGXPAUD3DXCOLOR@@0PBU2@I@Z 1003c555 f   d3dx9dt:dxtn.obj
 0001:0003bae1       ?EncodeDXT1@D3DXTex@@YGJPAEPBUD3DXCOLOR@@H@Z 1003cae1 f   d3dx9dt:dxtn.obj
 0001:0003a870       ?add_huff_table@D3DX@@YGXPAUjpeg_compress_struct@1@PAPAUJHUFF_TBL@1@PBE2@Z 1003b870 f   d3dx9dt:jcparam.obj
 0001:0003a8e6       ?std_huff_tables@D3DX@@YGXPAUjpeg_compress_struct@1@@Z 1003b8e6 f   d3dx9dt:jcparam.obj
 0001:0003abbc       ?fill_a_scan@D3DX@@YGPAUjpeg_scan_info@1@PAU21@HHHHH@Z 1003bbbc f   d3dx9dt:jcparam.obj
 0001:0003abe7       ?fill_scans@D3DX@@YGPAUjpeg_scan_info@1@PAU21@HHHHH@Z 1003bbe7 f   d3dx9dt:jcparam.obj
 0001:0003ac1f       ?fill_dc_scans@D3DX@@YGPAUjpeg_scan_info@1@PAU21@HHH@Z 1003bc1f f   d3dx9dt:jcparam.obj
 0001:00037222       ?png_format_buffer@D3DX@@YGXPAUpng_struct_def@1@PADPBD@Z 10038222 f   d3dx9dt:pngerror.obj
 0001:000372ac       ?png_default_error@D3DX@@YGXPAUpng_struct_def@1@PBD@Z 100382ac f   d3dx9dt:pngerror.obj
 0001:000372ba       ?png_default_warning@D3DX@@YGXPAUpng_struct_def@1@PBD@Z 100382ba f   d3dx9dt:pngerror.obj
 0001:000370b6       ?error_exit@D3DX@@YGXPAUjpeg_common_struct@1@@Z 100380b6 f   d3dx9dt:jerror.obj
 0001:000370d1       ?output_message@D3DX@@YGXPAUjpeg_common_struct@1@@Z 100380d1 f   d3dx9dt:jerror.obj
 0001:000370ee       ?emit_message@D3DX@@YGXPAUjpeg_common_struct@1@H@Z 100380ee f   d3dx9dt:jerror.obj
 0001:00037121       ?format_message@D3DX@@YGXPAUjpeg_common_struct@1@PAD@Z 10038121 f   d3dx9dt:jerror.obj
 0001:000371bb       ?reset_error_mgr@D3DX@@YGXPAUjpeg_common_struct@1@@Z 100381bb f   d3dx9dt:jerror.obj
 0001:00035734       ?get_soi@D3DX@@YGHPAUjpeg_decompress_struct@1@@Z 10036734 f   d3dx9dt:jdmarker.obj
 0001:000357cc       ?get_sof@D3DX@@YGHPAUjpeg_decompress_struct@1@HH@Z 100367cc f   d3dx9dt:jdmarker.obj
 0001:00035ab4       ?get_sos@D3DX@@YGHPAUjpeg_decompress_struct@1@@Z 10036ab4 f   d3dx9dt:jdmarker.obj
 0001:00035d59       ?get_dht@D3DX@@YGHPAUjpeg_decompress_struct@1@@Z 10036d59 f   d3dx9dt:jdmarker.obj
 0001:00035ff5       ?get_dqt@D3DX@@YGHPAUjpeg_decompress_struct@1@@Z 10036ff5 f   d3dx9dt:jdmarker.obj
 0001:00036227       ?get_dri@D3DX@@YGHPAUjpeg_decompress_struct@1@@Z 10037227 f   d3dx9dt:jdmarker.obj
 0001:000362fa       ?examine_app0@D3DX@@YGXPAUjpeg_decompress_struct@1@PAEIJ@Z 100372fa f   d3dx9dt:jdmarker.obj
 0001:000364d6       ?examine_app14@D3DX@@YGXPAUjpeg_decompress_struct@1@PAEIJ@Z 100374d6 f   d3dx9dt:jdmarker.obj
 0001:00036584       ?get_interesting_appn@D3DX@@YGHPAUjpeg_decompress_struct@1@@Z 10037584 f   d3dx9dt:jdmarker.obj
 0001:000366bd       ?save_marker@D3DX@@YGHPAUjpeg_decompress_struct@1@@Z 100376bd f   d3dx9dt:jdmarker.obj
 0001:00036903       ?skip_variable@D3DX@@YGHPAUjpeg_decompress_struct@1@@Z 10037903 f   d3dx9dt:jdmarker.obj
 0001:000369a3       ?next_marker@D3DX@@YGHPAUjpeg_decompress_struct@1@@Z 100379a3 f   d3dx9dt:jdmarker.obj
 0001:00036a79       ?first_marker@D3DX@@YGHPAUjpeg_decompress_struct@1@@Z 10037a79 f   d3dx9dt:jdmarker.obj
 0001:00036b10       ?read_markers@D3DX@@YGHPAUjpeg_decompress_struct@1@@Z 10037b10 f   d3dx9dt:jdmarker.obj
 0001:00036d0d       ?read_restart_marker@D3DX@@YGHPAUjpeg_decompress_struct@1@@Z 10037d0d f   d3dx9dt:jdmarker.obj
 0001:00036e77       ?reset_marker_reader@D3DX@@YGXPAUjpeg_decompress_struct@1@@Z 10037e77 f   d3dx9dt:jdmarker.obj
 0001:000353b9       ?default_decompress_parms@D3DX@@YGXPAUjpeg_decompress_struct@1@@Z 100363b9 f   d3dx9dt:jdapimin.obj
 0001:00034fcb       ?output_pass_setup@D3DX@@YGHPAUjpeg_decompress_struct@1@@Z 10035fcb f   d3dx9dt:jdapistd.obj
 0001:000341e6       ?isIntelProcessor@@YGHXZ   100351e6 f   d3dx9dt:ssefasttable.obj
 0001:00034264       ?isP4Processor@@YGHXZ      10035264 f   d3dx9dt:ssefasttable.obj
 0001:00034303       ?isP3Processor@@YGHXZ      10035303 f   d3dx9dt:ssefasttable.obj
 0001:00033010       ?FXLMov@D3DXShader@@YGXKKPAPANPAN@Z 10034010 f   d3dx9dt:fxlvm.obj
 0001:00033050       ?FXLNeg@D3DXShader@@YGXKKPAPANPAN@Z 10034050 f   d3dx9dt:fxlvm.obj
 0001:00033088       ?FXLRcp@D3DXShader@@YGXKKPAPANPAN@Z 10034088 f   d3dx9dt:fxlvm.obj
 0001:000330c0       ?FXLFrc@D3DXShader@@YGXKKPAPANPAN@Z 100340c0 f   d3dx9dt:fxlvm.obj
 0001:00033108       ?FXLExp@D3DXShader@@YGXKKPAPANPAN@Z 10034108 f   d3dx9dt:fxlvm.obj
 0001:0003314b       ?FXLLog@D3DXShader@@YGXKKPAPANPAN@Z 1003414b f   d3dx9dt:fxlvm.obj
 0001:0003319b       ?FXLSqrt@D3DXShader@@YGXKKPAPANPAN@Z 1003419b f   d3dx9dt:fxlvm.obj
 0001:000331d5       ?FXLSin@D3DXShader@@YGXKKPAPANPAN@Z 100341d5 f   d3dx9dt:fxlvm.obj
 0001:0003320d       ?FXLCos@D3DXShader@@YGXKKPAPANPAN@Z 1003420d f   d3dx9dt:fxlvm.obj
 0001:00033245       ?FXLASin@D3DXShader@@YGXKKPAPANPAN@Z 10034245 f   d3dx9dt:fxlvm.obj
 0001:00033282       ?FXLACos@D3DXShader@@YGXKKPAPANPAN@Z 10034282 f   d3dx9dt:fxlvm.obj
 0001:000332c2       ?FXLATan@D3DXShader@@YGXKKPAPANPAN@Z 100342c2 f   d3dx9dt:fxlvm.obj
 0001:000332ff       ?FXLMin@D3DXShader@@YGXKKPAPANPAN@Z 100342ff f   d3dx9dt:fxlvm.obj
 0001:00033360       ?FXLMax@D3DXShader@@YGXKKPAPANPAN@Z 10034360 f   d3dx9dt:fxlvm.obj
 0001:000333c1       ?FXLLt@D3DXShader@@YGXKKPAPANPAN@Z 100343c1 f   d3dx9dt:fxlvm.obj
 0001:0003341e       ?FXLGe@D3DXShader@@YGXKKPAPANPAN@Z 1003441e f   d3dx9dt:fxlvm.obj
 0001:0003347b       ?FXLAdd@D3DXShader@@YGXKKPAPANPAN@Z 1003447b f   d3dx9dt:fxlvm.obj
 0001:000334c9       ?FXLMul@D3DXShader@@YGXKKPAPANPAN@Z 100344c9 f   d3dx9dt:fxlvm.obj
 0001:00033517       ?FXLATan2@D3DXShader@@YGXKKPAPANPAN@Z 10034517 f   d3dx9dt:fxlvm.obj
 0001:00033565       ?FXLDot@D3DXShader@@YGXKKPAPANPAN@Z 10034565 f   d3dx9dt:fxlvm.obj
 0001:0003378c       ?FXLNoise@D3DXShader@@YGXKKPAPANPAN@Z 1003478c f   d3dx9dt:fxlvm.obj
 0001:0002b93d       ?F2IBegin@@YGXXZ           1002c93d f   d3dx9dt:ccodec.obj
 0001:0002b9e0       ?F2I@@YGHM@Z               1002c9e0 f   d3dx9dt:ccodec.obj
 0001:0002b9f1       ?F2IEnd@@YGXXZ             1002c9f1 f   d3dx9dt:ccodec.obj
 0001:00026ac2       ?TF_SetupTriangle@D3DXTex@@YGPAEIIH@Z 10027ac2 f   d3dx9dt:cblt.obj
 0001:000270da       ?c_BoxFilter2D_X8R8G8B8@D3DXTex@@YGJPAI0IIII@Z 100280da f   d3dx9dt:cblt.obj
 0001:000271c4       ?mmx_BoxFilter2D_A8R8G8B8@D3DXTex@@YGJPAI0IIII@Z 100281c4 f   d3dx9dt:cblt.obj
 0001:000272fc       ?init_BoxFilter2D_A8R8G8B8@D3DXTex@@YGJPAI0IIII@Z 100282fc f   d3dx9dt:cblt.obj
 0001:00027334       ?init_BoxFilter2D_X8R8G8B8@D3DXTex@@YGJPAI0IIII@Z 10028334 f   d3dx9dt:cblt.obj
 0001:00027f3c       ?F2IBegin@@YGXXZ           10028f3c f   d3dx9dt:cblt.obj
 0001:00027f5c       ?F2I@@YGHM@Z               10028f5c f   d3dx9dt:cblt.obj
 0001:00027f6d       ?F2IEnd@@YGXXZ             10028f6d f   d3dx9dt:cblt.obj
 0001:00028dfb       ?LF_SetupLinear@D3DXTex@@YGPAEIIH@Z 10029dfb f   d3dx9dt:cblt.obj
 0001:00024c05       ?d3dx_jpeg_error_exit@D3DXTex@@YGXPAUjpeg_common_struct@D3DX@@@Z 10025c05 f   d3dx9dt:cimage.obj
 0001:00024c22       ?d3dx_jpeg_ignore_message@D3DXTex@@YGXPAUjpeg_common_struct@D3DX@@@Z 10025c22 f   d3dx9dt:cimage.obj
 0001:00024c25       ?d3dx_jpeg_output_message@D3DXTex@@YGXPAUjpeg_common_struct@D3DX@@@Z 10025c25 f   d3dx9dt:cimage.obj
 0001:00024c58       ?d3dx_jpeg_init_source@D3DXTex@@YGXPAUjpeg_decompress_struct@D3DX@@@Z 10025c58 f   d3dx9dt:cimage.obj
 0001:00024c5b       ?d3dx_jpeg_fill_input_buffer@D3DXTex@@YGHPAUjpeg_decompress_struct@D3DX@@@Z 10025c5b f   d3dx9dt:cimage.obj
 0001:00024c76       ?d3dx_jpeg_skip_input_data@D3DXTex@@YGXPAUjpeg_decompress_struct@D3DX@@J@Z 10025c76 f   d3dx9dt:cimage.obj
 0001:00024c8b       ?d3dx_jpeg_term_source@D3DXTex@@YGXPAUjpeg_decompress_struct@D3DX@@@Z 10025c8b f   d3dx9dt:cimage.obj
 0001:00025704       ?d3dx_png_read_fn@D3DXTex@@YAXPAUpng_struct_def@D3DX@@PAEI@Z 10026704 f   d3dx9dt:cimage.obj
 0001:00025745       ?d3dx_png_error_fn@D3DXTex@@YAXPAUpng_struct_def@D3DX@@PBD@Z 10026745 f   d3dx9dt:cimage.obj
 0001:00025765       ?d3dx_png_warning_fn@D3DXTex@@YAXPAUpng_struct_def@D3DX@@PBD@Z 10026765 f   d3dx9dt:cimage.obj
 0001:00026330       ?init_destination@D3DXTex@@YGXPAUjpeg_compress_struct@D3DX@@@Z 10027330 f   d3dx9dt:cimage.obj
 0001:00026356       ?empty_output_buffer@D3DXTex@@YGHPAUjpeg_compress_struct@D3DX@@@Z 10027356 f   d3dx9dt:cimage.obj
 0001:0002638b       ?term_destination@D3DXTex@@YGXPAUjpeg_compress_struct@D3DX@@@Z 1002738b f   d3dx9dt:cimage.obj
 0001:000236bb       ?GetD3DRegValue@@YGHKPADPAXK@Z 100246bb f   d3dx9dt:d3dx9dbg.obj
 0001:0002338b       ?GetD3DRegValue@@YGHKPADPAXK@Z 1002438b f   d3dx9dt:cpudetect.obj
 0001:000234be       ?IsIntelSSEProcessor@@YGKXZ 100244be f   d3dx9dt:cpudetect.obj
 0001:00023563       ?D3DXIsProcessorFeaturePresent@@YGHI@Z 10024563 f   d3dx9dt:cpudetect.obj
 0001:0001e628       ?ScoreFormat@D3DXTex@@YGIPBU_D3DXFORMAT_INFO@@0@Z 1001f628 f   d3dx9dt:d3dx9tex.obj
 0001:0001e969       ?SaveSurfaceToFile@@YGJPBXW4_D3DXIMAGE_FILEFORMAT@@PAUIDirect3DSurface9@@PBUtagPALETTEENTRY@@PBUtagRECT@@H@Z 1001f969 f   d3dx9dt:d3dx9tex.obj
 0001:0001eb94       ?SaveVolumeToFile@@YGJPBXW4_D3DXIMAGE_FILEFORMAT@@PAUIDirect3DVolume9@@PBUtagPALETTEENTRY@@PBU_D3DBOX@@H@Z 1001fb94 f   d3dx9dt:d3dx9tex.obj
 0001:0001ecaf       ?CheckTextureRequirements@@YGJPAUIDirect3DDevice9@@PAI111KPAW4_D3DFORMAT@@W4_D3DPOOL@@W4_D3DRESOURCETYPE@@@Z 1001fcaf f   d3dx9dt:d3dx9tex.obj
 0001:0001fe9d       ?FXLVMFill2@@YGXPAUD3DXVECTOR4@@PBUD3DXVECTOR2@@1PAX@Z 10020e9d f   d3dx9dt:d3dx9tex.obj
 0001:0001ff00       ?FXLVMFill3@@YGXPAUD3DXVECTOR4@@PBUD3DXVECTOR3@@1PAX@Z 10020f00 f   d3dx9dt:d3dx9tex.obj
 0001:00020272       ?EvalColor@@YGMPAUD3DXCOLOR@@K@Z 10021272 f   d3dx9dt:d3dx9tex.obj
 0001:00021746       ?CreateTextureFromFileInMemoryEx@@YGJPAUIDirect3DDevice9@@PBXIIIIIKW4_D3DFORMAT@@W4_D3DPOOL@@KKKPAU_D3DXIMAGE_INFO@@PAUtagPALETTEENTRY@@W4_D3DRESOURCETYPE@@PAPAUIDirect3DBaseTexture9@@@Z 10022746 f   d3dx9dt:d3dx9tex.obj
 0001:00021fd7       ?SaveTextureToFile@@YGJPBXW4_D3DXIMAGE_FILEFORMAT@@PAUIDirect3DBaseTexture9@@PBUtagPALETTEENTRY@@H@Z 10022fd7 f   d3dx9dt:d3dx9tex.obj
 0001:00018850       ?WithinEpsilon@@YGHMM@Z    10019850 f   d3dx9dt:d3dxmath.obj
 0001:00018882       ?sincosf@@YGXMPAM0@Z       10019882 f   d3dx9dt:d3dxmath.obj
