 Engine

 Timestamp is 6690c876 (Fri Jul 12 13:08:54 2024)

 Preferred load address is 10000000

 Start         Length     Name                   Class
 0001:00000000 00054ac4H .text                   CODE
 0001:00054ad0 00001133H .text$x                 CODE
 0002:00000000 000002f4H .idata$5                DATA
 0002:000002f8 00003fbdH .rdata                  DATA
 0002:000042b8 000019a8H .xdata$x                DATA
 0002:00005c60 000000dcH .idata$2                DATA
 0002:00005d3c 00000014H .idata$3                DATA
 0002:00005d50 000002f4H .idata$4                DATA
 0002:00006044 00000b98H .idata$6                DATA
 0002:00006be0 0000c40eH .edata                  DATA
 0003:00000000 00000004H .CRT$XCA                DATA
 0003:00000004 00000010H .CRT$XCU                DATA
 0003:00000014 00000004H .CRT$XCZ                DATA
 0003:00000018 00000004H .CRT$XIA                DATA
 0003:0000001c 00000004H .CRT$XIZ                DATA
 0003:00000020 00007270H .data                   DATA
 0003:00007290 00009230H .bss                    DATA

  Address         Publics by Value              Rva+Base     Lib:Object

 0001:00000000       ?GetScreenMode@KDirectDraw@@QAEKXZ 10001000 f i KAutoMutex.obj
 0001:00000020       ?GetScreenWidth@KDirectDraw@@QAEKXZ 10001020 f i KAutoMutex.obj
 0001:00000040       ?GetScreenHeight@KDirectDraw@@QAEKXZ 10001040 f i KAutoMutex.obj
 0001:00000060       ?GetScreenPitch@KDirectDraw@@QAEKXZ 10001060 f i KAutoMutex.obj
 0001:00000080       ?GetRGBBitCount@KDirectDraw@@QAEKXZ 10001080 f i KAutoMutex.obj
 0001:000000a0       ?GetRGBBitMask16@KDirectDraw@@QAEKXZ 100010a0 f i KAutoMutex.obj
 0001:000000c0       ?GetRGBBitMask32@KDirectDraw@@QAEKXZ 100010c0 f i KAutoMutex.obj
 0001:000000e0       ??4KDirectDraw@@QAEAAV0@ABV0@@Z 100010e0 f i KAutoMutex.obj
 0001:00000110       ?LockPrimaryBuffer@KDirectDraw@@QAEPAXXZ 10001110 f i KAutoMutex.obj
 0001:000001a0       ?UnLockPrimaryBuffer@KDirectDraw@@QAEXXZ 100011a0 f i KAutoMutex.obj
 0001:000001f0       ?LockBackBuffer@KDirectDraw@@QAEPAXXZ 100011f0 f i KAutoMutex.obj
 0001:00000280       ?UnLockBackBuffer@KDirectDraw@@QAEXXZ 10001280 f i KAutoMutex.obj
 0001:000002d0       ?UpdateScreen@KDirectDraw@@QAEXPAUtagRECT@@@Z 100012d0 f i KAutoMutex.obj
 0001:00000330       ?GetDirectSound@KDirectSound@@QAEPAUIDirectSound@@XZ 10001330 f i KAutoMutex.obj
 0001:00000350       ??4KDirectSound@@QAEAAV0@ABV0@@Z 10001350 f i KAutoMutex.obj
 0001:00000380       ??4KDirectInput@@QAEAAV0@ABV0@@Z 10001380 f i KAutoMutex.obj
 0001:000003b0       ??4KFile@@QAEAAV0@ABV0@@Z  100013b0 f i KAutoMutex.obj
 0001:000003e0       ?GetFilePath@KFileDialog@@QAEPADXZ 100013e0 f i KAutoMutex.obj
 0001:00000400       ?GetFileName@KFileDialog@@QAEPADXZ 10001400 f i KAutoMutex.obj
 0001:00000420       ?GetFileTitleA@KFileDialog@@QAEPADXZ 10001420 f i KAutoMutex.obj
 0001:00000440       ??4KFileDialog@@QAEAAV0@ABV0@@Z 10001440 f i KAutoMutex.obj
 0001:00000470       ??4KTimer@@QAEAAV0@ABV0@@Z 10001470 f i KAutoMutex.obj
 0001:000004a0       ?GetMemPtr@KMemClass@@QAEPAXXZ 100014a0 f i KAutoMutex.obj
 0001:000004c0       ?GetMemLen@KMemClass@@QAEKXZ 100014c0 f i KAutoMutex.obj
 0001:000004e0       ??4KMemClass@@QAEAAV0@ABV0@@Z 100014e0 f i KAutoMutex.obj
 0001:00000510       ?GetWidth@KSprite@@QAEHXZ  10001510 f i KAutoMutex.obj
 0001:00000530       ?GetHeight@KSprite@@QAEHXZ 10001530 f i KAutoMutex.obj
 0001:00000550       ?GetCenterX@KSprite@@QAEHXZ 10001550 f i KAutoMutex.obj
 0001:00000570       ?GetCenterY@KSprite@@QAEHXZ 10001570 f i KAutoMutex.obj
 0001:00000590       ?GetFrames@KSprite@@QAEHXZ 10001590 f i KAutoMutex.obj
 0001:000005b0       ?GetDirections@KSprite@@QAEHXZ 100015b0 f i KAutoMutex.obj
 0001:000005d0       ?GetInterval@KSprite@@QAEHXZ 100015d0 f i KAutoMutex.obj
 0001:000005f0       ?GetPalette@KSprite@@QAEPAXXZ 100015f0 f i KAutoMutex.obj
 0001:00000620       ?Get24Palette@KSprite@@QAEPAXXZ 10001620 f i KAutoMutex.obj
 0001:00000640       ??4KSprite@@QAEAAV0@ABV0@@Z 10001640 f i KAutoMutex.obj
 0001:00000670       ??1KSprite@@QAE@XZ         10001670 f i KAutoMutex.obj
 0001:000006d0       ??4KPakFile@@QAEAAV0@ABV0@@Z 100016d0 f i KAutoMutex.obj
 0001:00000700       ??4KMemStack@@QAEAAV0@ABV0@@Z 10001700 f i KAutoMutex.obj
 0001:00000730       ??4KIniFile@@QAEAAV0@ABV0@@Z 10001730 f i KAutoMutex.obj
 0001:00000760       ?Changed@KCanvas@@QAEXH@Z  10001760 f i KAutoMutex.obj
 0001:00000780       ?GetWidth@KCanvas@@QAEHXZ  10001780 f i KAutoMutex.obj
 0001:000007a0       ?GetHeight@KCanvas@@QAEHXZ 100017a0 f i KAutoMutex.obj
 0001:000007c0       ?SetClipRect@KCanvas@@QAEXPAUtagRECT@@@Z 100017c0 f i KAutoMutex.obj
 0001:00000800       ?GetClipRect@KCanvas@@QAEXPAUtagRECT@@@Z 10001800 f i KAutoMutex.obj
 0001:00000840       ??4KCanvas@@QAEAAV0@ABV0@@Z 10001840 f i KAutoMutex.obj
 0001:00000870       ?GetBitmap@KBitmap@@QAEPAXXZ 10001870 f i KAutoMutex.obj
 0001:000008a0       ?GetPal32@KBitmap@@QAEPAUKPAL32@@XZ 100018a0 f i KAutoMutex.obj
 0001:000008c0       ?GetPal16@KBitmap@@QAEPAGXZ 100018c0 f i KAutoMutex.obj
 0001:000008e0       ?GetWidth@KBitmap@@QAEHXZ  100018e0 f i KAutoMutex.obj
 0001:00000900       ?GetHeight@KBitmap@@QAEHXZ 10001900 f i KAutoMutex.obj
 0001:00000920       ?GetColors@KBitmap@@QAEHXZ 10001920 f i KAutoMutex.obj
 0001:00000940       ??4KBitmap@@QAEAAV0@ABV0@@Z 10001940 f i KAutoMutex.obj
 0001:00000970       ??1KBitmap@@QAE@XZ         10001970 f i KAutoMutex.obj
 0001:000009a0       ?GetWidth@KFont@@QAEHXZ    100019a0 f i KAutoMutex.obj
 0001:000009c0       ?GetHeight@KFont@@QAEHXZ   100019c0 f i KAutoMutex.obj
 0001:000009e0       ?SetTextStyle@KFont@@QAEXH@Z 100019e0 f i KAutoMutex.obj
 0001:00000a00       ??4KFont@@QAEAAV0@ABV0@@Z  10001a00 f i KAutoMutex.obj
 0001:00000a30       ?HandleInput@KWin32App@@MAEHIIJ@Z 10001a30 f i KAutoMutex.obj
 0001:00000a50       ??0KWin32App@@QAE@ABV0@@Z  10001a50 f i KAutoMutex.obj
 0001:00000af0       ??4KWin32App@@QAEAAV0@ABV0@@Z 10001af0 f i KAutoMutex.obj
 0001:00000bd0       ??4KMutex@@QAEAAV0@ABV0@@Z 10001bd0 f i KAutoMutex.obj
 0001:00000c00       ??4KAutoMutex@@QAEAAV0@ABV0@@Z 10001c00 f i KAutoMutex.obj
 0001:00000c30       ??0KAutoMutex@@QAE@PAVKMutex@@@Z 10001c30 f   KAutoMutex.obj
 0001:00000c6b       ??1KAutoMutex@@QAE@XZ      10001c6b f   KAutoMutex.obj
 0001:00000cb0       ??4KAviFile@@QAEAAV0@ABV0@@Z 10001cb0 f i KAviFile.obj
 0001:00000ce0       ??0KAviFile@@QAE@XZ        10001ce0 f   KAviFile.obj
 0001:00000d4c       ??1KAviFile@@QAE@XZ        10001d4c f   KAviFile.obj
 0001:00000dab       ?Open@KAviFile@@QAEHPAD@Z  10001dab f   KAviFile.obj
 0001:00000e87       ?FillHeader@KAviFile@@QAEHXZ 10001e87 f   KAviFile.obj
 0001:00001595       ?GetAudioIndex@KAviFile@@QAEHXZ 10002595 f   KAviFile.obj
 0001:000017a9       ?GetVideoIndex@KAviFile@@QAEHXZ 100027a9 f   KAviFile.obj
 0001:000019a2       ?VideoStreams@KAviFile@@QAEHXZ 100029a2 f   KAviFile.obj
 0001:000019ba       ?AudioStreams@KAviFile@@QAEHXZ 100029ba f   KAviFile.obj
 0001:000019d2       ?GetBitmapInfoHeader@KAviFile@@QAEXPAUtagBITMAPINFOHEADER@@@Z 100029d2 f   KAviFile.obj
 0001:000019f7       ?GetWaveFormat@KAviFile@@QAEXPAUtWAVEFORMATEX@@@Z 100029f7 f   KAviFile.obj
 0001:00001a32       ?GetCompressMethod@KAviFile@@QAEXPAD@Z 10002a32 f   KAviFile.obj
 0001:00001a65       ?NextFrame@KAviFile@@QAEHPAE@Z 10002a65 f   KAviFile.obj
 0001:00001b26       ?ReadAudio@KAviFile@@QAEHPAEH@Z 10002b26 f   KAviFile.obj
 0001:00001c5b       ?FrameRate@KAviFile@@QAEHXZ 10002c5b f   KAviFile.obj
 0001:00001c99       ?CurrentFrame@KAviFile@@QAEHXZ 10002c99 f   KAviFile.obj
 0001:00001cb1       ?TotalFrames@KAviFile@@QAEHXZ 10002cb1 f   KAviFile.obj
 0001:00001cc9       ?VideoSeek@KAviFile@@QAEHH@Z 10002cc9 f   KAviFile.obj
 0001:00001d54       ?AudioSeek@KAviFile@@QAEHH@Z 10002d54 f   KAviFile.obj
 0001:00001e94       ?IsKeyframe@KAviFile@@QAEHH@Z 10002e94 f   KAviFile.obj
 0001:00001ed8       ?NextKeyFrame@KAviFile@@QAEHXZ 10002ed8 f   KAviFile.obj
 0001:00001f3a       ?PreviousKeyFrame@KAviFile@@QAEHXZ 10002f3a f   KAviFile.obj
 0001:00001fa6       ?Rewind@KAviFile@@QAEHXZ   10002fa6 f   KAviFile.obj
 0001:00001fdb       ?Close@KAviFile@@QAEXXZ    10002fdb f   KAviFile.obj
 0001:00002050       ??0KBitmap@@QAE@XZ         10003050 f   KBitmap.obj
 0001:0000209e       ?Init@KBitmap@@QAEHHHH@Z   1000309e f   KBitmap.obj
 0001:0000210a       ?Draw@KBitmap@@QAEXHH@Z    1000310a f   KBitmap.obj
 0001:00002176       ?Clear@KBitmap@@QAEXE@Z    10003176 f   KBitmap.obj
 0001:000021a0       ?MakePalette@KBitmap@@QAEXXZ 100031a0 f   KBitmap.obj
 0001:000021df       ?PutPixel@KBitmap@@QAEXHHE@Z 100031df f   KBitmap.obj
 0001:0000222a       ?GetPixel@KBitmap@@QAEEHH@Z 1000322a f   KBitmap.obj
 0001:00002272       ?Load@KBitmap@@QAEHPAD@Z   10003272 f   KBitmap.obj
 0001:000023a8       ?Save@KBitmap@@QAEHPAD@Z   100033a8 f   KBitmap.obj
 0001:000024d0       ?GetBitmap@KBitmap16@@QAEPAXXZ 100034d0 f i KBitmap16.obj
 0001:00002500       ?GetWidth@KBitmap16@@QAEHXZ 10003500 f i KBitmap16.obj
 0001:00002520       ?GetHeight@KBitmap16@@QAEHXZ 10003520 f i KBitmap16.obj
 0001:00002540       ??4KBitmap16@@QAEAAV0@ABV0@@Z 10003540 f i KBitmap16.obj
 0001:00002580       ??1KBitmap16@@QAE@XZ       10003580 f i KBitmap16.obj
 0001:000025b0       ??0KBitmap16@@QAE@XZ       100035b0 f   KBitmap16.obj
 0001:000025eb       ?Init@KBitmap16@@QAEHHH@Z  100035eb f   KBitmap16.obj
 0001:00002639       ?Free@KBitmap16@@QAEXXZ    10003639 f   KBitmap16.obj
 0001:0000265d       ?Clear@KBitmap16@@QAEXXZ   1000365d f   KBitmap16.obj
 0001:00002681       ?Draw@KBitmap16@@QAEXHH@Z  10003681 f   KBitmap16.obj
 0001:000026b3       ?DrawLum@KBitmap16@@QAEXHHH@Z 100036b3 f   KBitmap16.obj
 0001:000026e5       ?PutPixel@KBitmap16@@QAEXHHG@Z 100036e5 f   KBitmap16.obj
 0001:0000275b       ?GetPixel@KBitmap16@@QAEGHH@Z 1000375b f   KBitmap16.obj
 0001:000027d3       ?GetPointer@KBitmap16@@QAEPAGHH@Z 100037d3 f   KBitmap16.obj
 0001:00002818       ?Load@KBitmap16@@QAEHPAD@Z 10003818 f   KBitmap16.obj
 0001:00002986       ?Save@KBitmap16@@QAEHPAD@Z 10003986 f   KBitmap16.obj
 0001:00002a90       _g_CreateAlphaFromRGB      10003a90 f   KBitmapConvert.obj
 0001:00002b10       ?GetSprite@KBmp2Spr@@QAEPAXXZ 10003b10 f i KBmp2Spr.obj
 0001:00002b40       ?GetLength@KBmp2Spr@@QAEJXZ 10003b40 f i KBmp2Spr.obj
 0001:00002b60       ??4KBmp2Spr@@QAEAAV0@ABV0@@Z 10003b60 f i KBmp2Spr.obj
 0001:00002b90       ??1KBmp2Spr@@QAE@XZ        10003b90 f i KBmp2Spr.obj
 0001:00002bc0       ??0KBmp2Spr@@QAE@XZ        10003bc0 f   KBmp2Spr.obj
 0001:00002c1b       ?Convert@KBmp2Spr@@QAEHPAVKBitmap@@H@Z 10003c1b f   KBmp2Spr.obj
 0001:00002d10       ?ConvertRect@KBmp2Spr@@IAEJPAUtagRECT@@PAE@Z 10003d10 f   KBmp2Spr.obj
 0001:00002e0d       ?ConvertLine@KBmp2Spr@@IAEJHHHPAE@Z 10003e0d f   KBmp2Spr.obj
 0001:00002f37       ?GetTransCount@KBmp2Spr@@IAEJHHH@Z 10003f37 f   KBmp2Spr.obj
 0001:00002fd6       ?GetPixelCount@KBmp2Spr@@IAEJHHH@Z 10003fd6 f   KBmp2Spr.obj
 0001:00003071       ?GetMiniRect@KBmp2Spr@@IAEXPAUtagRECT@@@Z 10004071 f   KBmp2Spr.obj
 0001:00003330       ??4KBmpFile@@QAEAAV0@ABV0@@Z 10004330 f i KBmpFile.obj
 0001:00003370       ?Load@KBmpFile@@QAEHPADPAVKBitmap@@@Z 10004370 f   KBmpFile.obj
 0001:000036b0       ?Save@KBmpFile@@QAEHPADPAVKBitmap@@@Z 100046b0 f   KBmpFile.obj
 0001:0000391f       ?Decode@KBmpFile@@AAEXPAX0@Z 1000491f f   KBmpFile.obj
 0001:000039b9       ?Encode@KBmpFile@@AAEXPAX0@Z 100049b9 f   KBmpFile.obj
 0001:00003a60       ??4KBmpFile24@@QAEAAV0@ABV0@@Z 10004a60 f i KBmpFile24.obj
 0001:00003a90       ?Load@KBmpFile24@@QAEHPADPAVKBitmap16@@@Z 10004a90 f   KBmpFile24.obj
 0001:00003d84       ?Save@KBmpFile24@@QAEHPADPAVKBitmap16@@@Z 10004d84 f   KBmpFile24.obj
 0001:00003fc3       ?Decode@KBmpFile24@@AAEHPAX0@Z 10004fc3 f   KBmpFile24.obj
 0001:000040db       ?Encode@KBmpFile24@@AAEHPAX0@Z 100050db f   KBmpFile24.obj
 0001:00004205       ?SaveBuffer24@KBmpFile24@@SAHPADPAXHHH@Z 10005205 f   KBmpFile24.obj
 0001:0000422f       ?SaveBuffer32@KBmpFile24@@SAHPADPAXHHH@Z 1000522f f   KBmpFile24.obj
 0001:00004259       ?SaveBuffer@KBmpFile24@@CAHPADPAXHHH_N@Z 10005259 f   KBmpFile24.obj
 0001:000045b0       ??0KMemManager@@QAE@ABV0@@Z 100055b0 f i KCache.obj
 0001:00004610       ??4KMemManager@@QAEAAV0@ABV0@@Z 10005610 f i KCache.obj
 0001:000046b0       ??0KList@@QAE@ABV0@@Z      100056b0 f i KCache.obj
 0001:00004720       ??1KNode@@UAE@XZ           10005720 f i KCache.obj
 0001:00004740       ??_EKNode@@UAEPAXI@Z       10005740 f i KCache.obj
 0001:00004740       ??_GKNode@@UAEPAXI@Z       10005740 f i KCache.obj
 0001:00004780       ??4KList@@QAEAAV0@ABV0@@Z  10005780 f i KCache.obj
 0001:000047c0       ??0KNode@@QAE@ABV0@@Z      100057c0 f i KCache.obj
 0001:00004800       ??4KNode@@QAEAAV0@ABV0@@Z  10005800 f i KCache.obj
 0001:00004830       ?GetName@KStrNode@@UAEPADXZ 10005830 f i KCache.obj
 0001:00004850       ?SetName@KStrNode@@UAEXPAD@Z 10005850 f i KCache.obj
 0001:00004890       ??0KStrNode@@QAE@ABV0@@Z   10005890 f i KCache.obj
 0001:000048e0       ??4KStrNode@@QAEAAV0@ABV0@@Z 100058e0 f i KCache.obj
 0001:00004950       ??1KStrNode@@UAE@XZ        10005950 f i KCache.obj
 0001:00004980       ??_GKStrNode@@UAEPAXI@Z    10005980 f i KCache.obj
 0001:000049c0       ??_EKStrNode@@UAEPAXI@Z    100059c0 f i KCache.obj
 0001:00004a50       ??0KStrList@@QAE@XZ        10005a50 f i KCache.obj
 0001:00004a80       ??0KList@@QAE@XZ           10005a80 f i KCache.obj
 0001:00004b00       ??0KNode@@QAE@XZ           10005b00 f i KCache.obj
 0001:00004b40       ??0KStrList@@QAE@ABV0@@Z   10005b40 f i KCache.obj
 0001:00004b70       ??4KStrList@@QAEAAV0@ABV0@@Z 10005b70 f i KCache.obj
 0001:00004ba0       ??1KStrList@@QAE@XZ        10005ba0 f i KCache.obj
 0001:00004bd0       ??1KList@@QAE@XZ           10005bd0 f i KCache.obj
 0001:00004c30       ?LoadNode@KCache@@UAEHPAVKCacheNode@@@Z 10005c30 f i KCache.obj
 0001:00004c50       ?FreeNode@KCache@@UAEXPAVKCacheNode@@@Z 10005c50 f i KCache.obj
 0001:00004c70       ??0KCache@@QAE@ABV0@@Z     10005c70 f i KCache.obj
 0001:00004cd0       ??4KCache@@QAEAAV0@ABV0@@Z 10005cd0 f i KCache.obj
 0001:00004d20       ??0KCache@@QAE@XZ          10005d20 f   KCache.obj
 0001:00004d67       ?Release@KCache@@UAEXXZ    10005d67 f   KCache.obj
 0001:00004df5       ??1KCache@@QAE@XZ          10005df5 f   KCache.obj
 0001:00004e25       ?Init@KCache@@UAEXH@Z      10005e25 f   KCache.obj
 0001:00004e4e       ?NewNode@KCache@@UAEPAVKCacheNode@@PAD@Z 10005e4e f   KCache.obj
 0001:0000508e       ?GetNode@KCache@@UAEPAVKCacheNode@@PADPAV2@@Z 1000608e f   KCache.obj
 0001:00005117       ?Prepare@KCache@@QAEXXZ    10006117 f   KCache.obj
 0001:000051ce       ?ClearNode@KCache@@QAEXPAD@Z 100061ce f   KCache.obj
 0001:00005280       ?RemoveHead@KList@@QAEPAVKNode@@XZ 10006280 f i KCache.obj
 0001:000052d0       ?GetNext@KNode@@QAEPAV1@XZ 100062d0 f i KCache.obj
 0001:00005300       ?Remove@KNode@@QAEXXZ      10006300 f i KCache.obj
 0001:00005390       ?GetTail@KList@@QAEPAVKNode@@XZ 10006390 f i KCache.obj
 0001:000053c0       ?GetPrev@KNode@@QAEPAV1@XZ 100063c0 f i KCache.obj
 0001:000053f0       ?AddHead@KList@@QAEXPAVKNode@@@Z 100063f0 f i KCache.obj
 0001:00005420       ?InsertAfter@KNode@@QAEXPAV1@@Z 10006420 f i KCache.obj
 0001:000054a0       ?RemoveTail@KList@@QAEPAVKNode@@XZ 100064a0 f i KCache.obj
 0001:000054f0       ?GetNodeCount@KList@@QAEJXZ 100064f0 f i KCache.obj
 0001:00005550       ?GetHead@KList@@QAEPAVKNode@@XZ 10006550 f i KCache.obj
 0001:00005580       ??0KCacheNode@@QAE@XZ      10006580 f i KCache.obj
 0001:000055d0       ??_GKCacheNode@@UAEPAXI@Z  100065d0 f i KCache.obj
 0001:000055d0       ??_EKCacheNode@@UAEPAXI@Z  100065d0 f i KCache.obj
 0001:00005610       ??1KCacheNode@@UAE@XZ      10006610 f i KCache.obj
 0001:00005640       ??0KCanvas@@QAE@XZ         10006640 f   KCanvas.obj
 0001:00005698       ??1KCanvas@@QAE@XZ         10006698 f   KCanvas.obj
 0001:000056bc       ?Init@KCanvas@@QAE_NHH@Z   100066bc f   KCanvas.obj
 0001:000057d3       ?Terminate@KCanvas@@QAEXXZ 100067d3 f   KCanvas.obj
 0001:0000581b       ?GetUpdateRect@KCanvas@@AAE_NPAUtagRECT@@0@Z 1000681b f   KCanvas.obj
 0001:0000599d       ?RectClip@KCanvas@@QAEHPAUtagRECT@@@Z 1000699d f   KCanvas.obj
 0001:00005a2d       ?MakeClip@KCanvas@@QAEHJJJJPAUKClipper@@@Z 10006a2d f   KCanvas.obj
 0001:00005b97       ?FillCanvas@KCanvas@@QAEXG@Z 10006b97 f   KCanvas.obj
 0001:00005c08       ?UpdateCanvas@KCanvas@@QAEXXZ 10006c08 f   KCanvas.obj
 0001:00005c1a       ?BltSurface@KCanvas@@QAEXPAUIDirectDrawSurface@@PAUtagRECT@@@Z 10006c1a f   KCanvas.obj
 0001:00005c78       ?UpdateScreen@KCanvas@@QAEXXZ 10006c78 f   KCanvas.obj
 0001:00005c9e       ?DrawPixel@KCanvas@@QAEXHHH@Z 10006c9e f   KCanvas.obj
 0001:00005d40       ?DrawPixelAlpha@KCanvas@@QAEXHHHH@Z 10006d40 f   KCanvas.obj
 0001:00005de8       ?DrawLine@KCanvas@@QAEXHHHHH@Z 10006de8 f   KCanvas.obj
 0001:00005ef2       ?DrawLineAlpha@KCanvas@@QAEXHHHHHH@Z 10006ef2 f   KCanvas.obj
 0001:00006002       ?DrawSprite@KCanvas@@QAEXHHHHPAX0@Z 10007002 f   KCanvas.obj
 0001:000060d3       ?DrawSpriteMixColor@KCanvas@@QAEXHHHHPAX0HH@Z 100070d3 f   KCanvas.obj
 0001:000061b0       ?DrawSpriteWithColor@KCanvas@@QAEXHHHHPAX0HH@Z 100071b0 f   KCanvas.obj
 0001:0000628d       ?DrawSpriteAlpha@KCanvas@@QAEXHHHHPAX0H@Z 1000728d f   KCanvas.obj
 0001:0000637a       ?DrawSpriteBorder@KCanvas@@QAEXHHHHHPAX@Z 1000737a f   KCanvas.obj
 0001:0000643f       ?DrawSprite3LevelAlpha@KCanvas@@QAEXHHHHPAX0@Z 1000743f f   KCanvas.obj
 0001:000064f9       ?DrawFont@KCanvas@@QAEXHHHHHHPAX@Z 100074f9 f   KCanvas.obj
 0001:000065b3       ?DrawFontWithBorder@KCanvas@@QAEXHHHHHHPAXH@Z 100075b3 f   KCanvas.obj
 0001:0000666d       ?DrawFontSolid@KCanvas@@QAEXHHHHHHPAX@Z 1000766d f   KCanvas.obj
 0001:00006727       ?DrawBitmap@KCanvas@@QAEXHHHHPAX0@Z 10007727 f   KCanvas.obj
 0001:000067db       ?DrawFade@KCanvas@@QAEXHHHHH@Z 100077db f   KCanvas.obj
 0001:00006889       ?DrawBitmap16@KCanvas@@QAEXHHHHPAX@Z 10007889 f   KCanvas.obj
 0001:00006937       ?DrawBitmap16mmx@KCanvas@@QAEXHHHHPAX@Z 10007937 f   KCanvas.obj
 0001:000069e5       ?DrawBitmap16win@KCanvas@@QAEXHHHHPAX@Z 100079e5 f   KCanvas.obj
 0001:00006a93       ?Clear@KCanvas@@QAEXHHHHH@Z 10007a93 f   KCanvas.obj
 0001:00006afe       ?DotClear@KCanvas@@QAEXHHHHH@Z 10007afe f   KCanvas.obj
 0001:00006bac       ?ClearAlpha@KCanvas@@QAEXHHHHHH@Z 10007bac f   KCanvas.obj
 0001:00006c60       ?LockCanvas@KCanvas@@QAEPAXAAH@Z 10007c60 f   KCanvas.obj
 0001:00006cdc       ?UnlockCanvas@KCanvas@@QAEXXZ 10007cdc f   KCanvas.obj
 0001:00006d20       ?UpdateBackBuffer@KCanvas@@AAEXPAUtagRECT@@@Z 10007d20 f i KCanvas.obj
 0001:00006de0       ?UpdateFrontBuffer@KCanvas@@AAEXPAUtagRECT@@@Z 10007de0 f i KCanvas.obj
 0001:00006ea0       ??0KDrawNode@@QAE@XZ       10007ea0 f i KCanvas.obj
 0001:00006ed0       ??1KDrawNode@@UAE@XZ       10007ed0 f i KCanvas.obj
 0001:00006f00       ??_GKDrawNode@@UAEPAXI@Z   10007f00 f i KCanvas.obj
 0001:00006f00       ??_EKDrawNode@@UAEPAXI@Z   10007f00 f i KCanvas.obj
 0001:00006f40       ??0KCodec@@QAE@XZ          10007f40 f i KCodec.obj
 0001:00006f60       ??0KCodec@@QAE@ABV0@@Z     10007f60 f i KCodec.obj
 0001:00006f80       ??4KCodec@@QAEAAV0@ABV0@@Z 10007f80 f i KCodec.obj
 0001:00006fa0       ??0KCodecLzo@@QAE@XZ       10007fa0 f i KCodec.obj
 0001:00006fe0       ??0KCodecLzo@@QAE@ABV0@@Z  10007fe0 f i KCodec.obj
 0001:00007030       ??4KCodecLzo@@QAEAAV0@ABV0@@Z 10008030 f i KCodec.obj
 0001:00007070       ??1KCodecLzo@@QAE@XZ       10008070 f i KCodec.obj
 0001:000070a0       ?GetPackLen@KCodec@@UAEKK@Z 100080a0 f   KCodec.obj
 0001:000070ca       ?Encode@KCodec@@UAEHPAUTCodeInfo@@@Z 100080ca f   KCodec.obj
 0001:00007115       ?Decode@KCodec@@UAEHPAUTCodeInfo@@@Z 10008115 f   KCodec.obj
 0001:00007160       ?g_InitCodec@@YAXPAPAVKCodec@@H@Z 10008160 f   KCodec.obj
 0001:00007255       ?g_FreeCodec@@YAXPAPAVKCodec@@H@Z 10008255 f   KCodec.obj
 0001:000072f0       ??_GKCodecLzo@@QAEPAXI@Z   100082f0 f i KCodec.obj
 0001:00007330       ?Compress@KCodecLzo@@AAEKPAEK0PAK@Z 10008330 f   KCodecLzo.obj
 0001:000078e6       ?Encode@KCodecLzo@@UAEHPAUTCodeInfo@@@Z 100088e6 f   KCodecLzo.obj
 0001:00007aad       ?Decode@KCodecLzo@@UAEHPAUTCodeInfo@@@Z 10008aad f   KCodecLzo.obj
 0001:000080a0       ?g_Red@@YAEG@Z             100090a0 f   KColors.obj
 0001:000080cd       ?g_Green@@YAEG@Z           100090cd f   KColors.obj
 0001:00008124       ?g_Blue@@YAEG@Z            10009124 f   KColors.obj
 0001:0000817a       ?g_RGB555@@YAGHHH@Z        1000917a f   KColors.obj
 0001:000081cc       ?g_RGB565@@YAGHHH@Z        100091cc f   KColors.obj
 0001:0000821e       ?g_555To565@@YAXHHPAX@Z    1000921e f   KColors.obj
 0001:0000825a       ?g_565To555@@YAXHHPAX@Z    1000925a f   KColors.obj
 0001:000082a0       ??0KDirectDraw@@QAE@XZ     100092a0 f   KDDraw.obj
 0001:0000830c       ??1KDirectDraw@@QAE@XZ     1000930c f   KDDraw.obj
 0001:00008330       ?Mode@KDirectDraw@@QAEXHHH@Z 10009330 f   KDDraw.obj
 0001:00008365       ?Init@KDirectDraw@@QAEHXZ  10009365 f   KDDraw.obj
 0001:0000844f       ?Exit@KDirectDraw@@QAEXXZ  1000944f f   KDDraw.obj
 0001:00008542       ?CreateDirectDraw@KDirectDraw@@AAEHXZ 10009542 f   KDDraw.obj
 0001:00008639       ?SetDisplayMode@KDirectDraw@@AAEHXZ 10009639 f   KDDraw.obj
 0001:00008708       ?GetDisplayMode@KDirectDraw@@AAEHXZ 10009708 f   KDDraw.obj
 0001:00008802       ?CreateSurface@KDirectDraw@@AAEHXZ 10009802 f   KDDraw.obj
 0001:00008984       ?CreateSurface@KDirectDraw@@QAEPAUIDirectDrawSurface@@HH@Z 10009984 f   KDDraw.obj
 0001:00008a23       ?RestoreSurface@KDirectDraw@@QAEHXZ 10009a23 f   KDDraw.obj
 0001:00008acc       ?GetSurfaceDesc@KDirectDraw@@AAEHXZ 10009acc f   KDDraw.obj
 0001:00008c4e       ?CreateClipper@KDirectDraw@@AAEHXZ 10009c4e f   KDDraw.obj
 0001:00008d28       ?SetClipperHWnd@KDirectDraw@@QAEXPAUHWND__@@@Z 10009d28 f   KDDraw.obj
 0001:00008d89       ?WaitForVerticalBlankBegin@KDirectDraw@@QAEXXZ 10009d89 f   KDDraw.obj
 0001:00008dcc       ?WaitForVerticalBlankEnd@KDirectDraw@@QAEXXZ 10009dcc f   KDDraw.obj
 0001:00008e0f       ?FillBackBuffer@KDirectDraw@@QAEXK@Z 10009e0f f   KDDraw.obj
 0001:00008e7f       ?UpdateScreenZoom@KDirectDraw@@QAEXPAUtagRECT@@@Z 10009e7f f   KDDraw.obj
 0001:00008ed7       ?SetWindowStyle@KDirectDraw@@AAEXXZ 10009ed7 f   KDDraw.obj
 0001:0000900e       ?BltToFrontBuffer@KDirectDraw@@QAEXPAUIDirectDrawSurface@@PAUtagRECT@@1@Z 1000a00e f   KDDraw.obj
 0001:0000906b       ?BltToBackBuffer@KDirectDraw@@QAEXPAUIDirectDrawSurface@@PAUtagRECT@@1@Z 1000a06b f   KDDraw.obj
 0001:000090d0       ?g_FindDebugWindow@@YAPAUHWND__@@PAD0@Z 1000a0d0 f   KDebug.obj
 0001:000090ff       ?g_DebugLog@@YAXPADZZ      1000a0ff f   KDebug.obj
 0001:000091ab       ?g_MessageBox@@YAXPADZZ    1000a1ab f   KDebug.obj
 0001:00009234       ?g_AssertFailed@@YAXPADH@Z 1000a234 f   KDebug.obj
 0001:000092c0       ?g_DDError@@YAXH@Z         1000a2c0 f   KDError.obj
 0001:00009336       ?g_DSError@@YAXH@Z         1000a336 f   KDError.obj
 0001:000093ac       ?g_DIError@@YAXH@Z         1000a3ac f   KDError.obj
 0001:00009430       ??0KDirectInput@@QAE@XZ    1000a430 f   KDInput.obj
 0001:0000946a       ??1KDirectInput@@QAE@XZ    1000a46a f   KDInput.obj
 0001:0000948e       ?Init@KDirectInput@@QAEHXZ 1000a48e f   KDInput.obj
 0001:00009523       ?Exit@KDirectInput@@QAEXXZ 1000a523 f   KDInput.obj
 0001:0000960a       ?CreateDirectInput@KDirectInput@@AAEHXZ 1000a60a f   KDInput.obj
 0001:00009660       ?CreateMouseDevice@KDirectInput@@AAEHXZ 1000a660 f   KDInput.obj
 0001:0000976b       ?CreateKeyboardDevice@KDirectInput@@AAEHXZ 1000a76b f   KDInput.obj
 0001:00009876       ?SetMouseBehavior@KDirectInput@@QAEHH@Z 1000a876 f   KDInput.obj
 0001:000098ff       ?GetMouseState@KDirectInput@@QAEHPAH0PAE1@Z 1000a8ff f   KDInput.obj
 0001:000099ae       ?GetKeyboardState@KDirectInput@@QAEHPAE@Z 1000a9ae f   KDInput.obj
 0001:00009a30       ?g_DrawPixel@@YAXPAX0@Z    1000aa30 f   KDrawBase.obj
 0001:00009ad9       ?g_DrawPixelAlpha@@YAXPAX0@Z 1000aad9 f   KDrawBase.obj
 0001:00009bcd       ?g_DrawLine@@YAXPAX0@Z     1000abcd f   KDrawBase.obj
 0001:00009dae       ?g_DrawLineAlpha@@YAXPAX0@Z 1000adae f   KDrawBase.obj
 0001:00009f98       ?g_Clear@@YAXPAX0@Z        1000af98 f   KDrawBase.obj
 0001:0000a08d       ?g_DotClear@@YAXPAX0@Z     1000b08d f   KDrawBase.obj
 0001:0000a181       ?g_ClearAlpha@@YAXPAX0@Z   1000b181 f   KDrawBase.obj
 0001:0000a2d0       ?g_DrawBitmap@@YAXPAX0@Z   1000b2d0 f   KDrawBitmap.obj
 0001:0000a3e0       ?g_DrawBitmap16@@YAXPAX0@Z 1000b3e0 f   KDrawBitmap16.obj
 0001:0000a500       ?g_DrawBitmap16mmx@@YAXPAX0@Z 1000b500 f   KDrawBitmap16.obj
 0001:0000a61a       ?g_DrawBitmap16win@@YAXPAX0@Z 1000b61a f   KDrawBitmap16.obj
 0001:0000a750       ?g_DrawFade@@YAXPAX0@Z     1000b750 f   KDrawFade.obj
 0001:0000a8a0       ?g_DrawFont@@YAXPAX0@Z     1000b8a0 f   KDrawFont.obj
 0001:0000aa58       ?g_DrawFontWithBorder@@YAXPAX0@Z 1000ba58 f   KDrawFont.obj
 0001:0000abc1       ?g_DrawFontSolid@@YAXPAX0@Z 1000bbc1 f   KDrawFont.obj
 0001:0000ad60       ?g_DrawSprite@@YAXPAX0@Z   1000bd60 f   KDrawSprite.obj
 0001:0000b092       ?g_DrawSpriteMixColor@@YAXPAX0@Z 1000c092 f   KDrawSprite.obj
 0001:0000b4eb       ?g_DrawSpriteWithColor@@YAXPAX0@Z 1000c4eb f   KDrawSprite.obj
 0001:0000b991       ?g_DrawSpriteBorder@@YAXPAX0@Z 1000c991 f   KDrawSprite.obj
 0001:0000bd00       ?g_DrawSpriteAlpha@@YAXPAX0@Z 1000cd00 f   KDrawSpriteAlpha.obj
 0001:0000c389       ?g_DrawSpriteAlpha@@YAXPAX0H@Z 1000d389 f   KDrawSpriteAlpha.obj
 0001:0000ccbd       ?g_DrawSprite3LevelAlpha@@YAXPAX0@Z 1000dcbd f   KDrawSpriteAlpha.obj
 0001:0000d040       ??0KDirectSound@@QAE@XZ    1000e040 f   KDSound.obj
 0001:0000d070       ??1KDirectSound@@QAE@XZ    1000e070 f   KDSound.obj
 0001:0000d094       ?Init@KDirectSound@@QAEHXZ 1000e094 f   KDSound.obj
 0001:0000d0f2       ?Exit@KDirectSound@@QAEXXZ 1000e0f2 f   KDSound.obj
 0001:0000d175       ?CreateDirectSound@KDirectSound@@AAEHXZ 1000e175 f   KDSound.obj
 0001:0000d203       ?CreatePrimarySoundBuffer@KDirectSound@@AAEHXZ 1000e203 f   KDSound.obj
 0001:0000d330       ??0KScript@@QAE@ABV0@@Z    1000e330 f i KEicScript.obj
 0001:0000d350       ??4KScript@@QAEAAV0@ABV0@@Z 1000e350 f i KEicScript.obj
 0001:0000d370       ??_GKScript@@UAEPAXI@Z     1000e370 f i KEicScript.obj
 0001:0000d3b0       ??_EKScript@@UAEPAXI@Z     1000e3b0 f i KEicScript.obj
 0001:0000d440       ??0KEicScript@@QAE@XZ      1000e440 f i KEicScript.obj
 0001:0000d470       ??0KEicScript@@QAE@ABV0@@Z 1000e470 f i KEicScript.obj
 0001:0000d4c0       ??4KEicScript@@QAEAAV0@ABV0@@Z 1000e4c0 f i KEicScript.obj
 0001:0000d530       ??1KEicScript@@UAE@XZ      1000e530 f i KEicScript.obj
 0001:0000d560       ??_GKEicScript@@UAEPAXI@Z  1000e560 f i KEicScript.obj
 0001:0000d5a0       ??_EKEicScript@@UAEPAXI@Z  1000e5a0 f i KEicScript.obj
 0001:0000d630       ?Init@KEicScript@@UAEHXZ   1000e630 f   KEicScript.obj
 0001:0000d7e5       ?Exit@KEicScript@@UAEXXZ   1000e7e5 f   KEicScript.obj
 0001:0000d806       ?Load@KEicScript@@UAEHPAD@Z 1000e806 f   KEicScript.obj
 0001:0000d849       ?Compile@KEicScript@@UAEHPAD@Z 1000e849 f   KEicScript.obj
 0001:0000d86f       ?Execute@KEicScript@@UAEHHPAPAD@Z 1000e86f f   KEicScript.obj
 0001:0000d8cb       ?RegisterFunction@KEicScript@@UAEHPADPAX@Z 1000e8cb f   KEicScript.obj
 0001:0000d900       ?Activate@KLuaScript@@QAEHXZ 1000e900 f i KEicScriptSet.obj
 0001:0000d940       ?SetScriptName@KLuaScript@@UAEXPAD@Z 1000e940 f i KEicScriptSet.obj
 0001:0000d980       ?GetUserTag@KLuaScript@@QAEHXZ 1000e980 f i KEicScriptSet.obj
 0001:0000d9a0       ?SetTableMember@KLuaScript@@QAEXHHPBD@Z 1000e9a0 f i KEicScriptSet.obj
 0001:0000d9f0       ?SetTableMember@KLuaScript@@QAEXHHN@Z 1000e9f0 f i KEicScriptSet.obj
 0001:0000da40       ?SetTableMember@KLuaScript@@QAEXHHH@Z 1000ea40 f i KEicScriptSet.obj
 0001:0000da90       ?SetTableMember@KLuaScript@@QAEXHPBDP6AHPAUlua_State@@@Z@Z 1000ea90 f i KEicScriptSet.obj
 0001:0000dae0       ?SetTableMember@KLuaScript@@QAEXHHP6AHPAUlua_State@@@Z@Z 1000eae0 f i KEicScriptSet.obj
 0001:0000db30       ?SetTableMember@KLuaScript@@QAEXHPBDPAD@Z 1000eb30 f i KEicScriptSet.obj
 0001:0000db80       ?SetTableMember@KLuaScript@@QAEXHPBDH@Z 1000eb80 f i KEicScriptSet.obj
 0001:0000dbd0       ?SetTableMember@KLuaScript@@QAEXHPBDN@Z 1000ebd0 f i KEicScriptSet.obj
 0001:0000dc20       ??0KLuaScript@@QAE@ABV0@@Z 1000ec20 f i KEicScriptSet.obj
 0001:0000dca0       ??4KLuaScript@@QAEAAV0@ABV0@@Z 1000eca0 f i KEicScriptSet.obj
 0001:0000dd30       ??_GKLuaScript@@UAEPAXI@Z  1000ed30 f i KEicScriptSet.obj
 0001:0000dd70       ??_EKLuaScript@@UAEPAXI@Z  1000ed70 f i KEicScriptSet.obj
 0001:0000de00       ?GetCount@KScriptSet@@QAEKXZ 1000ee00 f i KEicScriptSet.obj
 0001:0000de30       ?GetKeyStyle@KScriptSet@@QAEHXZ 1000ee30 f i KEicScriptSet.obj
 0001:0000de50       ?GetScriptFileNameFromKey@KScriptSet@@UAEPADPAD@Z 1000ee50 f i KEicScriptSet.obj
 0001:0000de70       ?GetScriptFileNameFromKey@KScriptSet@@UAEPADK@Z 1000ee70 f i KEicScriptSet.obj
 0001:0000de90       ??0KScriptSet@@QAE@ABV0@@Z 1000ee90 f i KEicScriptSet.obj
 0001:0000dee0       ??4KScriptSet@@QAEAAV0@ABV0@@Z 1000eee0 f i KEicScriptSet.obj
 0001:0000df30       ??0KEicScriptSet@@QAE@ABV0@@Z 1000ef30 f i KEicScriptSet.obj
 0001:0000df70       ??4KEicScriptSet@@QAEAAV0@ABV0@@Z 1000ef70 f i KEicScriptSet.obj
 0001:0000dfa0       ??0KEicScriptSet@@QAE@XZ   1000efa0 f   KEicScriptSet.obj
 0001:0000dfd0       ??1KEicScriptSet@@QAE@XZ   1000efd0 f   KEicScriptSet.obj
 0001:0000e000       ?g_InitEngine@@YAHXZ       1000f000 f   KEngine.obj
 0001:0000e079       ?g_ExitEngine@@YAXXZ       1000f079 f   KEngine.obj
 0001:0000e0d0       ??4KEvent@@QAEAAV0@ABV0@@Z 1000f0d0 f i KEvent.obj
 0001:0000e100       ??0KEvent@@QAE@XZ          1000f100 f   KEvent.obj
 0001:0000e152       ??1KEvent@@QAE@XZ          1000f152 f   KEvent.obj
 0001:0000e190       ?Signal@KEvent@@QAEXXZ     1000f190 f i KEvent.obj
 0001:0000e1d0       ?Wait@KEvent@@QAEXXZ       1000f1d0 f i KEvent.obj
 0001:0000e210       ?TimedWait@KEvent@@QAE_NJ@Z 1000f210 f i KEvent.obj
 0001:0000e260       ??0KFile@@QAE@XZ           1000f260 f   KFile.obj
 0001:0000e292       ??1KFile@@QAE@XZ           1000f292 f   KFile.obj
 0001:0000e2b6       ?Open@KFile@@QAEHPAD@Z     1000f2b6 f   KFile.obj
 0001:0000e353       ?Create@KFile@@QAEHPAD@Z   1000f353 f   KFile.obj
 0001:0000e3f0       ?Append@KFile@@QAEHPAD@Z   1000f3f0 f   KFile.obj
 0001:0000e49c       ?Close@KFile@@QAEXXZ       1000f49c f   KFile.obj
 0001:0000e4f7       ?Read@KFile@@QAEKPAXK@Z    1000f4f7 f   KFile.obj
 0001:0000e563       ?Write@KFile@@QAEKPAXK@Z   1000f563 f   KFile.obj
 0001:0000e5cf       ?Seek@KFile@@QAEKJK@Z      1000f5cf f   KFile.obj
 0001:0000e640       ?Tell@KFile@@QAEKXZ        1000f640 f   KFile.obj
 0001:0000e665       ?Size@KFile@@QAEKXZ        1000f665 f   KFile.obj
 0001:0000e6d0       ?g_DeleteFiles@@YAXPAD0@Z  1000f6d0 f   KFileCopy.obj
 0001:0000e89b       ?g_UpdateFiles@@YAXPAD0@Z  1000f89b f   KFileCopy.obj
 0001:0000eae0       ??0KFileDialog@@QAE@XZ     1000fae0 f   KFileDialog.obj
 0001:0000ebf8       ?SetTitle@KFileDialog@@QAEXPAD@Z 1000fbf8 f   KFileDialog.obj
 0001:0000ec2c       ?SetFlags@KFileDialog@@QAEXK@Z 1000fc2c f   KFileDialog.obj
 0001:0000ec4e       ?SetFilter@KFileDialog@@QAEXPAD@Z 1000fc4e f   KFileDialog.obj
 0001:0000ecdc       ?SetDefExt@KFileDialog@@QAEXPAD@Z 1000fcdc f   KFileDialog.obj
 0001:0000ed10       ?SetFilePath@KFileDialog@@QAEXPAD@Z 1000fd10 f   KFileDialog.obj
 0001:0000ed72       ?SetFileName@KFileDialog@@QAEXPAD@Z 1000fd72 f   KFileDialog.obj
 0001:0000eda3       ?SetFileTitle@KFileDialog@@QAEXPAD@Z 1000fda3 f   KFileDialog.obj
 0001:0000edd7       ?Open@KFileDialog@@QAEHXZ  1000fdd7 f   KFileDialog.obj
 0001:0000ee36       ?Save@KFileDialog@@QAEHXZ  1000fe36 f   KFileDialog.obj
 0001:0000eea0       ??4KPakList@@QAEAAV0@ABV0@@Z 1000fea0 f i KFilePath.obj
 0001:0000eed0       ?RemoveTwoPointPath@@YAHPADH@Z 1000fed0 f   KFilePath.obj
 0001:0000efbe       ?RemoveOnePointPath@@YAHPADH@Z 1000ffbe f   KFilePath.obj
 0001:0000f081       ?RemoveAllPointPath@@YAHPADH@Z 10010081 f   KFilePath.obj
 0001:0000f0aa       ?g_SetRootPath@@YAXPAD@Z   100100aa f   KFilePath.obj
 0001:0000f178       ?g_GetRootPath@@YAXPAD@Z   10010178 f   KFilePath.obj
 0001:0000f195       ?g_SetFilePath@@YAXPAD@Z   10010195 f   KFilePath.obj
 0001:0000f247       ?g_GetFilePath@@YAXPAD@Z   10010247 f   KFilePath.obj
 0001:0000f264       ?g_GetFullPath@@YAXPAD0@Z  10010264 f   KFilePath.obj
 0001:0000f392       ?g_GetHalfPath@@YAXPAD0@Z  10010392 f   KFilePath.obj
 0001:0000f3f8       ?g_GetPackPath@@YAXPAD0@Z  100103f8 f   KFilePath.obj
 0001:0000f48b       ?g_GetDiskPath@@YAXPAD0@Z  1001048b f   KFilePath.obj
 0001:0000f536       ?g_CreatePath@@YAXPAD@Z    10010536 f   KFilePath.obj
 0001:0000f6ee       ?g_UnitePathAndName@@YAXPAD00@Z 100106ee f   KFilePath.obj
 0001:0000f78e       ?g_FileExists@@YAHPAD@Z    1001078e f   KFilePath.obj
 0001:0000f839       ?g_FileName2Id@@YAKPAD@Z   10010839 f   KFilePath.obj
 0001:0000f8b8       ?g_ChangeFileExt@@YAXPAD0@Z 100108b8 f   KFilePath.obj
 0001:0000f94a       ?g_ExtractFileName@@YAXPAD0@Z 1001094a f   KFilePath.obj
 0001:0000f9cf       ?g_ExtractFilePath@@YAXPAD0@Z 100109cf f   KFilePath.obj
 0001:0000fa60       ??0KFindBinTreeNode@@QAE@XZ 10010a60 f i KFindBinTree.obj
 0001:0000fab0       ??1KFindBinTreeNode@@QAE@XZ 10010ab0 f i KFindBinTree.obj
 0001:0000fb50       ?CanInsert@KFindBinTreeNode@@QAEHXZ 10010b50 f i KFindBinTree.obj
 0001:0000fb80       ?GetRef@KFindBinTreeNode@@QBEHXZ 10010b80 f i KFindBinTree.obj
 0001:0000fba0       ??4KFindBinTreeNode@@QAEAAV0@ABV0@@Z 10010ba0 f i KFindBinTree.obj
 0001:0000fbd0       ??_GKFindBinTreeNode@@QAEPAXI@Z 10010bd0 f i KFindBinTree.obj
 0001:0000fc10       ??0KFindBinTree@@QAE@XZ    10010c10 f i KFindBinTree.obj
 0001:0000fc30       ??1KFindBinTree@@QAE@XZ    10010c30 f i KFindBinTree.obj
 0001:0000fc90       ?GetCount@KFindBinTree@@QAEHXZ 10010c90 f i KFindBinTree.obj
 0001:0000fcc0       ??4KFindBinTree@@QAEAAV0@ABV0@@Z 10010cc0 f i KFindBinTree.obj
 0001:0000fcf0       ?Init@KFindBinTreeNode@@QAEXH@Z 10010cf0 f   KFindBinTree.obj
 0001:0000fe1e       ?Insert@KFindBinTreeNode@@QAEHH@Z 10010e1e f   KFindBinTree.obj
 0001:0000fe9c       ?Remove@KFindBinTreeNode@@QAEXHH@Z 10010e9c f   KFindBinTree.obj
 0001:0000ff25       ?Init@KFindBinTree@@QAEXH@Z 10010f25 f   KFindBinTree.obj
 0001:0000ffc9       ?FindFree@KFindBinTree@@QAEHXZ 10010fc9 f   KFindBinTree.obj
 0001:00010015       ?Remove@KFindBinTree@@QAEXH@Z 10011015 f   KFindBinTree.obj
 0001:00010050       ??0KFont@@QAE@XZ           10011050 f   KFont.obj
 0001:000100e5       ??1KFont@@QAE@XZ           100110e5 f   KFont.obj
 0001:0001013e       ?Clear@KFont@@QAEXXZ       1001113e f   KFont.obj
 0001:000101ae       ?SetCharaset@KFont@@QAEXW4CHARASET@@@Z 100111ae f   KFont.obj
 0001:000101cb       ?Load@KFont@@QAEHPADW4CHARASET@@@Z 100111cb f   KFont.obj
 0001:000103a3       ?Save@KFont@@QAEHPAD@Z     100113a3 f   KFont.obj
 0001:000104de       ?DrawFont@KFont@@IAEXHHH@Z 100114de f   KFont.obj
 0001:000105bb       ?DrawFontAlpha@KFont@@IAEXHHHH@Z 100115bb f   KFont.obj
 0001:0001069c       ?DrawWord@KFont@@QAEXHHHH@Z 1001169c f   KFont.obj
 0001:000107a2       ?DrawTextA@KFont@@QAEXHHPAD@Z 100117a2 f   KFont.obj
 0001:00010a4e       ?DrawTextAlpha@KFont@@QAEXHHHPAD@Z 10011a4e f   KFont.obj
 0001:00010d09       ?SetColor@KFont@@QAEXEEE@Z 10011d09 f   KFont.obj
 0001:00010d63       ?SetLine@KFont@@QAEXHH@Z   10011d63 f   KFont.obj
 0001:00010d89       ?MakeText@KFont@@QAEXPAD@Z 10011d89 f   KFont.obj
 0001:00010fc2       ?MakeFont@KFont@@QAEHPADHH@Z 10011fc2 f   KFont.obj
 0001:00011282       ?AddWord@KFont@@IAEHHPAE@Z 10012282 f   KFont.obj
 0001:0001135c       ?GetFontRect@KFont@@IAEHHHPAVKBitmap@@PAE@Z 1001235c f   KFont.obj
 0001:000113ec       ?GetFontLine@KFont@@IAEHHHPAVKBitmap@@PAE@Z 100123ec f   KFont.obj
 0001:000114e0       ??4KGifFile@@QAEAAV0@ABV0@@Z 100124e0 f i KGifFile.obj
 0001:00011510       ??1KGifFile@@QAE@XZ        10012510 f i KGifFile.obj
 0001:00011540       ??0KGifFile@@QAE@XZ        10012540 f   KGifFile.obj
 0001:0001158f       ?read_byte@KGifFile@@AAEEXZ 1001258f f   KGifFile.obj
 0001:000115df       ?read_word@KGifFile@@AAEGXZ 100125df f   KGifFile.obj
 0001:0001163f       ?read_header@KGifFile@@AAEHXZ 1001263f f   KGifFile.obj
 0001:00011786       ?read_color_table@KGifFile@@AAEHXZ 10012786 f   KGifFile.obj
 0001:00011824       ?read_image_desc@KGifFile@@AAEHXZ 10012824 f   KGifFile.obj
 0001:000118f4       ?read_extension@KGifFile@@AAEHXZ 100128f4 f   KGifFile.obj
 0001:000119b8       ?Open@KGifFile@@QAEHPADPAVKBitmap@@@Z 100129b8 f   KGifFile.obj
 0001:00011b51       ?FirstImage@KGifFile@@QAEHXZ 10012b51 f   KGifFile.obj
 0001:00011b81       ?NextImage@KGifFile@@QAEHXZ 10012b81 f   KGifFile.obj
 0001:00011ca3       ?lzw_decode@KGifFile@@AAEXXZ 10012ca3 f   KGifFile.obj
 0001:000120f4       ?clear_table@KGifFile@@AAEXXZ 100130f4 f   KGifFile.obj
 0001:0001213d       ?get_code@KGifFile@@AAEXXZ 1001313d f   KGifFile.obj
 0001:00012384       ?get_string@KGifFile@@AAEXH@Z 10013384 f   KGifFile.obj
 0001:0001242c       ?output_string@KGifFile@@AAEXXZ 1001342c f   KGifFile.obj
 0001:00012620       ?g_RemoveSamePixel@@YAHPAVKBitmap@@0@Z 10013620 f   KGraphics.obj
 0001:00012724       ?g_RemoveDiffPixel@@YAHPAVKBitmap@@0@Z 10013724 f   KGraphics.obj
 0001:00012828       ?g_RemoveNoneZeroPixel@@YAHPAVKBitmap@@0@Z 10013828 f   KGraphics.obj
 0001:00012973       ?g_RemoveZeroPixel@@YAHPAVKBitmap@@0@Z 10013973 f   KGraphics.obj
 0001:00012ac0       ??0KHashList@@QAE@ABV0@@Z  10013ac0 f i KHashList.obj
 0001:00012af0       ??4KHashList@@QAEAAV0@ABV0@@Z 10013af0 f i KHashList.obj
 0001:00012b20       ??1KHashList@@QAE@XZ       10013b20 f i KHashList.obj
 0001:00012b50       ??0KHashList@@QAE@XZ       10013b50 f   KHashList.obj
 0001:00012b80       ??0KHashTable@@QAE@XZ      10013b80 f i KHashNode.obj
 0001:00012c00       ??0KHashTable@@QAE@ABV0@@Z 10013c00 f i KHashNode.obj
 0001:00012cb0       ??4KHashTable@@QAEAAV0@ABV0@@Z 10013cb0 f i KHashNode.obj
 0001:00012d30       ??1KHashTable@@QAE@XZ      10013d30 f i KHashNode.obj
 0001:00012da0       ?SetHashTable@KHashNode@@QAEXPAVKHashTable@@@Z 10013da0 f i KHashNode.obj
 0001:00012dc0       ??0KHashNode@@QAE@ABV0@@Z  10013dc0 f i KHashNode.obj
 0001:00012e10       ??4KHashNode@@QAEAAV0@ABV0@@Z 10013e10 f i KHashNode.obj
 0001:00012e50       ??1KHashNode@@UAE@XZ       10013e50 f i KHashNode.obj
 0001:00012e80       ??_GKHashNode@@UAEPAXI@Z   10013e80 f i KHashNode.obj
 0001:00012ec0       ??_EKHashNode@@UAEPAXI@Z   10013ec0 f i KHashNode.obj
 0001:00012f50       ??0KHashNode@@QAE@XZ       10013f50 f   KHashNode.obj
 0001:00012f8a       ?SetName@KHashNode@@UAEXPAD@Z 10013f8a f   KHashNode.obj
 0001:00012ff0       ?IsLinked@KNode@@QAEHXZ    10013ff0 f i KHashNode.obj
 0001:00013030       ?g_Hash@@YAKPAD@Z          10014030 f   KHashTable.obj
 0001:00013095       ?Add@KHashTable@@QAEXPAVKStrNode@@@Z 10014095 f   KHashTable.obj
 0001:00013186       ?Delete@KHashTable@@QAEXPAD@Z 10014186 f   KHashTable.obj
 0001:00013205       ?Find@KHashTable@@QAEPAVKStrNode@@PAD@Z 10014205 f   KHashTable.obj
 0001:00013260       ??4KIme@@QAEAAV0@ABV0@@Z   10014260 f i Kime.obj
 0001:00013290       ??0KIme@@QAE@XZ            10014290 f   Kime.obj
 0001:000132f7       ??1KIme@@QAE@XZ            100142f7 f   Kime.obj
 0001:00013313       ?ResetIme@KIme@@QAEXXZ     10014313 f   Kime.obj
 0001:00013332       ?IsIme@KIme@@QAEHXZ        10014332 f   Kime.obj
 0001:00013397       ?OpenIME@KIme@@QAEXXZ      10014397 f   Kime.obj
 0001:000134f9       ?CloseIME@KIme@@QAEXXZ     100144f9 f   Kime.obj
 0001:000135b2       ?TurnOff@KIme@@QAEXXZ      100145b2 f   Kime.obj
 0001:000135cb       ?TurnOn@KIme@@QAEXXZ       100145cb f   Kime.obj
 0001:000135e4       ?EnableLanguageChange@KIme@@QAEXXZ 100145e4 f   Kime.obj
 0001:00013603       ?DisableLanguageChange@KIme@@QAEXXZ 10014603 f   Kime.obj
 0001:0001361b       ?SetCaretPos@KIme@@QAEXHH@Z 1001461b f   Kime.obj
 0001:000136a9       ?WndMsg@KIme@@QAEHPAUHWND__@@IIJ@Z 100146a9 f   Kime.obj
 0001:000137f0       ?g_SetIniCodec@@YAXH@Z     100147f0 f   KIniFile.obj
 0001:000137fd       ??0KIniFile@@QAE@XZ        100147fd f   KIniFile.obj
 0001:00013862       ??1KIniFile@@QAE@XZ        10014862 f   KIniFile.obj
 0001:000138be       ?Load@KIniFile@@QAEHPBD@Z  100148be f   KIniFile.obj
 0001:00013a25       ?LoadPack@KIniFile@@QAEHPBD@Z 10014a25 f   KIniFile.obj
 0001:00013c2c       ?Save@KIniFile@@QAEHPBD@Z  10014c2c f   KIniFile.obj
 0001:00013e30       ?SavePack@KIniFile@@QAEHPBD@Z 10014e30 f   KIniFile.obj
 0001:000140bc       ?Clear@KIniFile@@QAEXXZ    100150bc f   KIniFile.obj
 0001:000140e0       ?ReadLine@KIniFile@@AAEHPADJ@Z 100150e0 f   KIniFile.obj
 0001:0001419f       ?IsKeyChar@KIniFile@@AAEHD@Z 1001519f f   KIniFile.obj
 0001:00014200       ?CreateIniLink@KIniFile@@AAEXPAXJ@Z 10015200 f   KIniFile.obj
 0001:000142f7       ?ReleaseIniLink@KIniFile@@AAEXXZ 100152f7 f   KIniFile.obj
 0001:000143ef       ?SplitKeyValue@KIniFile@@AAEPADPAD@Z 100153ef f   KIniFile.obj
 0001:00014440       ?String2Id@KIniFile@@AAEKPBD@Z 10015440 f   KIniFile.obj
 0001:000144ba       ?IsSectionExist@KIniFile@@QAEHPBD@Z 100154ba f   KIniFile.obj
 0001:00014578       ?EraseSection@KIniFile@@QAEXPBD@Z 10015578 f   KIniFile.obj
 0001:0001469d       ?EraseKey@KIniFile@@QAEXPBD0@Z 1001569d f   KIniFile.obj
 0001:000147e2       ?SetKeyValue@KIniFile@@AAEHPBD00@Z 100157e2 f   KIniFile.obj
 0001:00014a6a       ?GetKeyValue@KIniFile@@AAEHPBD0PADK@Z 10015a6a f   KIniFile.obj
 0001:00014b86       ?GetString@KIniFile@@QAEHPBD00PADK@Z 10015b86 f   KIniFile.obj
 0001:00014bdd       ?GetInteger@KIniFile@@QAEHPBD0HPAH@Z 10015bdd f   KIniFile.obj
 0001:00014c5e       ?GetInteger2@KIniFile@@QAEXPBD0PAH1@Z 10015c5e f   KIniFile.obj
 0001:00014d13       ?GetFloat@KIniFile@@QAEHPBD0MPAM@Z 10015d13 f   KIniFile.obj
 0001:00014d94       ?GetFloat2@KIniFile@@QAEXPBD0PAM1@Z 10015d94 f   KIniFile.obj
 0001:00014e49       ?GetStruct@KIniFile@@QAEXPBD0PAXK@Z 10015e49 f   KIniFile.obj
 0001:00015000       ?WriteString@KIniFile@@QAEXPBD00@Z 10016000 f   KIniFile.obj
 0001:00015032       ?WriteInteger@KIniFile@@QAEXPBD0H@Z 10016032 f   KIniFile.obj
 0001:000150a0       ?WriteInteger2@KIniFile@@QAEXPBD0HH@Z 100160a0 f   KIniFile.obj
 0001:00015112       ?WriteFloat@KIniFile@@QAEXPBD0M@Z 10016112 f   KIniFile.obj
 0001:00015185       ?WriteFloat2@KIniFile@@QAEXPBD0MM@Z 10016185 f   KIniFile.obj
 0001:00015201       ?WriteStruct@KIniFile@@QAEXPBD0PAXK@Z 10016201 f   KIniFile.obj
 0001:000152f7       ?GetNextSection@KIniFile@@QAEHPBDPAD@Z 100162f7 f   KIniFile.obj
 0001:00015427       ?GetNextKey@KIniFile@@QAEHPBD0PAD@Z 10016427 f   KIniFile.obj
 0001:0001559e       ?GetSectionCount@KIniFile@@QAEHXZ 1001659e f   KIniFile.obj
 0001:00015658       ?GetRect@KIniFile@@QAEXPBD0PAUtagRECT@@@Z 10016658 f   KIniFile.obj
 0001:00015751       ?GetFloat3@KIniFile@@QAEXPBD0PAM@Z 10016751 f   KIniFile.obj
 0001:000157de       ?GetFloat4@KIniFile@@QAEXPBD0PAM@Z 100167de f   KIniFile.obj
 0001:00015872       ?GetBool@KIniFile@@QAEXPBD0PAH@Z 10016872 f   KIniFile.obj
 0001:000158d0       ??0KJpgFile@@QAE@XZ        100168d0 f i KJpgFile.obj
 0001:00015900       ??4KJpgFile@@QAEAAV0@ABV0@@Z 10016900 f i KJpgFile.obj
 0001:00015930       ??1KJpgFile@@QAE@XZ        10016930 f i KJpgFile.obj
 0001:00015960       ?Load@KJpgFile@@QAEHPADPAVKBitmap16@@I@Z 10016960 f   KJpgFile.obj
 0001:00015b50       ?GetFuncKey@KKeyboard@@QAEEXZ 10016b50 f i KKeyboard.obj
 0001:00015b70       ??4KKeyboard@@QAEAAV0@ABV0@@Z 10016b70 f i KKeyboard.obj
 0001:00015ba0       ??0KKeyboard@@QAE@XZ       10016ba0 f   KKeyboard.obj
 0001:00015bef       ?UpdateState@KKeyboard@@QAEXXZ 10016bef f   KKeyboard.obj
 0001:00015c80       ?IsDown@KKeyboard@@QAEHE@Z 10016c80 f   KKeyboard.obj
 0001:00015cb1       ?MakeFuncKey@KKeyboard@@IAEXXZ 10016cb1 f   KKeyboard.obj
 0001:00015d53       ?MakeMessage@KKeyboard@@IAEXH@Z 10016d53 f   KKeyboard.obj
 0001:00015e30       ??0KLinkArray@@QAE@XZ      10016e30 f i KLinkArray.obj
 0001:00015e60       ?GetCount@KLinkArray@@QAEHXZ 10016e60 f i KLinkArray.obj
 0001:00015e80       ?GetNode@KLinkArray@@QAEPAVKLinkNode@@H@Z 10016e80 f i KLinkArray.obj
 0001:00015ea0       ?GetNext@KLinkArray@@QBEHH@Z 10016ea0 f i KLinkArray.obj
 0001:00015ed0       ?GetPrev@KLinkArray@@QBEHH@Z 10016ed0 f i KLinkArray.obj
 0001:00015f00       ??4KLinkArray@@QAEAAV0@ABV0@@Z 10016f00 f i KLinkArray.obj
 0001:00015f30       ??1KLinkArray@@QAE@XZ      10016f30 f   KLinkArray.obj
 0001:00015f7a       ?Init@KLinkArray@@QAEXH@Z  10016f7a f   KLinkArray.obj
 0001:00016055       ?Remove@KLinkArray@@QAEXH@Z 10017055 f   KLinkArray.obj
 0001:00016136       ?Insert@KLinkArray@@QAEXH@Z 10017136 f   KLinkArray.obj
 0001:000161e0       ??0KLinkNode@@QAE@XZ       100171e0 f i KLinkArray.obj
 0001:00016210       ??_H@YGXPAXIHP6EX0@Z@Z     10017210 f i KLinkArray.obj
 0001:00016250       ??0KLuaScript@@QAE@XZ      10017250 f   KLuaScript.obj
 0001:000162f9       ??0KLuaScript@@QAE@H@Z     100172f9 f   KLuaScript.obj
 0001:000163a6       ??1KLuaScript@@UAE@XZ      100173a6 f   KLuaScript.obj
 0001:00016408       ?LoadBuffer@KLuaScript@@QAEHPAEK@Z 10017408 f   KLuaScript.obj
 0001:00016476       ?Load@KLuaScript@@UAEHPAD@Z 10017476 f   KLuaScript.obj
 0001:000166c0       ?Execute@KLuaScript@@UAEHXZ 100176c0 f   KLuaScript.obj
 0001:00016718       ?ExecuteCode@KLuaScript@@QAEHXZ 10017718 f   KLuaScript.obj
 0001:0001679e       ?CallFunction@KLuaScript@@AAEHPADH00@Z 1001779e f   KLuaScript.obj
 0001:00016ab1       ?CallFunction@KLuaScript@@UAAHPADH0ZZ 10017ab1 f   KLuaScript.obj
 0001:00016b05       ?GetValuesFromStack@KLuaScript@@QAAHPADZZ 10017b05 f   KLuaScript.obj
 0001:00016dac       ?Init@KLuaScript@@UAEHXZ   10017dac f   KLuaScript.obj
 0001:00016e4b       ?RegisterFunction@KLuaScript@@UAEHPADPAX@Z 10017e4b f   KLuaScript.obj
 0001:00016eb9       ?Compile@KLuaScript@@UAEHPAD@Z 10017eb9 f   KLuaScript.obj
 0001:00016ed2       ?RegisterFunctions@KLuaScript@@QAEHQAUTLua_Funcs@@H@Z 10017ed2 f   KLuaScript.obj
 0001:00016f7f       ?RegisterStandardFunctions@KLuaScript@@QAEXXZ 10017f7f f   KLuaScript.obj
 0001:0001700c       ?Exit@KLuaScript@@UAEXXZ   1001800c f   KLuaScript.obj
 0001:00017062       ?ScriptError@KLuaScript@@QAEXH@Z 10018062 f   KLuaScript.obj
 0001:000170e1       ?ScriptError@KLuaScript@@QAEXHH@Z 100180e1 f   KLuaScript.obj
 0001:00017164       ?SafeCallBegin@KLuaScript@@QAEXPAH@Z 10018164 f   KLuaScript.obj
 0001:000171ac       ?SafeCallEnd@KLuaScript@@QAEXH@Z 100181ac f   KLuaScript.obj
 0001:000171f4       ?Stop@KLuaScript@@QAEHXZ   100181f4 f   KLuaScript.obj
 0001:00017232       ?Resume@KLuaScript@@QAEHXZ 10018232 f   KLuaScript.obj
 0001:00017269       ?CreateTable@KLuaScript@@QAEKXZ 10018269 f   KLuaScript.obj
 0001:000172fb       ?SetGlobalName@KLuaScript@@QAEXPAD@Z 100182fb f   KLuaScript.obj
 0001:00017340       ?ModifyTable@KLuaScript@@QAEKPAD@Z 10018340 f   KLuaScript.obj
 0001:000173e0       ?GetMemPtr@KMemClass1@@QAEPAXXZ 100183e0 f i KLubCmpl_Blocker.obj
 0001:00017400       ?GetMemLen@KMemClass1@@QAEKXZ 10018400 f i KLubCmpl_Blocker.obj
 0001:00017420       ??4KMemClass1@@QAEAAV0@ABV0@@Z 10018420 f i KLubCmpl_Blocker.obj
 0001:00017450       ?ScanIf@KLubCmpl_Blocker@@QAEXPAVKLineNode@@@Z 10018450 f   KLubCmpl_Blocker.obj
 0001:00017910       ?ExchangeCurLines@KLubCmpl_Blocker@@QAEHXZ 10018910 f   KLubCmpl_Blocker.obj
 0001:000188d2       ?Load@KLubCmpl_Blocker@@QAEPAVKLineNode@@PAD@Z 100198d2 f   KLubCmpl_Blocker.obj
 0001:00018bbf       ?PushKey@KLubCmpl_Blocker@@QAEXPAVKStackNode@@@Z 10019bbf f   KLubCmpl_Blocker.obj
 0001:00018c0c       ?PopKey@KLubCmpl_Blocker@@QAEPAVKStackNode@@XZ 10019c0c f   KLubCmpl_Blocker.obj
 0001:00018c5d       ?GetBuffer@KLubCmpl_Blocker@@QAEHAAPAVKMemClass1@@@Z 10019c5d f   KLubCmpl_Blocker.obj
 0001:00018dfc       ?Write@KLubCmpl_Blocker@@QAEHPAD@Z 10019dfc f   KLubCmpl_Blocker.obj
 0001:00018f28       ?Print@KLubCmpl_Blocker@@QAEXXZ 10019f28 f   KLubCmpl_Blocker.obj
 0001:00018fd0       ??0KStackNode@@QAE@XZ      10019fd0 f i KLubCmpl_Blocker.obj
 0001:00019000       ??_EKStackNode@@UAEPAXI@Z  1001a000 f i KLubCmpl_Blocker.obj
 0001:00019000       ??_GKStackNode@@UAEPAXI@Z  1001a000 f i KLubCmpl_Blocker.obj
 0001:00019040       ??1KStackNode@@UAE@XZ      1001a040 f i KLubCmpl_Blocker.obj
 0001:00019070       ?InsertBefore@KNode@@QAEXPAV1@@Z 1001a070 f i KLubCmpl_Blocker.obj
 0001:000190f0       ?AddTail@KList@@QAEXPAVKNode@@@Z 1001a0f0 f i KLubCmpl_Blocker.obj
 0001:00019120       ??0KLineNode@@QAE@XZ       1001a120 f i KLubCmpl_Blocker.obj
 0001:00019150       ??_GKLineNode@@UAEPAXI@Z   1001a150 f i KLubCmpl_Blocker.obj
 0001:00019150       ??_EKLineNode@@UAEPAXI@Z   1001a150 f i KLubCmpl_Blocker.obj
 0001:00019190       ??1KLineNode@@UAE@XZ       1001a190 f i KLubCmpl_Blocker.obj
 0001:0001921b       ?g_MemInfo@@YAXXZ          1001a21b f   KMemBase.obj
 0001:00019220       ?g_MemAlloc@@YAPAXK@Z      1001a220 f   KMemBase.obj
 0001:000192c6       ?g_MemFree@@YAXPAX@Z       1001a2c6 f   KMemBase.obj
 0001:0001933b       ?g_MemCopy@@YAXPAX0K@Z     1001a33b f   KMemBase.obj
 0001:00019364       ?g_MemCopyMmx@@YAXPAX0K@Z  1001a364 f   KMemBase.obj
 0001:0001939f       ?g_MemComp@@YAHPAX0K@Z     1001a39f f   KMemBase.obj
 0001:000193d5       ?g_MemFill@@YAXPAXKE@Z     1001a3d5 f   KMemBase.obj
 0001:00019409       ?g_MemFill@@YAXPAXKG@Z     1001a409 f   KMemBase.obj
 0001:0001943c       ?g_MemFill@@YAXPAXKK@Z     1001a43c f   KMemBase.obj
 0001:00019459       ?g_MemZero@@YAXPAXK@Z      1001a459 f   KMemBase.obj
 0001:00019481       ?g_MemXore@@YAXPAXKK@Z     1001a481 f   KMemBase.obj
 0001:000194b0       ??1KMemList@@QAE@XZ        1001a4b0 f i KMemBase.obj
 0001:00019540       ??0KMemList@@QAE@XZ        1001a540 f i KMemBase.obj
 0001:00019570       ??0KMemClass@@QAE@XZ       1001a570 f   KMemClass.obj
 0001:00019598       ??1KMemClass@@QAE@XZ       1001a598 f   KMemClass.obj
 0001:000195bc       ?Alloc@KMemClass@@QAEPAXK@Z 1001a5bc f   KMemClass.obj
 0001:00019623       ?Free@KMemClass@@QAEXXZ    1001a623 f   KMemClass.obj
 0001:00019668       ?Zero@KMemClass@@QAEXXZ    1001a668 f   KMemClass.obj
 0001:000196a1       ?Fill@KMemClass@@QAEXE@Z   1001a6a1 f   KMemClass.obj
 0001:000196e0       ?Fill@KMemClass@@QAEXG@Z   1001a6e0 f   KMemClass.obj
 0001:00019720       ?Fill@KMemClass@@QAEXK@Z   1001a720 f   KMemClass.obj
 0001:00019760       ?Alloc@KMemClass1@@QAEPAXK@Z 1001a760 f   KMemClass1.obj
 0001:000197ad       ?Free@KMemClass1@@QAEXXZ   1001a7ad f   KMemClass1.obj
 0001:0001984b       ??0KMemManager@@QAE@XZ     1001a84b f   KMemManager.obj
 0001:000198ea       ??1KMemManager@@QAE@XZ     1001a8ea f   KMemManager.obj
 0001:000199c0       ?NewChunk@KMemManager@@AAEPAXHH@Z 1001a9c0 f   KMemManager.obj
 0001:00019ab8       ?FreeChunk@KMemManager@@AAEXPAUKChunkHeader@1@@Z 1001aab8 f   KMemManager.obj
 0001:00019aea       ?Malloc@KMemManager@@QAEPAXH@Z 1001aaea f   KMemManager.obj
 0001:00019c61       ?Calloc@KMemManager@@QAEPAXH@Z 1001ac61 f   KMemManager.obj
 0001:00019caa       ?Free@KMemManager@@QAEXPAX@Z 1001acaa f   KMemManager.obj
 0001:00019da0       ??0KMemStack@@QAE@XZ       1001ada0 f   KMemStack.obj
 0001:00019df5       ??1KMemStack@@QAE@XZ       1001adf5 f   KMemStack.obj
 0001:00019e19       ?Init@KMemStack@@QAEXH@Z   1001ae19 f   KMemStack.obj
 0001:00019e48       ?Push@KMemStack@@QAEPAXH@Z 1001ae48 f   KMemStack.obj
 0001:00019ed2       ?Free@KMemStack@@QAEXPAX@Z 1001aed2 f   KMemStack.obj
 0001:00019ee6       ?AllocNewChunk@KMemStack@@QAEHXZ 1001aee6 f   KMemStack.obj
 0001:00019f74       ?FreeAllChunks@KMemStack@@QAEXXZ 1001af74 f   KMemStack.obj
 0001:00019ff5       ?GetChunkSize@KMemStack@@QAEHXZ 1001aff5 f   KMemStack.obj
 0001:0001a00d       ?GetStackSize@KMemStack@@QAEHXZ 1001b00d f   KMemStack.obj
 0001:0001a09b       ?g_SendMessage@@YAXHHHH@Z  1001b09b f   KMessage.obj
 0001:0001a121       ?g_PeekMessage@@YAHPAUKMessage@@@Z 1001b121 f   KMessage.obj
 0001:0001a18e       ?g_GetMessage@@YAHPAUKMessage@@@Z 1001b18e f   KMessage.obj
 0001:0001a220       ?g_ClearMessage@@YAXXZ     1001b220 f   KMessage.obj
 0001:0001a260       ?SetWorkingMode@KMouse@@QAEXE@Z 1001b260 f i KMouse.obj
 0001:0001a280       ?SetKeyState@KMouse@@QAEXE@Z 1001b280 f i KMouse.obj
 0001:0001a2a0       ??4KMouse@@QAEAAV0@ABV0@@Z 1001b2a0 f i KMouse.obj
 0001:0001a2d0       ??0KMouse@@QAE@XZ          1001b2d0 f   KMouse.obj
 0001:0001a363       ?SetWorkingRect@KMouse@@QAEXPAUtagRECT@@@Z 1001b363 f   KMouse.obj
 0001:0001a393       ?SetPos@KMouse@@QAEXPAUtagPOINT@@@Z 1001b393 f   KMouse.obj
 0001:0001a3be       ?GetPos@KMouse@@QAEXPAUtagPOINT@@@Z 1001b3be f   KMouse.obj
 0001:0001a3e9       ?UpdateState@KMouse@@QAEXXZ 1001b3e9 f   KMouse.obj
 0001:0001a529       ?MakeMessage@KMouse@@IAEXHHEE@Z 1001b529 f   KMouse.obj
 0001:0001a740       ??4KThread@@QAEAAV0@ABV0@@Z 1001b740 f i KMp3Music.obj
 0001:0001a780       ??0KMusic@@QAE@ABV0@@Z     1001b780 f i KMp3Music.obj
 0001:0001a850       ??4KMusic@@QAEAAV0@ABV0@@Z 1001b850 f i KMp3Music.obj
 0001:0001a960       ??_GKMusic@@UAEPAXI@Z      1001b960 f i KMp3Music.obj
 0001:0001a9a0       ??_EKMusic@@UAEPAXI@Z      1001b9a0 f i KMp3Music.obj
 0001:0001aa30       ??0KMp3Music@@QAE@XZ       1001ba30 f i KMp3Music.obj
 0001:0001aab0       ??0KMp3Music@@QAE@ABV0@@Z  1001bab0 f i KMp3Music.obj
 0001:0001ab70       ??4KMp3Music@@QAEAAV0@ABV0@@Z 1001bb70 f i KMp3Music.obj
 0001:0001ac20       ??1KMp3Music@@UAE@XZ       1001bc20 f i KMp3Music.obj
 0001:0001ac90       ??_GKMp3Music@@UAEPAXI@Z   1001bc90 f i KMp3Music.obj
 0001:0001acd0       ??_EKMp3Music@@UAEPAXI@Z   1001bcd0 f i KMp3Music.obj
 0001:0001ad60       ?Open@KMp3Music@@UAEHPAD@Z 1001bd60 f   KMp3Music.obj
 0001:0001aded       ?InitSoundFormat@KMp3Music@@MAEXXZ 1001bded f   KMp3Music.obj
 0001:0001ae39       ?ReadWaveData@KMp3Music@@MAEKPAEK@Z 1001be39 f   KMp3Music.obj
 0001:0001ae75       ?Seek@KMp3Music@@UAEXH@Z   1001be75 f   KMp3Music.obj
 0001:0001ae89       ?Rewind@KMp3Music@@UAEXXZ  1001be89 f   KMp3Music.obj
 0001:0001aeca       ?Mp3FileOpen@KMp3Music@@MAEHPAD@Z 1001beca f   KMp3Music.obj
 0001:0001aef7       ?Mp3FileRead@KMp3Music@@MAEKPAEK@Z 1001bef7 f   KMp3Music.obj
 0001:0001af28       ?Mp3FileSeek@KMp3Music@@MAEKJ@Z 1001bf28 f   KMp3Music.obj
 0001:0001af57       ?Mp3Init@KMp3Music@@MAEHXZ 1001bf57 f   KMp3Music.obj
 0001:0001b11b       ?Mp3Decode@KMp3Music@@MAEKPAEK@Z 1001c11b f   KMp3Music.obj
 0001:0001b246       ?Mp3FillBuffer@KMp3Music@@MAEHXZ 1001c246 f   KMp3Music.obj
 0001:0001b330       ??0KMp4Audio@@QAE@XZ       1001c330 f i KMp4Audio.obj
 0001:0001b3a0       ??0KMp4Audio@@QAE@ABV0@@Z  1001c3a0 f i KMp4Audio.obj
 0001:0001b400       ??4KMp4Audio@@QAEAAV0@ABV0@@Z 1001c400 f i KMp4Audio.obj
 0001:0001b450       ??1KMp4Audio@@UAE@XZ       1001c450 f i KMp4Audio.obj
 0001:0001b4b0       ??_GKMp4Audio@@UAEPAXI@Z   1001c4b0 f i KMp4Audio.obj
 0001:0001b4f0       ??_EKMp4Audio@@UAEPAXI@Z   1001c4f0 f i KMp4Audio.obj
 0001:0001b580       ?Seek@KMp4Audio@@UAEXH@Z   1001c580 f   KMp4Audio.obj
 0001:0001b5bd       ?Rewind@KMp4Audio@@UAEXXZ  1001c5bd f   KMp4Audio.obj
 0001:0001b5f4       ?Mp3FileOpen@KMp4Audio@@MAEHPAD@Z 1001c5f4 f   KMp4Audio.obj
 0001:0001b66e       ?Mp3FileRead@KMp4Audio@@MAEKPAEK@Z 1001c66e f   KMp4Audio.obj
 0001:0001b6a2       ?Mp3FileSeek@KMp4Audio@@MAEKJ@Z 1001c6a2 f   KMp4Audio.obj
 0001:0001b6e0       ??0KVideo@@QAE@ABV0@@Z     1001c6e0 f i KMp4Movie.obj
 0001:0001b800       ??4KVideo@@QAEAAV0@ABV0@@Z 1001c800 f i KMp4Movie.obj
 0001:0001b930       ??0KMp4Video@@QAE@ABV0@@Z  1001c930 f i KMp4Movie.obj
 0001:0001b9a0       ??4KMp4Video@@QAEAAV0@ABV0@@Z 1001c9a0 f i KMp4Movie.obj
 0001:0001ba00       ??0KMp4Movie@@QAE@XZ       1001ca00 f i KMp4Movie.obj
 0001:0001ba70       ??0KMp4Movie@@QAE@ABV0@@Z  1001ca70 f i KMp4Movie.obj
 0001:0001baf0       ??4KMp4Movie@@QAEAAV0@ABV0@@Z 1001caf0 f i KMp4Movie.obj
 0001:0001bb40       ??1KMp4Movie@@QAE@XZ       1001cb40 f i KMp4Movie.obj
 0001:0001bba0       ?Open@KMp4Movie@@QAEHPAD@Z 1001cba0 f   KMp4Movie.obj
 0001:0001bbfe       ?Close@KMp4Movie@@QAEXXZ   1001cbfe f   KMp4Movie.obj
 0001:0001bc4e       ?Play@KMp4Movie@@QAEXHHH@Z 1001cc4e f   KMp4Movie.obj
 0001:0001bcc2       ?Stop@KMp4Movie@@QAEXXZ    1001ccc2 f   KMp4Movie.obj
 0001:0001bd12       ?Seek@KMp4Movie@@QAEXH@Z   1001cd12 f   KMp4Movie.obj
 0001:0001bd6c       ?Rewind@KMp4Movie@@QAEXXZ  1001cd6c f   KMp4Movie.obj
 0001:0001bdbc       ?WaitForEnd@KMp4Movie@@QAEXXZ 1001cdbc f   KMp4Movie.obj
 0001:0001bea0       ??0KMp4Video@@QAE@XZ       1001cea0 f   KMp4Video.obj
 0001:0001bf18       ??1KMp4Video@@QAE@XZ       1001cf18 f   KMp4Video.obj
 0001:0001bf8c       ?Open@KMp4Video@@UAEHPAD@Z 1001cf8c f   KMp4Video.obj
 0001:0001c031       ?Close@KMp4Video@@UAEXXZ   1001d031 f   KMp4Video.obj
 0001:0001c0a0       ?Seek@KMp4Video@@UAEXH@Z   1001d0a0 f   KMp4Video.obj
 0001:0001c0d0       ?Rewind@KMp4Video@@UAEXXZ  1001d0d0 f   KMp4Video.obj
 0001:0001c0fa       ?NextFrame@KMp4Video@@MAEHXZ 1001d0fa f   KMp4Video.obj
 0001:0001c1d6       ?DrawFrame@KMp4Video@@IAEXXZ 1001d1d6 f   KMp4Video.obj
 0001:0001c292       ?DivXInit@KMp4Video@@AAEHXZ 1001d292 f   KMp4Video.obj
 0001:0001c5a5       ?DivXDecode@KMp4Video@@AAEXH@Z 1001d5a5 f   KMp4Video.obj
 0001:0001c625       ?DivXExit@KMp4Video@@AAEXXZ 1001d625 f   KMp4Video.obj
 0001:0001c690       ??0KMpgMusic@@QAE@XZ       1001d690 f i KMpgMusic.obj
 0001:0001c720       ??0KMpgMusic@@QAE@ABV0@@Z  1001d720 f i KMpgMusic.obj
 0001:0001c7e0       ??4KMpgMusic@@QAEAAV0@ABV0@@Z 1001d7e0 f i KMpgMusic.obj
 0001:0001c8a0       ??1KMpgMusic@@UAE@XZ       1001d8a0 f i KMpgMusic.obj
 0001:0001c920       ??_GKMpgMusic@@UAEPAXI@Z   1001d920 f i KMpgMusic.obj
 0001:0001c960       ??_EKMpgMusic@@UAEPAXI@Z   1001d960 f i KMpgMusic.obj
 0001:0001c9f0       ?Open@KMpgMusic@@UAEHPAD@Z 1001d9f0 f   KMpgMusic.obj
 0001:0001ca71       ?InitSoundFormat@KMpgMusic@@MAEXXZ 1001da71 f   KMpgMusic.obj
 0001:0001cabd       ?ReadWaveData@KMpgMusic@@MAEKPAEK@Z 1001dabd f   KMpgMusic.obj
 0001:0001caeb       ?Seek@KMpgMusic@@UAEXH@Z   1001daeb f   KMpgMusic.obj
 0001:0001caff       ?Rewind@KMpgMusic@@UAEXXZ  1001daff f   KMpgMusic.obj
 0001:0001cb40       ?Mp3FileOpen@KMpgMusic@@MAEHPAD@Z 1001db40 f   KMpgMusic.obj
 0001:0001cb6d       ?Mp3FileRead@KMpgMusic@@MAEKPAEK@Z 1001db6d f   KMpgMusic.obj
 0001:0001cb9e       ?Mp3FileSeek@KMpgMusic@@MAEKJ@Z 1001db9e f   KMpgMusic.obj
 0001:0001cbcd       ?Mp3Init@KMpgMusic@@AAEHXZ 1001dbcd f   KMpgMusic.obj
 0001:0001ceeb       ?Mp3Decode@KMpgMusic@@AAEKPAEK@Z 1001deeb f   KMpgMusic.obj
 0001:0001d00c       ?Mp3FillBuffer@KMpgMusic@@AAEHXZ 1001e00c f   KMpgMusic.obj
 0001:0001d100       ?GetMsgBuf@KMsgNode@@QAEPAXXZ 1001e100 f i KMsgNode.obj
 0001:0001d120       ?GetMsgLen@KMsgNode@@QAEKXZ 1001e120 f i KMsgNode.obj
 0001:0001d140       ?SetPtr@KMsgNode@@QAEXPAX@Z 1001e140 f i KMsgNode.obj
 0001:0001d160       ?GetPtr@KMsgNode@@QAEPAXXZ 1001e160 f i KMsgNode.obj
 0001:0001d180       ??0KMsgNode@@QAE@ABV0@@Z   1001e180 f i KMsgNode.obj
 0001:0001d1e0       ??4KMsgNode@@QAEAAV0@ABV0@@Z 1001e1e0 f i KMsgNode.obj
 0001:0001d240       ??_GKMsgNode@@UAEPAXI@Z    1001e240 f i KMsgNode.obj
 0001:0001d280       ??_EKMsgNode@@UAEPAXI@Z    1001e280 f i KMsgNode.obj
 0001:0001d310       ??0KMsgNode@@QAE@XZ        1001e310 f   KMsgNode.obj
 0001:0001d354       ??1KMsgNode@@UAE@XZ        1001e354 f   KMsgNode.obj
 0001:0001d3c8       ?SetMsg@KMsgNode@@QAEXPAXK@Z 1001e3c8 f   KMsgNode.obj
 0001:0001d440       ??0KMusic@@QAE@XZ          1001e440 f   KMusic.obj
 0001:0001d4b9       ??1KMusic@@UAE@XZ          1001e4b9 f   KMusic.obj
 0001:0001d51e       ?ThreadFunction@KMusic@@KAXPAX@Z 1001e51e f   KMusic.obj
 0001:0001d564       ?Open@KMusic@@UAEHPAD@Z    1001e564 f   KMusic.obj
 0001:0001d57a       ?Init@KMusic@@MAEHXZ       1001e57a f   KMusic.obj
 0001:0001d64d       ?Close@KMusic@@UAEXXZ      1001e64d f   KMusic.obj
 0001:0001d6dc       ?InitSoundFormat@KMusic@@MAEXXZ 1001e6dc f   KMusic.obj
 0001:0001d6ee       ?InitSoundBuffer@KMusic@@MAEHXZ 1001e6ee f   KMusic.obj
 0001:0001d7c1       ?FreeSoundBuffer@KMusic@@MAEXXZ 1001e7c1 f   KMusic.obj
 0001:0001d81e       ?InitEventHandle@KMusic@@MAEHXZ 1001e81e f   KMusic.obj
 0001:0001d8b0       ?FreeEventHandle@KMusic@@MAEXXZ 1001e8b0 f   KMusic.obj
 0001:0001d926       ?InitSoundNotify@KMusic@@MAEHXZ 1001e926 f   KMusic.obj
 0001:0001da10       ?FreeSoundNotify@KMusic@@MAEXXZ 1001ea10 f   KMusic.obj
 0001:0001da6d       ?HandleNotify@KMusic@@UAEHXZ 1001ea6d f   KMusic.obj
 0001:0001dae6       ?FillBufferWithSound@KMusic@@MAEHK@Z 1001eae6 f   KMusic.obj
 0001:0001dc43       ?FillBufferWithSilence@KMusic@@MAEHXZ 1001ec43 f   KMusic.obj
 0001:0001dd08       ?ReadWaveData@KMusic@@MAEKPAEK@Z 1001ed08 f   KMusic.obj
 0001:0001dd1e       ?Play@KMusic@@UAEXH@Z      1001ed1e f   KMusic.obj
 0001:0001dd71       ?Stop@KMusic@@UAEXXZ       1001ed71 f   KMusic.obj
 0001:0001ddb3       ?IsPlaying@KMusic@@UAEHXZ  1001edb3 f   KMusic.obj
 0001:0001de2e       ?SetVolume@KMusic@@UAEXJ@Z 1001ee2e f   KMusic.obj
 0001:0001de76       ?Rewind@KMusic@@UAEXXZ     1001ee76 f   KMusic.obj
 0001:0001de90       ??0KMutex@@QAE@XZ          1001ee90 f   KMutex.obj
 0001:0001dec4       ??1KMutex@@QAE@XZ          1001eec4 f   KMutex.obj
 0001:0001def5       ?Lock@KMutex@@QAEXXZ       1001eef5 f   KMutex.obj
 0001:0001df26       ?Unlock@KMutex@@QAEXXZ     1001ef26 f   KMutex.obj
 0001:0001df60       ??0KOctreeNode@@QAE@ABV0@@Z 1001ef60 f i KOctree.obj
 0001:0001dfe0       ??4KOctreeNode@@QAEAAV0@ABV0@@Z 1001efe0 f i KOctree.obj
 0001:0001e070       ??_GKOctreeNode@@UAEPAXI@Z 1001f070 f i KOctree.obj
 0001:0001e0b0       ??_EKOctreeNode@@UAEPAXI@Z 1001f0b0 f i KOctree.obj
 0001:0001e140       ??0KOctree@@QAE@ABV0@@Z    1001f140 f i KOctree.obj
 0001:0001e1c0       ??4KOctree@@QAEAAV0@ABV0@@Z 1001f1c0 f i KOctree.obj
 0001:0001e230       ??_GKOctree@@UAEPAXI@Z     1001f230 f i KOctree.obj
 0001:0001e270       ??_EKOctree@@UAEPAXI@Z     1001f270 f i KOctree.obj
 0001:0001e300       ??0KOctree@@QAE@XZ         1001f300 f   KOctree.obj
 0001:0001e35b       ??1KOctree@@UAE@XZ         1001f35b f   KOctree.obj
 0001:0001e3dc       ?Insert@KOctree@@QAEXEEE@Z 1001f3dc f   KOctree.obj
 0001:0001e43d       ?ReduceNode@KOctree@@QAEXXZ 1001f43d f   KOctree.obj
 0001:0001e499       ?GetMinSumNode@KOctree@@QAEXPAVKOctreeNode@@@Z 1001f499 f   KOctree.obj
 0001:0001e53f       ?InitPalette@KOctree@@QAEXXZ 1001f53f f   KOctree.obj
 0001:0001e583       ?MakePalette@KOctree@@QAEXPAVKOctreeNode@@@Z 1001f583 f   KOctree.obj
 0001:0001e68c       ?QueryIndex@KOctree@@QAEHEEE@Z 1001f68c f   KOctree.obj
 0001:0001e6d0       ??0KOctreeNode@@QAE@XZ     1001f6d0 f   KOctreeNode.obj
 0001:0001e751       ??1KOctreeNode@@UAE@XZ     1001f751 f   KOctreeNode.obj
 0001:0001e77e       ?Free@KOctreeNode@@QAEXXZ  1001f77e f   KOctreeNode.obj
 0001:0001e81a       ?Insert@KOctreeNode@@QAEHEEEHH@Z 1001f81a f   KOctreeNode.obj
 0001:0001ea00       ?QueryIndex@KOctreeNode@@QAEHEEEH@Z 1001fa00 f   KOctreeNode.obj
 0001:0001eafa       ?Merge@KOctreeNode@@QAEHXZ 1001fafa f   KOctreeNode.obj
 0001:0001ec1e       ?IsLeaf@KOctreeNode@@QAEHXZ 1001fc1e f   KOctreeNode.obj
 0001:0001ec69       ?IsFather@KOctreeNode@@QAEHXZ 1001fc69 f   KOctreeNode.obj
 0001:0001ecf6       ?RefenceSum@KOctreeNode@@QAEHXZ 1001fcf6 f   KOctreeNode.obj
 0001:0001ed60       ??4KPakData@@QAEAAV0@ABV0@@Z 1001fd60 f i KPakData.obj
 0001:0001ed90       ??0KPakData@@QAE@XZ        1001fd90 f   KPakData.obj
 0001:0001ee0d       ??1KPakData@@QAE@XZ        1001fe0d f   KPakData.obj
 0001:0001ee75       ?Open@KPakData@@QAEHPAD@Z  1001fe75 f   KPakData.obj
 0001:0001ef5b       ?Read@KPakData@@QAEKPAXK@Z 1001ff5b f   KPakData.obj
 0001:0001ef89       ?Seek@KPakData@@QAEKJK@Z   1001ff89 f   KPakData.obj
 0001:0001efb7       ?Tell@KPakData@@QAEKXZ     1001ffb7 f   KPakData.obj
 0001:0001efdb       ?Close@KPakData@@QAEXXZ    1001ffdb f   KPakData.obj
 0001:0001f034       ?Search@KPakData@@QAEHPADPAK1@Z 10020034 f   KPakData.obj
 0001:0001f17d       ?Decode@KPakData@@QAEHPAUTCodeInfo@@@Z 1002017d f   KPakData.obj
 0001:0001f1c0       ?g_SetPakFileMode@@YAXH@Z  100201c0 f   KPakFile.obj
 0001:0001f1cd       ?SprGetHeader@@YAPAUSPRHEAD@@PBDAAPAUSPROFFS@@@Z 100201cd f   KPakFile.obj
 0001:0001f3db       ?SprReleaseHeader@@YAXPAUSPRHEAD@@@Z 100203db f   KPakFile.obj
 0001:0001f405       ?SprGetFrame@@YAPAUSPRFRAME@@PAUSPRHEAD@@H@Z 10020405 f   KPakFile.obj
 0001:0001f46a       ?SprReleaseFrame@@YAXPAUSPRFRAME@@@Z 1002046a f   KPakFile.obj
 0001:0001f494       ?get_jpg_image@@YAPAUKSGImageContent@@QBDI@Z 10020494 f   KPakFile.obj
 0001:0001f6b2       ?release_image@@YAXPAUKSGImageContent@@@Z 100206b2 f   KPakFile.obj
 0001:0001f6dc       ??0KPakFile@@QAE@XZ        100206dc f   KPakFile.obj
 0001:0001f717       ??1KPakFile@@QAE@XZ        10020717 f   KPakFile.obj
 0001:0001f770       ?IsFileInPak@KPakFile@@QAE_NXZ 10020770 f   KPakFile.obj
 0001:0001f7b0       ?Open@KPakFile@@QAEHPBD@Z  100207b0 f   KPakFile.obj
 0001:0001f894       ?Read@KPakFile@@QAEKPAXI@Z 10020894 f   KPakFile.obj
 0001:0001f8f8       ?Seek@KPakFile@@QAEKHI@Z   100208f8 f   KPakFile.obj
 0001:0001f9a6       ?Tell@KPakFile@@QAEKXZ     100209a6 f   KPakFile.obj
 0001:0001f9ed       ?Size@KPakFile@@QAEKXZ     100209ed f   KPakFile.obj
 0001:0001fa34       ?Close@KPakFile@@QAEXXZ    10020a34 f   KPakFile.obj
 0001:0001fa77       ?Save@KPakFile@@QAEHPBD@Z  10020a77 f   KPakFile.obj
 0001:0001fa90       ??0KPakList@@QAE@XZ        10020a90 f   KPakList.obj
 0001:0001faba       ??1KPakList@@QAE@XZ        10020aba f   KPakList.obj
 0001:0001fade       ?Close@KPakList@@QAEXXZ    10020ade f   KPakList.obj
 0001:0001fb66       ?FindElemFile@KPakList@@QAE_NKAAUXPackElemFileRef@@@Z 10020b66 f   KPakList.obj
 0001:0001fbe2       ?FileNameToId@KPakList@@AAEKPBD@Z 10020be2 f   KPakList.obj
 0001:0001fcee       ?FindElemFile@KPakList@@QAE_NPBDAAUXPackElemFileRef@@@Z 10020cee f   KPakList.obj
 0001:0001fd82       ?Open@KPakList@@QAE_NPBD@Z 10020d82 f   KPakList.obj
 0001:000200e2       ?ElemFileRead@KPakList@@QAEHAAUXPackElemFileRef@@PAXI@Z 100210e2 f   KPakList.obj
 0001:0002013b       ?GetSprHeader@KPakList@@QAEPAUSPRHEAD@@AAUXPackElemFileRef@@AAPAUSPROFFS@@@Z 1002113b f   KPakList.obj
 0001:00020190       ?GetSprFrame@KPakList@@QAEPAUSPRFRAME@@HPAUSPRHEAD@@H@Z 10021190 f   KPakList.obj
 0001:000201e0       ??_GXPackFile@@QAEPAXI@Z   100211e0 f i KPakList.obj
 0001:00020220       ??4KPakTool@@QAEAAV0@ABV0@@Z 10021220 f i KPakTool.obj
 0001:00020250       ??0KPakTool@@QAE@XZ        10021250 f   KPakTool.obj
 0001:00020278       ??1KPakTool@@QAE@XZ        10021278 f   KPakTool.obj
 0001:000202a7       ?Pack@KPakTool@@QAEHPAD0H@Z 100212a7 f   KPakTool.obj
 0001:0002068c       ?UnPack@KPakTool@@QAEHPAD0@Z 1002168c f   KPakTool.obj
 0001:00020a60       ?g_SetColorStyle@@YAXEEE@Z 10021a60 f   KPalette.obj
 0001:00020a7f       ?g_Pal24ToPal16@@YAXPAUKPAL24@@PAGH@Z 10021a7f f   KPalette.obj
 0001:00020b2f       ?g_Pal16ToPal24@@YAXPAGPAUKPAL24@@H@Z 10021b2f f   KPalette.obj
 0001:00020bd5       ?g_Pal32ToPal16@@YAXPAUKPAL32@@PAGH@Z 10021bd5 f   KPalette.obj
 0001:00020c39       ?g_Pal24ToPal16Style@@YAXPAUKPAL24@@PAGH@Z 10021c39 f   KPalette.obj
 0001:00020cdd       ?g_Pal32ToPal16Style@@YAXPAUKPAL32@@PAGH@Z 10021cdd f   KPalette.obj
 0001:00020d81       ?g_Pal24ToPal16Gray@@YAXPAUKPAL24@@PAGH@Z 10021d81 f   KPalette.obj
 0001:00020e13       ?g_Pal32ToPal16Gray@@YAXPAUKPAL32@@PAGH@Z 10021e13 f   KPalette.obj
 0001:00020ea5       ?g_Pal24ToPal16Lum@@YAXPAUKPAL24@@PAGH@Z 10021ea5 f   KPalette.obj
 0001:00020f8f       ?g_Pal32ToPal16Lum@@YAXPAUKPAL32@@PAGH@Z 10021f8f f   KPalette.obj
 0001:00021070       ?g_Pal24ToPal32@@YAXPAUKPAL24@@PAUKPAL32@@H@Z 10022070 f   KPalette.obj
 0001:000210eb       ?g_Pal32ToPal24@@YAXPAUKPAL32@@PAUKPAL24@@H@Z 100220eb f   KPalette.obj
 0001:00021160       ??4KPcxFile@@QAEAAV0@ABV0@@Z 10022160 f i KPcxFile.obj
 0001:00021190       ?Load@KPcxFile@@QAEHPADPAVKBitmap@@@Z 10022190 f   KPcxFile.obj
 0001:000214b3       ?Save@KPcxFile@@QAEHPADPAVKBitmap@@@Z 100224b3 f   KPcxFile.obj
 0001:000214cc       ?Decode@KPcxFile@@AAEXPAX0@Z 100224cc f   KPcxFile.obj
 0001:000215c8       ?Encode@KPcxFile@@AAEXPAX0@Z 100225c8 f   KPcxFile.obj
 0001:000215e0       ?GetVertexNumber@KPolygon@@QAEHXZ 100225e0 f i KPolygon.obj
 0001:00021600       ?GetPolygonPtr@KPolygon@@QAEPAUTPolygon@@XZ 10022600 f i KPolygon.obj
 0001:00021620       ??4KPolygon@@QAEAAV0@ABV0@@Z 10022620 f i KPolygon.obj
 0001:00021650       ??0KPolygon@@QAE@XZ        10022650 f   KPolygon.obj
 0001:0002168b       ?IsPointInPolygon@KPolygon@@QAEHUtagPOINT@@@Z 1002268b f   KPolygon.obj
 0001:000217c5       ?IsPointInPolygon@KPolygon@@QAEHHH@Z 100227c5 f   KPolygon.obj
 0001:000218ff       ?GetNearVertex@KPolygon@@QAEHUtagPOINT@@@Z 100228ff f   KPolygon.obj
 0001:000219d6       ?GetIndexVertex@KPolygon@@QAEHHPAUtagPOINT@@@Z 100229d6 f   KPolygon.obj
 0001:00021a1c       ?RemoveIndexVertex@KPolygon@@QAEHH@Z 10022a1c f   KPolygon.obj
 0001:00021a8e       ?AddPointToVertex@KPolygon@@QAEHUtagPOINT@@@Z 10022a8e f   KPolygon.obj
 0001:00021c4d       ?AddPointToVertex@KPolygon@@QAEHHH@Z 10022c4d f   KPolygon.obj
 0001:00021e1c       ?LoopVertex@KPolygon@@QAEXH@Z 10022e1c f   KPolygon.obj
 0001:00021ed1       ?Clear@KPolygon@@QAEXXZ    10022ed1 f   KPolygon.obj
 0001:00021f09       ?GetCenterPos@KPolygon@@QAEXPAUtagPOINT@@@Z 10022f09 f   KPolygon.obj
 0001:00021fa3       ?ShiftVertex@KPolygon@@QAEHHH@Z 10022fa3 f   KPolygon.obj
 0001:00022230       ?GetLeftVertex@KPolygon@@QAEHXZ 10023230 f   KPolygon.obj
 0001:000222a1       ?GetRightVertex@KPolygon@@QAEHXZ 100232a1 f   KPolygon.obj
 0001:00022320       ?g_ColliSion@@YAHVKPolygon@@0@Z 10023320 f   KPolyRelation.obj
 0001:00022397       ?g_SpaceRelation@@YAHVKPolygon@@0@Z 10023397 f   KPolyRelation.obj
 0001:0002258e       ?IntersectionX2Y@@YAHUtagPOINT@@0HPAH@Z 1002358e f   KPolyRelation.obj
 0001:000225e0       ?g_RandomSeed@@YAXI@Z      100235e0 f   KRandom.obj
 0001:000225ed       ?g_Random@@YAII@Z          100235ed f   KRandom.obj
 0001:0002261d       ?g_GetRandomSeed@@YAIXZ    1002361d f   KRandom.obj
 0001:00022630       ?SignalEvent@KSafeList@@QAEXXZ 10023630 f i KSafeList.obj
 0001:00022660       ?WaitEvent@KSafeList@@QAEXXZ 10023660 f i KSafeList.obj
 0001:00022690       ?TimedWaitEvent@KSafeList@@QAEXJ@Z 10023690 f i KSafeList.obj
 0001:000226c0       ?Lock@KSafeList@@QAEXXZ    100236c0 f i KSafeList.obj
 0001:000226f0       ?Unlock@KSafeList@@QAEXXZ  100236f0 f i KSafeList.obj
 0001:00022720       ??0KSafeList@@QAE@XZ       10023720 f i KSafeList.obj
 0001:00022790       ??0KSafeList@@QAE@ABV0@@Z  10023790 f i KSafeList.obj
 0001:000227e0       ??4KSafeList@@QAEAAV0@ABV0@@Z 100237e0 f i KSafeList.obj
 0001:00022830       ??1KSafeList@@QAE@XZ       10023830 f i KSafeList.obj
 0001:000228a0       ??4KScanFile@@QAEAAV0@ABV0@@Z 100238a0 f i KScanDir.obj
 0001:000228e0       ??0KScanFile@@QAE@XZ       100238e0 f   KScanDir.obj
 0001:00022910       ?DiscardFileExt@KScanFile@@QAEXPAD@Z 10023910 f   KScanDir.obj
 0001:00022943       ?RunSearch@KScanFile@@QAEHPAD00@Z 10023943 f   KScanDir.obj
 0001:00022a1f       ?SearchDirectory@KScanFile@@AAEXXZ 10023a1f f   KScanDir.obj
 0001:00022bad       ?CheckFileExt@KScanFile@@AAEHPAD@Z 10023bad f   KScanDir.obj
 0001:00022bfd       ?OutputFileName@KScanFile@@AAEXPAD@Z 10023bfd f   KScanDir.obj
 0001:00022cc0       ??0KScript@@QAE@XZ         10023cc0 f   KScript.obj
 0001:00022cde       ??1KScript@@UAE@XZ         10023cde f   KScript.obj
 0001:00022cf9       ?Init@KScript@@UAEHXZ      10023cf9 f   KScript.obj
 0001:00022d10       ?Exit@KScript@@UAEXXZ      10023d10 f   KScript.obj
 0001:00022d22       ?Load@KScript@@UAEHPAD@Z   10023d22 f   KScript.obj
 0001:00022d3b       ?Compile@KScript@@UAEHPAD@Z 10023d3b f   KScript.obj
 0001:00022d54       ?Execute@KScript@@UAEHXZ   10023d54 f   KScript.obj
 0001:00022d6b       ?CallFunction@KScript@@UAAHPADH0ZZ 10023d6b f   KScript.obj
 0001:00022d75       ?RegisterFunction@KScript@@UAEHPADPAX@Z 10023d75 f   KScript.obj
 0001:00022d90       ??0KScriptCache@@QAE@ABV0@@Z 10023d90 f i KScriptCache.obj
 0001:00022dd0       ??4KScriptCache@@QAEAAV0@ABV0@@Z 10023dd0 f i KScriptCache.obj
 0001:00022e00       ??0KScriptCache@@QAE@XZ    10023e00 f   KScriptCache.obj
 0001:00022e30       ??1KScriptCache@@QAE@XZ    10023e30 f   KScriptCache.obj
 0001:00022e92       ?LoadNode@KScriptCache@@UAEHPAVKCacheNode@@@Z 10023e92 f   KScriptCache.obj
 0001:00022f85       ?FreeNode@KScriptCache@@UAEXPAVKCacheNode@@@Z 10023f85 f   KScriptCache.obj
 0001:00023020       ?SeekBegin@KStepLuaScript@@QAEXXZ 10024020 f i KScriptList.obj
 0001:00023040       ?SeekToExeBegin@KStepLuaScript@@QAEXXZ 10024040 f i KScriptList.obj
 0001:00023070       ?RunMain@KStepLuaScript@@QAEXXZ 10024070 f i KScriptList.obj
 0001:00023090       ?RunFunc@KStepLuaScript@@QAEXXZ 10024090 f i KScriptList.obj
 0001:000230b0       ?RunIdle@KStepLuaScript@@QAEXXZ 100240b0 f i KScriptList.obj
 0001:000230d0       ?RunResume@KStepLuaScript@@QAEXXZ 100240d0 f i KScriptList.obj
 0001:000230f0       ?RunWaitMsg@KStepLuaScript@@QAEXXZ 100240f0 f i KScriptList.obj
 0001:00023110       ?IsRunMain@KStepLuaScript@@QAEHXZ 10024110 f i KScriptList.obj
 0001:00023140       ?IsRunFunc@KStepLuaScript@@QAEHXZ 10024140 f i KScriptList.obj
 0001:00023170       ?IsRunIdle@KStepLuaScript@@QAEHXZ 10024170 f i KScriptList.obj
 0001:000231a0       ?IsRunResume@KStepLuaScript@@QAEHXZ 100241a0 f i KScriptList.obj
 0001:000231d0       ?IsRunWaitMsg@KStepLuaScript@@QAEHXZ 100241d0 f i KScriptList.obj
 0001:00023200       ?GetWaitingMsg@KStepLuaScript@@QAEPADXZ 10024200 f i KScriptList.obj
 0001:00023220       ?GetStatus@KStepLuaScript@@QAEHXZ 10024220 f i KScriptList.obj
 0001:00023240       ??0KStepLuaScript@@QAE@ABV0@@Z 10024240 f i KScriptList.obj
 0001:00023350       ??4KStepLuaScript@@QAEAAV0@ABV0@@Z 10024350 f i KScriptList.obj
 0001:00023490       ??_GKStepLuaScript@@UAEPAXI@Z 10024490 f i KScriptList.obj
 0001:000234d0       ??_EKStepLuaScript@@UAEPAXI@Z 100244d0 f i KScriptList.obj
 0001:00023560       ??1KScriptNode@@UAE@XZ     10024560 f i KScriptList.obj
 0001:00023600       ??0KScriptNode@@QAE@XZ     10024600 f i KScriptList.obj
 0001:00023630       ??0KScriptNode@@QAE@ABV0@@Z 10024630 f i KScriptList.obj
 0001:00023680       ??4KScriptNode@@QAEAAV0@ABV0@@Z 10024680 f i KScriptList.obj
 0001:000236d0       ??_GKScriptNode@@UAEPAXI@Z 100246d0 f i KScriptList.obj
 0001:00023710       ??_EKScriptNode@@UAEPAXI@Z 10024710 f i KScriptList.obj
 0001:000237a0       ??0KScriptList@@QAE@XZ     100247a0 f i KScriptList.obj
 0001:000237d0       ??0KScriptList@@QAE@ABV0@@Z 100247d0 f i KScriptList.obj
 0001:00023800       ??4KScriptList@@QAEAAV0@ABV0@@Z 10024800 f i KScriptList.obj
 0001:00023830       ??1KScriptList@@QAE@XZ     10024830 f i KScriptList.obj
 0001:00023860       ?GetScript@KScriptList@@QAEPAVKLuaScript@@PAUlua_State@@@Z 10024860 f   KScriptList.obj
 0001:000238e0       ?Activate@KScriptList@@QAEXXZ 100248e0 f   KScriptList.obj
 0001:000239f9       ?SendMessageA@KScriptList@@QAEXPAD0@Z 100249f9 f   KScriptList.obj
 0001:00023a70       ?IsEmpty@KList@@QAEHXZ     10024a70 f i KScriptList.obj
 0001:00023aa0       ??0KScriptSet@@QAE@XZ      10024aa0 f   KScriptSet.obj
 0001:00023ae6       ??0KScriptSet@@QAE@H@Z     10024ae6 f   KScriptSet.obj
 0001:00023b6c       ??1KScriptSet@@QAE@XZ      10024b6c f   KScriptSet.obj
 0001:00023bdb       ?GetScript@KScriptSet@@QAEPAVKScript@@PADHH@Z 10024bdb f   KScriptSet.obj
 0001:00023e12       ?GetScript@KScriptSet@@QAEPAVKScript@@KHH@Z 10024e12 f   KScriptSet.obj
 0001:00024046       ?UpdateRecent@KScriptSet@@QAEXHPAUTScript@@@Z 10025046 f   KScriptSet.obj
 0001:00024185       ?SearchScript@KScriptSet@@QAEPAUTScript@@PADPAH@Z 10025185 f   KScriptSet.obj
 0001:000241dd       ?SearchScript@KScriptSet@@QAEPAUTScript@@KPAH@Z 100251dd f   KScriptSet.obj
 0001:00024235       ?CreateScript@KScriptSet@@UAEPAVKScript@@PADH@Z 10025235 f   KScriptSet.obj
 0001:0002424b       ?CreateScript@KScriptSet@@UAEPAVKScript@@KH@Z 1002524b f   KScriptSet.obj
 0001:00024261       ?DeleteScript@KScriptSet@@QAEHPAD@Z 10025261 f   KScriptSet.obj
 0001:000243e8       ?DeleteScript@KScriptSet@@QAEHK@Z 100253e8 f   KScriptSet.obj
 0001:0002456f       ?DeleteScript@KScriptSet@@QAEHPAUTScript@@@Z 1002556f f   KScriptSet.obj
 0001:000245c2       ?InsertScript@KScriptSet@@QAEPAUTScript@@PAD@Z 100255c2 f   KScriptSet.obj
 0001:0002465c       ?InsertScript@KScriptSet@@QAEPAUTScript@@K@Z 1002565c f   KScriptSet.obj
 0001:000246f6       ?GetInitStackSize@KScriptSet@@UAEHPAD@Z 100256f6 f   KScriptSet.obj
 0001:0002470c       ?GetInitStackSize@KScriptSet@@UAEHK@Z 1002570c f   KScriptSet.obj
 0001:00024722       ?ListScriptsKey@KScriptSet@@QAEKXZ 10025722 f   KScriptSet.obj
 0001:0002474d       ?ListRecent@KScriptSet@@QAEKH@Z 1002574d f   KScriptSet.obj
 0001:000247cc       ?Run@KScriptSet@@UAEHPAD@Z 100257cc f   KScriptSet.obj
 0001:000247e5       ?Run@KScriptSet@@UAEHK@Z   100257e5 f   KScriptSet.obj
 0001:000247fe       ?RunFunction@KScriptSet@@UAAHPAD00ZZ 100257fe f   KScriptSet.obj
 0001:00024808       ?RunFunction@KScriptSet@@UAAHKPAD0ZZ 10025808 f   KScriptSet.obj
 0001:00024812       ?BTSearch@@YAPAUTScript@@PAU1@0PADPAH@Z 10025812 f   KScriptSet.obj
 0001:000248aa       ?BTSearch@@YAPAUTScript@@PAU1@0KPAH@Z 100258aa f   KScriptSet.obj
 0001:0002492c       ?BTInsert@@YAPAUTScript@@PAU1@PAD@Z 1002592c f   KScriptSet.obj
 0001:000249f3       ?BTInsert@@YAPAUTScript@@PAU1@K@Z 100259f3 f   KScriptSet.obj
 0001:00024aaa       ?BTDelete@@YAPAUTScript@@PAU1@PAPAU1@H@Z 10025aaa f   KScriptSet.obj
 0001:00024e6e       ?BTFindLess@@YAPAUTScript@@PAU1@@Z 10025e6e f   KScriptSet.obj
 0001:00024ea1       ?BTPreorder@@YAKPAUTScript@@@Z 10025ea1 f   KScriptSet.obj
 0001:00024ef0       ?KSG_StringToMD5String@@YAHQADQBD@Z 10025ef0 f   KSG_MD5_String.obj
 0001:00025060       ?KSG_StringGetInt@@YAHPAPBDH@Z 10026060 f   KSG_StringProcess.obj
 0001:000251de       ?KSG_StringSkipSymbol@@YA_NPAPBDH@Z 100261de f   KSG_StringProcess.obj
 0001:00025290       ??0TBinTreeNode@@AAE@XZ    10026290 f i KSortBinTree.obj
 0001:000252d0       ??0TBinTreeNode@@QAE@ABV0@@Z 100262d0 f i KSortBinTree.obj
 0001:00025320       ??4TBinTreeNode@@QAEAAV0@ABV0@@Z 10026320 f i KSortBinTree.obj
 0001:00025360       ?GetCount@KSortBinTree@@QAEKXZ 10026360 f i KSortBinTree.obj
 0001:000253a0       ?GetRoot@KSortBinTree@@QAEPAVTBinTreeNode@@XZ 100263a0 f i KSortBinTree.obj
 0001:000253c0       ??4KSortBinTree@@QAEAAV0@ABV0@@Z 100263c0 f i KSortBinTree.obj
 0001:000253f0       ??0KSortBinTree@@QAE@XZ    100263f0 f   KSortBinTree.obj
 0001:0002540e       ?Search@KSortBinTree@@AAEPAVTBinTreeNode@@PAV2@00PAH@Z 1002640e f   KSortBinTree.obj
 0001:000254c5       ?AddNode@KSortBinTree@@AAEPAVTBinTreeNode@@PAV2@0@Z 100264c5 f   KSortBinTree.obj
 0001:00025589       ?RemoveNode@KSortBinTree@@AAEPAVTBinTreeNode@@PAV2@PAPAV2@@Z 10026589 f   KSortBinTree.obj
 0001:000258de       ?FindLess@KSortBinTree@@AAEPAVTBinTreeNode@@PAV2@@Z 100268de f   KSortBinTree.obj
 0001:00025923       ?InOrder@KSortBinTree@@AAEKPAVTBinTreeNode@@@Z 10026923 f   KSortBinTree.obj
 0001:00025984       ?Insert@KSortBinTree@@QAEPAVTBinTreeNode@@PAV2@@Z 10026984 f   KSortBinTree.obj
 0001:00025a38       ?RemoveKeyNode@KSortBinTree@@QAEHPAVTBinTreeNode@@@Z 10026a38 f   KSortBinTree.obj
 0001:00025abb       ?RemoveThisNode@KSortBinTree@@QAEHPAVTBinTreeNode@@@Z 10026abb f   KSortBinTree.obj
[...]
 0002:00003520       _GUID_VideoPortCaps        1005a520     dxguid:dxguid.obj
 0002:00003530       _GUID_ColorControlCallbacks 1005a530     dxguid:dxguid.obj
 0002:00003540       _GUID_VideoPortCallbacks   1005a540     dxguid:dxguid.obj
 0002:00003550       _GUID_MiscellaneousCallbacks 1005a550     dxguid:dxguid.obj
 0002:00003560       _IID_IDirectDrawGammaControl 1005a560     dxguid:dxguid.obj
 0002:00003570       _IID_IDirectDrawColorControl 1005a570     dxguid:dxguid.obj
 0002:00003580       _IID_IDirectDrawClipper    1005a580     dxguid:dxguid.obj
 0002:00003590       _IID_IDirectDrawPalette    1005a590     dxguid:dxguid.obj
 0002:000035a0       _IID_IDirectDrawPalette2   1005a5a0     dxguid:dxguid.obj
 0002:000035b0       _IID_IDirectDrawOptSurface 1005a5b0     dxguid:dxguid.obj
 0002:000035c0       _GUID_DirectDrawPaletteStream 1005a5c0     dxguid:dxguid.obj
 0002:000035d0       _GUID_DirectDrawSurfaceStream 1005a5d0     dxguid:dxguid.obj
 0002:000035e0       _IID_IDirectDrawFactory2   1005a5e0     dxguid:dxguid.obj
 0002:000035f0       _CLSID_DirectDrawFactory2  1005a5f0     dxguid:dxguid.obj
 0002:00003600       _IID_IDirectDrawSurfaceNew 1005a600     dxguid:dxguid.obj
 0002:00003610       _IID_IDirectDrawSurface7   1005a610     dxguid:dxguid.obj
 0002:00003620       _IID_IDirectDrawSurface4   1005a620     dxguid:dxguid.obj
 0002:00003630       _IID_IDirectDrawSurface3   1005a630     dxguid:dxguid.obj
 0002:00003640       _IID_IDirectDrawSurface2   1005a640     dxguid:dxguid.obj
 0002:00003650       _IID_IDirectDrawSurface    1005a650     dxguid:dxguid.obj
 0002:00003660       _IID_IDirectDraw7          1005a660     dxguid:dxguid.obj
 0002:00003670       _IID_IDirectDraw4          1005a670     dxguid:dxguid.obj
 0002:00003680       _IID_IDirectDraw2          1005a680     dxguid:dxguid.obj
 0002:00003690       _IID_IDirectDraw           1005a690     dxguid:dxguid.obj
 0002:000036a0       _CLSID_DirectDrawClipper   1005a6a0     dxguid:dxguid.obj
 0002:000036b0       _CLSID_DirectDraw7         1005a6b0     dxguid:dxguid.obj
 0002:000036c0       _CLSID_DirectDraw          1005a6c0     dxguid:dxguid.obj
 0002:000038bc       _c_dfDIMouse               1005a8bc     dinput8:dilib1.obj
 0002:00003ac4       _c_dfDIKeyboard            1005aac4     dinput8:dilib2.obj
 0002:00003ae0       __real@8@3fffe2d0e56041893800 1005aae0     JpgLib:KJpegColor.obj
 0002:00003ae8       __real@8@bffeb6d1e108c3f3e000 1005aae8     JpgLib:KJpegColor.obj
 0002:00003af0       __real@8@bffdb0331e3a7daa5000 1005aaf0     JpgLib:KJpegColor.obj
 0002:00003af8       __real@8@3fff8000000000000000 1005aaf8     JpgLib:KJpegColor.obj
 0002:00003b00       __real@8@3fffb374bc6a7ef9d800 1005ab00     JpgLib:KJpegColor.obj
 0002:00004060       __real@8@3ffe8000000000000000 1005b060     mp3lib:KMp3Sbt.obj
 0002:00004068       __real@8@40018000000000000000 1005b068     mp3lib:KMp3Sbt.obj
 0002:00004230       __real@8@c0008000000000000000 1005b230     mp3lib:KMp3Init.obj
 0002:00004238       __real@8@bffe8000000000000000 1005b238     mp3lib:KMp3Init.obj
 0002:00004240       __real@8@3ffd8000000000000000 1005b240     mp3lib:KMp3Init.obj
 0002:00004248       __real@8@4001c000000000000000 1005b248     mp3lib:KMp3Init.obj
 0002:00004250       __real@8@40039000000000000000 1005b250     mp3lib:KMp3Init.obj
 0002:00004258       __real@8@4002c000000000000000 1005b258     mp3lib:KMp3Init.obj
 0002:00004260       __real@8@40049000000000000000 1005b260     mp3lib:KMp3Init.obj
 0002:00004268       __real@8@40008000000000000000 1005b268     mp3lib:KMp3Init.obj
 0002:00004270       __real@8@bffd8000000000000000 1005b270     mp3lib:KMp3Init.obj
 0002:00004278       __real@4@3ffe8000000000000000 1005b278     mp3lib:KMp3Mdct.obj
 0002:000042ac       ??_C@_08JKC@crtdll?4c?$AA@ 1005b2ac     MSVCRTD:crtdll.obj
 0002:00005c60       __IMPORT_DESCRIPTOR_KERNEL32 1005cc60     kernel32:KERNEL32.dll
 0002:00005c74       __IMPORT_DESCRIPTOR_USER32 1005cc74     user32:USER32.dll
 0002:00005c88       __IMPORT_DESCRIPTOR_GDI32  1005cc88     gdi32:GDI32.dll
 0002:00005c9c       __IMPORT_DESCRIPTOR_comdlg32 1005cc9c     comdlg32:comdlg32.dll
 0002:00005cb0       __IMPORT_DESCRIPTOR_DDRAW  1005ccb0     ddraw:DDRAW.dll
 0002:00005cc4       __IMPORT_DESCRIPTOR_DSOUND 1005ccc4     dsound:DSOUND.dll
 0002:00005cd8       __IMPORT_DESCRIPTOR_WINMM  1005ccd8     winmm:WINMM.dll
 0002:00005cec       __IMPORT_DESCRIPTOR_DINPUT8 1005ccec     dinput8:DINPUT8.dll
 0002:00005d00       __IMPORT_DESCRIPTOR_LuaLibDll 1005cd00     LuaLibDll:LuaLibDll.dll
 0002:00005d14       __IMPORT_DESCRIPTOR_MSVCRTD 1005cd14     MSVCRTD:MSVCRTD.dll
 0002:00005d28       __IMPORT_DESCRIPTOR_IMM32  1005cd28     imm32:IMM32.dll
 0002:00005d3c       __NULL_IMPORT_DESCRIPTOR   1005cd3c     kernel32:KERNEL32.dll
 0003:00000000       ___xc_a                    1006a000     MSVCRTD:cinitexe.obj
 0003:00000014       ___xc_z                    1006a014     MSVCRTD:cinitexe.obj
 0003:00000018       ___xi_a                    1006a018     MSVCRTD:cinitexe.obj
 0003:0000001c       ___xi_z                    1006a01c     MSVCRTD:cinitexe.obj
 0003:00000098       ??_C@_0EM@DJPD@F?3?20?402?5volamhoiuc?2srcjxwin?2srcj@ 1006a098     KCache.obj
 0003:000000e4       ?g_RGB@@3P6AGHHH@ZA        1006a0e4     KColors.obj
 0003:000014b8       ??_C@_0CD@NAH@KMemList?3?3Leak?5Detected?0?5Size?5?$DN?5@ 1006b4b8     KMemBase.obj
 0003:000022f4       ?s_NotAllowAtLineHeadA1Characters@@3PAEA 1006c2f4     Text.obj
 0003:00002300       ?s_NotAllowAtLineHeadA3Characters@@3PAEA 1006c300     Text.obj
 0003:0000230c       ?s_NotAllowAtLineHead00Characters@@3PAEA 1006c30c     Text.obj
 0003:00002544       _ucl_alloc_hook            1006c544     alloc.obj
 0003:00002548       _ucl_free_hook             1006c548     alloc.obj
 0003:00002590       _jpeg_zigzag               1006c590     JpgLib:KJpegDecode.obj
 0003:000028c0       _band_limit_nsb            1006c8c0     mp3lib:KMp3Decode.obj
 0003:00006e48       _wincoef                   10070e48     mp3lib:KMp3Win.obj
 0003:00007290       ?g_pCanvas@@3PAVKCanvas@@A 10071290     KCanvas.obj
 0003:00007298       ?g_pDirectDraw@@3PAVKDirectDraw@@A 10071298     KDDraw.obj
 0003:000072a0       ?g_pDirectInput@@3PAVKDirectInput@@A 100712a0     KDInput.obj
 0003:000072b0       ?g_pDirectSound@@3PAVKDirectSound@@A 100712b0     KDSound.obj
 0003:000072c4       ?g_pIme@@3PAVKIme@@A       100712c4     Kime.obj
 0003:000072d4       ?g_pKeyboard@@3PAVKKeyboard@@A 100712d4     KKeyboard.obj
 0003:00007300       ?g_MemManager@@3VKMemManager@@A 10071300     KMemManager.obj
 0003:0000736c       ?g_pMouse@@3PAVKMouse@@A   1007136c     KMouse.obj
 0003:0000738c       ?g_pPakList@@3PAVKPakList@@A 1007138c     KPakList.obj
 0003:00007710       ?sout@@3PAU_iobuf@@A       10071710     KWin32App.obj
 0003:00007714       ?serr@@3PAU_iobuf@@A       10071714     KWin32App.obj
 0003:00007728       ?g_pZipList@@3PAVKZipList@@A 10071728     KZipList.obj
 0003:00007738       ?ms_ElemFileCache@XPackFile@@0PAUXPackElemFileCache@1@A 10071738     XPackFile.obj
 0003:00007828       ?ms_nNumElemFileCache@XPackFile@@0HA 10071828     XPackFile.obj
 0003:00007844       ?g_pIInlinePicSink@@3PAUIInlinePicEngineSink@@A 10071844     Text.obj
 0003:00007854       ___ucl_init_done           10071854     ucl_init.obj
 0003:00007858       _jpeg_stream               10071858     JpgLib:KJpegLib.obj
 0003:0000785c       _jpeg_IDCT                 1007185c     JpgLib:KJpegLib.obj
 0003:00007860       _jpeg_Y2RGB                10071860     JpgLib:KJpegLib.obj
 0003:00007864       _jpeg_YCbCr411             10071864     JpgLib:KJpegLib.obj
 0003:00007868       _jpeg_YCbCr111             10071868     JpgLib:KJpegLib.obj
 0003:0000fb20       _jpeg_qtable               10079b20     <common>
 0003:0000fb40       _jpeg_ybuf                 10079b40     <common>
 0003:0000fd40       _jpeg_crbuf                10079d40     <common>
 0003:0000fdc0       _jpeg_htable               10079dc0     <common>
 0003:0000fe00       _jpeg_cbbuf                10079e00     <common>
 0003:0000fe80       _jpeg_head                 10079e80     <common>
 0003:0000fe98       _jpeg_DC                   10079e98     <common>
 0003:0000fe9e       _jpeg_bit                  10079e9e     <common>
 0003:0000fea0       _mdct6_3v                  10079ea0     <common>
 0003:0000fec0       _mdct6_3v2                 10079ec0     <common>
 0003:0000fee0       _mdct18w                   10079ee0     <common>
 0003:0000ff40       _mdct18w2                  10079f40     <common>
 0003:0000ff80       _coef                      10079f80     <common>
 0003:00010010       _coef87                    1007a010     <common>
 0003:00010020       _coef32                    1007a020     <common>
 0003:000100a0       _csa                       1007a0a0     <common>
 0003:000100e0       _win                       1007a0e0     <common>
 0003:00010320       _sfBandIndex               1007a320     <common>
 0003:000103e0       _bitdat                    1007a3e0     <common>
 0003:00010400       _nBand                     1007a400     <common>
 0003:000104b0       __adjust_fdiv              1007a4b0     <common>
 0003:000104b4       __pRawDllMain              1007a4b4     <common>
 0003:000104b8       ___onexitend               1007a4b8     <common>
 0003:000104bc       ___onexitbegin             1007a4bc     <common>

 entry point at        0001:00054900

 Static symbols

 0001:00045359       _basic_integral_check      10046359 f   ucl_init.obj
 0001:00045472       _basic_ptr_check           10046472 f   ucl_init.obj
 0001:00045516       _ptr_check                 10046516 f   ucl_init.obj
 0001:00045830       _schedule_insns_bug        10046830 f   ucl_init.obj
 0001:00045871       _strength_reduce_bug       10046871 f   ucl_init.obj
 0001:000407b4       _swd_exit                  100417b4 f   n2e_99.obj
 0001:00040856       _init_match                10041856 f   n2e_99.obj
 0001:00040929       _swd_init                  10041929 f   n2e_99.obj
 0001:00040c81       _swd_initdict              10041c81 f   n2e_99.obj
 0001:00040d19       _swd_insertdict            10041d19 f   n2e_99.obj
 0001:00040e25       _find_match                10041e25 f   n2e_99.obj
 0001:00040f56       _swd_getbyte               10041f56 f   n2e_99.obj
 0001:0004107d       _swd_accept                1004207d f   n2e_99.obj
 0001:000411ae       _swd_remove_node           100421ae f   n2e_99.obj
 0001:00041273       _swd_findbest              10042273 f   n2e_99.obj
 0001:000414a4       _swd_search                100424a4 f   n2e_99.obj
 0001:00041654       _swd_search2               10042654 f   n2e_99.obj
 0001:000416ac       _bbConfig                  100426ac f   n2e_99.obj
 0001:0004172d       _bbPutBit                  1004272d f   n2e_99.obj
 0001:000417ce       _bbWriteBits               100427ce f   n2e_99.obj
 0001:00041836       _bbPutByte                 10042836 f   n2e_99.obj
 0001:00041855       _bbFlushBits               10042855 f   n2e_99.obj
 0001:000418aa       _code_prefix_ss12          100428aa f   n2e_99.obj
 0001:00041961       _code_match                10042961 f   n2e_99.obj
 0001:00041b1b       _code_prefix_ss11          10042b1b f   n2e_99.obj
 0001:00041bb8       _code_run                  10042bb8 f   n2e_99.obj
 0001:00041c48       _len_of_coded_match        10042c48 f   n2e_99.obj
 0001:0003c0f4       _swd_exit                  1003d0f4 f   n2d_99.obj
 0001:0003c196       _init_match                1003d196 f   n2d_99.obj
 0001:0003c269       _swd_init                  1003d269 f   n2d_99.obj
 0001:0003c5c1       _swd_initdict              1003d5c1 f   n2d_99.obj
 0001:0003c659       _swd_insertdict            1003d659 f   n2d_99.obj
 0001:0003c765       _find_match                1003d765 f   n2d_99.obj
 0001:0003c896       _swd_getbyte               1003d896 f   n2d_99.obj
 0001:0003c9bd       _swd_accept                1003d9bd f   n2d_99.obj
 0001:0003caee       _swd_remove_node           1003daee f   n2d_99.obj
 0001:0003cbb3       _swd_findbest              1003dbb3 f   n2d_99.obj
 0001:0003cde4       _swd_search                1003dde4 f   n2d_99.obj
 0001:0003cf94       _swd_search2               1003df94 f   n2d_99.obj
 0001:0003cfec       _bbConfig                  1003dfec f   n2d_99.obj
 0001:0003d06d       _bbPutBit                  1003e06d f   n2d_99.obj
 0001:0003d10e       _bbWriteBits               1003e10e f   n2d_99.obj
 0001:0003d176       _bbPutByte                 1003e176 f   n2d_99.obj
 0001:0003d195       _bbFlushBits               1003e195 f   n2d_99.obj
 0001:0003d1ea       _code_prefix_ss12          1003e1ea f   n2d_99.obj
 0001:0003d2a1       _code_match                1003e2a1 f   n2d_99.obj
 0001:0003d441       _code_prefix_ss11          1003e441 f   n2d_99.obj
 0001:0003d4de       _code_run                  1003e4de f   n2d_99.obj
 0001:0003d56e       _len_of_coded_match        1003e56e f   n2d_99.obj
 0001:00037ed4       _swd_exit                  10038ed4 f   n2b_99.obj
 0001:00037f76       _init_match                10038f76 f   n2b_99.obj
 0001:00038049       _swd_init                  10039049 f   n2b_99.obj
 0001:000383a1       _swd_initdict              100393a1 f   n2b_99.obj
 0001:00038439       _swd_insertdict            10039439 f   n2b_99.obj
 0001:00038545       _find_match                10039545 f   n2b_99.obj
 0001:00038676       _swd_getbyte               10039676 f   n2b_99.obj
 0001:0003879d       _swd_accept                1003979d f   n2b_99.obj
 0001:000388ce       _swd_remove_node           100398ce f   n2b_99.obj
 0001:00038993       _swd_findbest              10039993 f   n2b_99.obj
 0001:00038bc4       _swd_search                10039bc4 f   n2b_99.obj
 0001:00038d74       _swd_search2               10039d74 f   n2b_99.obj
 0001:00038dcc       _bbConfig                  10039dcc f   n2b_99.obj
 0001:00038e4d       _bbPutBit                  10039e4d f   n2b_99.obj
 0001:00038eee       _bbWriteBits               10039eee f   n2b_99.obj
 0001:00038f56       _bbPutByte                 10039f56 f   n2b_99.obj
 0001:00038f75       _bbFlushBits               10039f75 f   n2b_99.obj
 0001:00038fca       _code_prefix_ss11          10039fca f   n2b_99.obj
 0001:00039067       _code_match                1003a067 f   n2b_99.obj
 0001:000391f4       _code_run                  1003a1f4 f   n2b_99.obj
 0001:00039284       _len_of_coded_match        1003a284 f   n2b_99.obj
 0001:00037690       _ucl_alloc_internal        10038690 f   alloc.obj
 0001:00037707       _ucl_free_internal         10038707 f   alloc.obj
 0001:00035941       ?TEncodeCtrl@@YA_NPADHAAH1@Z 10036941 f   Text.obj
 0001:00035b90       ?TEncodeCtrl@@YAHHPADH0@Z  10036b90 f   Text.obj
 0001:00032bf3       ?md5_process@@YAXPAUmd5_state_s@@PBE@Z 10033bf3 f   md5.obj
 0001:0002f984       ?WndProc@@YGJPAUHWND__@@IIJ@Z 10030984 f   KWin32App.obj
 0001:0002e4e5       ?ImaInitTable@@YAXXZ       1002f4e5 f   KWavCodec.obj
 0001:0002e59a       ?ImaDecodeBlock@@YAXPAEPAFH@Z 1002f59a f   KWavCodec.obj
 0001:0002e5e3       ?ImaDecodeSample@@YAXHHPAEPAFHH@Z 1002f5e3 f   KWavCodec.obj
 0001:0001cd84       ?LoadMpgLib@@YAHXZ         1001dd84 f   KMpgMusic.obj
 0001:0001ceb5       ?FreeMpgLib@@YAXXZ         1001deb5 f   KMpgMusic.obj
 0001:0001c492       ?LoadMp4Lib@@YAHXZ         1001d492 f   KMp4Video.obj
 0001:0001c56f       ?FreeMp4Lib@@YAXXZ         1001d56f f   KMp4Video.obj
 0001:0001a040       _$E6                       1001b040 f   KMessage.obj
 0001:0001a056       _$E3                       1001b056 f   KMessage.obj
 0001:0001a06c       _$E5                       1001b06c f   KMessage.obj
 0001:0001a085       _$E4                       1001b085 f   KMessage.obj
 0001:000197f0       _$E6                       1001a7f0 f   KMemManager.obj
 0001:00019806       _$E3                       1001a806 f   KMemManager.obj
 0001:0001981c       _$E5                       1001a81c f   KMemManager.obj
 0001:00019835       _$E4                       1001a835 f   KMemManager.obj
 0001:000191c0       _$E4                       1001a1c0 f   KMemBase.obj
 0001:000191d6       _$E1                       1001a1d6 f   KMemBase.obj
 0001:000191ec       _$E3                       1001a1ec f   KMemBase.obj
 0001:00019205       _$E2                       1001a205 f   KMemBase.obj
 0001:0000d67e       ?LoadEicLib@@YAHXZ         1000e67e f   KEicScript.obj
 0001:0000d7af       ?FreeEicLib@@YAXXZ         1000e7af f   KEicScript.obj
 0001:0000b936       _$E4                       1000c936 f   KDrawSprite.obj
 0001:0000b94c       _$E1                       1000c94c f   KDrawSprite.obj
 0001:0000b962       _$E3                       1000c962 f   KDrawSprite.obj
 0001:0000b97b       _$E2                       1000c97b f   KDrawSprite.obj
 0001:00001541       ?str2ulong@@YAKPAD@Z       10002541 f   KAviFile.obj
 0001:00047c00       _Y2RGB                     10048c00 f   JpgLib:KJpegColor.obj
 0001:00047c70       _YCbCr411_565              10048c70 f   JpgLib:KJpegColor.obj
 0001:00047f40       _YCbCr411_555              10048f40 f   JpgLib:KJpegColor.obj
 0001:00048200       _RGB16_555                 10049200 f   JpgLib:KJpegColor.obj
 0001:000482a0       _RGB16_565                 100492a0 f   JpgLib:KJpegColor.obj
 0001:00048340       _YCbCr411_nommx            10049340 f   JpgLib:KJpegColor.obj
 0001:000485e0       _YCbCr111                  100495e0 f   JpgLib:KJpegColor.obj
 0001:00051500       _forward_bf                10052500 f   mp3lib:KMp3Fdct.obj
 0001:000515f0       _back_bf                   100525f0 f   mp3lib:KMp3Fdct.obj
 0001:0004f130       _bitget_lb                 10050130 f   mp3lib:KMp3Huf.obj
 0001:0004f1e0       _bitget2                   100501e0 f   mp3lib:KMp3Huf.obj
 0001:0004c560       _gencoef                   1004d560 f   mp3lib:KMp3Sbt.obj
 0001:0004a060       _Xform_mono                1004b060 f   mp3lib:KMp3Decode.obj
 0001:0004a1a0       _Xform_dual_right          1004b1a0 f   mp3lib:KMp3Decode.obj
 0001:0004a2e0       _Xform_dual                1004b2e0 f   mp3lib:KMp3Decode.obj
 0001:0004a480       _Xform_dual_mono           1004b480 f   mp3lib:KMp3Decode.obj
 0001:0004a790       _L3audio_decode_MPEG1      1004b790 f   mp3lib:KMp3Decode.obj
 0001:0004a960       _bitget_init               1004b960 f   mp3lib:KMp3Decode.obj
 0001:0004a9b0       _unpack_side_MPEG1         1004b9b0 f   mp3lib:KMp3Decode.obj
 0001:0004af20       _unpack_main               1004bf20 f   mp3lib:KMp3Decode.obj
 0001:0004b670       _bitget_init_end           1004c670 f   mp3lib:KMp3Decode.obj
 0001:0004b6a0       _bitget_bits_used          1004c6a0 f   mp3lib:KMp3Decode.obj
 0001:0004bc90       _L3audio_decode_MPEG2      1004cc90 f   mp3lib:KMp3Decode.obj
 0001:0004be90       _unpack_side_MPEG2         1004ce90 f   mp3lib:KMp3Decode.obj
 0001:000547c9       hard                       100557c9 f   MSVCRTD:llmul.obj
 0001:00054721       L1                         10055721 f   MSVCRTD:lldiv.obj
 0001:0005473d       L2                         1005573d f   MSVCRTD:lldiv.obj
 0001:00054759       L3                         10055759 f   MSVCRTD:lldiv.obj
 0001:00054767       L5                         10055767 f   MSVCRTD:lldiv.obj
 0001:00054795       L6                         10055795 f   MSVCRTD:lldiv.obj
 0001:00054796       L7                         10055796 f   MSVCRTD:lldiv.obj
 0001:0005479a       L4                         1005579a f   MSVCRTD:lldiv.obj
 0001:000547a4       L8                         100557a4 f   MSVCRTD:lldiv.obj
 0001:000546c0       _$$$00001                  100556c0 f   MSVCRTD:chkstk.obj
 0001:000546cc       probepages                 100556cc f   MSVCRTD:chkstk.obj
 0001:000546e0       lastpage                   100556e0 f   MSVCRTD:chkstk.obj
 0001:000544d0       ?ArrayUnwindFilter@@YAHPAU_EXCEPTION_POINTERS@@@Z 100554d0 f   MSVCRTD:ehvecdtr.obj
