 Represent2

 Timestamp is 6690c791 (Fri Jul 12 13:05:05 2024)

 Preferred load address is 10000000

 Start         Length     Name                   Class
 0001:00000000 00008a84H .text                   CODE
 0001:00008a90 000001b4H .text$x                 CODE
 0002:00000000 0000018cH .idata$5                DATA
 0002:00000190 00000340H .rdata                  DATA
 0002:000004d0 000002c8H .xdata$x                DATA
 0002:00000798 00000078H .idata$2                DATA
 0002:00000810 00000014H .idata$3                DATA
 0002:00000824 0000018cH .idata$4                DATA
 0002:000009b0 00000ab2H .idata$6                DATA
 0002:00001470 00000056H .edata                  DATA
 0003:00000000 00000004H .CRT$XCA                DATA
 0003:00000004 00000004H .CRT$XCZ                DATA
 0003:00000008 00000004H .CRT$XIA                DATA
 0003:0000000c 00000004H .CRT$XIZ                DATA
 0003:00000010 00000040H .data                   DATA
 0003:00000050 0000005cH .bss                    DATA

  Address         Publics by Value              Rva+Base     Lib:Object

 0001:00000000       ?ImageNameToId@KImageStore2@@AAEIPBD@Z 10001000 f   KImageStore2.obj
 0001:000000b6       ?GetAdjustColorPalette@KImageStore2@@QAEPADHI@Z 100010b6 f   KImageStore2.obj
 0001:000001b9       ?CreateAdjustColorPalette@KImageStore2@@AAEPADPBDH@Z 100011b9 f   KImageStore2.obj
 0001:000003a1       ?SetAdjustColorList@KImageStore2@@QAEIPAII@Z 100013a1 f   KImageStore2.obj
 0001:0000043c       ?CreateImage@KImageStore2@@QAEIPBDHHH@Z 1000143c f   KImageStore2.obj
 0001:00000615       ?Free@KImageStore2@@QAEXXZ 10001615 f   KImageStore2.obj
 0001:000006db       ?FreeImage@KImageStore2@@QAEXPBD@Z 100016db f   KImageStore2.obj
 0001:000007c1       ?GetExistedCreateBitmap@KImageStore2@@QAEPAXPBDIAAF@Z 100017c1 f   KImageStore2.obj
 0001:000008b7       ?CreateDirectDrawSurfaceFromBitmap@@YAPAUIDirectDrawSurface@@PAUKSGImageContent@@@Z 100018b7 f   KImageStore2.obj
 0001:000008f7       ?CreateBitmapSurface@KImageStore2@@QAE_NPBDAAIAAF@Z 100018f7 f   KImageStore2.obj
 0001:000009f7       ?GetImage@KImageStore2@@QAEPAXPBDAAIAAFHHAAPAX@Z 100019f7 f   KImageStore2.obj
 0001:00000cc6       ?GetSprFrame@KImageStore2@@AAEPAXPBDAAU_KISImageObj@1@H@Z 10001cc6 f   KImageStore2.obj
 0001:00000d88       ?GetImageParam@KImageStore2@@QAE_NPBDHPAUKImageParam@@@Z 10001d88 f   KImageStore2.obj
 0001:00000f77       ?GetImageFrameParam@KImageStore2@@QAE_NPBDHHPAUKRPosition2@@1@Z 10001f77 f   KImageStore2.obj
 0001:00001051       ?GetImagePixelAlpha@KImageStore2@@QAEHPBDHHHH@Z 10002051 f   KImageStore2.obj
 0001:0000117f       ?Init@KImageStore2@@QAE_NXZ 1000217f f   KImageStore2.obj
 0001:0000119a       ?SaveImage@KImageStore2@@QAE_NPBD0H@Z 1000219a f   KImageStore2.obj
 0001:000011a9       ?SetBalanceParam@KImageStore2@@QAEXHI@Z 100021a9 f   KImageStore2.obj
 0001:000011c8       ?CheckBalance@KImageStore2@@AAEXXZ 100021c8 f   KImageStore2.obj
 0001:000013d7       ?ExpandSpace@KImageStore2@@AAE_NXZ 100023d7 f   KImageStore2.obj
 0001:0000142c       ?FindImage@KImageStore2@@AAEHIH@Z 1000242c f   KImageStore2.obj
 0001:000015a7       ?FreeImageObject@KImageStore2@@AAEXAAU_KISImageObj@1@H@Z 100025a7 f   KImageStore2.obj
 0001:0000179e       ?LoadImageA@KImageStore2@@AAEPAXPBDAAU_KISImageObj@1@HAAPAX@Z 1000279e f   KImageStore2.obj
 0001:000019b0       ??0KImageStore2@@QAE@XZ    100029b0 f   KImageStore2.obj
 0001:00001a04       ??1KImageStore2@@QAE@XZ    10002a04 f   KImageStore2.obj
 0001:00001a4f       ?ClearAllAdjustColorPalette@KImageStore2@@AAEXXZ 10002a4f f   KImageStore2.obj
 0001:00001ad0       ??0KAutoCriticalSection@@QAE@AAVKCriticalSection@@@Z 10002ad0 f i KImageStore2.obj
 0001:00001b00       ?Lock@KCriticalSection@@QAEHXZ 10002b00 f i KImageStore2.obj
 0001:00001b20       ??1KAutoCriticalSection@@QAE@XZ 10002b20 f i KImageStore2.obj
 0001:00001b40       ?UnLock@KCriticalSection@@QAEHXZ 10002b40 f i KImageStore2.obj
 0001:00001b60       ??0KCriticalSection@@QAE@XZ 10002b60 f i KImageStore2.obj
 0001:00001b80       ??1KCriticalSection@@QAE@XZ 10002b80 f i KImageStore2.obj
 0001:00001ba0       ?InitGdiplus@@YA_NXZ       10002ba0 f   RepresentUtility.obj
 0001:00001be8       ?ShutdownGdiplus@@YAXXZ    10002be8 f   RepresentUtility.obj
 0001:00001bff       ?GetEncoderClsid@@YAHPBGPAU_GUID@@@Z 10002bff f   RepresentUtility.obj
 0001:00001cef       ?SaveBufferToJpgFile32@@YA_NPADPAXHHHI@Z 10002cef f   RepresentUtility.obj
 0001:0000228f       ?SaveBufferToJpgFile24@@YA_NPADPAXHHHI@Z 1000328f f   RepresentUtility.obj
 0001:00002830       ??3GdiplusBase@Gdiplus@@SAXPAX@Z 10003830 f i RepresentUtility.obj
 0001:00002840       ??2GdiplusBase@Gdiplus@@SAPAXI@Z 10003840 f i RepresentUtility.obj
 0001:00002850       ??0GdiplusStartupInput@Gdiplus@@QAE@P6GXW4DebugEventLevel@1@PAD@ZHH@Z 10003850 f i RepresentUtility.obj
 0001:00002890       ??0Image@Gdiplus@@QAE@PAUIStream@@H@Z 10003890 f i RepresentUtility.obj
 0001:000028f0       ??_GImage@Gdiplus@@UAEPAXI@Z 100038f0 f i RepresentUtility.obj
 0001:000028f0       ??_EImage@Gdiplus@@UAEPAXI@Z 100038f0 f i RepresentUtility.obj
 0001:00002920       ??1Image@Gdiplus@@UAE@XZ   10003920 f i RepresentUtility.obj
 0001:00002940       ?Clone@Image@Gdiplus@@UAEPAV12@XZ 10003940 f i RepresentUtility.obj
 0001:000029e0       ?SetStatus@Image@Gdiplus@@IBE?AW4Status@2@W432@@Z 100039e0 f i RepresentUtility.obj
 0001:00002a10       ?Save@Image@Gdiplus@@QAE?AW4Status@2@PBGPBU_GUID@@PBVEncoderParameters@2@@Z 10003a10 f i RepresentUtility.obj
 0001:00002a40       ??0Image@Gdiplus@@IAE@PAVGpImage@1@W4Status@1@@Z 10003a40 f i RepresentUtility.obj
 0001:00002a70       ?SetNativeImage@Image@Gdiplus@@IAEXPAVGpImage@2@@Z 10003a70 f i RepresentUtility.obj
 0001:00002a90       ?GetImageEncodersSize@Gdiplus@@YA?AW4Status@1@PAI0@Z 10003a90 f i RepresentUtility.obj
 0001:00002ab0       ?GetImageEncoders@Gdiplus@@YA?AW4Status@1@IIPAVImageCodecInfo@1@@Z 10003ab0 f i RepresentUtility.obj
 0001:00002ad0       ??_H@YGXPAXIHP6EX0@Z@Z     10003ad0 f i RepresentUtility.obj
 0001:00002b00       _CreateRepresentShell      10003b00 f   KRepresentShell2.obj
 0001:00002b3d       ?AdviseRepresent@KRepresentShell2@@UAEJPAUIInlinePicEngineSink@@@Z 10003b3d f   KRepresentShell2.obj
 0001:00002b54       ?UnAdviseRepresent@KRepresentShell2@@UAEJPAUIInlinePicEngineSink@@@Z 10003b54 f   KRepresentShell2.obj
 0001:00002b78       ??0KRepresentShell2@@QAE@XZ 10003b78 f   KRepresentShell2.obj
 0001:00002c2c       ??1KRepresentShell2@@AAE@XZ 10003c2c f   KRepresentShell2.obj
 0001:00002d0b       ?SetAdjustColorList@KRepresentShell2@@UAEIPAII@Z 10003d0b f   KRepresentShell2.obj
 0001:00002d2b       ?Create@KRepresentShell2@@UAE_NHH_N@Z 10003d2b f   KRepresentShell2.obj
 0001:00002daf       ?CreateAFont@KRepresentShell2@@UAE_NPBDW4CHARACTER_CODE_SET@@H@Z 10003daf f   KRepresentShell2.obj
 0001:00003069       ?CreateImage@KRepresentShell2@@UAEIPBDHHH@Z 10004069 f   KRepresentShell2.obj
 0001:00003091       ?DrawPrimitives@KRepresentShell2@@UAEXHPAUKRepresentUnit@@IH@Z 10004091 f   KRepresentShell2.obj
 0001:0000445a       ?DrawPrimitivesOnImage@KRepresentShell2@@UAEXHPAUKRepresentUnit@@IPBDIAAF@Z 1000545a f   KRepresentShell2.obj
 0001:000047a2       ?ClearImageData@KRepresentShell2@@UAEXPBDIF@Z 100057a2 f   KRepresentShell2.obj
 0001:000047f9       ?FreeAllImage@KRepresentShell2@@UAEXXZ 100057f9 f   KRepresentShell2.obj
 0001:0000480f       ?FreeImage@KRepresentShell2@@UAEXPBD@Z 1000580f f   KRepresentShell2.obj
 0001:0000482b       ?GetBitmapDataBuffer@KRepresentShell2@@UAEPAXPBDPAUKBitmapDataBuffInfo@@@Z 1000582b f   KRepresentShell2.obj
 0001:00004921       ?ReleaseBitmapDataBuffer@KRepresentShell2@@UAEXPBDPAX@Z 10005921 f   KRepresentShell2.obj
 0001:0000497c       ?GetImageParam@KRepresentShell2@@UAE_NPBDPAUKImageParam@@H@Z 1000597c f   KRepresentShell2.obj
 0001:000049a0       ?GetImageFrameParam@KRepresentShell2@@UAE_NPBDHPAUKRPosition2@@1H@Z 100059a0 f   KRepresentShell2.obj
 0001:000049cc       ?GetImagePixelAlpha@KRepresentShell2@@UAEHPBDHHHH@Z 100059cc f   KRepresentShell2.obj
 0001:000049f8       ?LookAt@KRepresentShell2@@UAEXHHH@Z 100059f8 f   KRepresentShell2.obj
 0001:00004a5a       ?OutputText@KRepresentShell2@@UAEXHPBDHHHIHHI@Z 10005a5a f   KRepresentShell2.obj
 0001:00004b56       ?OutputRichText@KRepresentShell2@@UAEHHPAUKOutputTextParam@@PBDHH@Z 10005b56 f   KRepresentShell2.obj
 0001:00004c95       ?LocateRichText@KRepresentShell2@@UAEHHHHPAUKOutputTextParam@@PBDHH@Z 10005c95 f   KRepresentShell2.obj
 0001:00004dde       ?Release@KRepresentShell2@@UAEXXZ 10005dde f   KRepresentShell2.obj
 0001:00004e24       ?ReleaseAFont@KRepresentShell2@@UAEXH@Z 10005e24 f   KRepresentShell2.obj
 0001:00004eb2       ?Reset@KRepresentShell2@@UAE_NHH_N@Z 10005eb2 f   KRepresentShell2.obj
 0001:00004ed6       ?SaveImage@KRepresentShell2@@UAE_NPBD0H@Z 10005ed6 f   KRepresentShell2.obj
 0001:00004efa       ?SetImageStoreBalanceParam@KRepresentShell2@@UAEXHI@Z 10005efa f   KRepresentShell2.obj
 0001:00004f1a       ?CopyDeviceImageToImage@KRepresentShell2@@UAE_NPBDHHHHHH@Z 10005f1a f   KRepresentShell2.obj
 0001:0000504c       ?CoordinateTransform@KRepresentShell2@@AAEXAAH0H@Z 1000604c f   KRepresentShell2.obj
 0001:00005092       ?RepresentBegin@KRepresentShell2@@UAE_NHI@Z 10006092 f   KRepresentShell2.obj
 0001:000050e4       ?RepresentEnd@KRepresentShell2@@UAEXXZ 100060e4 f   KRepresentShell2.obj
 0001:00005109       ?ViewPortCoordToSpaceCoord@KRepresentShell2@@UAEXAAH0H@Z 10006109 f   KRepresentShell2.obj
 0001:0000514c       ?SaveScreenToFile@KRepresentShell2@@UAE_NPBDW4ScreenFileType@@I@Z 1000614c f   KRepresentShell2.obj
 0001:000054e0       ??0iRepresentShell@@QAE@XZ 100064e0 f i KRepresentShell2.obj
 0001:00005500       ?SetLightInfo@KRepresentShell2@@UAEXHHPAI@Z 10006500 f i KRepresentShell2.obj
 0001:00005510       ?SetOption@KRepresentShell2@@UAEXW4RepresentOption@@_N@Z 10006510 f i KRepresentShell2.obj
 0001:00005520       ?SetGamma@KRepresentShell2@@UAEXH@Z 10006520 f i KRepresentShell2.obj
 0001:00005530       ??_GKRepresentShell2@@AAEPAXI@Z 10006530 f i KRepresentShell2.obj
 0001:00005560       ??0KFont2@@QAE@XZ          10006560 f   KFont2.obj
 0001:00005601       ??1KFont2@@AAE@XZ          10006601 f   KFont2.obj
 0001:00005655       ?Init@KFont2@@UAE_NPAX@Z   10006655 f   KFont2.obj
 0001:00005682       ?Terminate@KFont2@@UAEXXZ  10006682 f   KFont2.obj
 0001:000056a9       ?Load@KFont2@@UAE_NPBD@Z   100066a9 f   KFont2.obj
 0001:0000570f       ?OutputText@KFont2@@UAEXPBDHHHIH@Z 1000670f f   KFont2.obj
 0001:00005906       ?SetBorderColor@KFont2@@UAEXI@Z 10006906 f   KFont2.obj
 0001:0000594a       ?DrawCharacter@KFont2@@ABEXHHEEH@Z 1000694a f   KFont2.obj
 0001:000059c0       ?GetFontSize@KFont2@@UAEXPAH0@Z 100069c0 f   KFont2.obj
 0001:000059ef       ?SetOutputSize@KFont2@@UAEXHH@Z 100069ef f   KFont2.obj
 0001:00005a5b       ?Clone@KFont2@@UAEPAUiFont@@XZ 10006a5b f   KFont2.obj
 0001:00005a90       ?Release@KFont2@@UAEXXZ    10006a90 f   KFont2.obj
 0001:00005af0       ??0iFont@@QAE@XZ           10006af0 f i KFont2.obj
 0001:00005b10       ??_GKFont2@@AAEPAXI@Z      10006b10 f i KFont2.obj
 0001:00005b40       ??0KFontData@@QAE@XZ       10006b40 f   KFontData.obj
 0001:00005b7f       ??1KFontData@@QAE@XZ       10006b7f f   KFontData.obj
 0001:00005b92       ?Load@KFontData@@QAE_NPBD@Z 10006b92 f   KFontData.obj
 0001:00005d69       ?GetInfo@KFontData@@QBEXAAH0@Z 10006d69 f   KFontData.obj
 0001:00005d8c       ?Terminate@KFontData@@QAEXXZ 10006d8c f   KFontData.obj
 0001:00005dee       ?GetCharacterData@KFontData@@QBEPAEEE@Z 10006dee f   KFontData.obj
 0001:00005e50       ??0KTextProcess@@QAE@XZ    10006e50 f   TextProcess.obj
 0001:00005e99       ??0KTextProcess@@QAE@PBDHH@Z 10006e99 f   TextProcess.obj
 0001:00005ebd       ?SetContent@KTextProcess@@QAEXPBDHH@Z 10006ebd f   TextProcess.obj
 0001:00005f2d       ?GetSimplexText@KTextProcess@@AAEHAAHAAUKTP_CTRL@1@1H@Z 10006f2d f   TextProcess.obj
 0001:000063f6       ?SeekToSpecialLine@KTextProcess@@QAEHHAAUKTP_CTRL@1@0AAHHH@Z 100073f6 f   TextProcess.obj
 0001:00006874       ?DrawTextLine@KTextProcess@@QAEHPAUiFont@@HPAUKOutputTextParam@@@Z 10007874 f   TextProcess.obj
 0001:00006eb1       ?TransXYPosToCharOffset@KTextProcess@@QAEHHHPAUiFont@@HPAUKOutputTextParam@@@Z 10007eb1 f   TextProcess.obj
 0001:000075dc       ?GetCurLineHeight@KTextProcess@@QAEXAAH0HH@Z 100085dc f   TextProcess.obj
 0001:000078f0       ?Backup@KTextProcess@@QAEXXZ 100088f0 f i TextProcess.obj
 0001:00007950       ?Restore@KTextProcess@@QAEXXZ 10008950 f i TextProcess.obj
 0001:000079b0       ?RIO_Set16BitImageFormat@@YAXH@Z 100089b0 f   ImageOperation.obj
 0001:000079cb       ?RIO_CopySprToBuffer@@YAXPAXHH00HHHH@Z 100089cb f   ImageOperation.obj
 0001:00007daf       ?RIO_CopySprToBufferAlpha@@YAXPAXHH00HHHH@Z 10008daf f   ImageOperation.obj
 0001:00008329       ?RIO_CopyBitmap16ToBuffer@@YAXPAXHH0HHHH@Z 10009329 f   ImageOperation.obj
 0001:000083e6       ?RIO_CopySprToBuffer3LevelAlpha@@YAXPAXHH00HHHH@Z 100093e6 f   ImageOperation.obj
 0001:000086c4       _EnterCriticalSection@4    100096c4 f   kernel32:KERNEL32.dll
 0001:000086ca       _LeaveCriticalSection@4    100096ca f   kernel32:KERNEL32.dll
 0001:000086d0       _GlobalMemoryStatus@4      100096d0 f   kernel32:KERNEL32.dll
 0001:000086d6       _InitializeCriticalSection@4 100096d6 f   kernel32:KERNEL32.dll
 0001:000086dc       _DeleteCriticalSection@4   100096dc f   kernel32:KERNEL32.dll
 0001:000086e2       _MultiByteToWideChar@24    100096e2 f   kernel32:KERNEL32.dll
 0001:000086e8       _ClientToScreen@8          100096e8 f   user32:USER32.dll
 0001:000086ee       _GetClientRect@8           100096ee f   user32:USER32.dll
 0001:000086f4       _CreateStreamOnHGlobal@12  100096f4 f   ole32:ole32.dll
 0001:000086fa       _GdiplusStartup@12         100096fa f   GdiPlus:gdiplus.dll
 0001:00008700       _GdiplusShutdown@4         10009700 f   GdiPlus:gdiplus.dll
 0001:00008706       _GdipFree@4                10009706 f   GdiPlus:gdiplus.dll
 0001:0000870c       _GdipAlloc@4               1000970c f   GdiPlus:gdiplus.dll
 0001:00008712       _GdipLoadImageFromStream@8 10009712 f   GdiPlus:gdiplus.dll
 0001:00008718       _GdipLoadImageFromStreamICM@8 10009718 f   GdiPlus:gdiplus.dll
 0001:0000871e       _GdipDisposeImage@4        1000971e f   GdiPlus:gdiplus.dll
 0001:00008724       _GdipCloneImage@8          10009724 f   GdiPlus:gdiplus.dll
 0001:0000872a       _GdipSaveImageToFile@16    1000972a f   GdiPlus:gdiplus.dll
 0001:00008730       _GdipGetImageEncodersSize@8 10009730 f   GdiPlus:gdiplus.dll
 0001:00008736       _GdipGetImageEncoders@12   10009736 f   GdiPlus:gdiplus.dll
 0001:0000873c       ?g_Pal16ToPal24@@YAXPAGPAUKPAL24@@H@Z 1000973c f   engine:Engine.dll
 0001:00008742       ?CreateSurface@KDirectDraw@@QAEPAUIDirectDrawSurface@@HH@Z 10009742 f   engine:Engine.dll
 0001:00008748       ?SprGetFrame@@YAPAUSPRFRAME@@PAUSPRHEAD@@H@Z 10009748 f   engine:Engine.dll
 0001:0000874e       ?release_image@@YAXPAUKSGImageContent@@@Z 1000974e f   engine:Engine.dll
 0001:00008754       ?SprReleaseFrame@@YAXPAUSPRFRAME@@@Z 10009754 f   engine:Engine.dll
 0001:0000875a       ?SprReleaseHeader@@YAXPAUSPRHEAD@@@Z 1000975a f   engine:Engine.dll
 0001:00008760       ?get_jpg_image@@YAPAUKSGImageContent@@QBDI@Z 10009760 f   engine:Engine.dll
 0001:00008766       ?g_Pal24ToPal16@@YAXPAUKPAL24@@PAGH@Z 10009766 f   engine:Engine.dll
 0001:0000876c       ?SprGetHeader@@YAPAUSPRHEAD@@PBDAAPAUSPROFFS@@@Z 1000976c f   engine:Engine.dll
 0001:00008772       ??1KDirectDraw@@QAE@XZ     10009772 f   engine:Engine.dll
 0001:00008778       ??1KCanvas@@QAE@XZ         10009778 f   engine:Engine.dll
 0001:0000877e       ??0KDirectDraw@@QAE@XZ     1000977e f   engine:Engine.dll
 0001:00008784       ??0KCanvas@@QAE@XZ         10009784 f   engine:Engine.dll
 0001:0000878a       ?Exit@KDirectDraw@@QAEXXZ  1000978a f   engine:Engine.dll
 0001:00008790       ?GetRGBBitMask16@KDirectDraw@@QAEKXZ 10009790 f   engine:Engine.dll
 0001:00008796       ?Init@KCanvas@@QAE_NHH@Z   10009796 f   engine:Engine.dll
 0001:0000879c       ?Init@KDirectDraw@@QAEHXZ  1000979c f   engine:Engine.dll
 0001:000087a2       ?Mode@KDirectDraw@@QAEXHHH@Z 100097a2 f   engine:Engine.dll
 0001:000087a8       ?BltSurface@KCanvas@@QAEXPAUIDirectDrawSurface@@PAUtagRECT@@@Z 100097a8 f   engine:Engine.dll
 0001:000087ae       ?ClearAlpha@KCanvas@@QAEXHHHHHH@Z 100097ae f   engine:Engine.dll
 0001:000087b4       ?DrawLineAlpha@KCanvas@@QAEXHHHHHH@Z 100097b4 f   engine:Engine.dll
 0001:000087ba       ?DrawLine@KCanvas@@QAEXHHHHH@Z 100097ba f   engine:Engine.dll
 0001:000087c0       ?DrawPixel@KCanvas@@QAEXHHH@Z 100097c0 f   engine:Engine.dll
 0001:000087c6       ?SetClipRect@KCanvas@@QAEXPAUtagRECT@@@Z 100097c6 f   engine:Engine.dll
 0001:000087cc       ?GetClipRect@KCanvas@@QAEXPAUtagRECT@@@Z 100097cc f   engine:Engine.dll
 0001:000087d2       ?DrawBitmap16@KCanvas@@QAEXHHHHPAX@Z 100097d2 f   engine:Engine.dll
 0001:000087d8       ?DrawSprite@KCanvas@@QAEXHHHHPAX0@Z 100097d8 f   engine:Engine.dll
 0001:000087de       ?DrawSprite3LevelAlpha@KCanvas@@QAEXHHHHPAX0@Z 100097de f   engine:Engine.dll
 0001:000087e4       ?DrawSpriteAlpha@KCanvas@@QAEXHHHHPAX0H@Z 100097e4 f   engine:Engine.dll
 0001:000087ea       ?GetHeight@KCanvas@@QAEHXZ 100097ea f   engine:Engine.dll
 0001:000087f0       ?GetWidth@KCanvas@@QAEHXZ  100097f0 f   engine:Engine.dll
 0001:000087f6       ?Terminate@KCanvas@@QAEXXZ 100097f6 f   engine:Engine.dll
 0001:000087fc       ?UnlockCanvas@KCanvas@@QAEXXZ 100097fc f   engine:Engine.dll
 0001:00008802       ?LockCanvas@KCanvas@@QAEPAXAAH@Z 10009802 f   engine:Engine.dll
 0001:00008808       ?FillCanvas@KCanvas@@QAEXG@Z 10009808 f   engine:Engine.dll
 0001:0000880e       ?UpdateScreen@KCanvas@@QAEXXZ 1000980e f   engine:Engine.dll
 0001:00008814       ?Changed@KCanvas@@QAEXH@Z  10009814 f   engine:Engine.dll
 0001:0000881a       ?SaveBuffer24@KBmpFile24@@SAHPADPAXHHH@Z 1000981a f   engine:Engine.dll
 0001:00008820       ?UnLockPrimaryBuffer@KDirectDraw@@QAEXXZ 10009820 f   engine:Engine.dll
 0001:00008826       ?GetScreenPitch@KDirectDraw@@QAEKXZ 10009826 f   engine:Engine.dll
 0001:0000882c       ?LockPrimaryBuffer@KDirectDraw@@QAEPAXXZ 1000982c f   engine:Engine.dll
 0001:00008832       ?GetScreenHeight@KDirectDraw@@QAEKXZ 10009832 f   engine:Engine.dll
 0001:00008838       ?GetScreenWidth@KDirectDraw@@QAEKXZ 10009838 f   engine:Engine.dll
 0001:0000883e       ?g_GetMainHWnd@@YAPAUHWND__@@XZ 1000983e f   engine:Engine.dll
 0001:00008844       ?GetScreenMode@KDirectDraw@@QAEKXZ 10009844 f   engine:Engine.dll
 0001:0000884a       _TIsCharacterNotAlowAtLineHead 1000984a f   engine:Engine.dll
 0001:00008850       _TGetSecondVisibleCharacterThisLine 10009850 f   engine:Engine.dll
 0001:00008856       ?DrawFontWithBorder@KCanvas@@QAEXHHHHHHPAXH@Z 10009856 f   engine:Engine.dll
 0001:0000885c       ?Close@KPakFile@@QAEXXZ    1000985c f   engine:Engine.dll
 0001:00008862       ?Read@KPakFile@@QAEKPAXI@Z 10009862 f   engine:Engine.dll
 0001:00008868       ??1KPakFile@@QAE@XZ        10009868 f   engine:Engine.dll
 0001:0000886e       ?Open@KPakFile@@QAEHPBD@Z  1000986e f   engine:Engine.dll
 0001:00008874       ??0KPakFile@@QAE@XZ        10009874 f   engine:Engine.dll
 0001:0000887a       _malloc                    1000987a f   MSVCRT:MSVCRT.dll
 0001:00008880       _memcpy                    10009880 f   MSVCRT:MSVCRT.dll
 0001:00008886       ___CxxFrameHandler         10009886 f   MSVCRT:MSVCRT.dll
 0001:00008890       _free                      10009890 f   MSVCRT:MSVCRT.dll
 0001:00008896       _realloc                   10009896 f   MSVCRT:MSVCRT.dll
 0001:0000889c       _memset                    1000989c f   MSVCRT:MSVCRT.dll
 0001:000088a2       _wcscmp                    100098a2 f   MSVCRT:MSVCRT.dll
 0001:000088a8       ??3@YAXPAX@Z               100098a8 f   MSVCRT:MSVCRT.dll
 0001:000088ae       _strlen                    100098ae f   MSVCRT:MSVCRT.dll
 0001:000088b4       ??2@YAPAXI@Z               100098b4 f   MSVCRT:MSVCRT.dll
 0001:000088ba       __purecall                 100098ba f   MSVCRT:MSVCRT.dll
 0001:000088c0       _atoi                      100098c0 f   MSVCRT:MSVCRT.dll
 0001:000088c6       __ftol                     100098c6 f   MSVCRT:MSVCRT.dll
 0001:000088cc       __CRT_INIT@12              100098cc f   MSVCRT:crtdll.obj
 0001:00008977       __DllMainCRTStartup@12     10009977 f   MSVCRT:crtdll.obj
 0001:00008a14       __initterm                 10009a14 f   MSVCRT:MSVCRT.dll
 0001:00008a1a       __onexit                   10009a1a f   MSVCRT:atonexit.obj
 0001:00008a46       _atexit                    10009a46 f   MSVCRT:atonexit.obj
 0001:00008a58       _DllMain@12                10009a58 f   MSVCRT:dllmain.obj
 0001:00008a78       ___dllonexit               10009a78 f   MSVCRT:MSVCRT.dll
 0001:00008a7e       _DisableThreadLibraryCalls@4 10009a7e f   kernel32:KERNEL32.dll
 0002:00000000       __imp_?SetClipRect@KCanvas@@QAEXPAUtagRECT@@@Z 1000a000     engine:Engine.dll
 0002:00000004       __imp_?UpdateScreen@KCanvas@@QAEXXZ 1000a004     engine:Engine.dll
 0002:00000008       __imp_?FillCanvas@KCanvas@@QAEXG@Z 1000a008     engine:Engine.dll
 0002:0000000c       __imp_?LockCanvas@KCanvas@@QAEPAXAAH@Z 1000a00c     engine:Engine.dll
 0002:00000010       __imp_?UnlockCanvas@KCanvas@@QAEXXZ 1000a010     engine:Engine.dll
 0002:00000014       __imp_?Terminate@KCanvas@@QAEXXZ 1000a014     engine:Engine.dll
 0002:00000018       __imp_?GetWidth@KCanvas@@QAEHXZ 1000a018     engine:Engine.dll
 0002:0000001c       __imp_??0KPakFile@@QAE@XZ  1000a01c     engine:Engine.dll
 0002:00000020       __imp_?Open@KPakFile@@QAEHPBD@Z 1000a020     engine:Engine.dll
 0002:00000024       __imp_??1KPakFile@@QAE@XZ  1000a024     engine:Engine.dll
 0002:00000028       __imp_?Read@KPakFile@@QAEKPAXI@Z 1000a028     engine:Engine.dll
 0002:0000002c       __imp_?Close@KPakFile@@QAEXXZ 1000a02c     engine:Engine.dll
 0002:00000030       __imp_?DrawFontWithBorder@KCanvas@@QAEXHHHHHHPAXH@Z 1000a030     engine:Engine.dll
 0002:00000034       __imp__TGetSecondVisibleCharacterThisLine 1000a034     engine:Engine.dll
 0002:00000038       __imp__TIsCharacterNotAlowAtLineHead 1000a038     engine:Engine.dll
 0002:0000003c       __imp_?GetScreenMode@KDirectDraw@@QAEKXZ 1000a03c     engine:Engine.dll
 0002:00000040       __imp_?g_GetMainHWnd@@YAPAUHWND__@@XZ 1000a040     engine:Engine.dll
 0002:00000044       __imp_?GetScreenWidth@KDirectDraw@@QAEKXZ 1000a044     engine:Engine.dll
 0002:00000048       __imp_?GetScreenHeight@KDirectDraw@@QAEKXZ 1000a048     engine:Engine.dll
 0002:0000004c       __imp_?LockPrimaryBuffer@KDirectDraw@@QAEPAXXZ 1000a04c     engine:Engine.dll
 0002:00000050       __imp_?GetScreenPitch@KDirectDraw@@QAEKXZ 1000a050     engine:Engine.dll
 0002:00000054       __imp_?UnLockPrimaryBuffer@KDirectDraw@@QAEXXZ 1000a054     engine:Engine.dll
 0002:00000058       __imp_?SaveBuffer24@KBmpFile24@@SAHPADPAXHHH@Z 1000a058     engine:Engine.dll
 0002:0000005c       __imp_?g_RGB@@3P6AGHHH@ZA  1000a05c     engine:Engine.dll
 0002:00000060       __imp_?g_Pal16ToPal24@@YAXPAGPAUKPAL24@@H@Z 1000a060     engine:Engine.dll
 0002:00000064       __imp_?CreateSurface@KDirectDraw@@QAEPAUIDirectDrawSurface@@HH@Z 1000a064     engine:Engine.dll
 0002:00000068       __imp_?g_pDirectDraw@@3PAVKDirectDraw@@A 1000a068     engine:Engine.dll
 0002:0000006c       __imp_?SprGetFrame@@YAPAUSPRFRAME@@PAUSPRHEAD@@H@Z 1000a06c     engine:Engine.dll
 0002:00000070       __imp_?release_image@@YAXPAUKSGImageContent@@@Z 1000a070     engine:Engine.dll
 0002:00000074       __imp_?SprReleaseFrame@@YAXPAUSPRFRAME@@@Z 1000a074     engine:Engine.dll
 0002:00000078       __imp_?SprReleaseHeader@@YAXPAUSPRHEAD@@@Z 1000a078     engine:Engine.dll
 0002:0000007c       __imp_?get_jpg_image@@YAPAUKSGImageContent@@QBDI@Z 1000a07c     engine:Engine.dll
 0002:00000080       __imp_?g_Pal24ToPal16@@YAXPAUKPAL24@@PAGH@Z 1000a080     engine:Engine.dll
 0002:00000084       __imp_?SprGetHeader@@YAPAUSPRHEAD@@PBDAAPAUSPROFFS@@@Z 1000a084     engine:Engine.dll
 0002:00000088       __imp_??1KDirectDraw@@QAE@XZ 1000a088     engine:Engine.dll
 0002:0000008c       __imp_??1KCanvas@@QAE@XZ   1000a08c     engine:Engine.dll
 0002:00000090       __imp_??0KDirectDraw@@QAE@XZ 1000a090     engine:Engine.dll
 0002:00000094       __imp_??0KCanvas@@QAE@XZ   1000a094     engine:Engine.dll
 0002:00000098       __imp_?Exit@KDirectDraw@@QAEXXZ 1000a098     engine:Engine.dll
 0002:0000009c       __imp_?GetRGBBitMask16@KDirectDraw@@QAEKXZ 1000a09c     engine:Engine.dll
 0002:000000a0       __imp_?Init@KCanvas@@QAE_NHH@Z 1000a0a0     engine:Engine.dll
 0002:000000a4       __imp_?Init@KDirectDraw@@QAEHXZ 1000a0a4     engine:Engine.dll
 0002:000000a8       __imp_?Mode@KDirectDraw@@QAEXHHH@Z 1000a0a8     engine:Engine.dll
 0002:000000ac       __imp_?BltSurface@KCanvas@@QAEXPAUIDirectDrawSurface@@PAUtagRECT@@@Z 1000a0ac     engine:Engine.dll
 0002:000000b0       __imp_?ClearAlpha@KCanvas@@QAEXHHHHHH@Z 1000a0b0     engine:Engine.dll
 0002:000000b4       __imp_?DrawLineAlpha@KCanvas@@QAEXHHHHHH@Z 1000a0b4     engine:Engine.dll
 0002:000000b8       __imp_?DrawLine@KCanvas@@QAEXHHHHH@Z 1000a0b8     engine:Engine.dll
 0002:000000bc       __imp_?DrawPixel@KCanvas@@QAEXHHH@Z 1000a0bc     engine:Engine.dll
 0002:000000c0       __imp_?GetHeight@KCanvas@@QAEHXZ 1000a0c0     engine:Engine.dll
 0002:000000c4       __imp_?GetClipRect@KCanvas@@QAEXPAUtagRECT@@@Z 1000a0c4     engine:Engine.dll
 0002:000000c8       __imp_?DrawBitmap16@KCanvas@@QAEXHHHHPAX@Z 1000a0c8     engine:Engine.dll
 0002:000000cc       __imp_?DrawSprite@KCanvas@@QAEXHHHHPAX0@Z 1000a0cc     engine:Engine.dll
 0002:000000d0       __imp_?DrawSprite3LevelAlpha@KCanvas@@QAEXHHHHPAX0@Z 1000a0d0     engine:Engine.dll
 0002:000000d4       __imp_?DrawSpriteAlpha@KCanvas@@QAEXHHHHPAX0H@Z 1000a0d4     engine:Engine.dll
 0002:000000d8       __imp_?Changed@KCanvas@@QAEXH@Z 1000a0d8     engine:Engine.dll
 0002:000000dc       \177Engine_NULL_THUNK_DATA 1000a0dc     engine:Engine.dll
 0002:000000e0       __imp__MultiByteToWideChar@24 1000a0e0     kernel32:KERNEL32.dll
 0002:000000e4       __imp__DeleteCriticalSection@4 1000a0e4     kernel32:KERNEL32.dll
 0002:000000e8       __imp__InitializeCriticalSection@4 1000a0e8     kernel32:KERNEL32.dll
 0002:000000ec       __imp__GlobalMemoryStatus@4 1000a0ec     kernel32:KERNEL32.dll
 0002:000000f0       __imp__LeaveCriticalSection@4 1000a0f0     kernel32:KERNEL32.dll
 0002:000000f4       __imp__EnterCriticalSection@4 1000a0f4     kernel32:KERNEL32.dll
 0002:000000f8       __imp__DisableThreadLibraryCalls@4 1000a0f8     kernel32:KERNEL32.dll
 0002:000000fc       \177KERNEL32_NULL_THUNK_DATA 1000a0fc     kernel32:KERNEL32.dll
 0002:00000100       __imp___onexit             1000a100     MSVCRT:MSVCRT.dll
 0002:00000104       __imp____dllonexit         1000a104     MSVCRT:MSVCRT.dll
 0002:00000108       __imp___adjust_fdiv        1000a108     MSVCRT:MSVCRT.dll
 0002:0000010c       __imp___initterm           1000a10c     MSVCRT:MSVCRT.dll
 0002:00000110       __imp___ftol               1000a110     MSVCRT:MSVCRT.dll
 0002:00000114       __imp__atoi                1000a114     MSVCRT:MSVCRT.dll
 0002:00000118       __imp___purecall           1000a118     MSVCRT:MSVCRT.dll
 0002:0000011c       __imp_??2@YAPAXI@Z         1000a11c     MSVCRT:MSVCRT.dll
 0002:00000120       __imp__strlen              1000a120     MSVCRT:MSVCRT.dll
 0002:00000124       __imp_??3@YAXPAX@Z         1000a124     MSVCRT:MSVCRT.dll
 0002:00000128       __imp__wcscmp              1000a128     MSVCRT:MSVCRT.dll
 0002:0000012c       __imp__memset              1000a12c     MSVCRT:MSVCRT.dll
 0002:00000130       __imp__realloc             1000a130     MSVCRT:MSVCRT.dll
 0002:00000134       __imp__free                1000a134     MSVCRT:MSVCRT.dll
 0002:00000138       __imp____CxxFrameHandler   1000a138     MSVCRT:MSVCRT.dll
 0002:0000013c       __imp__malloc              1000a13c     MSVCRT:MSVCRT.dll
 0002:00000140       __imp__memcpy              1000a140     MSVCRT:MSVCRT.dll
 0002:00000144       \177MSVCRT_NULL_THUNK_DATA 1000a144     MSVCRT:MSVCRT.dll
 0002:00000148       __imp__GetClientRect@8     1000a148     user32:USER32.dll
 0002:0000014c       __imp__ClientToScreen@8    1000a14c     user32:USER32.dll
 0002:00000150       \177USER32_NULL_THUNK_DATA 1000a150     user32:USER32.dll
 0002:00000154       __imp__GdipGetImageEncoders@12 1000a154     GdiPlus:gdiplus.dll
 0002:00000158       __imp__GdipGetImageEncodersSize@8 1000a158     GdiPlus:gdiplus.dll
 0002:0000015c       __imp__GdiplusStartup@12   1000a15c     GdiPlus:gdiplus.dll
 0002:00000160       __imp__GdiplusShutdown@4   1000a160     GdiPlus:gdiplus.dll
 0002:00000164       __imp__GdipFree@4          1000a164     GdiPlus:gdiplus.dll
 0002:00000168       __imp__GdipAlloc@4         1000a168     GdiPlus:gdiplus.dll
 0002:0000016c       __imp__GdipLoadImageFromStream@8 1000a16c     GdiPlus:gdiplus.dll
 0002:00000170       __imp__GdipLoadImageFromStreamICM@8 1000a170     GdiPlus:gdiplus.dll
 0002:00000174       __imp__GdipDisposeImage@4  1000a174     GdiPlus:gdiplus.dll
 0002:00000178       __imp__GdipCloneImage@8    1000a178     GdiPlus:gdiplus.dll
 0002:0000017c       __imp__GdipSaveImageToFile@16 1000a17c     GdiPlus:gdiplus.dll
 0002:00000180       \177gdiplus_NULL_THUNK_DATA 1000a180     GdiPlus:gdiplus.dll
 0002:00000184       __imp__CreateStreamOnHGlobal@12 1000a184     ole32:ole32.dll
 0002:00000188       \177ole32_NULL_THUNK_DATA  1000a188     ole32:ole32.dll
 0002:000001ac       ??_7Image@Gdiplus@@6B@     1000a1ac     RepresentUtility.obj
 0002:000001b4       ??_7KRepresentShell2@@6B@  1000a1b4     KRepresentShell2.obj
 0002:00000238       ??_7iRepresentShell@@6B@   1000a238     KRepresentShell2.obj
 0002:000002bc       ??_7KFont2@@6B@            1000a2bc     KFont2.obj
 0002:000002e0       ??_7iFont@@6B@             1000a2e0     KFont2.obj
 0002:00000304       __real@4@3fff8000000000000000 1000a304     TextProcess.obj
 0002:00000308       __real@8@3ffefff972474538f000 1000a308     TextProcess.obj
 0002:00000310       __real@4@40008000000000000000 1000a310     TextProcess.obj
 0002:00000318       __real@8@3fffc000000000000000 1000a318     TextProcess.obj
 0002:00000320       _CodecIImageBytes          1000a320     GdiPlus:imagingguds.obj
 0002:00000330       _EncoderSaveFlag           1000a330     GdiPlus:imagingguds.obj
 0002:00000340       _EncoderChrominanceTable   1000a340     GdiPlus:imagingguds.obj
 0002:00000350       _EncoderLuminanceTable     1000a350     GdiPlus:imagingguds.obj
 0002:00000360       _EncoderTransformation     1000a360     GdiPlus:imagingguds.obj
 0002:00000370       _EncoderQuality            1000a370     GdiPlus:imagingguds.obj
 0002:00000380       _EncoderRenderMethod       1000a380     GdiPlus:imagingguds.obj
 0002:00000390       _EncoderVersion            1000a390     GdiPlus:imagingguds.obj
 0002:000003a0       _EncoderScanMethod         1000a3a0     GdiPlus:imagingguds.obj
 0002:000003b0       _EncoderColorDepth         1000a3b0     GdiPlus:imagingguds.obj
 0002:000003c0       _EncoderCompression        1000a3c0     GdiPlus:imagingguds.obj
 0002:000003d0       _FormatIDJpegAppHeaders    1000a3d0     GdiPlus:imagingguds.obj
 0002:000003e0       _FormatIDImageInformation  1000a3e0     GdiPlus:imagingguds.obj
 0002:000003f0       _FrameDimensionPage        1000a3f0     GdiPlus:imagingguds.obj
 0002:00000400       _FrameDimensionResolution  1000a400     GdiPlus:imagingguds.obj
 0002:00000410       _FrameDimensionTime        1000a410     GdiPlus:imagingguds.obj
 0002:00000420       _ImageFormatIcon           1000a420     GdiPlus:imagingguds.obj
 0002:00000430       _ImageFormatEXIF           1000a430     GdiPlus:imagingguds.obj
 0002:00000440       _ImageFormatTIFF           1000a440     GdiPlus:imagingguds.obj
 0002:00000450       _ImageFormatGIF            1000a450     GdiPlus:imagingguds.obj
 0002:00000460       _ImageFormatPNG            1000a460     GdiPlus:imagingguds.obj
 0002:00000470       _ImageFormatJPEG           1000a470     GdiPlus:imagingguds.obj
 0002:00000480       _ImageFormatWMF            1000a480     GdiPlus:imagingguds.obj
 0002:00000490       _ImageFormatEMF            1000a490     GdiPlus:imagingguds.obj
 0002:000004a0       _ImageFormatBMP            1000a4a0     GdiPlus:imagingguds.obj
 0002:000004b0       _ImageFormatMemoryBMP      1000a4b0     GdiPlus:imagingguds.obj
 0002:000004c0       _ImageFormatUndefined      1000a4c0     GdiPlus:imagingguds.obj
 0002:00000798       __IMPORT_DESCRIPTOR_KERNEL32 1000a798     kernel32:KERNEL32.dll
 0002:000007ac       __IMPORT_DESCRIPTOR_USER32 1000a7ac     user32:USER32.dll
 0002:000007c0       __IMPORT_DESCRIPTOR_ole32  1000a7c0     ole32:ole32.dll
 0002:000007d4       __IMPORT_DESCRIPTOR_gdiplus 1000a7d4     GdiPlus:gdiplus.dll
 0002:000007e8       __IMPORT_DESCRIPTOR_Engine 1000a7e8     engine:Engine.dll
 0002:000007fc       __IMPORT_DESCRIPTOR_MSVCRT 1000a7fc     MSVCRT:MSVCRT.dll
 0002:00000810       __NULL_IMPORT_DESCRIPTOR   1000a810     kernel32:KERNEL32.dll
 0003:00000000       ___xc_a                    1000c000     MSVCRT:cinitexe.obj
 0003:00000004       ___xc_z                    1000c004     MSVCRT:cinitexe.obj
 0003:00000008       ___xi_a                    1000c008     MSVCRT:cinitexe.obj
 0003:0000000c       ___xi_z                    1000c00c     MSVCRT:cinitexe.obj
 0003:00000094       ?g_pIInlinePicSinkRP@@3PAUIInlinePicEngineSink@@A 1000c094     KRepresentShell2.obj
 0003:0000009c       __adjust_fdiv              1000c09c     <common>
 0003:000000a0       ___onexitend               1000c0a0     <common>
 0003:000000a4       ___onexitbegin             1000c0a4     <common>
 0003:000000a8       __pRawDllMain              1000c0a8     <common>

 entry point at        0001:00008977

 Static symbols

 0001:00007c7c       ?RIO_ClipCopyRect@@YAHHHHHHHPAUKRClipperInfo@@@Z 10008c7c f   ImageOperation.obj
